ARM GAS  C:\Users\Luke\AppData\Local\Temp\ccENAxwv.s 			page 1


   1              		.syntax unified
   2              		.cpu cortex-m3
   3              		.fpu softvfp
   4              		.eabi_attribute 20, 1
   5              		.eabi_attribute 21, 1
   6              		.eabi_attribute 23, 3
   7              		.eabi_attribute 24, 1
   8              		.eabi_attribute 25, 1
   9              		.eabi_attribute 26, 1
  10              		.eabi_attribute 30, 4
  11              		.eabi_attribute 34, 1
  12              		.eabi_attribute 18, 4
  13              		.thumb
  14              		.file	"ADC_SAR_1_INT.c"
  15              		.text
  16              	.Ltext0:
  17              		.cfi_sections	.debug_frame
  18              		.section	.text.ADC_SAR_1_ISR,"ax",%progbits
  19              		.align	1
  20              		.global	ADC_SAR_1_ISR
  21              		.thumb
  22              		.thumb_func
  23              		.type	ADC_SAR_1_ISR, %function
  24              	ADC_SAR_1_ISR:
  25              	.LFB0:
  26              		.file 1 ".\\Generated_Source\\PSoC5\\ADC_SAR_1_INT.c"
   1:.\Generated_Source\PSoC5/ADC_SAR_1_INT.c **** /*******************************************************************************
   2:.\Generated_Source\PSoC5/ADC_SAR_1_INT.c **** * File Name: ADC_SAR_1_INT.c
   3:.\Generated_Source\PSoC5/ADC_SAR_1_INT.c **** * Version 2.10
   4:.\Generated_Source\PSoC5/ADC_SAR_1_INT.c **** *
   5:.\Generated_Source\PSoC5/ADC_SAR_1_INT.c **** *  Description:
   6:.\Generated_Source\PSoC5/ADC_SAR_1_INT.c **** *    This file contains the code that operates during the ADC_SAR interrupt
   7:.\Generated_Source\PSoC5/ADC_SAR_1_INT.c **** *    service routine.
   8:.\Generated_Source\PSoC5/ADC_SAR_1_INT.c **** *
   9:.\Generated_Source\PSoC5/ADC_SAR_1_INT.c **** *   Note:
  10:.\Generated_Source\PSoC5/ADC_SAR_1_INT.c **** *
  11:.\Generated_Source\PSoC5/ADC_SAR_1_INT.c **** ********************************************************************************
  12:.\Generated_Source\PSoC5/ADC_SAR_1_INT.c **** * Copyright 2008-2013, Cypress Semiconductor Corporation.  All rights reserved.
  13:.\Generated_Source\PSoC5/ADC_SAR_1_INT.c **** * You may use this file only in accordance with the license, terms, conditions,
  14:.\Generated_Source\PSoC5/ADC_SAR_1_INT.c **** * disclaimers, and limitations in the end user license agreement accompanying
  15:.\Generated_Source\PSoC5/ADC_SAR_1_INT.c **** * the software package with which this file was provided.
  16:.\Generated_Source\PSoC5/ADC_SAR_1_INT.c **** *******************************************************************************/
  17:.\Generated_Source\PSoC5/ADC_SAR_1_INT.c **** 
  18:.\Generated_Source\PSoC5/ADC_SAR_1_INT.c **** #include "ADC_SAR_1.h"
  19:.\Generated_Source\PSoC5/ADC_SAR_1_INT.c **** 
  20:.\Generated_Source\PSoC5/ADC_SAR_1_INT.c **** 
  21:.\Generated_Source\PSoC5/ADC_SAR_1_INT.c **** /******************************************************************************
  22:.\Generated_Source\PSoC5/ADC_SAR_1_INT.c **** * Custom Declarations and Variables
  23:.\Generated_Source\PSoC5/ADC_SAR_1_INT.c **** * - add user inlcude files, prototypes and variables between the following
  24:.\Generated_Source\PSoC5/ADC_SAR_1_INT.c **** *   #START and #END tags
  25:.\Generated_Source\PSoC5/ADC_SAR_1_INT.c **** ******************************************************************************/
  26:.\Generated_Source\PSoC5/ADC_SAR_1_INT.c **** /* `#START ADC_SYS_VAR`  */
  27:.\Generated_Source\PSoC5/ADC_SAR_1_INT.c **** 
  28:.\Generated_Source\PSoC5/ADC_SAR_1_INT.c **** /* `#END`  */
  29:.\Generated_Source\PSoC5/ADC_SAR_1_INT.c **** 
  30:.\Generated_Source\PSoC5/ADC_SAR_1_INT.c **** 
  31:.\Generated_Source\PSoC5/ADC_SAR_1_INT.c **** #if(ADC_SAR_1_IRQ_REMOVE == 0u)
ARM GAS  C:\Users\Luke\AppData\Local\Temp\ccENAxwv.s 			page 2


  32:.\Generated_Source\PSoC5/ADC_SAR_1_INT.c **** 
  33:.\Generated_Source\PSoC5/ADC_SAR_1_INT.c **** 
  34:.\Generated_Source\PSoC5/ADC_SAR_1_INT.c ****     /******************************************************************************
  35:.\Generated_Source\PSoC5/ADC_SAR_1_INT.c ****     * Function Name: ADC_SAR_1_ISR
  36:.\Generated_Source\PSoC5/ADC_SAR_1_INT.c ****     *******************************************************************************
  37:.\Generated_Source\PSoC5/ADC_SAR_1_INT.c ****     *
  38:.\Generated_Source\PSoC5/ADC_SAR_1_INT.c ****     * Summary:
  39:.\Generated_Source\PSoC5/ADC_SAR_1_INT.c ****     *  Handle Interrupt Service Routine.
  40:.\Generated_Source\PSoC5/ADC_SAR_1_INT.c ****     *
  41:.\Generated_Source\PSoC5/ADC_SAR_1_INT.c ****     * Parameters:
  42:.\Generated_Source\PSoC5/ADC_SAR_1_INT.c ****     *  None.
  43:.\Generated_Source\PSoC5/ADC_SAR_1_INT.c ****     *
  44:.\Generated_Source\PSoC5/ADC_SAR_1_INT.c ****     * Return:
  45:.\Generated_Source\PSoC5/ADC_SAR_1_INT.c ****     *  None.
  46:.\Generated_Source\PSoC5/ADC_SAR_1_INT.c ****     *
  47:.\Generated_Source\PSoC5/ADC_SAR_1_INT.c ****     * Reentrant:
  48:.\Generated_Source\PSoC5/ADC_SAR_1_INT.c ****     *  No.
  49:.\Generated_Source\PSoC5/ADC_SAR_1_INT.c ****     *
  50:.\Generated_Source\PSoC5/ADC_SAR_1_INT.c ****     ******************************************************************************/
  51:.\Generated_Source\PSoC5/ADC_SAR_1_INT.c ****     CY_ISR( ADC_SAR_1_ISR )
  52:.\Generated_Source\PSoC5/ADC_SAR_1_INT.c ****     {
  27              		.loc 1 52 0
  28              		.cfi_startproc
  29              		@ args = 0, pretend = 0, frame = 0
  30              		@ frame_needed = 0, uses_anonymous_args = 0
  31              		@ link register save eliminated.
  32 0000 7047     		bx	lr
  33              		.cfi_endproc
  34              	.LFE0:
  35              		.size	ADC_SAR_1_ISR, .-ADC_SAR_1_ISR
  36              		.text
  37              	.Letext0:
  38              		.section	.debug_info,"",%progbits
  39              	.Ldebug_info0:
  40 0000 96000000 		.4byte	0x96
  41 0004 0200     		.2byte	0x2
  42 0006 00000000 		.4byte	.Ldebug_abbrev0
  43 000a 04       		.byte	0x4
  44 000b 01       		.uleb128 0x1
  45 000c F6000000 		.4byte	.LASF12
  46 0010 01       		.byte	0x1
  47 0011 B0000000 		.4byte	.LASF13
  48 0015 39000000 		.4byte	.LASF14
  49 0019 00000000 		.4byte	.Ldebug_ranges0+0
  50 001d 00000000 		.4byte	0
  51 0021 00000000 		.4byte	0
  52 0025 00000000 		.4byte	.Ldebug_line0
  53 0029 02       		.uleb128 0x2
  54 002a 01       		.byte	0x1
  55 002b 06       		.byte	0x6
  56 002c 48010000 		.4byte	.LASF0
  57 0030 02       		.uleb128 0x2
  58 0031 01       		.byte	0x1
  59 0032 08       		.byte	0x8
  60 0033 06000000 		.4byte	.LASF1
  61 0037 02       		.uleb128 0x2
  62 0038 02       		.byte	0x2
ARM GAS  C:\Users\Luke\AppData\Local\Temp\ccENAxwv.s 			page 3


  63 0039 05       		.byte	0x5
  64 003a EC000000 		.4byte	.LASF2
  65 003e 02       		.uleb128 0x2
  66 003f 02       		.byte	0x2
  67 0040 07       		.byte	0x7
  68 0041 26000000 		.4byte	.LASF3
  69 0045 02       		.uleb128 0x2
  70 0046 04       		.byte	0x4
  71 0047 05       		.byte	0x5
  72 0048 3F010000 		.4byte	.LASF4
  73 004c 02       		.uleb128 0x2
  74 004d 04       		.byte	0x4
  75 004e 07       		.byte	0x7
  76 004f 14000000 		.4byte	.LASF5
  77 0053 02       		.uleb128 0x2
  78 0054 08       		.byte	0x8
  79 0055 05       		.byte	0x5
  80 0056 D9000000 		.4byte	.LASF6
  81 005a 02       		.uleb128 0x2
  82 005b 08       		.byte	0x8
  83 005c 07       		.byte	0x7
  84 005d 99000000 		.4byte	.LASF7
  85 0061 03       		.uleb128 0x3
  86 0062 04       		.byte	0x4
  87 0063 05       		.byte	0x5
  88 0064 696E7400 		.ascii	"int\000"
  89 0068 02       		.uleb128 0x2
  90 0069 04       		.byte	0x4
  91 006a 07       		.byte	0x7
  92 006b 8C000000 		.4byte	.LASF8
  93 006f 02       		.uleb128 0x2
  94 0070 04       		.byte	0x4
  95 0071 04       		.byte	0x4
  96 0072 00000000 		.4byte	.LASF9
  97 0076 02       		.uleb128 0x2
  98 0077 08       		.byte	0x8
  99 0078 04       		.byte	0x4
 100 0079 85000000 		.4byte	.LASF10
 101 007d 02       		.uleb128 0x2
 102 007e 01       		.byte	0x1
 103 007f 08       		.byte	0x8
 104 0080 E7000000 		.4byte	.LASF11
 105 0084 04       		.uleb128 0x4
 106 0085 01       		.byte	0x1
 107 0086 54010000 		.4byte	.LASF15
 108 008a 01       		.byte	0x1
 109 008b 33       		.byte	0x33
 110 008c 01       		.byte	0x1
 111 008d 00000000 		.4byte	.LFB0
 112 0091 02000000 		.4byte	.LFE0
 113 0095 02       		.byte	0x2
 114 0096 7D       		.byte	0x7d
 115 0097 00       		.sleb128 0
 116 0098 01       		.byte	0x1
 117 0099 00       		.byte	0
 118              		.section	.debug_abbrev,"",%progbits
 119              	.Ldebug_abbrev0:
ARM GAS  C:\Users\Luke\AppData\Local\Temp\ccENAxwv.s 			page 4


 120 0000 01       		.uleb128 0x1
 121 0001 11       		.uleb128 0x11
 122 0002 01       		.byte	0x1
 123 0003 25       		.uleb128 0x25
 124 0004 0E       		.uleb128 0xe
 125 0005 13       		.uleb128 0x13
 126 0006 0B       		.uleb128 0xb
 127 0007 03       		.uleb128 0x3
 128 0008 0E       		.uleb128 0xe
 129 0009 1B       		.uleb128 0x1b
 130 000a 0E       		.uleb128 0xe
 131 000b 55       		.uleb128 0x55
 132 000c 06       		.uleb128 0x6
 133 000d 11       		.uleb128 0x11
 134 000e 01       		.uleb128 0x1
 135 000f 52       		.uleb128 0x52
 136 0010 01       		.uleb128 0x1
 137 0011 10       		.uleb128 0x10
 138 0012 06       		.uleb128 0x6
 139 0013 00       		.byte	0
 140 0014 00       		.byte	0
 141 0015 02       		.uleb128 0x2
 142 0016 24       		.uleb128 0x24
 143 0017 00       		.byte	0
 144 0018 0B       		.uleb128 0xb
 145 0019 0B       		.uleb128 0xb
 146 001a 3E       		.uleb128 0x3e
 147 001b 0B       		.uleb128 0xb
 148 001c 03       		.uleb128 0x3
 149 001d 0E       		.uleb128 0xe
 150 001e 00       		.byte	0
 151 001f 00       		.byte	0
 152 0020 03       		.uleb128 0x3
 153 0021 24       		.uleb128 0x24
 154 0022 00       		.byte	0
 155 0023 0B       		.uleb128 0xb
 156 0024 0B       		.uleb128 0xb
 157 0025 3E       		.uleb128 0x3e
 158 0026 0B       		.uleb128 0xb
 159 0027 03       		.uleb128 0x3
 160 0028 08       		.uleb128 0x8
 161 0029 00       		.byte	0
 162 002a 00       		.byte	0
 163 002b 04       		.uleb128 0x4
 164 002c 2E       		.uleb128 0x2e
 165 002d 00       		.byte	0
 166 002e 3F       		.uleb128 0x3f
 167 002f 0C       		.uleb128 0xc
 168 0030 03       		.uleb128 0x3
 169 0031 0E       		.uleb128 0xe
 170 0032 3A       		.uleb128 0x3a
 171 0033 0B       		.uleb128 0xb
 172 0034 3B       		.uleb128 0x3b
 173 0035 0B       		.uleb128 0xb
 174 0036 27       		.uleb128 0x27
 175 0037 0C       		.uleb128 0xc
 176 0038 11       		.uleb128 0x11
ARM GAS  C:\Users\Luke\AppData\Local\Temp\ccENAxwv.s 			page 5


 177 0039 01       		.uleb128 0x1
 178 003a 12       		.uleb128 0x12
 179 003b 01       		.uleb128 0x1
 180 003c 40       		.uleb128 0x40
 181 003d 0A       		.uleb128 0xa
 182 003e 9742     		.uleb128 0x2117
 183 0040 0C       		.uleb128 0xc
 184 0041 00       		.byte	0
 185 0042 00       		.byte	0
 186 0043 00       		.byte	0
 187              		.section	.debug_aranges,"",%progbits
 188 0000 1C000000 		.4byte	0x1c
 189 0004 0200     		.2byte	0x2
 190 0006 00000000 		.4byte	.Ldebug_info0
 191 000a 04       		.byte	0x4
 192 000b 00       		.byte	0
 193 000c 0000     		.2byte	0
 194 000e 0000     		.2byte	0
 195 0010 00000000 		.4byte	.LFB0
 196 0014 02000000 		.4byte	.LFE0-.LFB0
 197 0018 00000000 		.4byte	0
 198 001c 00000000 		.4byte	0
 199              		.section	.debug_ranges,"",%progbits
 200              	.Ldebug_ranges0:
 201 0000 00000000 		.4byte	.LFB0
 202 0004 02000000 		.4byte	.LFE0
 203 0008 00000000 		.4byte	0
 204 000c 00000000 		.4byte	0
 205              		.section	.debug_line,"",%progbits
 206              	.Ldebug_line0:
 207 0000 54000000 		.section	.debug_str,"MS",%progbits,1
 207      02003F00 
 207      00000201 
 207      FB0E0D00 
 207      01010101 
 208              	.LASF9:
 209 0000 666C6F61 		.ascii	"float\000"
 209      7400
 210              	.LASF1:
 211 0006 756E7369 		.ascii	"unsigned char\000"
 211      676E6564 
 211      20636861 
 211      7200
 212              	.LASF5:
 213 0014 6C6F6E67 		.ascii	"long unsigned int\000"
 213      20756E73 
 213      69676E65 
 213      6420696E 
 213      7400
 214              	.LASF3:
 215 0026 73686F72 		.ascii	"short unsigned int\000"
 215      7420756E 
 215      7369676E 
 215      65642069 
 215      6E7400
 216              	.LASF14:
 217 0039 433A5C55 		.ascii	"C:\\Users\\Luke\\Desktop\\Laserschutzschaltung.cyds"
ARM GAS  C:\Users\Luke\AppData\Local\Temp\ccENAxwv.s 			page 6


 217      73657273 
 217      5C4C756B 
 217      655C4465 
 217      736B746F 
 218 0068 6E5C4C61 		.ascii	"n\\Laserschutzschaltung.cydsn\000"
 218      73657273 
 218      63687574 
 218      7A736368 
 218      616C7475 
 219              	.LASF10:
 220 0085 646F7562 		.ascii	"double\000"
 220      6C6500
 221              	.LASF8:
 222 008c 756E7369 		.ascii	"unsigned int\000"
 222      676E6564 
 222      20696E74 
 222      00
 223              	.LASF7:
 224 0099 6C6F6E67 		.ascii	"long long unsigned int\000"
 224      206C6F6E 
 224      6720756E 
 224      7369676E 
 224      65642069 
 225              	.LASF13:
 226 00b0 2E5C4765 		.ascii	".\\Generated_Source\\PSoC5\\ADC_SAR_1_INT.c\000"
 226      6E657261 
 226      7465645F 
 226      536F7572 
 226      63655C50 
 227              	.LASF6:
 228 00d9 6C6F6E67 		.ascii	"long long int\000"
 228      206C6F6E 
 228      6720696E 
 228      7400
 229              	.LASF11:
 230 00e7 63686172 		.ascii	"char\000"
 230      00
 231              	.LASF2:
 232 00ec 73686F72 		.ascii	"short int\000"
 232      7420696E 
 232      7400
 233              	.LASF12:
 234 00f6 474E5520 		.ascii	"GNU C 4.7.3 20130312 (release) [ARM/embedded-4_7-br"
 234      4320342E 
 234      372E3320 
 234      32303133 
 234      30333132 
 235 0129 616E6368 		.ascii	"anch revision 196615]\000"
 235      20726576 
 235      6973696F 
 235      6E203139 
 235      36363135 
 236              	.LASF4:
 237 013f 6C6F6E67 		.ascii	"long int\000"
 237      20696E74 
 237      00
 238              	.LASF0:
ARM GAS  C:\Users\Luke\AppData\Local\Temp\ccENAxwv.s 			page 7


 239 0148 7369676E 		.ascii	"signed char\000"
 239      65642063 
 239      68617200 
 240              	.LASF15:
 241 0154 4144435F 		.ascii	"ADC_SAR_1_ISR\000"
 241      5341525F 
 241      315F4953 
 241      5200
 242              		.ident	"GCC: (GNU Tools for ARM Embedded Processors) 4.7.3 20130312 (release) [ARM/embedded-4_7-br
