ARM GAS  C:\Users\Luke\AppData\Local\Temp\ccVRFaQV.s 			page 1


   1              		.syntax unified
   2              		.cpu cortex-m3
   3              		.fpu softvfp
   4              		.eabi_attribute 20, 1
   5              		.eabi_attribute 21, 1
   6              		.eabi_attribute 23, 3
   7              		.eabi_attribute 24, 1
   8              		.eabi_attribute 25, 1
   9              		.eabi_attribute 26, 1
  10              		.eabi_attribute 30, 4
  11              		.eabi_attribute 34, 1
  12              		.eabi_attribute 18, 4
  13              		.thumb
  14              		.file	"Seed_ref.c"
  15              		.text
  16              	.Ltext0:
  17              		.cfi_sections	.debug_frame
  18              		.section	.text.Seed_ref_Write,"ax",%progbits
  19              		.align	1
  20              		.global	Seed_ref_Write
  21              		.thumb
  22              		.thumb_func
  23              		.type	Seed_ref_Write, %function
  24              	Seed_ref_Write:
  25              	.LFB0:
  26              		.file 1 ".\\Generated_Source\\PSoC5\\Seed_ref.c"
   1:.\Generated_Source\PSoC5/Seed_ref.c **** /*******************************************************************************
   2:.\Generated_Source\PSoC5/Seed_ref.c **** * File Name: Seed_ref.c  
   3:.\Generated_Source\PSoC5/Seed_ref.c **** * Version 1.90
   4:.\Generated_Source\PSoC5/Seed_ref.c **** *
   5:.\Generated_Source\PSoC5/Seed_ref.c **** * Description:
   6:.\Generated_Source\PSoC5/Seed_ref.c **** *  This file contains API to enable firmware control of a Pins component.
   7:.\Generated_Source\PSoC5/Seed_ref.c **** *
   8:.\Generated_Source\PSoC5/Seed_ref.c **** * Note:
   9:.\Generated_Source\PSoC5/Seed_ref.c **** *
  10:.\Generated_Source\PSoC5/Seed_ref.c **** ********************************************************************************
  11:.\Generated_Source\PSoC5/Seed_ref.c **** * Copyright 2008-2012, Cypress Semiconductor Corporation.  All rights reserved.
  12:.\Generated_Source\PSoC5/Seed_ref.c **** * You may use this file only in accordance with the license, terms, conditions, 
  13:.\Generated_Source\PSoC5/Seed_ref.c **** * disclaimers, and limitations in the end user license agreement accompanying 
  14:.\Generated_Source\PSoC5/Seed_ref.c **** * the software package with which this file was provided.
  15:.\Generated_Source\PSoC5/Seed_ref.c **** *******************************************************************************/
  16:.\Generated_Source\PSoC5/Seed_ref.c **** 
  17:.\Generated_Source\PSoC5/Seed_ref.c **** #include "cytypes.h"
  18:.\Generated_Source\PSoC5/Seed_ref.c **** #include "Seed_ref.h"
  19:.\Generated_Source\PSoC5/Seed_ref.c **** 
  20:.\Generated_Source\PSoC5/Seed_ref.c **** /* APIs are not generated for P15[7:6] on PSoC 5 */
  21:.\Generated_Source\PSoC5/Seed_ref.c **** #if !(CY_PSOC5A &&\
  22:.\Generated_Source\PSoC5/Seed_ref.c **** 	 Seed_ref__PORT == 15 && ((Seed_ref__MASK & 0xC0) != 0))
  23:.\Generated_Source\PSoC5/Seed_ref.c **** 
  24:.\Generated_Source\PSoC5/Seed_ref.c **** 
  25:.\Generated_Source\PSoC5/Seed_ref.c **** /*******************************************************************************
  26:.\Generated_Source\PSoC5/Seed_ref.c **** * Function Name: Seed_ref_Write
  27:.\Generated_Source\PSoC5/Seed_ref.c **** ********************************************************************************
  28:.\Generated_Source\PSoC5/Seed_ref.c **** *
  29:.\Generated_Source\PSoC5/Seed_ref.c **** * Summary:
  30:.\Generated_Source\PSoC5/Seed_ref.c **** *  Assign a new value to the digital port's data output register.  
  31:.\Generated_Source\PSoC5/Seed_ref.c **** *
ARM GAS  C:\Users\Luke\AppData\Local\Temp\ccVRFaQV.s 			page 2


  32:.\Generated_Source\PSoC5/Seed_ref.c **** * Parameters:  
  33:.\Generated_Source\PSoC5/Seed_ref.c **** *  prtValue:  The value to be assigned to the Digital Port. 
  34:.\Generated_Source\PSoC5/Seed_ref.c **** *
  35:.\Generated_Source\PSoC5/Seed_ref.c **** * Return: 
  36:.\Generated_Source\PSoC5/Seed_ref.c **** *  None
  37:.\Generated_Source\PSoC5/Seed_ref.c **** *  
  38:.\Generated_Source\PSoC5/Seed_ref.c **** *******************************************************************************/
  39:.\Generated_Source\PSoC5/Seed_ref.c **** void Seed_ref_Write(uint8 value) 
  40:.\Generated_Source\PSoC5/Seed_ref.c **** {
  27              		.loc 1 40 0
  28              		.cfi_startproc
  29              		@ args = 0, pretend = 0, frame = 0
  30              		@ frame_needed = 0, uses_anonymous_args = 0
  31              		@ link register save eliminated.
  32              	.LVL0:
  41:.\Generated_Source\PSoC5/Seed_ref.c ****     uint8 staticBits = (Seed_ref_DR & (uint8)(~Seed_ref_MASK));
  33              		.loc 1 41 0
  34 0000 054B     		ldr	r3, .L2
  42:.\Generated_Source\PSoC5/Seed_ref.c ****     Seed_ref_DR = staticBits | ((uint8)(value << Seed_ref_SHIFT) & Seed_ref_MASK);
  35              		.loc 1 42 0
  36 0002 8000     		lsls	r0, r0, #2
  37              	.LVL1:
  41:.\Generated_Source\PSoC5/Seed_ref.c ****     uint8 staticBits = (Seed_ref_DR & (uint8)(~Seed_ref_MASK));
  38              		.loc 1 41 0
  39 0004 1A78     		ldrb	r2, [r3, #0]	@ zero_extendqisi2
  40              	.LVL2:
  41              		.loc 1 42 0
  42 0006 00F00401 		and	r1, r0, #4
  41:.\Generated_Source\PSoC5/Seed_ref.c ****     uint8 staticBits = (Seed_ref_DR & (uint8)(~Seed_ref_MASK));
  43              		.loc 1 41 0
  44 000a 02F0FB02 		and	r2, r2, #251
  45              	.LVL3:
  46              		.loc 1 42 0
  47 000e 41EA0200 		orr	r0, r1, r2
  48 0012 1870     		strb	r0, [r3, #0]
  49 0014 7047     		bx	lr
  50              	.L3:
  51 0016 00BF     		.align	2
  52              	.L2:
  53 0018 40510040 		.word	1073762624
  54              		.cfi_endproc
  55              	.LFE0:
  56              		.size	Seed_ref_Write, .-Seed_ref_Write
  57              		.section	.text.Seed_ref_SetDriveMode,"ax",%progbits
  58              		.align	1
  59              		.global	Seed_ref_SetDriveMode
  60              		.thumb
  61              		.thumb_func
  62              		.type	Seed_ref_SetDriveMode, %function
  63              	Seed_ref_SetDriveMode:
  64              	.LFB1:
  43:.\Generated_Source\PSoC5/Seed_ref.c **** }
  44:.\Generated_Source\PSoC5/Seed_ref.c **** 
  45:.\Generated_Source\PSoC5/Seed_ref.c **** 
  46:.\Generated_Source\PSoC5/Seed_ref.c **** /*******************************************************************************
  47:.\Generated_Source\PSoC5/Seed_ref.c **** * Function Name: Seed_ref_SetDriveMode
  48:.\Generated_Source\PSoC5/Seed_ref.c **** ********************************************************************************
ARM GAS  C:\Users\Luke\AppData\Local\Temp\ccVRFaQV.s 			page 3


  49:.\Generated_Source\PSoC5/Seed_ref.c **** *
  50:.\Generated_Source\PSoC5/Seed_ref.c **** * Summary:
  51:.\Generated_Source\PSoC5/Seed_ref.c **** *  Change the drive mode on the pins of the port.
  52:.\Generated_Source\PSoC5/Seed_ref.c **** * 
  53:.\Generated_Source\PSoC5/Seed_ref.c **** * Parameters:  
  54:.\Generated_Source\PSoC5/Seed_ref.c **** *  mode:  Change the pins to this drive mode.
  55:.\Generated_Source\PSoC5/Seed_ref.c **** *
  56:.\Generated_Source\PSoC5/Seed_ref.c **** * Return: 
  57:.\Generated_Source\PSoC5/Seed_ref.c **** *  None
  58:.\Generated_Source\PSoC5/Seed_ref.c **** *
  59:.\Generated_Source\PSoC5/Seed_ref.c **** *******************************************************************************/
  60:.\Generated_Source\PSoC5/Seed_ref.c **** void Seed_ref_SetDriveMode(uint8 mode) 
  61:.\Generated_Source\PSoC5/Seed_ref.c **** {
  65              		.loc 1 61 0
  66              		.cfi_startproc
  67              		@ args = 0, pretend = 0, frame = 0
  68              		@ frame_needed = 0, uses_anonymous_args = 0
  69              		@ link register save eliminated.
  70              	.LVL4:
  62:.\Generated_Source\PSoC5/Seed_ref.c **** 	CyPins_SetPinDriveMode(Seed_ref_0, mode);
  71              		.loc 1 62 0
  72 0000 044B     		ldr	r3, .L5
  73 0002 00F00E00 		and	r0, r0, #14
  74              	.LVL5:
  75 0006 1A78     		ldrb	r2, [r3, #0]	@ zero_extendqisi2
  76 0008 22F00E01 		bic	r1, r2, #14
  77 000c 40EA0102 		orr	r2, r0, r1
  78 0010 1A70     		strb	r2, [r3, #0]
  79 0012 7047     		bx	lr
  80              	.L6:
  81              		.align	2
  82              	.L5:
  83 0014 22500040 		.word	1073762338
  84              		.cfi_endproc
  85              	.LFE1:
  86              		.size	Seed_ref_SetDriveMode, .-Seed_ref_SetDriveMode
  87              		.section	.text.Seed_ref_Read,"ax",%progbits
  88              		.align	1
  89              		.global	Seed_ref_Read
  90              		.thumb
  91              		.thumb_func
  92              		.type	Seed_ref_Read, %function
  93              	Seed_ref_Read:
  94              	.LFB2:
  63:.\Generated_Source\PSoC5/Seed_ref.c **** }
  64:.\Generated_Source\PSoC5/Seed_ref.c **** 
  65:.\Generated_Source\PSoC5/Seed_ref.c **** 
  66:.\Generated_Source\PSoC5/Seed_ref.c **** /*******************************************************************************
  67:.\Generated_Source\PSoC5/Seed_ref.c **** * Function Name: Seed_ref_Read
  68:.\Generated_Source\PSoC5/Seed_ref.c **** ********************************************************************************
  69:.\Generated_Source\PSoC5/Seed_ref.c **** *
  70:.\Generated_Source\PSoC5/Seed_ref.c **** * Summary:
  71:.\Generated_Source\PSoC5/Seed_ref.c **** *  Read the current value on the pins of the Digital Port in right justified 
  72:.\Generated_Source\PSoC5/Seed_ref.c **** *  form.
  73:.\Generated_Source\PSoC5/Seed_ref.c **** *
  74:.\Generated_Source\PSoC5/Seed_ref.c **** * Parameters:  
  75:.\Generated_Source\PSoC5/Seed_ref.c **** *  None
ARM GAS  C:\Users\Luke\AppData\Local\Temp\ccVRFaQV.s 			page 4


  76:.\Generated_Source\PSoC5/Seed_ref.c **** *
  77:.\Generated_Source\PSoC5/Seed_ref.c **** * Return: 
  78:.\Generated_Source\PSoC5/Seed_ref.c **** *  Returns the current value of the Digital Port as a right justified number
  79:.\Generated_Source\PSoC5/Seed_ref.c **** *  
  80:.\Generated_Source\PSoC5/Seed_ref.c **** * Note:
  81:.\Generated_Source\PSoC5/Seed_ref.c **** *  Macro Seed_ref_ReadPS calls this function. 
  82:.\Generated_Source\PSoC5/Seed_ref.c **** *  
  83:.\Generated_Source\PSoC5/Seed_ref.c **** *******************************************************************************/
  84:.\Generated_Source\PSoC5/Seed_ref.c **** uint8 Seed_ref_Read(void) 
  85:.\Generated_Source\PSoC5/Seed_ref.c **** {
  95              		.loc 1 85 0
  96              		.cfi_startproc
  97              		@ args = 0, pretend = 0, frame = 0
  98              		@ frame_needed = 0, uses_anonymous_args = 0
  99              		@ link register save eliminated.
  86:.\Generated_Source\PSoC5/Seed_ref.c ****     return (Seed_ref_PS & Seed_ref_MASK) >> Seed_ref_SHIFT;
 100              		.loc 1 86 0
 101 0000 024B     		ldr	r3, .L8
 102 0002 1878     		ldrb	r0, [r3, #0]	@ zero_extendqisi2
  87:.\Generated_Source\PSoC5/Seed_ref.c **** }
 103              		.loc 1 87 0
 104 0004 C0F38000 		ubfx	r0, r0, #2, #1
 105 0008 7047     		bx	lr
 106              	.L9:
 107 000a 00BF     		.align	2
 108              	.L8:
 109 000c 41510040 		.word	1073762625
 110              		.cfi_endproc
 111              	.LFE2:
 112              		.size	Seed_ref_Read, .-Seed_ref_Read
 113              		.section	.text.Seed_ref_ReadDataReg,"ax",%progbits
 114              		.align	1
 115              		.global	Seed_ref_ReadDataReg
 116              		.thumb
 117              		.thumb_func
 118              		.type	Seed_ref_ReadDataReg, %function
 119              	Seed_ref_ReadDataReg:
 120              	.LFB3:
  88:.\Generated_Source\PSoC5/Seed_ref.c **** 
  89:.\Generated_Source\PSoC5/Seed_ref.c **** 
  90:.\Generated_Source\PSoC5/Seed_ref.c **** /*******************************************************************************
  91:.\Generated_Source\PSoC5/Seed_ref.c **** * Function Name: Seed_ref_ReadDataReg
  92:.\Generated_Source\PSoC5/Seed_ref.c **** ********************************************************************************
  93:.\Generated_Source\PSoC5/Seed_ref.c **** *
  94:.\Generated_Source\PSoC5/Seed_ref.c **** * Summary:
  95:.\Generated_Source\PSoC5/Seed_ref.c **** *  Read the current value assigned to a Digital Port's data output register
  96:.\Generated_Source\PSoC5/Seed_ref.c **** *
  97:.\Generated_Source\PSoC5/Seed_ref.c **** * Parameters:  
  98:.\Generated_Source\PSoC5/Seed_ref.c **** *  None 
  99:.\Generated_Source\PSoC5/Seed_ref.c **** *
 100:.\Generated_Source\PSoC5/Seed_ref.c **** * Return: 
 101:.\Generated_Source\PSoC5/Seed_ref.c **** *  Returns the current value assigned to the Digital Port's data output register
 102:.\Generated_Source\PSoC5/Seed_ref.c **** *  
 103:.\Generated_Source\PSoC5/Seed_ref.c **** *******************************************************************************/
 104:.\Generated_Source\PSoC5/Seed_ref.c **** uint8 Seed_ref_ReadDataReg(void) 
 105:.\Generated_Source\PSoC5/Seed_ref.c **** {
 121              		.loc 1 105 0
ARM GAS  C:\Users\Luke\AppData\Local\Temp\ccVRFaQV.s 			page 5


 122              		.cfi_startproc
 123              		@ args = 0, pretend = 0, frame = 0
 124              		@ frame_needed = 0, uses_anonymous_args = 0
 125              		@ link register save eliminated.
 106:.\Generated_Source\PSoC5/Seed_ref.c ****     return (Seed_ref_DR & Seed_ref_MASK) >> Seed_ref_SHIFT;
 126              		.loc 1 106 0
 127 0000 024B     		ldr	r3, .L11
 128 0002 1878     		ldrb	r0, [r3, #0]	@ zero_extendqisi2
 107:.\Generated_Source\PSoC5/Seed_ref.c **** }
 129              		.loc 1 107 0
 130 0004 C0F38000 		ubfx	r0, r0, #2, #1
 131 0008 7047     		bx	lr
 132              	.L12:
 133 000a 00BF     		.align	2
 134              	.L11:
 135 000c 40510040 		.word	1073762624
 136              		.cfi_endproc
 137              	.LFE3:
 138              		.size	Seed_ref_ReadDataReg, .-Seed_ref_ReadDataReg
 139              		.text
 140              	.Letext0:
 141              		.file 2 ".\\Generated_Source\\PSoC5\\cytypes.h"
 142              		.section	.debug_info,"",%progbits
 143              	.Ldebug_info0:
 144 0000 2F010000 		.4byte	0x12f
 145 0004 0200     		.2byte	0x2
 146 0006 00000000 		.4byte	.Ldebug_abbrev0
 147 000a 04       		.byte	0x4
 148 000b 01       		.uleb128 0x1
 149 000c 5A010000 		.4byte	.LASF20
 150 0010 01       		.byte	0x1
 151 0011 0E010000 		.4byte	.LASF21
 152 0015 64000000 		.4byte	.LASF22
 153 0019 00000000 		.4byte	.Ldebug_ranges0+0
 154 001d 00000000 		.4byte	0
 155 0021 00000000 		.4byte	0
 156 0025 00000000 		.4byte	.Ldebug_line0
 157 0029 02       		.uleb128 0x2
 158 002a 01       		.byte	0x1
 159 002b 06       		.byte	0x6
 160 002c AC010000 		.4byte	.LASF0
 161 0030 02       		.uleb128 0x2
 162 0031 01       		.byte	0x1
 163 0032 08       		.byte	0x8
 164 0033 2C000000 		.4byte	.LASF1
 165 0037 02       		.uleb128 0x2
 166 0038 02       		.byte	0x2
 167 0039 05       		.byte	0x5
 168 003a 4A010000 		.4byte	.LASF2
 169 003e 02       		.uleb128 0x2
 170 003f 02       		.byte	0x2
 171 0040 07       		.byte	0x7
 172 0041 51000000 		.4byte	.LASF3
 173 0045 02       		.uleb128 0x2
 174 0046 04       		.byte	0x4
 175 0047 05       		.byte	0x5
 176 0048 A3010000 		.4byte	.LASF4
ARM GAS  C:\Users\Luke\AppData\Local\Temp\ccVRFaQV.s 			page 6


 177 004c 02       		.uleb128 0x2
 178 004d 04       		.byte	0x4
 179 004e 07       		.byte	0x7
 180 004f 3F000000 		.4byte	.LASF5
 181 0053 02       		.uleb128 0x2
 182 0054 08       		.byte	0x8
 183 0055 05       		.byte	0x5
 184 0056 37010000 		.4byte	.LASF6
 185 005a 02       		.uleb128 0x2
 186 005b 08       		.byte	0x8
 187 005c 07       		.byte	0x7
 188 005d E8000000 		.4byte	.LASF7
 189 0061 03       		.uleb128 0x3
 190 0062 04       		.byte	0x4
 191 0063 05       		.byte	0x5
 192 0064 696E7400 		.ascii	"int\000"
 193 0068 02       		.uleb128 0x2
 194 0069 04       		.byte	0x4
 195 006a 07       		.byte	0x7
 196 006b DB000000 		.4byte	.LASF8
 197 006f 04       		.uleb128 0x4
 198 0070 54010000 		.4byte	.LASF12
 199 0074 02       		.byte	0x2
 200 0075 5B       		.byte	0x5b
 201 0076 30000000 		.4byte	0x30
 202 007a 02       		.uleb128 0x2
 203 007b 04       		.byte	0x4
 204 007c 04       		.byte	0x4
 205 007d 26000000 		.4byte	.LASF9
 206 0081 02       		.uleb128 0x2
 207 0082 08       		.byte	0x8
 208 0083 04       		.byte	0x4
 209 0084 C6000000 		.4byte	.LASF10
 210 0088 02       		.uleb128 0x2
 211 0089 01       		.byte	0x1
 212 008a 08       		.byte	0x8
 213 008b 45010000 		.4byte	.LASF11
 214 008f 04       		.uleb128 0x4
 215 0090 3A000000 		.4byte	.LASF13
 216 0094 02       		.byte	0x2
 217 0095 F0       		.byte	0xf0
 218 0096 9A000000 		.4byte	0x9a
 219 009a 05       		.uleb128 0x5
 220 009b 6F000000 		.4byte	0x6f
 221 009f 06       		.uleb128 0x6
 222 00a0 01       		.byte	0x1
 223 00a1 FF000000 		.4byte	.LASF14
 224 00a5 01       		.byte	0x1
 225 00a6 27       		.byte	0x27
 226 00a7 01       		.byte	0x1
 227 00a8 00000000 		.4byte	.LFB0
 228 00ac 1C000000 		.4byte	.LFE0
 229 00b0 02       		.byte	0x2
 230 00b1 7D       		.byte	0x7d
 231 00b2 00       		.sleb128 0
 232 00b3 01       		.byte	0x1
 233 00b4 D7000000 		.4byte	0xd7
ARM GAS  C:\Users\Luke\AppData\Local\Temp\ccVRFaQV.s 			page 7


 234 00b8 07       		.uleb128 0x7
 235 00b9 00000000 		.4byte	.LASF16
 236 00bd 01       		.byte	0x1
 237 00be 27       		.byte	0x27
 238 00bf 6F000000 		.4byte	0x6f
 239 00c3 00000000 		.4byte	.LLST0
 240 00c7 08       		.uleb128 0x8
 241 00c8 06000000 		.4byte	.LASF23
 242 00cc 01       		.byte	0x1
 243 00cd 29       		.byte	0x29
 244 00ce 6F000000 		.4byte	0x6f
 245 00d2 21000000 		.4byte	.LLST1
 246 00d6 00       		.byte	0
 247 00d7 06       		.uleb128 0x6
 248 00d8 01       		.byte	0x1
 249 00d9 B0000000 		.4byte	.LASF15
 250 00dd 01       		.byte	0x1
 251 00de 3C       		.byte	0x3c
 252 00df 01       		.byte	0x1
 253 00e0 00000000 		.4byte	.LFB1
 254 00e4 18000000 		.4byte	.LFE1
 255 00e8 02       		.byte	0x2
 256 00e9 7D       		.byte	0x7d
 257 00ea 00       		.sleb128 0
 258 00eb 01       		.byte	0x1
 259 00ec 00010000 		.4byte	0x100
 260 00f0 07       		.uleb128 0x7
 261 00f1 32010000 		.4byte	.LASF17
 262 00f5 01       		.byte	0x1
 263 00f6 3C       		.byte	0x3c
 264 00f7 6F000000 		.4byte	0x6f
 265 00fb 39000000 		.4byte	.LLST2
 266 00ff 00       		.byte	0
 267 0100 09       		.uleb128 0x9
 268 0101 01       		.byte	0x1
 269 0102 CD000000 		.4byte	.LASF18
 270 0106 01       		.byte	0x1
 271 0107 54       		.byte	0x54
 272 0108 01       		.byte	0x1
 273 0109 6F000000 		.4byte	0x6f
 274 010d 00000000 		.4byte	.LFB2
 275 0111 10000000 		.4byte	.LFE2
 276 0115 02       		.byte	0x2
 277 0116 7D       		.byte	0x7d
 278 0117 00       		.sleb128 0
 279 0118 01       		.byte	0x1
 280 0119 09       		.uleb128 0x9
 281 011a 01       		.byte	0x1
 282 011b 11000000 		.4byte	.LASF19
 283 011f 01       		.byte	0x1
 284 0120 68       		.byte	0x68
 285 0121 01       		.byte	0x1
 286 0122 6F000000 		.4byte	0x6f
 287 0126 00000000 		.4byte	.LFB3
 288 012a 10000000 		.4byte	.LFE3
 289 012e 02       		.byte	0x2
 290 012f 7D       		.byte	0x7d
ARM GAS  C:\Users\Luke\AppData\Local\Temp\ccVRFaQV.s 			page 8


 291 0130 00       		.sleb128 0
 292 0131 01       		.byte	0x1
 293 0132 00       		.byte	0
 294              		.section	.debug_abbrev,"",%progbits
 295              	.Ldebug_abbrev0:
 296 0000 01       		.uleb128 0x1
 297 0001 11       		.uleb128 0x11
 298 0002 01       		.byte	0x1
 299 0003 25       		.uleb128 0x25
 300 0004 0E       		.uleb128 0xe
 301 0005 13       		.uleb128 0x13
 302 0006 0B       		.uleb128 0xb
 303 0007 03       		.uleb128 0x3
 304 0008 0E       		.uleb128 0xe
 305 0009 1B       		.uleb128 0x1b
 306 000a 0E       		.uleb128 0xe
 307 000b 55       		.uleb128 0x55
 308 000c 06       		.uleb128 0x6
 309 000d 11       		.uleb128 0x11
 310 000e 01       		.uleb128 0x1
 311 000f 52       		.uleb128 0x52
 312 0010 01       		.uleb128 0x1
 313 0011 10       		.uleb128 0x10
 314 0012 06       		.uleb128 0x6
 315 0013 00       		.byte	0
 316 0014 00       		.byte	0
 317 0015 02       		.uleb128 0x2
 318 0016 24       		.uleb128 0x24
 319 0017 00       		.byte	0
 320 0018 0B       		.uleb128 0xb
 321 0019 0B       		.uleb128 0xb
 322 001a 3E       		.uleb128 0x3e
 323 001b 0B       		.uleb128 0xb
 324 001c 03       		.uleb128 0x3
 325 001d 0E       		.uleb128 0xe
 326 001e 00       		.byte	0
 327 001f 00       		.byte	0
 328 0020 03       		.uleb128 0x3
 329 0021 24       		.uleb128 0x24
 330 0022 00       		.byte	0
 331 0023 0B       		.uleb128 0xb
 332 0024 0B       		.uleb128 0xb
 333 0025 3E       		.uleb128 0x3e
 334 0026 0B       		.uleb128 0xb
 335 0027 03       		.uleb128 0x3
 336 0028 08       		.uleb128 0x8
 337 0029 00       		.byte	0
 338 002a 00       		.byte	0
 339 002b 04       		.uleb128 0x4
 340 002c 16       		.uleb128 0x16
 341 002d 00       		.byte	0
 342 002e 03       		.uleb128 0x3
 343 002f 0E       		.uleb128 0xe
 344 0030 3A       		.uleb128 0x3a
 345 0031 0B       		.uleb128 0xb
 346 0032 3B       		.uleb128 0x3b
 347 0033 0B       		.uleb128 0xb
ARM GAS  C:\Users\Luke\AppData\Local\Temp\ccVRFaQV.s 			page 9


 348 0034 49       		.uleb128 0x49
 349 0035 13       		.uleb128 0x13
 350 0036 00       		.byte	0
 351 0037 00       		.byte	0
 352 0038 05       		.uleb128 0x5
 353 0039 35       		.uleb128 0x35
 354 003a 00       		.byte	0
 355 003b 49       		.uleb128 0x49
 356 003c 13       		.uleb128 0x13
 357 003d 00       		.byte	0
 358 003e 00       		.byte	0
 359 003f 06       		.uleb128 0x6
 360 0040 2E       		.uleb128 0x2e
 361 0041 01       		.byte	0x1
 362 0042 3F       		.uleb128 0x3f
 363 0043 0C       		.uleb128 0xc
 364 0044 03       		.uleb128 0x3
 365 0045 0E       		.uleb128 0xe
 366 0046 3A       		.uleb128 0x3a
 367 0047 0B       		.uleb128 0xb
 368 0048 3B       		.uleb128 0x3b
 369 0049 0B       		.uleb128 0xb
 370 004a 27       		.uleb128 0x27
 371 004b 0C       		.uleb128 0xc
 372 004c 11       		.uleb128 0x11
 373 004d 01       		.uleb128 0x1
 374 004e 12       		.uleb128 0x12
 375 004f 01       		.uleb128 0x1
 376 0050 40       		.uleb128 0x40
 377 0051 0A       		.uleb128 0xa
 378 0052 9742     		.uleb128 0x2117
 379 0054 0C       		.uleb128 0xc
 380 0055 01       		.uleb128 0x1
 381 0056 13       		.uleb128 0x13
 382 0057 00       		.byte	0
 383 0058 00       		.byte	0
 384 0059 07       		.uleb128 0x7
 385 005a 05       		.uleb128 0x5
 386 005b 00       		.byte	0
 387 005c 03       		.uleb128 0x3
 388 005d 0E       		.uleb128 0xe
 389 005e 3A       		.uleb128 0x3a
 390 005f 0B       		.uleb128 0xb
 391 0060 3B       		.uleb128 0x3b
 392 0061 0B       		.uleb128 0xb
 393 0062 49       		.uleb128 0x49
 394 0063 13       		.uleb128 0x13
 395 0064 02       		.uleb128 0x2
 396 0065 06       		.uleb128 0x6
 397 0066 00       		.byte	0
 398 0067 00       		.byte	0
 399 0068 08       		.uleb128 0x8
 400 0069 34       		.uleb128 0x34
 401 006a 00       		.byte	0
 402 006b 03       		.uleb128 0x3
 403 006c 0E       		.uleb128 0xe
 404 006d 3A       		.uleb128 0x3a
ARM GAS  C:\Users\Luke\AppData\Local\Temp\ccVRFaQV.s 			page 10


 405 006e 0B       		.uleb128 0xb
 406 006f 3B       		.uleb128 0x3b
 407 0070 0B       		.uleb128 0xb
 408 0071 49       		.uleb128 0x49
 409 0072 13       		.uleb128 0x13
 410 0073 02       		.uleb128 0x2
 411 0074 06       		.uleb128 0x6
 412 0075 00       		.byte	0
 413 0076 00       		.byte	0
 414 0077 09       		.uleb128 0x9
 415 0078 2E       		.uleb128 0x2e
 416 0079 00       		.byte	0
 417 007a 3F       		.uleb128 0x3f
 418 007b 0C       		.uleb128 0xc
 419 007c 03       		.uleb128 0x3
 420 007d 0E       		.uleb128 0xe
 421 007e 3A       		.uleb128 0x3a
 422 007f 0B       		.uleb128 0xb
 423 0080 3B       		.uleb128 0x3b
 424 0081 0B       		.uleb128 0xb
 425 0082 27       		.uleb128 0x27
 426 0083 0C       		.uleb128 0xc
 427 0084 49       		.uleb128 0x49
 428 0085 13       		.uleb128 0x13
 429 0086 11       		.uleb128 0x11
 430 0087 01       		.uleb128 0x1
 431 0088 12       		.uleb128 0x12
 432 0089 01       		.uleb128 0x1
 433 008a 40       		.uleb128 0x40
 434 008b 0A       		.uleb128 0xa
 435 008c 9742     		.uleb128 0x2117
 436 008e 0C       		.uleb128 0xc
 437 008f 00       		.byte	0
 438 0090 00       		.byte	0
 439 0091 00       		.byte	0
 440              		.section	.debug_loc,"",%progbits
 441              	.Ldebug_loc0:
 442              	.LLST0:
 443 0000 00000000 		.4byte	.LVL0
 444 0004 04000000 		.4byte	.LVL1
 445 0008 0100     		.2byte	0x1
 446 000a 50       		.byte	0x50
 447 000b 04000000 		.4byte	.LVL1
 448 000f 1C000000 		.4byte	.LFE0
 449 0013 0400     		.2byte	0x4
 450 0015 F3       		.byte	0xf3
 451 0016 01       		.uleb128 0x1
 452 0017 50       		.byte	0x50
 453 0018 9F       		.byte	0x9f
 454 0019 00000000 		.4byte	0
 455 001d 00000000 		.4byte	0
 456              	.LLST1:
 457 0021 06000000 		.4byte	.LVL2
 458 0025 0E000000 		.4byte	.LVL3
 459 0029 0600     		.2byte	0x6
 460 002b 72       		.byte	0x72
 461 002c 00       		.sleb128 0
ARM GAS  C:\Users\Luke\AppData\Local\Temp\ccVRFaQV.s 			page 11


 462 002d 09       		.byte	0x9
 463 002e FB       		.byte	0xfb
 464 002f 1A       		.byte	0x1a
 465 0030 9F       		.byte	0x9f
 466 0031 00000000 		.4byte	0
 467 0035 00000000 		.4byte	0
 468              	.LLST2:
 469 0039 00000000 		.4byte	.LVL4
 470 003d 06000000 		.4byte	.LVL5
 471 0041 0100     		.2byte	0x1
 472 0043 50       		.byte	0x50
 473 0044 06000000 		.4byte	.LVL5
 474 0048 18000000 		.4byte	.LFE1
 475 004c 0400     		.2byte	0x4
 476 004e F3       		.byte	0xf3
 477 004f 01       		.uleb128 0x1
 478 0050 50       		.byte	0x50
 479 0051 9F       		.byte	0x9f
 480 0052 00000000 		.4byte	0
 481 0056 00000000 		.4byte	0
 482              		.section	.debug_aranges,"",%progbits
 483 0000 34000000 		.4byte	0x34
 484 0004 0200     		.2byte	0x2
 485 0006 00000000 		.4byte	.Ldebug_info0
 486 000a 04       		.byte	0x4
 487 000b 00       		.byte	0
 488 000c 0000     		.2byte	0
 489 000e 0000     		.2byte	0
 490 0010 00000000 		.4byte	.LFB0
 491 0014 1C000000 		.4byte	.LFE0-.LFB0
 492 0018 00000000 		.4byte	.LFB1
 493 001c 18000000 		.4byte	.LFE1-.LFB1
 494 0020 00000000 		.4byte	.LFB2
 495 0024 10000000 		.4byte	.LFE2-.LFB2
 496 0028 00000000 		.4byte	.LFB3
 497 002c 10000000 		.4byte	.LFE3-.LFB3
 498 0030 00000000 		.4byte	0
 499 0034 00000000 		.4byte	0
 500              		.section	.debug_ranges,"",%progbits
 501              	.Ldebug_ranges0:
 502 0000 00000000 		.4byte	.LFB0
 503 0004 1C000000 		.4byte	.LFE0
 504 0008 00000000 		.4byte	.LFB1
 505 000c 18000000 		.4byte	.LFE1
 506 0010 00000000 		.4byte	.LFB2
 507 0014 10000000 		.4byte	.LFE2
 508 0018 00000000 		.4byte	.LFB3
 509 001c 10000000 		.4byte	.LFE3
 510 0020 00000000 		.4byte	0
 511 0024 00000000 		.4byte	0
 512              		.section	.debug_line,"",%progbits
 513              	.Ldebug_line0:
 514 0000 96000000 		.section	.debug_str,"MS",%progbits,1
 514      02004700 
 514      00000201 
 514      FB0E0D00 
 514      01010101 
ARM GAS  C:\Users\Luke\AppData\Local\Temp\ccVRFaQV.s 			page 12


 515              	.LASF16:
 516 0000 76616C75 		.ascii	"value\000"
 516      6500
 517              	.LASF23:
 518 0006 73746174 		.ascii	"staticBits\000"
 518      69634269 
 518      747300
 519              	.LASF19:
 520 0011 53656564 		.ascii	"Seed_ref_ReadDataReg\000"
 520      5F726566 
 520      5F526561 
 520      64446174 
 520      61526567 
 521              	.LASF9:
 522 0026 666C6F61 		.ascii	"float\000"
 522      7400
 523              	.LASF1:
 524 002c 756E7369 		.ascii	"unsigned char\000"
 524      676E6564 
 524      20636861 
 524      7200
 525              	.LASF13:
 526 003a 72656738 		.ascii	"reg8\000"
 526      00
 527              	.LASF5:
 528 003f 6C6F6E67 		.ascii	"long unsigned int\000"
 528      20756E73 
 528      69676E65 
 528      6420696E 
 528      7400
 529              	.LASF3:
 530 0051 73686F72 		.ascii	"short unsigned int\000"
 530      7420756E 
 530      7369676E 
 530      65642069 
 530      6E7400
 531              	.LASF22:
 532 0064 433A5C55 		.ascii	"C:\\Users\\Luke\\Desktop\\Laserschutzschaltung.cyds"
 532      73657273 
 532      5C4C756B 
 532      655C4465 
 532      736B746F 
 533 0093 6E5C4C61 		.ascii	"n\\Laserschutzschaltung.cydsn\000"
 533      73657273 
 533      63687574 
 533      7A736368 
 533      616C7475 
 534              	.LASF15:
 535 00b0 53656564 		.ascii	"Seed_ref_SetDriveMode\000"
 535      5F726566 
 535      5F536574 
 535      44726976 
 535      654D6F64 
 536              	.LASF10:
 537 00c6 646F7562 		.ascii	"double\000"
 537      6C6500
 538              	.LASF18:
ARM GAS  C:\Users\Luke\AppData\Local\Temp\ccVRFaQV.s 			page 13


 539 00cd 53656564 		.ascii	"Seed_ref_Read\000"
 539      5F726566 
 539      5F526561 
 539      6400
 540              	.LASF8:
 541 00db 756E7369 		.ascii	"unsigned int\000"
 541      676E6564 
 541      20696E74 
 541      00
 542              	.LASF7:
 543 00e8 6C6F6E67 		.ascii	"long long unsigned int\000"
 543      206C6F6E 
 543      6720756E 
 543      7369676E 
 543      65642069 
 544              	.LASF14:
 545 00ff 53656564 		.ascii	"Seed_ref_Write\000"
 545      5F726566 
 545      5F577269 
 545      746500
 546              	.LASF21:
 547 010e 2E5C4765 		.ascii	".\\Generated_Source\\PSoC5\\Seed_ref.c\000"
 547      6E657261 
 547      7465645F 
 547      536F7572 
 547      63655C50 
 548              	.LASF17:
 549 0132 6D6F6465 		.ascii	"mode\000"
 549      00
 550              	.LASF6:
 551 0137 6C6F6E67 		.ascii	"long long int\000"
 551      206C6F6E 
 551      6720696E 
 551      7400
 552              	.LASF11:
 553 0145 63686172 		.ascii	"char\000"
 553      00
 554              	.LASF2:
 555 014a 73686F72 		.ascii	"short int\000"
 555      7420696E 
 555      7400
 556              	.LASF12:
 557 0154 75696E74 		.ascii	"uint8\000"
 557      3800
 558              	.LASF20:
 559 015a 474E5520 		.ascii	"GNU C 4.7.3 20130312 (release) [ARM/embedded-4_7-br"
 559      4320342E 
 559      372E3320 
 559      32303133 
 559      30333132 
 560 018d 616E6368 		.ascii	"anch revision 196615]\000"
 560      20726576 
 560      6973696F 
 560      6E203139 
 560      36363135 
 561              	.LASF4:
 562 01a3 6C6F6E67 		.ascii	"long int\000"
ARM GAS  C:\Users\Luke\AppData\Local\Temp\ccVRFaQV.s 			page 14


 562      20696E74 
 562      00
 563              	.LASF0:
 564 01ac 7369676E 		.ascii	"signed char\000"
 564      65642063 
 564      68617200 
 565              		.ident	"GCC: (GNU Tools for ARM Embedded Processors) 4.7.3 20130312 (release) [ARM/embedded-4_7-br
