Archive member included because of file (symbol)

.\CortexM3\ARM_GCC_493\Release\Laserschutzschaltung.a(cyfitter_cfg.o)
                              .\CortexM3\ARM_GCC_493\Release\Cm3Start.o (cyfitter_cfg)
.\CortexM3\ARM_GCC_493\Release\Laserschutzschaltung.a(DMA_dma.o)
                              .\CortexM3\ARM_GCC_493\Release\main.o (DMA_DmaInitialize)
.\CortexM3\ARM_GCC_493\Release\Laserschutzschaltung.a(isr.o)
                              .\CortexM3\ARM_GCC_493\Release\main.o (isr_StartEx)
.\CortexM3\ARM_GCC_493\Release\Laserschutzschaltung.a(VDAC8.o)
                              .\CortexM3\ARM_GCC_493\Release\main.o (VDAC8_SetValue)
.\CortexM3\ARM_GCC_493\Release\Laserschutzschaltung.a(Comp_1.o)
                              .\CortexM3\ARM_GCC_493\Release\main.o (Comp_1_Start)
.\CortexM3\ARM_GCC_493\Release\Laserschutzschaltung.a(Filter.o)
                              .\CortexM3\ARM_GCC_493\Release\main.o (Filter_Start)
.\CortexM3\ARM_GCC_493\Release\Laserschutzschaltung.a(Filter_PVT.o)
                              .\CortexM3\ARM_GCC_493\Release\Laserschutzschaltung.a(Filter.o) (Filter_SetInterruptMode)
.\CortexM3\ARM_GCC_493\Release\Laserschutzschaltung.a(Filter_RAM_Data.o)
                              .\CortexM3\ARM_GCC_493\Release\Laserschutzschaltung.a(Filter.o) (Filter_cfsm)
.\CortexM3\ARM_GCC_493\Release\Laserschutzschaltung.a(CyDmac.o)
                              .\CortexM3\ARM_GCC_493\Release\Cm3Start.o (CyDmacConfigure)
.\CortexM3\ARM_GCC_493\Release\Laserschutzschaltung.a(CyLib.o)
                              .\CortexM3\ARM_GCC_493\Release\Cm3Start.o (CyHalt)
.\CortexM3\ARM_GCC_493\Release\Laserschutzschaltung.a(cyPm.o)
                              .\CortexM3\ARM_GCC_493\Release\Laserschutzschaltung.a(CyLib.o) (CyPmReadStatus)
.\CortexM3\ARM_GCC_493\Release\Laserschutzschaltung.a(Comp_2.o)
                              .\CortexM3\ARM_GCC_493\Release\main.o (Comp_2_Start)
.\CortexM3\ARM_GCC_493\Release\Laserschutzschaltung.a(Comp_3.o)
                              .\CortexM3\ARM_GCC_493\Release\main.o (Comp_3_Start)
.\CortexM3\ARM_GCC_493\Release\Laserschutzschaltung.a(LCD.o)
                              .\CortexM3\ARM_GCC_493\Release\main.o (LCD_PrintString)
.\CortexM3\ARM_GCC_493\Release\Laserschutzschaltung.a(Fault_isr.o)
                              .\CortexM3\ARM_GCC_493\Release\main.o (Fault_isr_StartEx)
.\CortexM3\ARM_GCC_493\Release\Laserschutzschaltung.a(ADC_SAR_1.o)
                              .\CortexM3\ARM_GCC_493\Release\main.o (ADC_SAR_1_Start)
.\CortexM3\ARM_GCC_493\Release\Laserschutzschaltung.a(ADC_SAR_1_INT.o)
                              .\CortexM3\ARM_GCC_493\Release\Laserschutzschaltung.a(ADC_SAR_1.o) (ADC_SAR_1_ISR)
.\CortexM3\ARM_GCC_493\Release\Laserschutzschaltung.a(ADC_SAR_1_theACLK.o)
                              .\CortexM3\ARM_GCC_493\Release\Laserschutzschaltung.a(ADC_SAR_1.o) (ADC_SAR_1_theACLK_SetModeRegister)
.\CortexM3\ARM_GCC_493\Release\Laserschutzschaltung.a(IDAC8_1.o)
                              .\CortexM3\ARM_GCC_493\Release\main.o (IDAC8_1_SetValue)
.\CortexM3\ARM_GCC_493\Release\Laserschutzschaltung.a(IDAC8_2.o)
                              .\CortexM3\ARM_GCC_493\Release\main.o (IDAC8_2_SetValue)
.\CortexM3\ARM_GCC_493\Release\Laserschutzschaltung.a(PGA_1.o)
                              .\CortexM3\ARM_GCC_493\Release\main.o (PGA_1_SetGain)
.\CortexM3\ARM_GCC_493\Release\Laserschutzschaltung.a(ADC_SAR_2.o)
                              .\CortexM3\ARM_GCC_493\Release\main.o (ADC_SAR_2_Start)
.\CortexM3\ARM_GCC_493\Release\Laserschutzschaltung.a(ADC_SAR_2_INT.o)
                              .\CortexM3\ARM_GCC_493\Release\Laserschutzschaltung.a(ADC_SAR_2.o) (ADC_SAR_2_ISR)
.\CortexM3\ARM_GCC_493\Release\Laserschutzschaltung.a(ADC_SAR_2_theACLK.o)
                              .\CortexM3\ARM_GCC_493\Release\Laserschutzschaltung.a(ADC_SAR_2.o) (ADC_SAR_2_theACLK_SetModeRegister)
.\CortexM3\ARM_GCC_493\Release\Laserschutzschaltung.a(Counter_1.o)
                              .\CortexM3\ARM_GCC_493\Release\main.o (Counter_1_ReadStatusRegister)
.\CortexM3\ARM_GCC_493\Release\Laserschutzschaltung.a(PID_isr.o)
                              .\CortexM3\ARM_GCC_493\Release\main.o (PID_isr_StartEx)
.\CortexM3\ARM_GCC_493\Release\Laserschutzschaltung.a(ADC_DelSig_1.o)
                              .\CortexM3\ARM_GCC_493\Release\main.o (ADC_DelSig_1_Start)
.\CortexM3\ARM_GCC_493\Release\Laserschutzschaltung.a(ADC_DelSig_1_INT.o)
                              .\CortexM3\ARM_GCC_493\Release\Laserschutzschaltung.a(ADC_DelSig_1.o) (ADC_DelSig_1_ISR1)
.\CortexM3\ARM_GCC_493\Release\Laserschutzschaltung.a(ADC_DelSig_1_AMux.o)
                              .\CortexM3\ARM_GCC_493\Release\Laserschutzschaltung.a(ADC_DelSig_1.o) (ADC_DelSig_1_AMux_Select)
.\CortexM3\ARM_GCC_493\Release\Laserschutzschaltung.a(ADC_DelSig_1_Ext_CP_Clk.o)
[...]
Memory Configuration

Name             Origin             Length             Attributes
rom              0x00000000         0x00040000         xr
ram              0x1fff8000         0x00010000         xrw
*default*        0x00000000         0xffffffff

Linker script and memory map

LOAD c:/program files/cypress/psoc creator/4.0/psoc creator/import/gnu/arm/4.9.3/bin/../lib/gcc/arm-none-eabi/4.9.3/armv7-m/crti.o
LOAD c:/program files/cypress/psoc creator/4.0/psoc creator/import/gnu/arm/4.9.3/bin/../lib/gcc/arm-none-eabi/4.9.3/armv7-m/crtbegin.o
LOAD c:/program files/cypress/psoc creator/4.0/psoc creator/import/gnu/arm/4.9.3/bin/../lib/gcc/arm-none-eabi/4.9.3/../../../../arm-none-eabi/lib/armv7-m/crt0.o
START GROUP
LOAD .\CortexM3\ARM_GCC_493\Release\main.o
LOAD .\CortexM3\ARM_GCC_493\Release\pid.o
LOAD .\CortexM3\ARM_GCC_493\Release\cli.o
LOAD .\CortexM3\ARM_GCC_493\Release\eeprom.o
LOAD .\CortexM3\ARM_GCC_493\Release\Cm3Start.o
LOAD .\CortexM3\ARM_GCC_493\Release\cymetadata.o
LOAD .\CortexM3\ARM_GCC_493\Release\Laserschutzschaltung.a
LOAD C:\Program Files\Cypress\PSoC Creator\4.0\PSoC Creator\psoc\content\cycomponentlibrary\CyComponentLibrary.cylib\CortexM3\ARM_GCC_493\Release\CyComponentLibrary.a
LOAD c:/program files/cypress/psoc creator/4.0/psoc creator/import/gnu/arm/4.9.3/bin/../lib/gcc/arm-none-eabi/4.9.3/../../../../arm-none-eabi/lib/armv7-m\libm.a
END GROUP
START GROUP
LOAD c:/program files/cypress/psoc creator/4.0/psoc creator/import/gnu/arm/4.9.3/bin/../lib/gcc/arm-none-eabi/4.9.3/armv7-m\libgcc.a
LOAD c:/program files/cypress/psoc creator/4.0/psoc creator/import/gnu/arm/4.9.3/bin/../lib/gcc/arm-none-eabi/4.9.3/../../../../arm-none-eabi/lib/armv7-m\libg_nano.a
LOAD c:/program files/cypress/psoc creator/4.0/psoc creator/import/gnu/arm/4.9.3/bin/../lib/gcc/arm-none-eabi/4.9.3/../../../../arm-none-eabi/lib/armv7-m\libc_nano.a
END GROUP
START GROUP
LOAD c:/program files/cypress/psoc creator/4.0/psoc creator/import/gnu/arm/4.9.3/bin/../lib/gcc/arm-none-eabi/4.9.3/armv7-m\libgcc.a
LOAD c:/program files/cypress/psoc creator/4.0/psoc creator/import/gnu/arm/4.9.3/bin/../lib/gcc/arm-none-eabi/4.9.3/../../../../arm-none-eabi/lib/armv7-m\libc_nano.a
END GROUP
LOAD c:/program files/cypress/psoc creator/4.0/psoc creator/import/gnu/arm/4.9.3/bin/../lib/gcc/arm-none-eabi/4.9.3/armv7-m/crtend.o
LOAD c:/program files/cypress/psoc creator/4.0/psoc creator/import/gnu/arm/4.9.3/bin/../lib/gcc/arm-none-eabi/4.9.3/armv7-m/crtn.o
START GROUP
LOAD c:/program files/cypress/psoc creator/4.0/psoc creator/import/gnu/arm/4.9.3/bin/../lib/gcc/arm-none-eabi/4.9.3/armv7-m\libgcc.a
LOAD c:/program files/cypress/psoc creator/4.0/psoc creator/import/gnu/arm/4.9.3/bin/../lib/gcc/arm-none-eabi/4.9.3/../../../../arm-none-eabi/lib/armv7-m\libc.a
LOAD c:/program files/cypress/psoc creator/4.0/psoc creator/import/gnu/arm/4.9.3/bin/../lib/gcc/arm-none-eabi/4.9.3/../../../../arm-none-eabi/lib/armv7-m\libnosys.a
END GROUP
                0x00000000                CY_APPL_ORIGIN = 0x0
                0x00000100                CY_FLASH_ROW_SIZE = 0x100
                0x00000020                CY_ECC_ROW_SIZE = 0x20
                0x00000000                CY_EE_IN_BTLDR = 0x0
                0x00000000                CY_APPL_LOADABLE = 0x0
                0x00000800                CY_EE_SIZE = 0x800
                0x00000001                CY_APPL_NUM = 0x1
                0x00000001                CY_APPL_MAX = 0x1
                0x00000040                CY_METADATA_SIZE = 0x40
                0x00000000                CY_APPL_LOADABLE = 0x0
                0x00000000                CY_CHECKSUM_EXCLUDE_SIZE = ALIGN (0x0, CY_FLASH_ROW_SIZE)
                0x1fff83e0                PROVIDE (__cy_heap_start, _end)
                0x00000001                PROVIDE (__cy_region_num, ((__cy_regions_end - __cy_regions) / 0x10))
                0x20008000                PROVIDE (__cy_stack, (ORIGIN (ram) + 0x10000))
                0x20007800                PROVIDE (__cy_heap_end, (__cy_stack - 0x800))

.cybootloader   0x00000000        0x0
 *(.cybootloader)
                0x00000000                appl1_start = CY_APPL_ORIGIN?CY_APPL_ORIGIN:ALIGN (CY_FLASH_ROW_SIZE)
                0x0001ff00                appl2_start = (appl1_start + ALIGN ((((0x40000 - appl1_start) - (0x2 * CY_FLASH_ROW_SIZE)) / 0x2), CY_FLASH_ROW_SIZE))
                0x00000000                appl_start = (CY_APPL_NUM == 0x1)?appl1_start:appl2_start
                0x00000000                ecc_offset = ((appl_start / CY_FLASH_ROW_SIZE) * CY_ECC_ROW_SIZE)
                0x00000000                ee_offset = (CY_APPL_LOADABLE && ! (CY_EE_IN_BTLDR))?((CY_EE_SIZE / CY_APPL_MAX) * (CY_APPL_NUM - 0x1)):0x0
                0x00000800                ee_size = (CY_APPL_LOADABLE && ! (CY_EE_IN_BTLDR))?(CY_EE_SIZE / CY_APPL_MAX):CY_EE_SIZE
                0x00000000                PROVIDE (CY_ECC_OFFSET, ecc_offset)

.text           0x00000000     0x8718
 CREATE_OBJECT_SYMBOLS
                0x00000000                PROVIDE (__cy_interrupt_vector, RomVectors)
 *(.romvectors)
 .romvectors    0x00000000       0x10 .\CortexM3\ARM_GCC_493\Release\Cm3Start.o
                0x00000000                RomVectors
                0x00000001                ASSERT ((. != __cy_interrupt_vector), No interrupt vector)
                0x00000001                ASSERT (CY_APPL_ORIGIN?(SIZEOF (.cybootloader) <= CY_APPL_ORIGIN):0x1, Wrong image location)
                0x00000010                PROVIDE (__cy_reset, Reset)
 *(.text.Reset)
 .text.Reset    0x00000010       0x18 .\CortexM3\ARM_GCC_493\Release\Cm3Start.o
                0x00000010                Reset
                0x00000001                ASSERT ((. != __cy_reset), No reset code)
 *(.dma_init)
 .dma_init      0x00000028      0x27d .\CortexM3\ARM_GCC_493\Release\Laserschutzschaltung.a(cyfitter_cfg.o)
                0x00000001                ASSERT ((((appl_start + .) <= 0x10000) || 0x0), DMA Init must be within the first 64k of flash)
 *(.text .text.* .gnu.linkonce.t.*)
 *fill*         0x000002a5        0x3 
 .text          0x000002a8       0x5c c:/program files/cypress/psoc creator/4.0/psoc creator/import/gnu/arm/4.9.3/bin/../lib/gcc/arm-none-eabi/4.9.3/armv7-m/crtbegin.o
 .text.faultISR
                0x00000304       0x14 .\CortexM3\ARM_GCC_493\Release\main.o
                0x00000304                faultISR
 .text.filterVDAC
                0x00000318       0x28 .\CortexM3\ARM_GCC_493\Release\main.o
                0x00000318                filterVDAC
 .text.pidISR   0x00000340       0x14 .\CortexM3\ARM_GCC_493\Release\main.o
                0x00000340                pidISR
 .text.pid1_write
                0x00000354       0x30 .\CortexM3\ARM_GCC_493\Release\main.o
                0x00000354                pid1_write
 .text.value_to_string1
                0x00000384       0x88 .\CortexM3\ARM_GCC_493\Release\main.o
                0x00000384                value_to_string1
 .text.value_to_string2
                0x0000040c       0x68 .\CortexM3\ARM_GCC_493\Release\main.o
                0x0000040c                value_to_string2
 .text.USB_init
                0x00000474       0x20 .\CortexM3\ARM_GCC_493\Release\main.o
                0x00000474                USB_init
 .text.DMA_Config
                0x00000494       0x44 .\CortexM3\ARM_GCC_493\Release\main.o
                0x00000494                DMA_Config
 .text.calc_temperature_ntc10k
                0x000004d8       0xd0 .\CortexM3\ARM_GCC_493\Release\main.o
                0x000004d8                calc_temperature_ntc10k
 .text.peripheral_init
                0x000005a8       0xd8 .\CortexM3\ARM_GCC_493\Release\main.o
                0x000005a8                peripheral_init
 .text.startup.main
                0x00000680      0x3fc .\CortexM3\ARM_GCC_493\Release\main.o
                0x00000680                main
 .text.pid_init
                0x00000a7c        0xa .\CortexM3\ARM_GCC_493\Release\pid.o
                0x00000a7c                pid_init
 *fill*         0x00000a86        0x2 
 .text.pid_calc
                0x00000a88       0x50 .\CortexM3\ARM_GCC_493\Release\pid.o
                0x00000a88                pid_calc
 .text.i2a      0x00000ad8       0x28 .\CortexM3\ARM_GCC_493\Release\cli.o
 .text.cliPrint
                0x00000b00       0x16 .\CortexM3\ARM_GCC_493\Release\cli.o
 *fill*         0x00000b16        0x2 
 .text.cliHelp  0x00000b18       0x38 .\CortexM3\ARM_GCC_493\Release\cli.o
 .text.cliExit  0x00000b50       0x24 .\CortexM3\ARM_GCC_493\Release\cli.o
 .text.cliDefaults
                0x00000b74        0xc .\CortexM3\ARM_GCC_493\Release\cli.o
 .text.cliCompare
                0x00000b80       0x1a .\CortexM3\ARM_GCC_493\Release\cli.o
 *fill*         0x00000b9a        0x2 
 .text.cliSave  0x00000b9c       0x20 .\CortexM3\ARM_GCC_493\Release\cli.o
 .text.cliWrite
                0x00000bbc       0x16 .\CortexM3\ARM_GCC_493\Release\cli.o
 *fill*         0x00000bd2        0x2 
 .text.cliSetPeltier
                0x00000bd4       0x54 .\CortexM3\ARM_GCC_493\Release\cli.o
 .text.itoa     0x00000c28       0x26 .\CortexM3\ARM_GCC_493\Release\cli.o
                0x00000c28                itoa
 *fill*         0x00000c4e        0x2 
 .text.ftoa     0x00000c50       0xd0 .\CortexM3\ARM_GCC_493\Release\cli.o
 .text.cliStatus
                0x00000d20       0xbc .\CortexM3\ARM_GCC_493\Release\cli.o
 .text.cliPrintVar
                0x00000ddc       0xec .\CortexM3\ARM_GCC_493\Release\cli.o
 .text.cliSet   0x00000ec8      0x30c .\CortexM3\ARM_GCC_493\Release\cli.o
 .text.cliProcess
                0x000011d4      0x1dc .\CortexM3\ARM_GCC_493\Release\cli.o
                0x000011d4                cliProcess
 .text.save_settings
                0x000013b0       0xbc .\CortexM3\ARM_GCC_493\Release\eeprom.o
                0x000013b0                save_settings
 .text.read_settings
                0x0000146c       0x78 .\CortexM3\ARM_GCC_493\Release\eeprom.o
                0x0000146c                read_settings
 .text.IntDefaultHandler
                0x000014e4       0x10 .\CortexM3\ARM_GCC_493\Release\Cm3Start.o
                0x000014e4                IntDefaultHandler
 .text._sbrk    0x000014f4       0x2c .\CortexM3\ARM_GCC_493\Release\Cm3Start.o
                0x000014f4                _sbrk
 .text.Start_c  0x00001520       0x50 .\CortexM3\ARM_GCC_493\Release\Cm3Start.o
                0x00001520                Start_c
 .text.startup.initialize_psoc
                0x00001570       0x74 .\CortexM3\ARM_GCC_493\Release\Cm3Start.o
                0x00001570                initialize_psoc
 .text.ADC_DelSig_1_AMux_Set
                0x000015e4       0x1c .\CortexM3\ARM_GCC_493\Release\Laserschutzschaltung.a(cyfitter_cfg.o)
                0x000015e4                ADC_DelSig_1_AMux_Set
 .text.ADC_DelSig_1_AMux_Unset
                0x00001600       0x1c .\CortexM3\ARM_GCC_493\Release\Laserschutzschaltung.a(cyfitter_cfg.o)
                0x00001600                ADC_DelSig_1_AMux_Unset
 .text.cyfitter_cfg
                0x0000161c      0x47c .\CortexM3\ARM_GCC_493\Release\Laserschutzschaltung.a(cyfitter_cfg.o)
                0x0000161c                cyfitter_cfg
 .text.DMA_DmaInitialize
                0x00001a98       0x3c .\CortexM3\ARM_GCC_493\Release\Laserschutzschaltung.a(DMA_dma.o)
                0x00001a98                DMA_DmaInitialize
 .text.isr_StartEx
                0x00001ad4       0x28 .\CortexM3\ARM_GCC_493\Release\Laserschutzschaltung.a(isr.o)
                0x00001ad4                isr_StartEx
 .text.VDAC8_Enable
                0x00001afc       0x18 .\CortexM3\ARM_GCC_493\Release\Laserschutzschaltung.a(VDAC8.o)
                0x00001afc                VDAC8_Enable
 .text.VDAC8_SetSpeed
                0x00001b14       0x1c .\CortexM3\ARM_GCC_493\Release\Laserschutzschaltung.a(VDAC8.o)
                0x00001b14                VDAC8_SetSpeed
 .text.VDAC8_SetValue
                0x00001b30        0xc .\CortexM3\ARM_GCC_493\Release\Laserschutzschaltung.a(VDAC8.o)
                0x00001b30                VDAC8_SetValue
 .text.VDAC8_DacTrim
                0x00001b3c       0x24 .\CortexM3\ARM_GCC_493\Release\Laserschutzschaltung.a(VDAC8.o)
                0x00001b3c                VDAC8_DacTrim
 .text.VDAC8_SetRange
                0x00001b60       0x1c .\CortexM3\ARM_GCC_493\Release\Laserschutzschaltung.a(VDAC8.o)
                0x00001b60                VDAC8_SetRange
 .text.VDAC8_Init
                0x00001b7c       0x20 .\CortexM3\ARM_GCC_493\Release\Laserschutzschaltung.a(VDAC8.o)
                0x00001b7c                VDAC8_Init
 .text.VDAC8_Start
                0x00001b9c       0x24 .\CortexM3\ARM_GCC_493\Release\Laserschutzschaltung.a(VDAC8.o)
                0x00001b9c                VDAC8_Start
 .text.Comp_1_Enable
                0x00001bc0       0x18 .\CortexM3\ARM_GCC_493\Release\Laserschutzschaltung.a(Comp_1.o)
                0x00001bc0                Comp_1_Enable
 .text.Comp_1_SetSpeed
                0x00001bd8       0x58 .\CortexM3\ARM_GCC_493\Release\Laserschutzschaltung.a(Comp_1.o)
                0x00001bd8                Comp_1_SetSpeed
 .text.Comp_1_Init
                0x00001c30       0x40 .\CortexM3\ARM_GCC_493\Release\Laserschutzschaltung.a(Comp_1.o)
                0x00001c30                Comp_1_Init
 .text.Comp_1_Start
                0x00001c70       0x1c .\CortexM3\ARM_GCC_493\Release\Laserschutzschaltung.a(Comp_1.o)
                0x00001c70                Comp_1_Start
 .text.Filter_Init
                0x00001c8c       0xc8 .\CortexM3\ARM_GCC_493\Release\Laserschutzschaltung.a(Filter.o)
                0x00001c8c                Filter_Init
 .text.Filter_Enable
                0x00001d54       0x28 .\CortexM3\ARM_GCC_493\Release\Laserschutzschaltung.a(Filter.o)
                0x00001d54                Filter_Enable
 .text.Filter_Start
                0x00001d7c       0x1c .\CortexM3\ARM_GCC_493\Release\Laserschutzschaltung.a(Filter.o)
                0x00001d7c                Filter_Start
 .text.Filter_SetCoherency
                0x00001d98       0x44 .\CortexM3\ARM_GCC_493\Release\Laserschutzschaltung.a(Filter.o)
                0x00001d98                Filter_SetCoherency
 .text.Filter_SetInterruptMode
                0x00001ddc       0x10 .\CortexM3\ARM_GCC_493\Release\Laserschutzschaltung.a(Filter_PVT.o)
                0x00001ddc                Filter_SetInterruptMode
 .text.Filter_SetDMAMode
                0x00001dec       0x10 .\CortexM3\ARM_GCC_493\Release\Laserschutzschaltung.a(Filter_PVT.o)
                0x00001dec                Filter_SetDMAMode
 .text.CyDmacConfigure
                0x00001dfc       0x2c .\CortexM3\ARM_GCC_493\Release\Laserschutzschaltung.a(CyDmac.o)
                0x00001dfc                CyDmacConfigure
 .text.CyDmaChEnable
                0x00001e28       0x2c .\CortexM3\ARM_GCC_493\Release\Laserschutzschaltung.a(CyDmac.o)
                0x00001e28                CyDmaChEnable
 .text.CyDmaChPriority
                0x00001e54       0x28 .\CortexM3\ARM_GCC_493\Release\Laserschutzschaltung.a(CyDmac.o)
                0x00001e54                CyDmaChPriority
 .text.CyDmaChSetExtendedAddress
                0x00001e7c       0x2e .\CortexM3\ARM_GCC_493\Release\Laserschutzschaltung.a(CyDmac.o)
                0x00001e7c                CyDmaChSetExtendedAddress
 *fill*         0x00001eaa        0x2 
 .text.CyDmaChSetInitialTd
                0x00001eac       0x18 .\CortexM3\ARM_GCC_493\Release\Laserschutzschaltung.a(CyDmac.o)
                0x00001eac                CyDmaChSetInitialTd
 .text.CyDmaChSetConfiguration
                0x00001ec4       0x40 .\CortexM3\ARM_GCC_493\Release\Laserschutzschaltung.a(CyDmac.o)
                0x00001ec4                CyDmaChSetConfiguration
 .text.CyDmaTdAllocate
                0x00001f04       0x38 .\CortexM3\ARM_GCC_493\Release\Laserschutzschaltung.a(CyDmac.o)
                0x00001f04                CyDmaTdAllocate
 .text.CyDmaTdSetConfiguration
                0x00001f3c       0x24 .\CortexM3\ARM_GCC_493\Release\Laserschutzschaltung.a(CyDmac.o)
                0x00001f3c                CyDmaTdSetConfiguration
 .text.CyDmaTdSetAddress
                0x00001f60       0x1a .\CortexM3\ARM_GCC_493\Release\Laserschutzschaltung.a(CyDmac.o)
                0x00001f60                CyDmaTdSetAddress
 *fill*         0x00001f7a        0x2 
 .text.CyDelay  0x00001f7c       0x28 .\CortexM3\ARM_GCC_493\Release\Laserschutzschaltung.a(CyLib.o)
                0x00001f7c                CyDelay
 .text.CyDelayUs
                0x00001fa4       0x10 .\CortexM3\ARM_GCC_493\Release\Laserschutzschaltung.a(CyLib.o)
                0x00001fa4                CyDelayUs
 .text.CyIntSetVector
                0x00001fb4       0x1c .\CortexM3\ARM_GCC_493\Release\Laserschutzschaltung.a(CyLib.o)
                0x00001fb4                CyIntSetVector
 .text.CyIntSetPriority
                0x00001fd0       0x14 .\CortexM3\ARM_GCC_493\Release\Laserschutzschaltung.a(CyLib.o)
                0x00001fd0                CyIntSetPriority
 .text.CyGetUniqueId
                0x00001fe4       0x70 .\CortexM3\ARM_GCC_493\Release\Laserschutzschaltung.a(CyLib.o)
                0x00001fe4                CyGetUniqueId
 .text.Comp_2_Enable
                0x00002054       0x18 .\CortexM3\ARM_GCC_493\Release\Laserschutzschaltung.a(Comp_2.o)
                0x00002054                Comp_2_Enable
 .text.Comp_2_SetSpeed
                0x0000206c       0x58 .\CortexM3\ARM_GCC_493\Release\Laserschutzschaltung.a(Comp_2.o)
                0x0000206c                Comp_2_SetSpeed
 .text.Comp_2_Init
                0x000020c4       0x40 .\CortexM3\ARM_GCC_493\Release\Laserschutzschaltung.a(Comp_2.o)
                0x000020c4                Comp_2_Init
 .text.Comp_2_Start
                0x00002104       0x1c .\CortexM3\ARM_GCC_493\Release\Laserschutzschaltung.a(Comp_2.o)
                0x00002104                Comp_2_Start
 .text.Comp_3_Enable
                0x00002120       0x18 .\CortexM3\ARM_GCC_493\Release\Laserschutzschaltung.a(Comp_3.o)
                0x00002120                Comp_3_Enable
 .text.Comp_3_SetSpeed
                0x00002138       0x58 .\CortexM3\ARM_GCC_493\Release\Laserschutzschaltung.a(Comp_3.o)
                0x00002138                Comp_3_SetSpeed
 .text.Comp_3_Init
                0x00002190       0x40 .\CortexM3\ARM_GCC_493\Release\Laserschutzschaltung.a(Comp_3.o)
                0x00002190                Comp_3_Init
 .text.Comp_3_Start
                0x000021d0       0x1c .\CortexM3\ARM_GCC_493\Release\Laserschutzschaltung.a(Comp_3.o)
                0x000021d0                Comp_3_Start
 .text.LCD_WrCntrlNib
                0x000021ec       0x34 .\CortexM3\ARM_GCC_493\Release\Laserschutzschaltung.a(LCD.o)
 .text.LCD_WrDatNib
                0x00002220       0x44 .\CortexM3\ARM_GCC_493\Release\Laserschutzschaltung.a(LCD.o)
 .text.LCD_IsReady
                0x00002264       0xe8 .\CortexM3\ARM_GCC_493\Release\Laserschutzschaltung.a(LCD.o)
                0x00002264                LCD_IsReady
 .text.LCD_WriteData
                0x0000234c       0x1a .\CortexM3\ARM_GCC_493\Release\Laserschutzschaltung.a(LCD.o)
                0x0000234c                LCD_WriteData
 .text.LCD_PrintString
                0x00002366       0x18 .\CortexM3\ARM_GCC_493\Release\Laserschutzschaltung.a(LCD.o)
                0x00002366                LCD_PrintString
 .text.LCD_PutChar
                0x0000237e        0x4 .\CortexM3\ARM_GCC_493\Release\Laserschutzschaltung.a(LCD.o)
                0x0000237e                LCD_PutChar
 .text.LCD_WriteControl
                0x00002382       0x1a .\CortexM3\ARM_GCC_493\Release\Laserschutzschaltung.a(LCD.o)
                0x00002382                LCD_WriteControl
 .text.LCD_Init
                0x0000239c       0x6c .\CortexM3\ARM_GCC_493\Release\Laserschutzschaltung.a(LCD.o)
                0x0000239c                LCD_Init
 .text.LCD_Enable
                0x00002408       0x14 .\CortexM3\ARM_GCC_493\Release\Laserschutzschaltung.a(LCD.o)
                0x00002408                LCD_Enable
 .text.LCD_Start
                0x0000241c       0x1c .\CortexM3\ARM_GCC_493\Release\Laserschutzschaltung.a(LCD.o)
                0x0000241c                LCD_Start
 .text.LCD_Position
                0x00002438       0x2a .\CortexM3\ARM_GCC_493\Release\Laserschutzschaltung.a(LCD.o)
                0x00002438                LCD_Position
 *fill*         0x00002462        0x2 
 .text.Fault_isr_StartEx
                0x00002464       0x24 .\CortexM3\ARM_GCC_493\Release\Laserschutzschaltung.a(Fault_isr.o)
                0x00002464                Fault_isr_StartEx
 .text.Fault_isr_SetPriority
                0x00002488       0x10 .\CortexM3\ARM_GCC_493\Release\Laserschutzschaltung.a(Fault_isr.o)
                0x00002488                Fault_isr_SetPriority
 .text.ADC_SAR_1_Enable
                0x00002498       0x98 .\CortexM3\ARM_GCC_493\Release\Laserschutzschaltung.a(ADC_SAR_1.o)
                0x00002498                ADC_SAR_1_Enable
 .text.ADC_SAR_1_SetResolution
                0x00002530       0x60 .\CortexM3\ARM_GCC_493\Release\Laserschutzschaltung.a(ADC_SAR_1.o)
                0x00002530                ADC_SAR_1_SetResolution
 .text.ADC_SAR_1_Init
                0x00002590       0x3c .\CortexM3\ARM_GCC_493\Release\Laserschutzschaltung.a(ADC_SAR_1.o)
                0x00002590                ADC_SAR_1_Init
 .text.ADC_SAR_1_Start
                0x000025cc       0x1c .\CortexM3\ARM_GCC_493\Release\Laserschutzschaltung.a(ADC_SAR_1.o)
                0x000025cc                ADC_SAR_1_Start
 .text.ADC_SAR_1_StartConvert
                0x000025e8       0x10 .\CortexM3\ARM_GCC_493\Release\Laserschutzschaltung.a(ADC_SAR_1.o)
                0x000025e8                ADC_SAR_1_StartConvert
 .text.ADC_SAR_1_GetResult16
                0x000025f8       0x18 .\CortexM3\ARM_GCC_493\Release\Laserschutzschaltung.a(ADC_SAR_1.o)
                0x000025f8                ADC_SAR_1_GetResult16
 .text.ADC_SAR_1_ISR
                0x00002610        0x2 .\CortexM3\ARM_GCC_493\Release\Laserschutzschaltung.a(ADC_SAR_1_INT.o)
                0x00002610                ADC_SAR_1_ISR
 *fill*         0x00002612        0x2 
 .text.ADC_SAR_1_theACLK_SetModeRegister
                0x00002614       0x14 .\CortexM3\ARM_GCC_493\Release\Laserschutzschaltung.a(ADC_SAR_1_theACLK.o)
                0x00002614                ADC_SAR_1_theACLK_SetModeRegister
 .text.IDAC8_1_Enable
                0x00002628       0x18 .\CortexM3\ARM_GCC_493\Release\Laserschutzschaltung.a(IDAC8_1.o)
                0x00002628                IDAC8_1_Enable
 .text.IDAC8_1_SetSpeed
                0x00002640       0x1c .\CortexM3\ARM_GCC_493\Release\Laserschutzschaltung.a(IDAC8_1.o)
                0x00002640                IDAC8_1_SetSpeed
 .text.IDAC8_1_SetValue
                0x0000265c        0xc .\CortexM3\ARM_GCC_493\Release\Laserschutzschaltung.a(IDAC8_1.o)
                0x0000265c                IDAC8_1_SetValue
 .text.IDAC8_1_DacTrim
                0x00002668       0x30 .\CortexM3\ARM_GCC_493\Release\Laserschutzschaltung.a(IDAC8_1.o)
                0x00002668                IDAC8_1_DacTrim
 .text.IDAC8_1_Init
                0x00002698       0x24 .\CortexM3\ARM_GCC_493\Release\Laserschutzschaltung.a(IDAC8_1.o)
                0x00002698                IDAC8_1_Init
 .text.IDAC8_1_Start
                0x000026bc       0x24 .\CortexM3\ARM_GCC_493\Release\Laserschutzschaltung.a(IDAC8_1.o)
                0x000026bc                IDAC8_1_Start
 .text.IDAC8_2_Enable
                0x000026e0       0x18 .\CortexM3\ARM_GCC_493\Release\Laserschutzschaltung.a(IDAC8_2.o)
                0x000026e0                IDAC8_2_Enable
 .text.IDAC8_2_SetSpeed
                0x000026f8       0x1c .\CortexM3\ARM_GCC_493\Release\Laserschutzschaltung.a(IDAC8_2.o)
                0x000026f8                IDAC8_2_SetSpeed
 .text.IDAC8_2_SetValue
                0x00002714        0xc .\CortexM3\ARM_GCC_493\Release\Laserschutzschaltung.a(IDAC8_2.o)
                0x00002714                IDAC8_2_SetValue
 .text.IDAC8_2_DacTrim
                0x00002720       0x30 .\CortexM3\ARM_GCC_493\Release\Laserschutzschaltung.a(IDAC8_2.o)
                0x00002720                IDAC8_2_DacTrim
 .text.IDAC8_2_Init
                0x00002750       0x24 .\CortexM3\ARM_GCC_493\Release\Laserschutzschaltung.a(IDAC8_2.o)
                0x00002750                IDAC8_2_Init
 .text.IDAC8_2_Start
                0x00002774       0x24 .\CortexM3\ARM_GCC_493\Release\Laserschutzschaltung.a(IDAC8_2.o)
                0x00002774                IDAC8_2_Start
 .text.PGA_1_Enable
                0x00002798       0x28 .\CortexM3\ARM_GCC_493\Release\Laserschutzschaltung.a(PGA_1.o)
                0x00002798                PGA_1_Enable
 .text.PGA_1_SetPower
                0x000027c0       0x18 .\CortexM3\ARM_GCC_493\Release\Laserschutzschaltung.a(PGA_1.o)
                0x000027c0                PGA_1_SetPower
 .text.PGA_1_SetGain
                0x000027d8       0x78 .\CortexM3\ARM_GCC_493\Release\Laserschutzschaltung.a(PGA_1.o)
                0x000027d8                PGA_1_SetGain
 .text.PGA_1_Init
                0x00002850       0x34 .\CortexM3\ARM_GCC_493\Release\Laserschutzschaltung.a(PGA_1.o)
                0x00002850                PGA_1_Init
 .text.PGA_1_Start
                0x00002884       0x1c .\CortexM3\ARM_GCC_493\Release\Laserschutzschaltung.a(PGA_1.o)
                0x00002884                PGA_1_Start
 .text.ADC_SAR_2_Enable
                0x000028a0       0x9c .\CortexM3\ARM_GCC_493\Release\Laserschutzschaltung.a(ADC_SAR_2.o)
                0x000028a0                ADC_SAR_2_Enable
 .text.ADC_SAR_2_SetResolution
                0x0000293c       0x60 .\CortexM3\ARM_GCC_493\Release\Laserschutzschaltung.a(ADC_SAR_2.o)
                0x0000293c                ADC_SAR_2_SetResolution
 .text.ADC_SAR_2_Init
                0x0000299c       0x3c .\CortexM3\ARM_GCC_493\Release\Laserschutzschaltung.a(ADC_SAR_2.o)
                0x0000299c                ADC_SAR_2_Init
 .text.ADC_SAR_2_Start
                0x000029d8       0x1c .\CortexM3\ARM_GCC_493\Release\Laserschutzschaltung.a(ADC_SAR_2.o)
                0x000029d8                ADC_SAR_2_Start
 .text.ADC_SAR_2_StartConvert
                0x000029f4       0x10 .\CortexM3\ARM_GCC_493\Release\Laserschutzschaltung.a(ADC_SAR_2.o)
                0x000029f4                ADC_SAR_2_StartConvert
 .text.ADC_SAR_2_GetResult16
                0x00002a04       0x18 .\CortexM3\ARM_GCC_493\Release\Laserschutzschaltung.a(ADC_SAR_2.o)
                0x00002a04                ADC_SAR_2_GetResult16
 .text.ADC_SAR_2_ISR
                0x00002a1c        0x2 .\CortexM3\ARM_GCC_493\Release\Laserschutzschaltung.a(ADC_SAR_2_INT.o)
                0x00002a1c                ADC_SAR_2_ISR
 *fill*         0x00002a1e        0x2 
 .text.ADC_SAR_2_theACLK_SetModeRegister
                0x00002a20       0x14 .\CortexM3\ARM_GCC_493\Release\Laserschutzschaltung.a(ADC_SAR_2_theACLK.o)
                0x00002a20                ADC_SAR_2_theACLK_SetModeRegister
 .text.Counter_1_Enable
                0x00002a34       0x24 .\CortexM3\ARM_GCC_493\Release\Laserschutzschaltung.a(Counter_1.o)
                0x00002a34                Counter_1_Enable
 .text.Counter_1_ReadStatusRegister
                0x00002a58        0xc .\CortexM3\ARM_GCC_493\Release\Laserschutzschaltung.a(Counter_1.o)
                0x00002a58                Counter_1_ReadStatusRegister
 .text.Counter_1_WriteCounter
                0x00002a64       0x20 .\CortexM3\ARM_GCC_493\Release\Laserschutzschaltung.a(Counter_1.o)
                0x00002a64                Counter_1_WriteCounter
 .text.Counter_1_Init
                0x00002a84       0x60 .\CortexM3\ARM_GCC_493\Release\Laserschutzschaltung.a(Counter_1.o)
                0x00002a84                Counter_1_Init
 .text.Counter_1_Start
                0x00002ae4       0x1c .\CortexM3\ARM_GCC_493\Release\Laserschutzschaltung.a(Counter_1.o)
                0x00002ae4                Counter_1_Start
 .text.Counter_1_WritePeriod
                0x00002b00        0xc .\CortexM3\ARM_GCC_493\Release\Laserschutzschaltung.a(Counter_1.o)
                0x00002b00                Counter_1_WritePeriod
 .text.PID_isr_StartEx
                0x00002b0c       0x2c .\CortexM3\ARM_GCC_493\Release\Laserschutzschaltung.a(PID_isr.o)
                0x00002b0c                PID_isr_StartEx
 .text.PID_isr_SetPriority
                0x00002b38       0x10 .\CortexM3\ARM_GCC_493\Release\Laserschutzschaltung.a(PID_isr.o)
                0x00002b38                PID_isr_SetPriority
 .text.ADC_DelSig_1_SetDSMRef0Reg
                0x00002b48       0x50 .\CortexM3\ARM_GCC_493\Release\Laserschutzschaltung.a(ADC_DelSig_1.o)
 .text.ADC_DelSig_1_InitConfig
                0x00002b98      0x2b8 .\CortexM3\ARM_GCC_493\Release\Laserschutzschaltung.a(ADC_DelSig_1.o)
 .text.ADC_DelSig_1_Init
                0x00002e50       0xb8 .\CortexM3\ARM_GCC_493\Release\Laserschutzschaltung.a(ADC_DelSig_1.o)
                0x00002e50                ADC_DelSig_1_Init
 .text.ADC_DelSig_1_Enable
                0x00002f08       0xd0 .\CortexM3\ARM_GCC_493\Release\Laserschutzschaltung.a(ADC_DelSig_1.o)
                0x00002f08                ADC_DelSig_1_Enable
 .text.ADC_DelSig_1_Start
                0x00002fd8       0x20 .\CortexM3\ARM_GCC_493\Release\Laserschutzschaltung.a(ADC_DelSig_1.o)
                0x00002fd8                ADC_DelSig_1_Start
 .text.ADC_DelSig_1_StartConvert
                0x00002ff8       0x10 .\CortexM3\ARM_GCC_493\Release\Laserschutzschaltung.a(ADC_DelSig_1.o)
                0x00002ff8                ADC_DelSig_1_StartConvert
 .text.ADC_DelSig_1_GetResult32
                0x00003008       0x58 .\CortexM3\ARM_GCC_493\Release\Laserschutzschaltung.a(ADC_DelSig_1.o)
                0x00003008                ADC_DelSig_1_GetResult32
 .text.ADC_DelSig_1_ISR1
                0x00003060        0x2 .\CortexM3\ARM_GCC_493\Release\Laserschutzschaltung.a(ADC_DelSig_1_INT.o)
                0x00003060                ADC_DelSig_1_ISR1
 .text.ADC_DelSig_1_ISR2
                0x00003062        0x2 .\CortexM3\ARM_GCC_493\Release\Laserschutzschaltung.a(ADC_DelSig_1_INT.o)
                0x00003062                ADC_DelSig_1_ISR2
 .text.ADC_DelSig_1_ISR3
                0x00003064        0x2 .\CortexM3\ARM_GCC_493\Release\Laserschutzschaltung.a(ADC_DelSig_1_INT.o)
                0x00003064                ADC_DelSig_1_ISR3
 .text.ADC_DelSig_1_ISR4
                0x00003066        0x2 .\CortexM3\ARM_GCC_493\Release\Laserschutzschaltung.a(ADC_DelSig_1_INT.o)
                0x00003066                ADC_DelSig_1_ISR4
 .text.ADC_DelSig_1_AMux_Start
                0x00003068       0x1c .\CortexM3\ARM_GCC_493\Release\Laserschutzschaltung.a(ADC_DelSig_1_AMux.o)
                0x00003068                ADC_DelSig_1_AMux_Start
 .text.ADC_DelSig_1_AMux_Select
                0x00003084       0x18 .\CortexM3\ARM_GCC_493\Release\Laserschutzschaltung.a(ADC_DelSig_1_AMux.o)
                0x00003084                ADC_DelSig_1_AMux_Select
 .text.ADC_DelSig_1_Ext_CP_Clk_SetDividerRegister
                0x0000309c       0xcc .\CortexM3\ARM_GCC_493\Release\Laserschutzschaltung.a(ADC_DelSig_1_Ext_CP_Clk.o)
                0x0000309c                ADC_DelSig_1_Ext_CP_Clk_SetDividerRegister
 .text.ADC_DelSig_1_Ext_CP_Clk_SetModeRegister
                0x00003168       0x14 .\CortexM3\ARM_GCC_493\Release\Laserschutzschaltung.a(ADC_DelSig_1_Ext_CP_Clk.o)
                0x00003168                ADC_DelSig_1_Ext_CP_Clk_SetModeRegister
 .text.ADC_DelSig_1_theACLK_SetDividerRegister
                0x0000317c       0xcc .\CortexM3\ARM_GCC_493\Release\Laserschutzschaltung.a(ADC_DelSig_1_theACLK.o)
                0x0000317c                ADC_DelSig_1_theACLK_SetDividerRegister
 .text.ADC_DelSig_1_theACLK_SetModeRegister
                0x00003248       0x14 .\CortexM3\ARM_GCC_493\Release\Laserschutzschaltung.a(ADC_DelSig_1_theACLK.o)
                0x00003248                ADC_DelSig_1_theACLK_SetModeRegister
 .text.Control_RS_Write
                0x0000325c        0xc .\CortexM3\ARM_GCC_493\Release\Laserschutzschaltung.a(Control_RS.o)
                0x0000325c                Control_RS_Write
 .text.VUSB_Read
                0x00003268        0xc .\CortexM3\ARM_GCC_493\Release\Laserschutzschaltung.a(VUSB.o)
                0x00003268                VUSB_Read
 .text.EEPROM_1_Enable
                0x00003274        0xe .\CortexM3\ARM_GCC_493\Release\Laserschutzschaltung.a(EEPROM_1.o)
                0x00003274                EEPROM_1_Enable
 .text.EEPROM_1_Start
                0x00003282        0x4 .\CortexM3\ARM_GCC_493\Release\Laserschutzschaltung.a(EEPROM_1.o)
                0x00003282                EEPROM_1_Start
 *fill*         0x00003286        0x2 
 .text.EEPROM_1_ByteWritePos
                0x00003288       0x90 .\CortexM3\ARM_GCC_493\Release\Laserschutzschaltung.a(EEPROM_1.o)
                0x00003288                EEPROM_1_ByteWritePos
 .text.Fault_Reg_Read
                0x00003318        0xc .\CortexM3\ARM_GCC_493\Release\Laserschutzschaltung.a(Fault_Reg.o)
                0x00003318                Fault_Reg_Read
 .text.PGA_2_Enable
                0x00003324       0x28 .\CortexM3\ARM_GCC_493\Release\Laserschutzschaltung.a(PGA_2.o)
                0x00003324                PGA_2_Enable
 .text.PGA_2_SetPower
                0x0000334c       0x18 .\CortexM3\ARM_GCC_493\Release\Laserschutzschaltung.a(PGA_2.o)
                0x0000334c                PGA_2_SetPower
 .text.PGA_2_SetGain
                0x00003364       0x78 .\CortexM3\ARM_GCC_493\Release\Laserschutzschaltung.a(PGA_2.o)
                0x00003364                PGA_2_SetGain
 .text.PGA_2_Init
                0x000033dc       0x34 .\CortexM3\ARM_GCC_493\Release\Laserschutzschaltung.a(PGA_2.o)
                0x000033dc                PGA_2_Init
 .text.PGA_2_Start
                0x00003410       0x1c .\CortexM3\ARM_GCC_493\Release\Laserschutzschaltung.a(PGA_2.o)
                0x00003410                PGA_2_Start
 .text.DAC_Current_Control_Enable
                0x0000342c       0x18 .\CortexM3\ARM_GCC_493\Release\Laserschutzschaltung.a(DAC_Current_Control.o)
                0x0000342c                DAC_Current_Control_Enable
 .text.DAC_Current_Control_SetSpeed
                0x00003444       0x1c .\CortexM3\ARM_GCC_493\Release\Laserschutzschaltung.a(DAC_Current_Control.o)
                0x00003444                DAC_Current_Control_SetSpeed
 .text.DAC_Current_Control_SetValue
                0x00003460        0xc .\CortexM3\ARM_GCC_493\Release\Laserschutzschaltung.a(DAC_Current_Control.o)
                0x00003460                DAC_Current_Control_SetValue
 .text.DAC_Current_Control_DacTrim
                0x0000346c       0x24 .\CortexM3\ARM_GCC_493\Release\Laserschutzschaltung.a(DAC_Current_Control.o)
                0x0000346c                DAC_Current_Control_DacTrim
 .text.DAC_Current_Control_SetRange
                0x00003490       0x1c .\CortexM3\ARM_GCC_493\Release\Laserschutzschaltung.a(DAC_Current_Control.o)
                0x00003490                DAC_Current_Control_SetRange
 .text.DAC_Current_Control_Init
                0x000034ac       0x20 .\CortexM3\ARM_GCC_493\Release\Laserschutzschaltung.a(DAC_Current_Control.o)
                0x000034ac                DAC_Current_Control_Init
 .text.DAC_Current_Control_Start
                0x000034cc       0x24 .\CortexM3\ARM_GCC_493\Release\Laserschutzschaltung.a(DAC_Current_Control.o)
                0x000034cc                DAC_Current_Control_Start
 .text.USBUART_1_Init
                0x000034f0      0x178 .\CortexM3\ARM_GCC_493\Release\Laserschutzschaltung.a(USBUART_1.o)
                0x000034f0                USBUART_1_Init
 .text.USBUART_1_InitComponent
                0x00003668       0xb0 .\CortexM3\ARM_GCC_493\Release\Laserschutzschaltung.a(USBUART_1.o)
                0x00003668                USBUART_1_InitComponent
 .text.USBUART_1_Start
                0x00003718       0x24 .\CortexM3\ARM_GCC_493\Release\Laserschutzschaltung.a(USBUART_1.o)
                0x00003718                USBUART_1_Start
 .text.USBUART_1_ReInitComponent
                0x0000373c       0x4c .\CortexM3\ARM_GCC_493\Release\Laserschutzschaltung.a(USBUART_1.o)
                0x0000373c                USBUART_1_ReInitComponent
 .text.USBUART_1_Stop
                0x00003788       0xc4 .\CortexM3\ARM_GCC_493\Release\Laserschutzschaltung.a(USBUART_1.o)
                0x00003788                USBUART_1_Stop
 .text.USBUART_1_GetConfiguration
                0x0000384c        0xc .\CortexM3\ARM_GCC_493\Release\Laserschutzschaltung.a(USBUART_1.o)
                0x0000384c                USBUART_1_GetConfiguration
 .text.USBUART_1_GetEPState
                0x00003858       0x10 .\CortexM3\ARM_GCC_493\Release\Laserschutzschaltung.a(USBUART_1.o)
                0x00003858                USBUART_1_GetEPState
 .text.USBUART_1_GetEPCount
                0x00003868       0x2c .\CortexM3\ARM_GCC_493\Release\Laserschutzschaltung.a(USBUART_1.o)
                0x00003868                USBUART_1_GetEPCount
 .text.USBUART_1_LoadInEP
                0x00003894       0x7c .\CortexM3\ARM_GCC_493\Release\Laserschutzschaltung.a(USBUART_1.o)
                0x00003894                USBUART_1_LoadInEP
 .text.USBUART_1_EnableOutEP
                0x00003910       0x28 .\CortexM3\ARM_GCC_493\Release\Laserschutzschaltung.a(USBUART_1.o)
                0x00003910                USBUART_1_EnableOutEP
 .text.USBUART_1_ReadOutEP
                0x00003938       0x4c .\CortexM3\ARM_GCC_493\Release\Laserschutzschaltung.a(USBUART_1.o)
                0x00003938                USBUART_1_ReadOutEP
 .text.USBUART_1_SetPowerStatus
                0x00003984       0x18 .\CortexM3\ARM_GCC_493\Release\Laserschutzschaltung.a(USBUART_1.o)
                0x00003984                USBUART_1_SetPowerStatus
 .text.USBUART_1_GetInterfaceComPort
                0x0000399c       0x30 .\CortexM3\ARM_GCC_493\Release\Laserschutzschaltung.a(USBUART_1_cdc.o)
                0x0000399c                USBUART_1_GetInterfaceComPort
 .text.USBUART_1_DispatchCDCClassRqst
                0x000039cc       0x90 .\CortexM3\ARM_GCC_493\Release\Laserschutzschaltung.a(USBUART_1_cdc.o)
                0x000039cc                USBUART_1_DispatchCDCClassRqst
 .text.USBUART_1_CDC_Init
                0x00003a5c       0x70 .\CortexM3\ARM_GCC_493\Release\Laserschutzschaltung.a(USBUART_1_cdc.o)
                0x00003a5c                USBUART_1_CDC_Init
 .text.USBUART_1_PutString
                0x00003acc       0x8c .\CortexM3\ARM_GCC_493\Release\Laserschutzschaltung.a(USBUART_1_cdc.o)
                0x00003acc                USBUART_1_PutString
 .text.USBUART_1_PutChar
                0x00003b58       0x24 .\CortexM3\ARM_GCC_493\Release\Laserschutzschaltung.a(USBUART_1_cdc.o)
                0x00003b58                USBUART_1_PutChar
 .text.USBUART_1_GetCount
                0x00003b7c       0x2c .\CortexM3\ARM_GCC_493\Release\Laserschutzschaltung.a(USBUART_1_cdc.o)
                0x00003b7c                USBUART_1_GetCount
 .text.USBUART_1_CDCIsReady
                0x00003ba8       0x14 .\CortexM3\ARM_GCC_493\Release\Laserschutzschaltung.a(USBUART_1_cdc.o)
                0x00003ba8                USBUART_1_CDCIsReady
 .text.USBUART_1_GetAll
                0x00003bbc       0x28 .\CortexM3\ARM_GCC_493\Release\Laserschutzschaltung.a(USBUART_1_cdc.o)
                0x00003bbc                USBUART_1_GetAll
 .text.USBUART_1_SetComPort
                0x00003be4       0x14 .\CortexM3\ARM_GCC_493\Release\Laserschutzschaltung.a(USBUART_1_cdc.o)
                0x00003be4                USBUART_1_SetComPort
 .text.USBUART_1_Cdc_EpInit
                0x00003bf8       0x50 .\CortexM3\ARM_GCC_493\Release\Laserschutzschaltung.a(USBUART_1_cdc.o)
                0x00003bf8                USBUART_1_Cdc_EpInit
 .text.USBUART_1_LoadEP0
                0x00003c48       0x8c .\CortexM3\ARM_GCC_493\Release\Laserschutzschaltung.a(USBUART_1_drv.o)
                0x00003c48                USBUART_1_LoadEP0
 .text.USBUART_1_InitZeroLengthControlTransfer
                0x00003cd4       0x34 .\CortexM3\ARM_GCC_493\Release\Laserschutzschaltung.a(USBUART_1_drv.o)
                0x00003cd4                USBUART_1_InitZeroLengthControlTransfer
 .text.USBUART_1_ControlWriteDataStage
                0x00003d08       0x78 .\CortexM3\ARM_GCC_493\Release\Laserschutzschaltung.a(USBUART_1_drv.o)
                0x00003d08                USBUART_1_ControlWriteDataStage
 .text.USBUART_1_InitNoDataControlTransfer
                0x00003d80       0x2c .\CortexM3\ARM_GCC_493\Release\Laserschutzschaltung.a(USBUART_1_drv.o)
                0x00003d80                USBUART_1_InitNoDataControlTransfer
 .text.USBUART_1_UpdateStatusBlock
                0x00003dac       0x20 .\CortexM3\ARM_GCC_493\Release\Laserschutzschaltung.a(USBUART_1_drv.o)
                0x00003dac                USBUART_1_UpdateStatusBlock
 .text.USBUART_1_HandleSetup
                0x00003dcc       0x58 .\CortexM3\ARM_GCC_493\Release\Laserschutzschaltung.a(USBUART_1_drv.o)
                0x00003dcc                USBUART_1_HandleSetup
 .text.USBUART_1_ControlReadStatusStage
                0x00003e24       0x34 .\CortexM3\ARM_GCC_493\Release\Laserschutzschaltung.a(USBUART_1_drv.o)
                0x00003e24                USBUART_1_ControlReadStatusStage
 .text.USBUART_1_HandleOUT
                0x00003e58       0x3c .\CortexM3\ARM_GCC_493\Release\Laserschutzschaltung.a(USBUART_1_drv.o)
                0x00003e58                USBUART_1_HandleOUT
 .text.USBUART_1_ControlWriteStatusStage
                0x00003e94       0x20 .\CortexM3\ARM_GCC_493\Release\Laserschutzschaltung.a(USBUART_1_drv.o)
                0x00003e94                USBUART_1_ControlWriteStatusStage
 .text.USBUART_1_NoDataControlStatusStage
                0x00003eb4       0x3c .\CortexM3\ARM_GCC_493\Release\Laserschutzschaltung.a(USBUART_1_drv.o)
                0x00003eb4                USBUART_1_NoDataControlStatusStage
 .text.USBUART_1_HandleIN
                0x00003ef0       0x24 .\CortexM3\ARM_GCC_493\Release\Laserschutzschaltung.a(USBUART_1_drv.o)
                0x00003ef0                USBUART_1_HandleIN
 .text.USBUART_1_EP_0_ISR
                0x00003f14       0x8c .\CortexM3\ARM_GCC_493\Release\Laserschutzschaltung.a(USBUART_1_drv.o)
                0x00003f14                USBUART_1_EP_0_ISR
 .text.USBUART_1_InitializeStatusBlock
                0x00003fa0       0x20 .\CortexM3\ARM_GCC_493\Release\Laserschutzschaltung.a(USBUART_1_drv.o)
                0x00003fa0                USBUART_1_InitializeStatusBlock
 .text.USBUART_1_InitControlRead
                0x00003fc0       0x4c .\CortexM3\ARM_GCC_493\Release\Laserschutzschaltung.a(USBUART_1_drv.o)
                0x00003fc0                USBUART_1_InitControlRead
 .text.USBUART_1_InitControlWrite
                0x0000400c       0x48 .\CortexM3\ARM_GCC_493\Release\Laserschutzschaltung.a(USBUART_1_drv.o)
                0x0000400c                USBUART_1_InitControlWrite
 .text.USBUART_1_EP_1_ISR
                0x00004054       0x2c .\CortexM3\ARM_GCC_493\Release\Laserschutzschaltung.a(USBUART_1_episr.o)
                0x00004054                USBUART_1_EP_1_ISR
 .text.USBUART_1_EP_2_ISR
                0x00004080       0x30 .\CortexM3\ARM_GCC_493\Release\Laserschutzschaltung.a(USBUART_1_episr.o)
                0x00004080                USBUART_1_EP_2_ISR
 .text.USBUART_1_EP_3_ISR
                0x000040b0       0x38 .\CortexM3\ARM_GCC_493\Release\Laserschutzschaltung.a(USBUART_1_episr.o)
                0x000040b0                USBUART_1_EP_3_ISR
 .text.USBUART_1_EP_4_ISR
                0x000040e8       0x38 .\CortexM3\ARM_GCC_493\Release\Laserschutzschaltung.a(USBUART_1_episr.o)
                0x000040e8                USBUART_1_EP_4_ISR
 .text.USBUART_1_EP_5_ISR
                0x00004120       0x38 .\CortexM3\ARM_GCC_493\Release\Laserschutzschaltung.a(USBUART_1_episr.o)
                0x00004120                USBUART_1_EP_5_ISR
 .text.USBUART_1_EP_6_ISR
                0x00004158       0x38 .\CortexM3\ARM_GCC_493\Release\Laserschutzschaltung.a(USBUART_1_episr.o)
                0x00004158                USBUART_1_EP_6_ISR
 .text.USBUART_1_SOF_ISR
                0x00004190        0x2 .\CortexM3\ARM_GCC_493\Release\Laserschutzschaltung.a(USBUART_1_episr.o)
                0x00004190                USBUART_1_SOF_ISR
 .text.USBUART_1_BUS_RESET_ISR
                0x00004192        0x4 .\CortexM3\ARM_GCC_493\Release\Laserschutzschaltung.a(USBUART_1_episr.o)
                0x00004192                USBUART_1_BUS_RESET_ISR
 .text.USBUART_1_DP_ISR
                0x00004196        0x4 .\CortexM3\ARM_GCC_493\Release\Laserschutzschaltung.a(USBUART_1_pm.o)
                0x00004196                USBUART_1_DP_ISR
 *fill*         0x0000419a        0x2 
 .text.USBUART_1_ReadDieID
                0x0000419c       0x70 .\CortexM3\ARM_GCC_493\Release\Laserschutzschaltung.a(USBUART_1_std.o)
                0x0000419c                USBUART_1_ReadDieID
 .text.USBUART_1_ConfigReg
                0x0000420c       0x70 .\CortexM3\ARM_GCC_493\Release\Laserschutzschaltung.a(USBUART_1_std.o)
                0x0000420c                USBUART_1_ConfigReg
 .text.USBUART_1_GetConfigTablePtr
                0x0000427c       0x24 .\CortexM3\ARM_GCC_493\Release\Laserschutzschaltung.a(USBUART_1_std.o)
                0x0000427c                USBUART_1_GetConfigTablePtr
 .text.USBUART_1_ConfigAltChanged
                0x000042a0       0xe8 .\CortexM3\ARM_GCC_493\Release\Laserschutzschaltung.a(USBUART_1_std.o)
                0x000042a0                USBUART_1_ConfigAltChanged
 .text.USBUART_1_GetInterfaceClassTablePtr
                0x00004388       0x20 .\CortexM3\ARM_GCC_493\Release\Laserschutzschaltung.a(USBUART_1_std.o)
                0x00004388                USBUART_1_GetInterfaceClassTablePtr
 .text.USBUART_1_Config
                0x000043a8      0x16c .\CortexM3\ARM_GCC_493\Release\Laserschutzschaltung.a(USBUART_1_std.o)
                0x000043a8                USBUART_1_Config
 .text.USBUART_1_SetEndpointHalt
                0x00004514       0x54 .\CortexM3\ARM_GCC_493\Release\Laserschutzschaltung.a(USBUART_1_std.o)
                0x00004514                USBUART_1_SetEndpointHalt
 .text.USBUART_1_ClearEndpointHalt
                0x00004568       0x70 .\CortexM3\ARM_GCC_493\Release\Laserschutzschaltung.a(USBUART_1_std.o)
                0x00004568                USBUART_1_ClearEndpointHalt
 .text.USBUART_1_ValidateAlternateSetting
                0x000045d8       0x48 .\CortexM3\ARM_GCC_493\Release\Laserschutzschaltung.a(USBUART_1_std.o)
                0x000045d8                USBUART_1_ValidateAlternateSetting
 .text.USBUART_1_HandleStandardRqst
                0x00004620      0x268 .\CortexM3\ARM_GCC_493\Release\Laserschutzschaltung.a(USBUART_1_std.o)
                0x00004620                USBUART_1_HandleStandardRqst
 .text.USBUART_1_HandleVendorRqst
                0x00004888       0x14 .\CortexM3\ARM_GCC_493\Release\Laserschutzschaltung.a(USBUART_1_vnd.o)
                0x00004888                USBUART_1_HandleVendorRqst
 .text.SW2_Read
                0x0000489c       0x10 .\CortexM3\ARM_GCC_493\Release\Laserschutzschaltung.a(SW2.o)
                0x0000489c                SW2_Read
 .text.PWM_1_Init
                0x000048ac       0x70 .\CortexM3\ARM_GCC_493\Release\Laserschutzschaltung.a(PWM_1.o)
                0x000048ac                PWM_1_Init
 .text.PWM_1_Enable
                0x0000491c       0x24 .\CortexM3\ARM_GCC_493\Release\Laserschutzschaltung.a(PWM_1.o)
                0x0000491c                PWM_1_Enable
 .text.PWM_1_Start
                0x00004940       0x1c .\CortexM3\ARM_GCC_493\Release\Laserschutzschaltung.a(PWM_1.o)
                0x00004940                PWM_1_Start
 .text.PWM_1_Stop
                0x0000495c       0x28 .\CortexM3\ARM_GCC_493\Release\Laserschutzschaltung.a(PWM_1.o)
                0x0000495c                PWM_1_Stop
 *fill*         0x00004984        0x4 
 .text          0x00004988       0x20 .\CortexM3\ARM_GCC_493\Release\Laserschutzschaltung.a(CyBootAsmGnu.o)
                0x00004988                CyDelayCycles
                0x00004998                CyEnterCriticalSection
                0x000049a0                CyExitCriticalSection
 .text.CySetTemp
                0x000049a8       0x90 .\CortexM3\ARM_GCC_493\Release\Laserschutzschaltung.a(CyFlash.o)
                0x000049a8                CySetTemp
 .text.CyEEPROM_Start
                0x00004a38       0x50 .\CortexM3\ARM_GCC_493\Release\Laserschutzschaltung.a(CyFlash.o)
                0x00004a38                CyEEPROM_Start
 .text.CySpcStart
                0x00004a88       0x24 .\CortexM3\ARM_GCC_493\Release\Laserschutzschaltung.a(CySpc.o)
                0x00004a88                CySpcStart
 .text.CySpcReadData
                0x00004aac       0x34 .\CortexM3\ARM_GCC_493\Release\Laserschutzschaltung.a(CySpc.o)
                0x00004aac                CySpcReadData
 .text.CySpcLoadMultiByte
                0x00004ae0       0x6c .\CortexM3\ARM_GCC_493\Release\Laserschutzschaltung.a(CySpc.o)
                0x00004ae0                CySpcLoadMultiByte
 .text.CySpcWriteRow
                0x00004b4c       0x40 .\CortexM3\ARM_GCC_493\Release\Laserschutzschaltung.a(CySpc.o)
                0x00004b4c                CySpcWriteRow
 .text.CySpcGetTemp
                0x00004b8c       0x34 .\CortexM3\ARM_GCC_493\Release\Laserschutzschaltung.a(CySpc.o)
                0x00004b8c                CySpcGetTemp
 .text.CySpcLock
                0x00004bc0       0x40 .\CortexM3\ARM_GCC_493\Release\Laserschutzschaltung.a(CySpc.o)
                0x00004bc0                CySpcLock
 .text.CySpcUnlock
                0x00004c00       0x34 .\CortexM3\ARM_GCC_493\Release\Laserschutzschaltung.a(CySpc.o)
                0x00004c00                CySpcUnlock
 .text.CySpcGetAlgorithm
                0x00004c34       0x28 .\CortexM3\ARM_GCC_493\Release\Laserschutzschaltung.a(CySpc.o)
                0x00004c34                CySpcGetAlgorithm
 .text.USBUART_1_Dp_ClearInterrupt
                0x00004c5c       0x10 .\CortexM3\ARM_GCC_493\Release\Laserschutzschaltung.a(USBUART_1_Dp.o)
                0x00004c5c                USBUART_1_Dp_ClearInterrupt
 .text.USBUART_1_DispatchClassRqst
                0x00004c6c       0x4c .\CortexM3\ARM_GCC_493\Release\Laserschutzschaltung.a(USBUART_1_cls.o)
                0x00004c6c                USBUART_1_DispatchClassRqst
 .text.lrintf   0x00004cb8       0x78 c:/program files/cypress/psoc creator/4.0/psoc creator/import/gnu/arm/4.9.3/bin/../lib/gcc/arm-none-eabi/4.9.3/../../../../arm-none-eabi/lib/armv7-m\libm.a(lib_a-sf_lrint.o)
                0x00004cb8                lrintf
 .text.logf     0x00004d30       0xe8 c:/program files/cypress/psoc creator/4.0/psoc creator/import/gnu/arm/4.9.3/bin/../lib/gcc/arm-none-eabi/4.9.3/../../../../arm-none-eabi/lib/armv7-m\libm.a(lib_a-wf_log.o)
                0x00004d30                logf
 .text.__ieee754_logf
                0x00004e18      0x280 c:/program files/cypress/psoc creator/4.0/psoc creator/import/gnu/arm/4.9.3/bin/../lib/gcc/arm-none-eabi/4.9.3/../../../../arm-none-eabi/lib/armv7-m\libm.a(lib_a-ef_log.o)
                0x00004e18                __ieee754_logf
 .text.matherr  0x00005098        0x4 c:/program files/cypress/psoc creator/4.0/psoc creator/import/gnu/arm/4.9.3/bin/../lib/gcc/arm-none-eabi/4.9.3/../../../../arm-none-eabi/lib/armv7-m\libm.a(lib_a-s_matherr.o)
                0x00005098                matherr
 .text.nan      0x0000509c        0xc c:/program files/cypress/psoc creator/4.0/psoc creator/import/gnu/arm/4.9.3/bin/../lib/gcc/arm-none-eabi/4.9.3/../../../../arm-none-eabi/lib/armv7-m\libm.a(lib_a-s_nan.o)
                0x0000509c                nan
 .text.__fpclassifyf
                0x000050a8       0x34 c:/program files/cypress/psoc creator/4.0/psoc creator/import/gnu/arm/4.9.3/bin/../lib/gcc/arm-none-eabi/4.9.3/../../../../arm-none-eabi/lib/armv7-m\libm.a(lib_a-sf_fpclassify.o)
                0x000050a8                __fpclassifyf
 .text          0x000050dc      0x370 c:/program files/cypress/psoc creator/4.0/psoc creator/import/gnu/arm/4.9.3/bin/../lib/gcc/arm-none-eabi/4.9.3/armv7-m\libgcc.a(_arm_addsubdf3.o)
                0x000050dc                __aeabi_drsub
                0x000050e4                __aeabi_dsub
                0x000050e4                __subdf3
                0x000050e8                __aeabi_dadd
                0x000050e8                __adddf3
                0x00005360                __floatunsidf
                0x00005360                __aeabi_ui2d
                0x00005380                __floatsidf
                0x00005380                __aeabi_i2d
                0x000053a4                __aeabi_f2d
                0x000053a4                __extendsfdf2
                0x000053e0                __floatundidf
                0x000053e0                __aeabi_ul2d
                0x000053f0                __floatdidf
                0x000053f0                __aeabi_l2d
 .text          0x0000544c      0x110 c:/program files/cypress/psoc creator/4.0/psoc creator/import/gnu/arm/4.9.3/bin/../lib/gcc/arm-none-eabi/4.9.3/armv7-m\libgcc.a(_arm_cmpdf2.o)
                0x0000544c                __gtdf2
                0x0000544c                __gedf2
                0x00005454                __ltdf2
                0x00005454                __ledf2
                0x0000545c                __nedf2
                0x0000545c                __eqdf2
                0x0000545c                __cmpdf2
                0x000054d8                __aeabi_cdrcmple
                0x000054e8                __aeabi_cdcmpeq
                0x000054e8                __aeabi_cdcmple
                0x000054f8                __aeabi_dcmpeq
                0x0000550c                __aeabi_dcmplt
                0x00005520                __aeabi_dcmple
                0x00005534                __aeabi_dcmpge
                0x00005548                __aeabi_dcmpgt
 .text          0x0000555c       0xa0 c:/program files/cypress/psoc creator/4.0/psoc creator/import/gnu/arm/4.9.3/bin/../lib/gcc/arm-none-eabi/4.9.3/armv7-m\libgcc.a(_arm_truncdfsf2.o)
                0x0000555c                __truncdfsf2
                0x0000555c                __aeabi_d2f
 .text          0x000055fc      0x21c c:/program files/cypress/psoc creator/4.0/psoc creator/import/gnu/arm/4.9.3/bin/../lib/gcc/arm-none-eabi/4.9.3/armv7-m\libgcc.a(_arm_addsubsf3.o)
                0x000055fc                __aeabi_frsub
                0x00005604                __subsf3
                0x00005604                __aeabi_fsub
                0x00005608                __aeabi_fadd
                0x00005608                __addsf3
                0x00005768                __aeabi_ui2f
                0x00005768                __floatunsisf
                0x00005770                __aeabi_i2f
                0x00005770                __floatsisf
                0x0000578c                __aeabi_ul2f
                0x0000578c                __floatundisf
                0x0000579c                __aeabi_l2f
                0x0000579c                __floatdisf
 .text          0x00005818      0x2a0 c:/program files/cypress/psoc creator/4.0/psoc creator/import/gnu/arm/4.9.3/bin/../lib/gcc/arm-none-eabi/4.9.3/armv7-m\libgcc.a(_arm_muldivsf3.o)
                0x00005818                __mulsf3
                0x00005818                __aeabi_fmul
                0x00005980                __aeabi_fdiv
                0x00005980                __divsf3
 .text          0x00005ab8       0xec c:/program files/cypress/psoc creator/4.0/psoc creator/import/gnu/arm/4.9.3/bin/../lib/gcc/arm-none-eabi/4.9.3/armv7-m\libgcc.a(_arm_cmpsf2.o)
                0x00005ab8                __gesf2
                0x00005ab8                __gtsf2
                0x00005ac0                __lesf2
                0x00005ac0                __ltsf2
                0x00005ac8                __nesf2
                0x00005ac8                __eqsf2
                0x00005ac8                __cmpsf2
                0x00005b28                __aeabi_cfrcmple
                0x00005b30                __aeabi_cfcmpeq
                0x00005b30                __aeabi_cfcmple
                0x00005b40                __aeabi_fcmpeq
                0x00005b54                __aeabi_fcmplt
                0x00005b68                __aeabi_fcmple
                0x00005b7c                __aeabi_fcmpge
                0x00005b90                __aeabi_fcmpgt
 .text          0x00005ba4       0x4c c:/program files/cypress/psoc creator/4.0/psoc creator/import/gnu/arm/4.9.3/bin/../lib/gcc/arm-none-eabi/4.9.3/armv7-m\libgcc.a(_arm_fixsfsi.o)
                0x00005ba4                __aeabi_f2iz
                0x00005ba4                __fixsfsi
 .text          0x00005bf0       0x40 c:/program files/cypress/psoc creator/4.0/psoc creator/import/gnu/arm/4.9.3/bin/../lib/gcc/arm-none-eabi/4.9.3/armv7-m\libgcc.a(_arm_fixunssfsi.o)
                0x00005bf0                __fixunssfsi
                0x00005bf0                __aeabi_f2uiz
 .text.atof     0x00005c30        0x6 c:/program files/cypress/psoc creator/4.0/psoc creator/import/gnu/arm/4.9.3/bin/../lib/gcc/arm-none-eabi/4.9.3/../../../../arm-none-eabi/lib/armv7-m\libg_nano.a(lib_a-atof.o)
                0x00005c30                atof
 .text.atoi     0x00005c36        0x8 c:/program files/cypress/psoc creator/4.0/psoc creator/import/gnu/arm/4.9.3/bin/../lib/gcc/arm-none-eabi/4.9.3/../../../../arm-none-eabi/lib/armv7-m\libg_nano.a(lib_a-atoi.o)
                0x00005c36                atoi
 .text.bsearch  0x00005c3e       0x48 c:/program files/cypress/psoc creator/4.0/psoc creator/import/gnu/arm/4.9.3/bin/../lib/gcc/arm-none-eabi/4.9.3/../../../../arm-none-eabi/lib/armv7-m\libg_nano.a(lib_a-bsearch.o)
                0x00005c3e                bsearch
 *fill*         0x00005c86        0x2 
 .text.__errno  0x00005c88        0xc c:/program files/cypress/psoc creator/4.0/psoc creator/import/gnu/arm/4.9.3/bin/../lib/gcc/arm-none-eabi/4.9.3/../../../../arm-none-eabi/lib/armv7-m\libg_nano.a(lib_a-errno.o)
                0x00005c88                __errno
 .text.__libc_init_array
                0x00005c94       0x4c c:/program files/cypress/psoc creator/4.0/psoc creator/import/gnu/arm/4.9.3/bin/../lib/gcc/arm-none-eabi/4.9.3/../../../../arm-none-eabi/lib/armv7-m\libg_nano.a(lib_a-init.o)
                0x00005c94                __libc_init_array
 .text.memcpy   0x00005ce0       0x16 c:/program files/cypress/psoc creator/4.0/psoc creator/import/gnu/arm/4.9.3/bin/../lib/gcc/arm-none-eabi/4.9.3/../../../../arm-none-eabi/lib/armv7-m\libg_nano.a(lib_a-memcpy.o)
                0x00005ce0                memcpy
 .text.memset   0x00005cf6       0x10 c:/program files/cypress/psoc creator/4.0/psoc creator/import/gnu/arm/4.9.3/bin/../lib/gcc/arm-none-eabi/4.9.3/../../../../arm-none-eabi/lib/armv7-m\libg_nano.a(lib_a-memset.o)
                0x00005cf6                memset
 *fill*         0x00005d06        0x2 
 .text.sprintf  0x00005d08       0x48 c:/program files/cypress/psoc creator/4.0/psoc creator/import/gnu/arm/4.9.3/bin/../lib/gcc/arm-none-eabi/4.9.3/../../../../arm-none-eabi/lib/armv7-m\libg_nano.a(lib_a-sprintf.o)
                0x00005d08                siprintf
                0x00005d08                sprintf
 .text.strcat   0x00005d50       0x1e c:/program files/cypress/psoc creator/4.0/psoc creator/import/gnu/arm/4.9.3/bin/../lib/gcc/arm-none-eabi/4.9.3/../../../../arm-none-eabi/lib/armv7-m\libg_nano.a(lib_a-strcat.o)
                0x00005d50                strcat
 .text.strchr   0x00005d6e       0x1c c:/program files/cypress/psoc creator/4.0/psoc creator/import/gnu/arm/4.9.3/bin/../lib/gcc/arm-none-eabi/4.9.3/../../../../arm-none-eabi/lib/armv7-m\libg_nano.a(lib_a-strchr.o)
                0x00005d6e                strchr
 .text.strcpy   0x00005d8a       0x10 c:/program files/cypress/psoc creator/4.0/psoc creator/import/gnu/arm/4.9.3/bin/../lib/gcc/arm-none-eabi/4.9.3/../../../../arm-none-eabi/lib/armv7-m\libg_nano.a(lib_a-strcpy.o)
                0x00005d8a                strcpy
 .text.strlen   0x00005d9a       0x10 c:/program files/cypress/psoc creator/4.0/psoc creator/import/gnu/arm/4.9.3/bin/../lib/gcc/arm-none-eabi/4.9.3/../../../../arm-none-eabi/lib/armv7-m\libg_nano.a(lib_a-strlen.o)
                0x00005d9a                strlen
 *fill*         0x00005daa        0x2 
 .text.strncasecmp
                0x00005dac       0x44 c:/program files/cypress/psoc creator/4.0/psoc creator/import/gnu/arm/4.9.3/bin/../lib/gcc/arm-none-eabi/4.9.3/../../../../arm-none-eabi/lib/armv7-m\libg_nano.a(lib_a-strncasecmp.o)
                0x00005dac                strncasecmp
 .text.strncpy  0x00005df0       0x24 c:/program files/cypress/psoc creator/4.0/psoc creator/import/gnu/arm/4.9.3/bin/../lib/gcc/arm-none-eabi/4.9.3/../../../../arm-none-eabi/lib/armv7-m\libg_nano.a(lib_a-strncpy.o)
                0x00005df0                strncpy
 .text.strstr   0x00005e14       0x30 c:/program files/cypress/psoc creator/4.0/psoc creator/import/gnu/arm/4.9.3/bin/../lib/gcc/arm-none-eabi/4.9.3/../../../../arm-none-eabi/lib/armv7-m\libg_nano.a(lib_a-strstr.o)
                0x00005e14                strstr
 .text.match    0x00005e44       0x26 c:/program files/cypress/psoc creator/4.0/psoc creator/import/gnu/arm/4.9.3/bin/../lib/gcc/arm-none-eabi/4.9.3/../../../../arm-none-eabi/lib/armv7-m\libg_nano.a(lib_a-strtod.o)
 .text.sulp     0x00005e6a       0x42 c:/program files/cypress/psoc creator/4.0/psoc creator/import/gnu/arm/4.9.3/bin/../lib/gcc/arm-none-eabi/4.9.3/../../../../arm-none-eabi/lib/armv7-m\libg_nano.a(lib_a-strtod.o)
 *fill*         0x00005eac        0x4 
 .text._strtod_r
                0x00005eb0      0xc40 c:/program files/cypress/psoc creator/4.0/psoc creator/import/gnu/arm/4.9.3/bin/../lib/gcc/arm-none-eabi/4.9.3/../../../../arm-none-eabi/lib/armv7-m\libg_nano.a(lib_a-strtod.o)
                0x00005eb0                _strtod_r
 .text.strtod   0x00006af0       0x14 c:/program files/cypress/psoc creator/4.0/psoc creator/import/gnu/arm/4.9.3/bin/../lib/gcc/arm-none-eabi/4.9.3/../../../../arm-none-eabi/lib/armv7-m\libg_nano.a(lib_a-strtod.o)
                0x00006af0                strtod
 .text._strtol_r
                0x00006b04      0x10c c:/program files/cypress/psoc creator/4.0/psoc creator/import/gnu/arm/4.9.3/bin/../lib/gcc/arm-none-eabi/4.9.3/../../../../arm-none-eabi/lib/armv7-m\libg_nano.a(lib_a-strtol.o)
                0x00006b04                _strtol_r
 .text.strtol   0x00006c10       0x1c c:/program files/cypress/psoc creator/4.0/psoc creator/import/gnu/arm/4.9.3/bin/../lib/gcc/arm-none-eabi/4.9.3/../../../../arm-none-eabi/lib/armv7-m\libg_nano.a(lib_a-strtol.o)
                0x00006c10                strtol
 .text.rshift   0x00006c2c       0x6c c:/program files/cypress/psoc creator/4.0/psoc creator/import/gnu/arm/4.9.3/bin/../lib/gcc/arm-none-eabi/4.9.3/../../../../arm-none-eabi/lib/armv7-m\libg_nano.a(lib_a-gdtoa-gethex.o)
 .text.__hexdig_fun
                0x00006c98       0x2a c:/program files/cypress/psoc creator/4.0/psoc creator/import/gnu/arm/4.9.3/bin/../lib/gcc/arm-none-eabi/4.9.3/../../../../arm-none-eabi/lib/armv7-m\libg_nano.a(lib_a-gdtoa-gethex.o)
                0x00006c98                __hexdig_fun
 .text.__gethex
                0x00006cc2      0x44a c:/program files/cypress/psoc creator/4.0/psoc creator/import/gnu/arm/4.9.3/bin/../lib/gcc/arm-none-eabi/4.9.3/../../../../arm-none-eabi/lib/armv7-m\libg_nano.a(lib_a-gdtoa-gethex.o)
                0x00006cc2                __gethex
 .text.L_shift  0x0000710c       0x24 c:/program files/cypress/psoc creator/4.0/psoc creator/import/gnu/arm/4.9.3/bin/../lib/gcc/arm-none-eabi/4.9.3/../../../../arm-none-eabi/lib/armv7-m\libg_nano.a(lib_a-gdtoa-hexnan.o)
 .text.__hexnan
                0x00007130      0x114 c:/program files/cypress/psoc creator/4.0/psoc creator/import/gnu/arm/4.9.3/bin/../lib/gcc/arm-none-eabi/4.9.3/../../../../arm-none-eabi/lib/armv7-m\libg_nano.a(lib_a-gdtoa-hexnan.o)
                0x00007130                __hexnan
 .text._localeconv_r
                0x00007244        0x8 c:/program files/cypress/psoc creator/4.0/psoc creator/import/gnu/arm/4.9.3/bin/../lib/gcc/arm-none-eabi/4.9.3/../../../../arm-none-eabi/lib/armv7-m\libg_nano.a(lib_a-locale.o)
                0x00007244                _localeconv_r
 .text._Balloc  0x0000724c       0x6a c:/program files/cypress/psoc creator/4.0/psoc creator/import/gnu/arm/4.9.3/bin/../lib/gcc/arm-none-eabi/4.9.3/../../../../arm-none-eabi/lib/armv7-m\libg_nano.a(lib_a-mprec.o)
                0x0000724c                _Balloc
 .text._Bfree   0x000072b6       0x2e c:/program files/cypress/psoc creator/4.0/psoc creator/import/gnu/arm/4.9.3/bin/../lib/gcc/arm-none-eabi/4.9.3/../../../../arm-none-eabi/lib/armv7-m\libg_nano.a(lib_a-mprec.o)
                0x000072b6                _Bfree
 .text.__multadd
                0x000072e4       0x7c c:/program files/cypress/psoc creator/4.0/psoc creator/import/gnu/arm/4.9.3/bin/../lib/gcc/arm-none-eabi/4.9.3/../../../../arm-none-eabi/lib/armv7-m\libg_nano.a(lib_a-mprec.o)
                0x000072e4                __multadd
 .text.__s2b    0x00007360       0x80 c:/program files/cypress/psoc creator/4.0/psoc creator/import/gnu/arm/4.9.3/bin/../lib/gcc/arm-none-eabi/4.9.3/../../../../arm-none-eabi/lib/armv7-m\libg_nano.a(lib_a-mprec.o)
                0x00007360                __s2b
 .text.__hi0bits
                0x000073e0       0x40 c:/program files/cypress/psoc creator/4.0/psoc creator/import/gnu/arm/4.9.3/bin/../lib/gcc/arm-none-eabi/4.9.3/../../../../arm-none-eabi/lib/armv7-m\libg_nano.a(lib_a-mprec.o)
                0x000073e0                __hi0bits
 .text.__lo0bits
                0x00007420       0x5a c:/program files/cypress/psoc creator/4.0/psoc creator/import/gnu/arm/4.9.3/bin/../lib/gcc/arm-none-eabi/4.9.3/../../../../arm-none-eabi/lib/armv7-m\libg_nano.a(lib_a-mprec.o)
                0x00007420                __lo0bits
 .text.__i2b    0x0000747a       0x12 c:/program files/cypress/psoc creator/4.0/psoc creator/import/gnu/arm/4.9.3/bin/../lib/gcc/arm-none-eabi/4.9.3/../../../../arm-none-eabi/lib/armv7-m\libg_nano.a(lib_a-mprec.o)
                0x0000747a                __i2b
 .text.__multiply
                0x0000748c      0x120 c:/program files/cypress/psoc creator/4.0/psoc creator/import/gnu/arm/4.9.3/bin/../lib/gcc/arm-none-eabi/4.9.3/../../../../arm-none-eabi/lib/armv7-m\libg_nano.a(lib_a-mprec.o)
                0x0000748c                __multiply
 .text.__pow5mult
                0x000075ac       0x9c c:/program files/cypress/psoc creator/4.0/psoc creator/import/gnu/arm/4.9.3/bin/../lib/gcc/arm-none-eabi/4.9.3/../../../../arm-none-eabi/lib/armv7-m\libg_nano.a(lib_a-mprec.o)
                0x000075ac                __pow5mult
 .text.__lshift
                0x00007648       0xa6 c:/program files/cypress/psoc creator/4.0/psoc creator/import/gnu/arm/4.9.3/bin/../lib/gcc/arm-none-eabi/4.9.3/../../../../arm-none-eabi/lib/armv7-m\libg_nano.a(lib_a-mprec.o)
                0x00007648                __lshift
 .text.__mcmp   0x000076ee       0x38 c:/program files/cypress/psoc creator/4.0/psoc creator/import/gnu/arm/4.9.3/bin/../lib/gcc/arm-none-eabi/4.9.3/../../../../arm-none-eabi/lib/armv7-m\libg_nano.a(lib_a-mprec.o)
                0x000076ee                __mcmp
 .text.__mdiff  0x00007726       0xbe c:/program files/cypress/psoc creator/4.0/psoc creator/import/gnu/arm/4.9.3/bin/../lib/gcc/arm-none-eabi/4.9.3/../../../../arm-none-eabi/lib/armv7-m\libg_nano.a(lib_a-mprec.o)
                0x00007726                __mdiff
 .text.__ulp    0x000077e4       0x48 c:/program files/cypress/psoc creator/4.0/psoc creator/import/gnu/arm/4.9.3/bin/../lib/gcc/arm-none-eabi/4.9.3/../../../../arm-none-eabi/lib/armv7-m\libg_nano.a(lib_a-mprec.o)
                0x000077e4                __ulp
 .text.__b2d    0x0000782c       0x9e c:/program files/cypress/psoc creator/4.0/psoc creator/import/gnu/arm/4.9.3/bin/../lib/gcc/arm-none-eabi/4.9.3/../../../../arm-none-eabi/lib/armv7-m\libg_nano.a(lib_a-mprec.o)
                0x0000782c                __b2d
 .text.__d2b    0x000078ca       0xa4 c:/program files/cypress/psoc creator/4.0/psoc creator/import/gnu/arm/4.9.3/bin/../lib/gcc/arm-none-eabi/4.9.3/../../../../arm-none-eabi/lib/armv7-m\libg_nano.a(lib_a-mprec.o)
                0x000078ca                __d2b
 .text.__ratio  0x0000796e       0x50 c:/program files/cypress/psoc creator/4.0/psoc creator/import/gnu/arm/4.9.3/bin/../lib/gcc/arm-none-eabi/4.9.3/../../../../arm-none-eabi/lib/armv7-m\libg_nano.a(lib_a-mprec.o)
                0x0000796e                __ratio
 .text.__copybits
                0x000079be       0x34 c:/program files/cypress/psoc creator/4.0/psoc creator/import/gnu/arm/4.9.3/bin/../lib/gcc/arm-none-eabi/4.9.3/../../../../arm-none-eabi/lib/armv7-m\libg_nano.a(lib_a-mprec.o)
                0x000079be                __copybits
 .text.__any_on
                0x000079f2       0x44 c:/program files/cypress/psoc creator/4.0/psoc creator/import/gnu/arm/4.9.3/bin/../lib/gcc/arm-none-eabi/4.9.3/../../../../arm-none-eabi/lib/armv7-m\libg_nano.a(lib_a-mprec.o)
                0x000079f2                __any_on
 .text._calloc_r
                0x00007a36       0x1c c:/program files/cypress/psoc creator/4.0/psoc creator/import/gnu/arm/4.9.3/bin/../lib/gcc/arm-none-eabi/4.9.3/../../../../arm-none-eabi/lib/armv7-m\libg_nano.a(lib_a-nano-callocr.o)
                0x00007a36                _calloc_r
 *fill*         0x00007a52        0x2 
 .text._malloc_r
                0x00007a54       0xac c:/program files/cypress/psoc creator/4.0/psoc creator/import/gnu/arm/4.9.3/bin/../lib/gcc/arm-none-eabi/4.9.3/../../../../arm-none-eabi/lib/armv7-m\libg_nano.a(lib_a-nano-mallocr.o)
                0x00007a54                _malloc_r
 .text.__ssputs_r
                0x00007b00       0xb2 c:/program files/cypress/psoc creator/4.0/psoc creator/import/gnu/arm/4.9.3/bin/../lib/gcc/arm-none-eabi/4.9.3/../../../../arm-none-eabi/lib/armv7-m\libg_nano.a(lib_a-nano-svfprintf.o)
                0x00007b00                __ssputs_r
 *fill*         0x00007bb2        0x2 
 .text._svfprintf_r
                0x00007bb4      0x1e4 c:/program files/cypress/psoc creator/4.0/psoc creator/import/gnu/arm/4.9.3/bin/../lib/gcc/arm-none-eabi/4.9.3/../../../../arm-none-eabi/lib/armv7-m\libg_nano.a(lib_a-nano-svfprintf.o)
                0x00007bb4                _svfiprintf_r
                0x00007bb4                _svfprintf_r
 .text._printf_common
                0x00007d98       0xea c:/program files/cypress/psoc creator/4.0/psoc creator/import/gnu/arm/4.9.3/bin/../lib/gcc/arm-none-eabi/4.9.3/../../../../arm-none-eabi/lib/armv7-m\libg_nano.a(lib_a-nano-vfprintf_i.o)
                0x00007d98                _printf_common
 *fill*         0x00007e82        0x2 
 .text._printf_i
                0x00007e84      0x240 c:/program files/cypress/psoc creator/4.0/psoc creator/import/gnu/arm/4.9.3/bin/../lib/gcc/arm-none-eabi/4.9.3/../../../../arm-none-eabi/lib/armv7-m\libg_nano.a(lib_a-nano-vfprintf_i.o)
                0x00007e84                _printf_i
 .text._sbrk_r  0x000080c4       0x20 c:/program files/cypress/psoc creator/4.0/psoc creator/import/gnu/arm/4.9.3/bin/../lib/gcc/arm-none-eabi/4.9.3/../../../../arm-none-eabi/lib/armv7-m\libg_nano.a(lib_a-sbrkr.o)
                0x000080c4                _sbrk_r
 .text.strncmp  0x000080e4       0x32 c:/program files/cypress/psoc creator/4.0/psoc creator/import/gnu/arm/4.9.3/bin/../lib/gcc/arm-none-eabi/4.9.3/../../../../arm-none-eabi/lib/armv7-m\libg_nano.a(lib_a-strncmp.o)
                0x000080e4                strncmp
 *fill*         0x00008116        0x2 
 .text.malloc   0x00008118       0x10 c:/program files/cypress/psoc creator/4.0/psoc creator/import/gnu/arm/4.9.3/bin/../lib/gcc/arm-none-eabi/4.9.3/../../../../arm-none-eabi/lib/armv7-m\libg_nano.a(lib_a-malloc.o)
                0x00008118                malloc
 .text.memchr   0x00008128       0x1c c:/program files/cypress/psoc creator/4.0/psoc creator/import/gnu/arm/4.9.3/bin/../lib/gcc/arm-none-eabi/4.9.3/../../../../arm-none-eabi/lib/armv7-m\libg_nano.a(lib_a-memchr.o)
                0x00008128                memchr
 .text.memmove  0x00008144       0x36 c:/program files/cypress/psoc creator/4.0/psoc creator/import/gnu/arm/4.9.3/bin/../lib/gcc/arm-none-eabi/4.9.3/../../../../arm-none-eabi/lib/armv7-m\libg_nano.a(lib_a-memmove.o)
                0x00008144                memmove
 *fill*         0x0000817a        0x2 
 .text._free_r  0x0000817c       0x88 c:/program files/cypress/psoc creator/4.0/psoc creator/import/gnu/arm/4.9.3/bin/../lib/gcc/arm-none-eabi/4.9.3/../../../../arm-none-eabi/lib/armv7-m\libg_nano.a(lib_a-nano-freer.o)
                0x0000817c                _free_r
 .text._realloc_r
                0x00008204       0x4c c:/program files/cypress/psoc creator/4.0/psoc creator/import/gnu/arm/4.9.3/bin/../lib/gcc/arm-none-eabi/4.9.3/../../../../arm-none-eabi/lib/armv7-m\libg_nano.a(lib_a-nano-reallocr.o)
                0x00008204                _realloc_r
 .text._malloc_usable_size_r
                0x00008250       0x14 c:/program files/cypress/psoc creator/4.0/psoc creator/import/gnu/arm/4.9.3/bin/../lib/gcc/arm-none-eabi/4.9.3/../../../../arm-none-eabi/lib/armv7-m\libg_nano.a(lib_a-nano-msizer.o)
                0x00008250                _malloc_usable_size_r
 .text          0x00008264      0x424 c:/program files/cypress/psoc creator/4.0/psoc creator/import/gnu/arm/4.9.3/bin/../lib/gcc/arm-none-eabi/4.9.3/armv7-m\libgcc.a(_arm_muldivdf3.o)
                0x00008264                __aeabi_dmul
                0x00008264                __muldf3
                0x000084b8                __divdf3
                0x000084b8                __aeabi_ddiv
 .text          0x00008688       0x50 c:/program files/cypress/psoc creator/4.0/psoc creator/import/gnu/arm/4.9.3/bin/../lib/gcc/arm-none-eabi/4.9.3/armv7-m\libgcc.a(_arm_fixdfsi.o)
                0x00008688                __aeabi_d2iz
                0x00008688                __fixdfsi
 .text          0x000086d8       0x40 c:/program files/cypress/psoc creator/4.0/psoc creator/import/gnu/arm/4.9.3/bin/../lib/gcc/arm-none-eabi/4.9.3/armv7-m\libgcc.a(_arm_fixunsdfsi.o)
                0x000086d8                __aeabi_d2uiz
                0x000086d8                __fixunsdfsi
 *(.plt)
 *(.gnu.warning)
 *(.glue_7t)
 .glue_7t       0x00000000        0x0 linker stubs
 *(.glue_7)
 .glue_7        0x00000000        0x0 linker stubs
 *(.vfp11_veneer)
 .vfp11_veneer  0x00000000        0x0 linker stubs
 *(.bootloader)
 *(.ARM.extab* .gnu.linkonce.armextab.*)
 *(.gcc_except_table)

.v4_bx          0x00008718        0x0
 .v4_bx         0x00000000        0x0 linker stubs

.iplt           0x00008718        0x0
 .iplt          0x00000000        0x0 c:/program files/cypress/psoc creator/4.0/psoc creator/import/gnu/arm/4.9.3/bin/../lib/gcc/arm-none-eabi/4.9.3/armv7-m/crtbegin.o

.eh_frame_hdr
 *(.eh_frame_hdr)

.eh_frame       0x00008718        0x4
 *(.eh_frame)
 .eh_frame      0x00008718        0x0 c:/program files/cypress/psoc creator/4.0/psoc creator/import/gnu/arm/4.9.3/bin/../lib/gcc/arm-none-eabi/4.9.3/armv7-m/crtbegin.o
 .eh_frame      0x00008718        0x0 c:/program files/cypress/psoc creator/4.0/psoc creator/import/gnu/arm/4.9.3/bin/../lib/gcc/arm-none-eabi/4.9.3/../../../../arm-none-eabi/lib/armv7-m\libg_nano.a(lib_a-strcmp.o)
                                 0x28 (size before relaxing)
 .eh_frame      0x00008718        0x4 c:/program files/cypress/psoc creator/4.0/psoc creator/import/gnu/arm/4.9.3/bin/../lib/gcc/arm-none-eabi/4.9.3/armv7-m/crtend.o
                0x0000871c                PROVIDE (__exidx_start, .)

.ARM.exidx
 *(.ARM.exidx* .gnu.linkonce.armexidx.*)
                0x0000871c                __exidx_end = .

.rodata         0x00008720     0x1208
 *(.rodata .rodata.* .gnu.linkonce.r.*)
 .rodata.str1.1
                0x00008720       0x32 .\CortexM3\ARM_GCC_493\Release\main.o
                                 0x37 (size before relaxing)
 *fill*         0x00008752        0x2 
 .rodata        0x00008754      0x180 .\CortexM3\ARM_GCC_493\Release\cli.o
                0x00008754                cmdTable
                0x000087a8                valueTable
 .rodata.str1.1
                0x000088d4      0x336 .\CortexM3\ARM_GCC_493\Release\cli.o
                                0x34d (size before relaxing)
 *fill*         0x00008c0a        0x2 
 .rodata        0x00008c0c      0x138 .\CortexM3\ARM_GCC_493\Release\Laserschutzschaltung.a(cyfitter_cfg.o)
                0x00008c0c                ADC_DelSig_1_AMux__addrTable
                0x00008c14                ADC_DelSig_1_AMux__maskTable
 .rodata        0x00008d44      0x640 .\CortexM3\ARM_GCC_493\Release\Laserschutzschaltung.a(Filter_RAM_Data.o)
                0x00008d44                Filter_cfsm
                0x00008e44                Filter_acu
                0x00008e84                Filter_data_b
                0x00009084                Filter_data_a
                0x00009284                Filter_control
 .rodata        0x00009384        0xa .\CortexM3\ARM_GCC_493\Release\Laserschutzschaltung.a(ADC_SAR_1.o)
 .rodata        0x0000938e       0x12 .\CortexM3\ARM_GCC_493\Release\Laserschutzschaltung.a(PGA_1.o)
 .rodata        0x000093a0        0xa .\CortexM3\ARM_GCC_493\Release\Laserschutzschaltung.a(ADC_SAR_2.o)
 .rodata        0x000093aa       0x12 .\CortexM3\ARM_GCC_493\Release\Laserschutzschaltung.a(PGA_2.o)
 .rodata.str1.1
                0x000093bc       0x11 .\CortexM3\ARM_GCC_493\Release\Laserschutzschaltung.a(USBUART_1_std.o)
 *fill*         0x000093cd        0x3 
 .rodata        0x000093d0      0x284 .\CortexM3\ARM_GCC_493\Release\Laserschutzschaltung.a(USBUART_1_descr.o)
                0x000093d0                USBUART_1_TABLE
                0x000093d8                USBUART_1_DEVICE0_TABLE
                0x000093f0                USBUART_1_DEVICE0_CONFIGURATION0_TABLE
                0x00009418                USBUART_1_DEVICE0_CONFIGURATION0_INTERFACE_CLASS
                0x0000941a                USBUART_1_DEVICE0_CONFIGURATION0_EP_SETTINGS_TABLE
                0x0000944a                USBUART_1_SN_STRING_DESCRIPTOR
                0x0000944c                USBUART_1_STRING_DESCRIPTORS
                0x000095df                USBUART_1_DEVICE0_CONFIGURATION0_DESCR
                0x00009640                USBUART_1_DEVICE0_DESCR
 .rodata.TWO23  0x00009654        0x8 c:/program files/cypress/psoc creator/4.0/psoc creator/import/gnu/arm/4.9.3/bin/../lib/gcc/arm-none-eabi/4.9.3/../../../../arm-none-eabi/lib/armv7-m\libm.a(lib_a-sf_lrint.o)
 .rodata.str1.4
                0x0000965c        0x8 c:/program files/cypress/psoc creator/4.0/psoc creator/import/gnu/arm/4.9.3/bin/../lib/gcc/arm-none-eabi/4.9.3/../../../../arm-none-eabi/lib/armv7-m\libm.a(lib_a-wf_log.o)
                                  0xc (size before relaxing)
 .rodata.str1.1
                0x00009664        0x2 c:/program files/cypress/psoc creator/4.0/psoc creator/import/gnu/arm/4.9.3/bin/../lib/gcc/arm-none-eabi/4.9.3/../../../../arm-none-eabi/lib/armv7-m\libg_nano.a(lib_a-impure.o)
 *fill*         0x00009666        0x2 
 .rodata.fpinan.5309
                0x00009668       0x14 c:/program files/cypress/psoc creator/4.0/psoc creator/import/gnu/arm/4.9.3/bin/../lib/gcc/arm-none-eabi/4.9.3/../../../../arm-none-eabi/lib/armv7-m\libg_nano.a(lib_a-strtod.o)
 .rodata.str1.1
                0x0000967c        0xc c:/program files/cypress/psoc creator/4.0/psoc creator/import/gnu/arm/4.9.3/bin/../lib/gcc/arm-none-eabi/4.9.3/../../../../arm-none-eabi/lib/armv7-m\libg_nano.a(lib_a-strtod.o)
 .rodata.tinytens
                0x00009688       0x28 c:/program files/cypress/psoc creator/4.0/psoc creator/import/gnu/arm/4.9.3/bin/../lib/gcc/arm-none-eabi/4.9.3/../../../../arm-none-eabi/lib/armv7-m\libg_nano.a(lib_a-strtod.o)
 .rodata.fpi.5273
                0x000096b0       0x14 c:/program files/cypress/psoc creator/4.0/psoc creator/import/gnu/arm/4.9.3/bin/../lib/gcc/arm-none-eabi/4.9.3/../../../../arm-none-eabi/lib/armv7-m\libg_nano.a(lib_a-strtod.o)
 .rodata._ctype_
                0x000096c4      0x101 c:/program files/cypress/psoc creator/4.0/psoc creator/import/gnu/arm/4.9.3/bin/../lib/gcc/arm-none-eabi/4.9.3/../../../../arm-none-eabi/lib/armv7-m\libg_nano.a(lib_a-ctype_.o)
                0x000096c4                _ctype_
 .rodata.str1.1
                0x000097c5        0x6 c:/program files/cypress/psoc creator/4.0/psoc creator/import/gnu/arm/4.9.3/bin/../lib/gcc/arm-none-eabi/4.9.3/../../../../arm-none-eabi/lib/armv7-m\libg_nano.a(lib_a-locale.o)
                                  0xb (size before relaxing)
 *fill*         0x000097cb        0x5 
 .rodata.__mprec_tens
                0x000097d0       0xc8 c:/program files/cypress/psoc creator/4.0/psoc creator/import/gnu/arm/4.9.3/bin/../lib/gcc/arm-none-eabi/4.9.3/../../../../arm-none-eabi/lib/armv7-m\libg_nano.a(lib_a-mprec.o)
                0x000097d0                __mprec_tens
 .rodata.__mprec_bigtens
                0x00009898       0x28 c:/program files/cypress/psoc creator/4.0/psoc creator/import/gnu/arm/4.9.3/bin/../lib/gcc/arm-none-eabi/4.9.3/../../../../arm-none-eabi/lib/armv7-m\libg_nano.a(lib_a-mprec.o)
                0x00009898                __mprec_bigtens
 .rodata.p05.5308
                0x000098c0        0xc c:/program files/cypress/psoc creator/4.0/psoc creator/import/gnu/arm/4.9.3/bin/../lib/gcc/arm-none-eabi/4.9.3/../../../../arm-none-eabi/lib/armv7-m\libg_nano.a(lib_a-mprec.o)
 .rodata.str1.1
                0x000098cc       0x11 c:/program files/cypress/psoc creator/4.0/psoc creator/import/gnu/arm/4.9.3/bin/../lib/gcc/arm-none-eabi/4.9.3/../../../../arm-none-eabi/lib/armv7-m\libg_nano.a(lib_a-nano-svfprintf.o)
 .rodata.str1.1
                0x000098dd       0x11 c:/program files/cypress/psoc creator/4.0/psoc creator/import/gnu/arm/4.9.3/bin/../lib/gcc/arm-none-eabi/4.9.3/../../../../arm-none-eabi/lib/armv7-m\libg_nano.a(lib_a-nano-vfprintf_i.o)
                                 0x22 (size before relaxing)
                0x000098f0                . = ALIGN (0x4)
 *fill*         0x000098ee        0x2 
 *(.init)
 .init          0x000098f0        0x4 c:/program files/cypress/psoc creator/4.0/psoc creator/import/gnu/arm/4.9.3/bin/../lib/gcc/arm-none-eabi/4.9.3/armv7-m/crti.o
                0x000098f0                _init
 .init          0x000098f4        0x8 c:/program files/cypress/psoc creator/4.0/psoc creator/import/gnu/arm/4.9.3/bin/../lib/gcc/arm-none-eabi/4.9.3/armv7-m/crtn.o
                0x000098fc                . = ALIGN (0x4)
                0x000098fc                __preinit_array_start = .
 *(.preinit_array)
                0x000098fc                __preinit_array_end = .
                0x000098fc                . = ALIGN (0x4)
                0x000098fc                __init_array_start = .
 *(SORT(.init_array.*))
 *(.init_array)
 .init_array    0x000098fc        0x4 c:/program files/cypress/psoc creator/4.0/psoc creator/import/gnu/arm/4.9.3/bin/../lib/gcc/arm-none-eabi/4.9.3/armv7-m/crtbegin.o
 .init_array    0x00009900        0x4 .\CortexM3\ARM_GCC_493\Release\Cm3Start.o
                0x00009904                __init_array_end = .
                0x00009904                . = ALIGN (0x4)
 *(.fini)
 .fini          0x00009904        0x4 c:/program files/cypress/psoc creator/4.0/psoc creator/import/gnu/arm/4.9.3/bin/../lib/gcc/arm-none-eabi/4.9.3/armv7-m/crti.o
                0x00009904                _fini
 .fini          0x00009908        0x8 c:/program files/cypress/psoc creator/4.0/psoc creator/import/gnu/arm/4.9.3/bin/../lib/gcc/arm-none-eabi/4.9.3/armv7-m/crtn.o
                0x00009910                . = ALIGN (0x4)
                0x00009910                __fini_array_start = .
 *(.fini_array)
 .fini_array    0x00009910        0x4 c:/program files/cypress/psoc creator/4.0/psoc creator/import/gnu/arm/4.9.3/bin/../lib/gcc/arm-none-eabi/4.9.3/armv7-m/crtbegin.o
 *(SORT(.fini_array.*))
                0x00009914                __fini_array_end = .
                0x00009914                . = ALIGN (0x4)
 *crtbegin.o(.ctors)
 *(EXCLUDE_FILE(*crtend.o) .ctors)
 *(SORT(.ctors.*))
 *crtend.o(.ctors)
                0x00009914                . = ALIGN (0x4)
 *crtbegin.o(.dtors)
 *(EXCLUDE_FILE(*crtend.o) .dtors)
 *(SORT(.dtors.*))
 *crtend.o(.dtors)
                0x00009914                . = ALIGN (0x4)
                0x00009914                __cy_regions = .
                0x00009914        0x4 LONG 0x9928 __cy_region_init_ram
                0x00009918        0x4 LONG 0x1fff8108 __cy_region_start_data
                0x0000991c        0x4 LONG 0x100 __cy_region_init_size_ram
                0x00009920        0x4 LONG 0x1d8 __cy_region_zero_size_ram
                0x00009924                __cy_regions_end = .
                0x00009928                . = ALIGN (0x8)
 *fill*         0x00009924        0x4 
                0x00009928                _etext = .

.cy_checksum_exclude
                0x00009928        0x0
 *(.cy_checksum_exclude)

.ramvectors     0x1fff8000      0x100
                0x1fff8000                __cy_region_start_ram = .
 *(.ramvectors)
 .ramvectors    0x1fff8000      0x100 .\CortexM3\ARM_GCC_493\Release\Cm3Start.o
                0x1fff8000                CyRamVectors

.noinit         0x1fff8100        0x5
 *(.noinit)
 .noinit        0x1fff8100        0x4 .\CortexM3\ARM_GCC_493\Release\Cm3Start.o
 .noinit        0x1fff8104        0x1 .\CortexM3\ARM_GCC_493\Release\Laserschutzschaltung.a(CyLib.o)
                0x1fff8104                CyResetStatus

.data           0x1fff8108      0x100 load address 0x00009928
                0x1fff8108                __cy_region_start_data = .
 *(.jcr)
 .jcr           0x1fff8108        0x0 c:/program files/cypress/psoc creator/4.0/psoc creator/import/gnu/arm/4.9.3/bin/../lib/gcc/arm-none-eabi/4.9.3/armv7-m/crtbegin.o
 .jcr           0x1fff8108        0x4 c:/program files/cypress/psoc creator/4.0/psoc creator/import/gnu/arm/4.9.3/bin/../lib/gcc/arm-none-eabi/4.9.3/armv7-m/crtend.o
 *(.got.plt)
 *(.got)
 *(.shdata)
 *(.data .data.* .gnu.linkonce.d.*)
 .data          0x1fff810c       0x20 .\CortexM3\ARM_GCC_493\Release\main.o
                0x1fff810c                current_offset
                0x1fff8110                photodiode_power_coefficients
                0x1fff8118                deltaTms
                0x1fff811c                auto_current
                0x1fff8120                current_output_coeff
                0x1fff8124                temp_limit
                0x1fff8128                setpoint
 .data          0x1fff812c        0x4 .\CortexM3\ARM_GCC_493\Release\Cm3Start.o
 .data          0x1fff8130        0x1 .\CortexM3\ARM_GCC_493\Release\Laserschutzschaltung.a(DMA_dma.o)
                0x1fff8130                DMA_DmaHandle
 *fill*         0x1fff8131        0x3 
 .data          0x1fff8134        0x8 .\CortexM3\ARM_GCC_493\Release\Laserschutzschaltung.a(CyDmac.o)
 .data          0x1fff813c       0x10 .\CortexM3\ARM_GCC_493\Release\Laserschutzschaltung.a(CyLib.o)
                0x1fff813c                cydelay_32k_ms
                0x1fff8140                cydelay_freq_khz
                0x1fff8144                cydelay_freq_mhz
                0x1fff8148                cydelay_freq_hz
 .data          0x1fff814c        0x1 .\CortexM3\ARM_GCC_493\Release\Laserschutzschaltung.a(ADC_DelSig_1.o)
                0x1fff814c                ADC_DelSig_1_Config
 .data          0x1fff814d        0x1 .\CortexM3\ARM_GCC_493\Release\Laserschutzschaltung.a(ADC_DelSig_1_AMux.o)
 .data          0x1fff814e       0x18 .\CortexM3\ARM_GCC_493\Release\Laserschutzschaltung.a(USBUART_1_cdc.o)
                0x1fff814e                USBUART_1_linesCoding
 .data.__fdlib_version
                0x1fff8166        0x1 c:/program files/cypress/psoc creator/4.0/psoc creator/import/gnu/arm/4.9.3/bin/../lib/gcc/arm-none-eabi/4.9.3/../../../../arm-none-eabi/lib/armv7-m\libm.a(lib_a-s_lib_ver.o)
                0x1fff8166                __fdlib_version
 *fill*         0x1fff8167        0x1 
 .data.impure_data
                0x1fff8168       0x60 c:/program files/cypress/psoc creator/4.0/psoc creator/import/gnu/arm/4.9.3/bin/../lib/gcc/arm-none-eabi/4.9.3/../../../../arm-none-eabi/lib/armv7-m\libg_nano.a(lib_a-impure.o)
 .data._impure_ptr
                0x1fff81c8        0x4 c:/program files/cypress/psoc creator/4.0/psoc creator/import/gnu/arm/4.9.3/bin/../lib/gcc/arm-none-eabi/4.9.3/../../../../arm-none-eabi/lib/armv7-m\libg_nano.a(lib_a-impure.o)
                0x1fff81c8                _impure_ptr
 .data.__ctype_ptr__
                0x1fff81cc        0x4 c:/program files/cypress/psoc creator/4.0/psoc creator/import/gnu/arm/4.9.3/bin/../lib/gcc/arm-none-eabi/4.9.3/../../../../arm-none-eabi/lib/armv7-m\libg_nano.a(lib_a-ctype_.o)
                0x1fff81cc                __ctype_ptr__
 .data.lconv    0x1fff81d0       0x38 c:/program files/cypress/psoc creator/4.0/psoc creator/import/gnu/arm/4.9.3/bin/../lib/gcc/arm-none-eabi/4.9.3/../../../../arm-none-eabi/lib/armv7-m\libg_nano.a(lib_a-locale.o)
                0x1fff8208                . = ALIGN (0x8)
 *(.ram)
                0x1fff8208                _edata = .

.igot.plt       0x1fff8208        0x0 load address 0x00009a28
 .igot.plt      0x00000000        0x0 c:/program files/cypress/psoc creator/4.0/psoc creator/import/gnu/arm/4.9.3/bin/../lib/gcc/arm-none-eabi/4.9.3/armv7-m/crtbegin.o

.bss            0x1fff8208      0x1d8 load address 0x00009a28
                0x1fff8208                PROVIDE (__bss_start__, .)
 *(.shbss)
 *(.bss .bss.* .gnu.linkonce.b.*)
 .bss           0x1fff8208       0x1c c:/program files/cypress/psoc creator/4.0/psoc creator/import/gnu/arm/4.9.3/bin/../lib/gcc/arm-none-eabi/4.9.3/armv7-m/crtbegin.o
 .bss           0x1fff8224       0x24 .\CortexM3\ARM_GCC_493\Release\main.o
                0x1fff8224                faultStatus
                0x1fff8228                eventcounter
                0x1fff822c                dac_offset
                0x1fff822e                filter_read
                0x1fff8230                filterStatus
                0x1fff8231                pidStatus
                0x1fff823c                set_current_psu
                0x1fff8240                debug
                0x1fff8242                pd_input
                0x1fff8244                cliMode
 .bss           0x1fff8248       0x34 .\CortexM3\ARM_GCC_493\Release\cli.o
 *fill*         0x1fff827c        0x4 
 .bss           0x1fff8280        0x8 .\CortexM3\ARM_GCC_493\Release\Laserschutzschaltung.a(cyfitter_cfg.o)
 .bss           0x1fff8288        0x1 .\CortexM3\ARM_GCC_493\Release\Laserschutzschaltung.a(VDAC8.o)
                0x1fff8288                VDAC8_initVar
 .bss           0x1fff8289        0x1 .\CortexM3\ARM_GCC_493\Release\Laserschutzschaltung.a(Comp_1.o)
                0x1fff8289                Comp_1_initVar
 .bss           0x1fff828a        0x1 .\CortexM3\ARM_GCC_493\Release\Laserschutzschaltung.a(Filter.o)
                0x1fff828a                Filter_initVar
 .bss           0x1fff828b        0x1 .\CortexM3\ARM_GCC_493\Release\Laserschutzschaltung.a(Comp_2.o)
                0x1fff828b                Comp_2_initVar
 .bss           0x1fff828c        0x1 .\CortexM3\ARM_GCC_493\Release\Laserschutzschaltung.a(Comp_3.o)
                0x1fff828c                Comp_3_initVar
 .bss           0x1fff828d        0x2 .\CortexM3\ARM_GCC_493\Release\Laserschutzschaltung.a(LCD.o)
                0x1fff828d                LCD_enableState
                0x1fff828e                LCD_initVar
 .bss           0x1fff828f        0x1 .\CortexM3\ARM_GCC_493\Release\Laserschutzschaltung.a(ADC_SAR_1.o)
                0x1fff828f                ADC_SAR_1_initVar
 .bss           0x1fff8290        0x1 .\CortexM3\ARM_GCC_493\Release\Laserschutzschaltung.a(IDAC8_1.o)
                0x1fff8290                IDAC8_1_initVar
 .bss           0x1fff8291        0x1 .\CortexM3\ARM_GCC_493\Release\Laserschutzschaltung.a(IDAC8_2.o)
                0x1fff8291                IDAC8_2_initVar
 .bss           0x1fff8292        0x1 .\CortexM3\ARM_GCC_493\Release\Laserschutzschaltung.a(PGA_1.o)
                0x1fff8292                PGA_1_initVar
 .bss           0x1fff8293        0x1 .\CortexM3\ARM_GCC_493\Release\Laserschutzschaltung.a(ADC_SAR_2.o)
                0x1fff8293                ADC_SAR_2_initVar
 .bss           0x1fff8294        0x1 .\CortexM3\ARM_GCC_493\Release\Laserschutzschaltung.a(Counter_1.o)
                0x1fff8294                Counter_1_initVar
 *fill*         0x1fff8295        0x1 
 .bss           0x1fff8296       0x14 .\CortexM3\ARM_GCC_493\Release\Laserschutzschaltung.a(ADC_DelSig_1.o)
                0x1fff8296                ADC_DelSig_1_stopConversion
                0x1fff8297                ADC_DelSig_1_convDone
                0x1fff82a8                ADC_DelSig_1_initVar
                0x1fff82a9                ADC_DelSig_1_started
 .bss           0x1fff82aa        0x1 .\CortexM3\ARM_GCC_493\Release\Laserschutzschaltung.a(PGA_2.o)
                0x1fff82aa                PGA_2_initVar
 .bss           0x1fff82ab        0x1 .\CortexM3\ARM_GCC_493\Release\Laserschutzschaltung.a(DAC_Current_Control.o)
                0x1fff82ab                DAC_Current_Control_initVar
 .bss           0x1fff82ac        0x1 .\CortexM3\ARM_GCC_493\Release\Laserschutzschaltung.a(USBUART_1.o)
                0x1fff82ac                USBUART_1_initVar
 .bss           0x1fff82ad        0x1 .\CortexM3\ARM_GCC_493\Release\Laserschutzschaltung.a(USBUART_1_cdc.o)
 .bss           0x1fff82ae        0x2 .\CortexM3\ARM_GCC_493\Release\Laserschutzschaltung.a(USBUART_1_std.o)
 .bss           0x1fff82b0        0x1 .\CortexM3\ARM_GCC_493\Release\Laserschutzschaltung.a(PWM_1.o)
                0x1fff82b0                PWM_1_initVar
 *fill*         0x1fff82b1        0x3 