Archive member included because of file (symbol)

.\CortexM3\ARM_GCC_473\Debug\Design02.a(cyfitter_cfg.o)
                              .\CortexM3\ARM_GCC_473\Debug\Cm3Start.o (cyfitter_cfg)
.\CortexM3\ARM_GCC_473\Debug\Design02.a(DMA_dma.o)
                              .\CortexM3\ARM_GCC_473\Debug\main.o (DMA_DmaInitialize)
.\CortexM3\ARM_GCC_473\Debug\Design02.a(isr.o)
                              .\CortexM3\ARM_GCC_473\Debug\main.o (isr_StartEx)
.\CortexM3\ARM_GCC_473\Debug\Design02.a(ADC_DelSig.o)
                              .\CortexM3\ARM_GCC_473\Debug\main.o (ADC_DelSig_Start)
.\CortexM3\ARM_GCC_473\Debug\Design02.a(ADC_DelSig_INT.o)
                              .\CortexM3\ARM_GCC_473\Debug\Design02.a(ADC_DelSig.o) (ADC_DelSig_ISR1)
.\CortexM3\ARM_GCC_473\Debug\Design02.a(VDAC8.o)
                              .\CortexM3\ARM_GCC_473\Debug\main.o (VDAC8_Start)
.\CortexM3\ARM_GCC_473\Debug\Design02.a(Comp_1.o)
                              .\CortexM3\ARM_GCC_473\Debug\main.o (Comp_1_Start)
.\CortexM3\ARM_GCC_473\Debug\Design02.a(Filter.o)
                              .\CortexM3\ARM_GCC_473\Debug\main.o (Filter_Start)
.\CortexM3\ARM_GCC_473\Debug\Design02.a(Filter_PVT.o)
                              .\CortexM3\ARM_GCC_473\Debug\Design02.a(Filter.o) (Filter_SetInterruptMode)
.\CortexM3\ARM_GCC_473\Debug\Design02.a(Filter_RAM_Data.o)
                              .\CortexM3\ARM_GCC_473\Debug\Design02.a(Filter.o) (Filter_control)
.\CortexM3\ARM_GCC_473\Debug\Design02.a(ADC_DelSig_theACLK.o)
                              .\CortexM3\ARM_GCC_473\Debug\Design02.a(ADC_DelSig.o) (ADC_DelSig_theACLK_SetDividerRegister)
.\CortexM3\ARM_GCC_473\Debug\Design02.a(ADC_DelSig_Ext_CP_Clk.o)
                              .\CortexM3\ARM_GCC_473\Debug\Design02.a(ADC_DelSig.o) (ADC_DelSig_Ext_CP_Clk_SetDividerRegister)
.\CortexM3\ARM_GCC_473\Debug\Design02.a(ADC_DelSig_AMux.o)
                              .\CortexM3\ARM_GCC_473\Debug\Design02.a(ADC_DelSig.o) (ADC_DelSig_AMux_Select)
.\CortexM3\ARM_GCC_473\Debug\Design02.a(CyBootAsmGnu.o)
                              .\CortexM3\ARM_GCC_473\Debug\Design02.a(cyfitter_cfg.o) (CyDelayCycles)
.\CortexM3\ARM_GCC_473\Debug\Design02.a(CyDmac.o)
                              .\CortexM3\ARM_GCC_473\Debug\Cm3Start.o (CyDmacConfigure)
.\CortexM3\ARM_GCC_473\Debug\Design02.a(CyLib.o)
                              .\CortexM3\ARM_GCC_473\Debug\Cm3Start.o (CyResetStatus)
.\CortexM3\ARM_GCC_473\Debug\Design02.a(cyPm.o)
                              .\CortexM3\ARM_GCC_473\Debug\Design02.a(CyLib.o) (CyPmReadStatus)
.\CortexM3\ARM_GCC_473\Debug\Design02.a(Comp_2.o)
                              .\CortexM3\ARM_GCC_473\Debug\main.o (Comp_2_Start)
.\CortexM3\ARM_GCC_473\Debug\Design02.a(Comp_3.o)
                              .\CortexM3\ARM_GCC_473\Debug\main.o (Comp_3_Start)
.\CortexM3\ARM_GCC_473\Debug\Design02.a(LCD.o)
                              .\CortexM3\ARM_GCC_473\Debug\main.o (LCD_Start)
.\CortexM3\ARM_GCC_473\Debug\Design02.a(Fault_isr.o)
                              .\CortexM3\ARM_GCC_473\Debug\main.o (Fault_isr_StartEx)
.\CortexM3\ARM_GCC_473\Debug\Design02.a(ADC_DelSig_IRQ.o)
                              .\CortexM3\ARM_GCC_473\Debug\main.o (ADC_DelSig_IRQ_Start)
.\CortexM3\ARM_GCC_473\Debug\Design02.a(CyFlash.o)
                              .\CortexM3\ARM_GCC_473\Debug\Design02.a(cyPm.o) (CyFlash_SetWaitCycles)
.\CortexM3\ARM_GCC_473\Debug\Design02.a(CySpc.o)
                              .\CortexM3\ARM_GCC_473\Debug\Design02.a(CyFlash.o) (CySpcStart)
c:/program files (x86)/cypress/psoc creator/3.0/psoc creator/import/gnu_cs/arm/4.7.3/bin/../lib/gcc/arm-none-eabi/4.7.3/armv7-m\libgcc.a(_arm_addsubdf3.o)
                              .\CortexM3\ARM_GCC_473\Debug\Design02.a(ADC_DelSig.o) (__aeabi_f2d)
c:/program files (x86)/cypress/psoc creator/3.0/psoc creator/import/gnu_cs/arm/4.7.3/bin/../lib/gcc/arm-none-eabi/4.7.3/armv7-m\libgcc.a(_arm_cmpdf2.o)
                              .\CortexM3\ARM_GCC_473\Debug\Design02.a(ADC_DelSig.o) (__aeabi_dcmpgt)
c:/program files (x86)/cypress/psoc creator/3.0/psoc creator/import/gnu_cs/arm/4.7.3/bin/../lib/gcc/arm-none-eabi/4.7.3/armv7-m\libgcc.a(_arm_addsubsf3.o)
                              .\CortexM3\ARM_GCC_473\Debug\Design02.a(ADC_DelSig.o) (__aeabi_ui2f)
c:/program files (x86)/cypress/psoc creator/3.0/psoc creator/import/gnu_cs/arm/4.7.3/bin/../lib/gcc/arm-none-eabi/4.7.3/armv7-m\libgcc.a(_arm_muldivsf3.o)
                              .\CortexM3\ARM_GCC_473\Debug\Design02.a(ADC_DelSig.o) (__aeabi_fmul)
c:/program files (x86)/cypress/psoc creator/3.0/psoc creator/import/gnu_cs/arm/4.7.3/bin/../lib/gcc/arm-none-eabi/4.7.3/armv7-m\libgcc.a(_arm_fixunssfsi.o)
                              .\CortexM3\ARM_GCC_473\Debug\Design02.a(ADC_DelSig.o) (__aeabi_f2uiz)
[...]
Memory Configuration

Name             Origin             Length             Attributes
rom              0x00000000         0x00040000         xr
ram              0x1fff8000         0x00010000         xrw
*default*        0x00000000         0xffffffff

Linker script and memory map

LOAD c:/program files (x86)/cypress/psoc creator/3.0/psoc creator/import/gnu_cs/arm/4.7.3/bin/../lib/gcc/arm-none-eabi/4.7.3/armv7-m/crti.o
LOAD c:/program files (x86)/cypress/psoc creator/3.0/psoc creator/import/gnu_cs/arm/4.7.3/bin/../lib/gcc/arm-none-eabi/4.7.3/armv7-m/crtbegin.o
LOAD c:/program files (x86)/cypress/psoc creator/3.0/psoc creator/import/gnu_cs/arm/4.7.3/bin/../lib/gcc/arm-none-eabi/4.7.3/../../../../arm-none-eabi/lib/armv7-m/crt0.o
START GROUP
LOAD .\CortexM3\ARM_GCC_473\Debug\main.o
LOAD .\CortexM3\ARM_GCC_473\Debug\Cm3Start.o
LOAD .\CortexM3\ARM_GCC_473\Debug\cymetadata.o
LOAD .\CortexM3\ARM_GCC_473\Debug\Design02.a
LOAD C:\Program Files (x86)\Cypress\PSoC Creator\3.0\PSoC Creator\psoc\content\cycomponentlibrary\CyComponentLibrary.cylib\CortexM3\ARM_GCC_473\Debug\CyComponentLibrary.a
END GROUP
START GROUP
LOAD c:/program files (x86)/cypress/psoc creator/3.0/psoc creator/import/gnu_cs/arm/4.7.3/bin/../lib/gcc/arm-none-eabi/4.7.3/armv7-m\libgcc.a
LOAD c:/program files (x86)/cypress/psoc creator/3.0/psoc creator/import/gnu_cs/arm/4.7.3/bin/../lib/gcc/arm-none-eabi/4.7.3/../../../../arm-none-eabi/lib/armv7-m\libc_s.a
END GROUP
LOAD c:/program files (x86)/cypress/psoc creator/3.0/psoc creator/import/gnu_cs/arm/4.7.3/bin/../lib/gcc/arm-none-eabi/4.7.3/armv7-m/crtend.o
LOAD c:/program files (x86)/cypress/psoc creator/3.0/psoc creator/import/gnu_cs/arm/4.7.3/bin/../lib/gcc/arm-none-eabi/4.7.3/armv7-m/crtn.o
START GROUP
LOAD c:/program files (x86)/cypress/psoc creator/3.0/psoc creator/import/gnu_cs/arm/4.7.3/bin/../lib/gcc/arm-none-eabi/4.7.3/armv7-m\libgcc.a
LOAD c:/program files (x86)/cypress/psoc creator/3.0/psoc creator/import/gnu_cs/arm/4.7.3/bin/../lib/gcc/arm-none-eabi/4.7.3/../../../../arm-none-eabi/lib/armv7-m\libc.a
LOAD c:/program files (x86)/cypress/psoc creator/3.0/psoc creator/import/gnu_cs/arm/4.7.3/bin/../lib/gcc/arm-none-eabi/4.7.3/../../../../arm-none-eabi/lib/armv7-m\libnosys.a
END GROUP
                0x00000000                CY_APPL_ORIGIN = 0x0
                0x00000100                CY_FLASH_ROW_SIZE = 0x100
                0x00000020                CY_ECC_ROW_SIZE = 0x20
                0x00000000                CY_EE_IN_BTLDR = 0x0
                0x00000000                CY_APPL_LOADABLE = 0x0
                0x00000800                CY_EE_SIZE = 0x800
                0x00000001                CY_APPL_NUM = 0x1
                0x00000001                CY_APPL_MAX = 0x1
                0x00000040                CY_METADATA_SIZE = 0x40
                0x1fff81e0                PROVIDE (__cy_heap_start, _end)
                0x00000001                PROVIDE (__cy_region_num, ((__cy_regions_end - __cy_regions) / 0x10))
                0x20008000                PROVIDE (__cy_stack, (ORIGIN (ram) + 0x10000))
                0x20004000                PROVIDE (__cy_heap_end, (__cy_stack - 0x4000))

.cybootloader   0x00000000        0x0
 *(.cybootloader)
                0x00000000                appl1_start = CY_APPL_ORIGIN?CY_APPL_ORIGIN:ALIGN (CY_FLASH_ROW_SIZE)
                0x0001ff00                appl2_start = (appl1_start + ALIGN ((((0x40000 - appl1_start) - (0x2 * CY_FLASH_ROW_SIZE)) / 0x2), CY_FLASH_ROW_SIZE))
                0x00000000                appl_start = (CY_APPL_NUM == 0x1)?appl1_start:appl2_start
                0x00000000                ecc_offset = ((appl_start / CY_FLASH_ROW_SIZE) * CY_ECC_ROW_SIZE)
                0x00000000                ee_offset = (CY_APPL_LOADABLE && ! (CY_EE_IN_BTLDR))?((CY_EE_SIZE / CY_APPL_MAX) * (CY_APPL_NUM - 0x1)):0x0
                0x00000800                ee_size = (CY_APPL_LOADABLE && ! (CY_EE_IN_BTLDR))?(CY_EE_SIZE / CY_APPL_MAX):CY_EE_SIZE
                0x00000000                PROVIDE (CY_ECC_OFFSET, ecc_offset)

.text           0x00000000     0x3a00
 CREATE_OBJECT_SYMBOLS
                0x00000000                PROVIDE (__cy_interrupt_vector, RomVectors)
 *(.romvectors)
 .romvectors    0x00000000       0x10 .\CortexM3\ARM_GCC_473\Debug\Cm3Start.o
                0x00000000                RomVectors
                0x00000001                ASSERT ((. != __cy_interrupt_vector), No interrupt vector)
                0x00000001                ASSERT (CY_APPL_ORIGIN?(SIZEOF (.cybootloader) <= CY_APPL_ORIGIN):0x1, Wrong image location)
                0x00000010                PROVIDE (__cy_reset, Reset)
 *(.text.Reset)
 .text.Reset    0x00000010       0x1c .\CortexM3\ARM_GCC_473\Debug\Cm3Start.o
                0x00000010                Reset
                0x00000001                ASSERT ((. != __cy_reset), No reset code)
 *(.dma_init)
 .dma_init      0x0000002c      0x220 .\CortexM3\ARM_GCC_473\Debug\Design02.a(cyfitter_cfg.o)
                0x00000001                ASSERT ((((appl_start + .) <= 0x10000) || 0x0), DMA Init must be within the first 64k of flash)
 *(.text .text.* .gnu.linkonce.t.*)
 .text          0x0000024c       0x54 c:/program files (x86)/cypress/psoc creator/3.0/psoc creator/import/gnu_cs/arm/4.7.3/bin/../lib/gcc/arm-none-eabi/4.7.3/armv7-m/crtbegin.o
 .text.filterVDAC
                0x000002a0       0x88 .\CortexM3\ARM_GCC_473\Debug\main.o
                0x000002a0                filterVDAC
 .text.faultISR
                0x00000328       0x18 .\CortexM3\ARM_GCC_473\Debug\main.o
                0x00000328                faultISR
 .text.main     0x00000340      0x110 .\CortexM3\ARM_GCC_473\Debug\main.o
                0x00000340                main
 .text.DMA_Config
                0x00000450       0x6c .\CortexM3\ARM_GCC_473\Debug\main.o
                0x00000450                DMA_Config
 .text.IntDefaultHandler
                0x000004bc        0x8 .\CortexM3\ARM_GCC_473\Debug\Cm3Start.o
                0x000004bc                IntDefaultHandler
 .text.Start_c  0x000004c4       0xcc .\CortexM3\ARM_GCC_473\Debug\Cm3Start.o
                0x000004c4                Start_c
 .text.initialize_psoc
                0x00000590       0xb8 .\CortexM3\ARM_GCC_473\Debug\Cm3Start.o
                0x00000590                initialize_psoc
 .text.CYMEMZERO
                0x00000648       0x20 .\CortexM3\ARM_GCC_473\Debug\Design02.a(cyfitter_cfg.o)
 .text.CYCONFIGCPY
                0x00000668       0x20 .\CortexM3\ARM_GCC_473\Debug\Design02.a(cyfitter_cfg.o)
 .text.CyClockStartupError
                0x00000688        0xc .\CortexM3\ARM_GCC_473\Debug\Design02.a(cyfitter_cfg.o)
 .text.cfg_dma_init
                0x00000694      0x1d0 .\CortexM3\ARM_GCC_473\Debug\Design02.a(cyfitter_cfg.o)
 .text.ClockSetup
                0x00000864      0x224 .\CortexM3\ARM_GCC_473\Debug\Design02.a(cyfitter_cfg.o)
 .text.AnalogSetDefault
                0x00000a88       0xe8 .\CortexM3\ARM_GCC_473\Debug\Design02.a(cyfitter_cfg.o)
 .text.ADC_DelSig_AMux_Set
                0x00000b70       0x4c .\CortexM3\ARM_GCC_473\Debug\Design02.a(cyfitter_cfg.o)
                0x00000b70                ADC_DelSig_AMux_Set
 .text.ADC_DelSig_AMux_Unset
                0x00000bbc       0x50 .\CortexM3\ARM_GCC_473\Debug\Design02.a(cyfitter_cfg.o)
                0x00000bbc                ADC_DelSig_AMux_Unset
 .text.cyfitter_cfg
                0x00000c0c      0x168 .\CortexM3\ARM_GCC_473\Debug\Design02.a(cyfitter_cfg.o)
                0x00000c0c                cyfitter_cfg
 .text.DMA_DmaInitialize
                0x00000d74       0x84 .\CortexM3\ARM_GCC_473\Debug\Design02.a(DMA_dma.o)
                0x00000d74                DMA_DmaInitialize
 .text.isr_StartEx
                0x00000df8       0x28 .\CortexM3\ARM_GCC_473\Debug\Design02.a(isr.o)
                0x00000df8                isr_StartEx
 .text.isr_SetVector
                0x00000e20       0x28 .\CortexM3\ARM_GCC_473\Debug\Design02.a(isr.o)
                0x00000e20                isr_SetVector
 .text.isr_SetPriority
                0x00000e48       0x28 .\CortexM3\ARM_GCC_473\Debug\Design02.a(isr.o)
                0x00000e48                isr_SetPriority
 .text.isr_Enable
                0x00000e70       0x18 .\CortexM3\ARM_GCC_473\Debug\Design02.a(isr.o)
                0x00000e70                isr_Enable
 .text.isr_Disable
                0x00000e88       0x18 .\CortexM3\ARM_GCC_473\Debug\Design02.a(isr.o)
                0x00000e88                isr_Disable
 .text.ADC_DelSig_Init
                0x00000ea0      0x190 .\CortexM3\ARM_GCC_473\Debug\Design02.a(ADC_DelSig.o)
                0x00000ea0                ADC_DelSig_Init
 .text.ADC_DelSig_Enable
                0x00001030      0x1e4 .\CortexM3\ARM_GCC_473\Debug\Design02.a(ADC_DelSig.o)
                0x00001030                ADC_DelSig_Enable
 .text.ADC_DelSig_Start
                0x00001214       0x3c .\CortexM3\ARM_GCC_473\Debug\Design02.a(ADC_DelSig.o)
                0x00001214                ADC_DelSig_Start
 .text.ADC_DelSig_StartConvert
                0x00001250       0x28 .\CortexM3\ARM_GCC_473\Debug\Design02.a(ADC_DelSig.o)
                0x00001250                ADC_DelSig_StartConvert
 .text.ADC_DelSig_InitConfig
                0x00001278      0x1e8 .\CortexM3\ARM_GCC_473\Debug\Design02.a(ADC_DelSig.o)
 .text.ADC_DelSig_GainCompensation
                0x00001460      0x19c .\CortexM3\ARM_GCC_473\Debug\Design02.a(ADC_DelSig.o)
 .text.ADC_DelSig_SetDSMRef0Reg
                0x000015fc       0xa8 .\CortexM3\ARM_GCC_473\Debug\Design02.a(ADC_DelSig.o)
 .text.ADC_DelSig_ISR1
                0x000016a4        0xc .\CortexM3\ARM_GCC_473\Debug\Design02.a(ADC_DelSig_INT.o)
                0x000016a4                ADC_DelSig_ISR1
 .text.VDAC8_Init
                0x000016b0       0x34 .\CortexM3\ARM_GCC_473\Debug\Design02.a(VDAC8.o)
                0x000016b0                VDAC8_Init
 .text.VDAC8_Enable
                0x000016e4       0x44 .\CortexM3\ARM_GCC_473\Debug\Design02.a(VDAC8.o)
                0x000016e4                VDAC8_Enable
 .text.VDAC8_Start
                0x00001728       0x34 .\CortexM3\ARM_GCC_473\Debug\Design02.a(VDAC8.o)
                0x00001728                VDAC8_Start
 .text.VDAC8_SetSpeed
                0x0000175c       0x54 .\CortexM3\ARM_GCC_473\Debug\Design02.a(VDAC8.o)
                0x0000175c                VDAC8_SetSpeed
 .text.VDAC8_SetRange
                0x000017b0       0x54 .\CortexM3\ARM_GCC_473\Debug\Design02.a(VDAC8.o)
                0x000017b0                VDAC8_SetRange
 .text.VDAC8_SetValue
                0x00001804       0x20 .\CortexM3\ARM_GCC_473\Debug\Design02.a(VDAC8.o)
                0x00001804                VDAC8_SetValue
 .text.VDAC8_DacTrim
                0x00001824       0x44 .\CortexM3\ARM_GCC_473\Debug\Design02.a(VDAC8.o)
                0x00001824                VDAC8_DacTrim
 .text.Comp_1_Init
                0x00001868       0x9c .\CortexM3\ARM_GCC_473\Debug\Design02.a(Comp_1.o)
                0x00001868                Comp_1_Init
 .text.Comp_1_Enable
                0x00001904       0x44 .\CortexM3\ARM_GCC_473\Debug\Design02.a(Comp_1.o)
                0x00001904                Comp_1_Enable
 .text.Comp_1_Start
                0x00001948       0x2c .\CortexM3\ARM_GCC_473\Debug\Design02.a(Comp_1.o)
                0x00001948                Comp_1_Start
 .text.Comp_1_SetSpeed
                0x00001974       0xa0 .\CortexM3\ARM_GCC_473\Debug\Design02.a(Comp_1.o)
                0x00001974                Comp_1_SetSpeed
 .text.Filter_Init
                0x00001a14      0x16c .\CortexM3\ARM_GCC_473\Debug\Design02.a(Filter.o)
                0x00001a14                Filter_Init
 .text.Filter_Enable
                0x00001b80       0x60 .\CortexM3\ARM_GCC_473\Debug\Design02.a(Filter.o)
                0x00001b80                Filter_Enable
 .text.Filter_Start
                0x00001be0       0x2c .\CortexM3\ARM_GCC_473\Debug\Design02.a(Filter.o)
                0x00001be0                Filter_Start
 .text.Filter_Read8
                0x00001c0c       0x48 .\CortexM3\ARM_GCC_473\Debug\Design02.a(Filter.o)
                0x00001c0c                Filter_Read8
 .text.Filter_SetInterruptMode
                0x00001c54       0x28 .\CortexM3\ARM_GCC_473\Debug\Design02.a(Filter_PVT.o)
                0x00001c54                Filter_SetInterruptMode
 .text.Filter_SetDMAMode
                0x00001c7c       0x28 .\CortexM3\ARM_GCC_473\Debug\Design02.a(Filter_PVT.o)
                0x00001c7c                Filter_SetDMAMode
 .text.ADC_DelSig_theACLK_SetDividerRegister
                0x00001ca4      0x1e8 .\CortexM3\ARM_GCC_473\Debug\Design02.a(ADC_DelSig_theACLK.o)
                0x00001ca4                ADC_DelSig_theACLK_SetDividerRegister
 .text.ADC_DelSig_theACLK_GetDividerRegister
                0x00001e8c       0x18 .\CortexM3\ARM_GCC_473\Debug\Design02.a(ADC_DelSig_theACLK.o)
                0x00001e8c                ADC_DelSig_theACLK_GetDividerRegister
 .text.ADC_DelSig_theACLK_SetModeRegister
                0x00001ea4       0x3c .\CortexM3\ARM_GCC_473\Debug\Design02.a(ADC_DelSig_theACLK.o)
                0x00001ea4                ADC_DelSig_theACLK_SetModeRegister
 .text.ADC_DelSig_theACLK_GetSourceRegister
                0x00001ee0       0x20 .\CortexM3\ARM_GCC_473\Debug\Design02.a(ADC_DelSig_theACLK.o)
                0x00001ee0                ADC_DelSig_theACLK_GetSourceRegister
 .text.ADC_DelSig_Ext_CP_Clk_SetDividerRegister
                0x00001f00      0x1e8 .\CortexM3\ARM_GCC_473\Debug\Design02.a(ADC_DelSig_Ext_CP_Clk.o)
                0x00001f00                ADC_DelSig_Ext_CP_Clk_SetDividerRegister
 .text.ADC_DelSig_Ext_CP_Clk_GetDividerRegister
                0x000020e8       0x18 .\CortexM3\ARM_GCC_473\Debug\Design02.a(ADC_DelSig_Ext_CP_Clk.o)
                0x000020e8                ADC_DelSig_Ext_CP_Clk_GetDividerRegister
 .text.ADC_DelSig_Ext_CP_Clk_SetModeRegister
                0x00002100       0x3c .\CortexM3\ARM_GCC_473\Debug\Design02.a(ADC_DelSig_Ext_CP_Clk.o)
                0x00002100                ADC_DelSig_Ext_CP_Clk_SetModeRegister
 .text.ADC_DelSig_Ext_CP_Clk_GetSourceRegister
                0x0000213c       0x20 .\CortexM3\ARM_GCC_473\Debug\Design02.a(ADC_DelSig_Ext_CP_Clk.o)
                0x0000213c                ADC_DelSig_Ext_CP_Clk_GetSourceRegister
 .text.ADC_DelSig_AMux_Start
                0x0000215c       0x3c .\CortexM3\ARM_GCC_473\Debug\Design02.a(ADC_DelSig_AMux.o)
                0x0000215c                ADC_DelSig_AMux_Start
 .text.ADC_DelSig_AMux_Select
                0x00002198       0x2c .\CortexM3\ARM_GCC_473\Debug\Design02.a(ADC_DelSig_AMux.o)
                0x00002198                ADC_DelSig_AMux_Select
 *fill*         0x000021c4        0x4 00
 .text          0x000021c8       0x28 .\CortexM3\ARM_GCC_473\Debug\Design02.a(CyBootAsmGnu.o)
                0x000021c8                CyDelayCycles
                0x000021dc                CyEnterCriticalSection
                0x000021e4                CyExitCriticalSection
 .text.CyDmacConfigure
                0x000021f0       0x70 .\CortexM3\ARM_GCC_473\Debug\Design02.a(CyDmac.o)
                0x000021f0                CyDmacConfigure
 .text.CyDmaChEnable
                0x00002260       0xbc .\CortexM3\ARM_GCC_473\Debug\Design02.a(CyDmac.o)
                0x00002260                CyDmaChEnable
 .text.CyDmaChPriority
                0x0000231c       0x70 .\CortexM3\ARM_GCC_473\Debug\Design02.a(CyDmac.o)
                0x0000231c                CyDmaChPriority
 .text.CyDmaChSetExtendedAddress
                0x0000238c       0x88 .\CortexM3\ARM_GCC_473\Debug\Design02.a(CyDmac.o)
                0x0000238c                CyDmaChSetExtendedAddress
 .text.CyDmaChSetInitialTd
                0x00002414       0x44 .\CortexM3\ARM_GCC_473\Debug\Design02.a(CyDmac.o)
                0x00002414                CyDmaChSetInitialTd
 .text.CyDmaChSetConfiguration
                0x00002458       0xa4 .\CortexM3\ARM_GCC_473\Debug\Design02.a(CyDmac.o)
                0x00002458                CyDmaChSetConfiguration
 .text.CyDmaTdAllocate
                0x000024fc       0x78 .\CortexM3\ARM_GCC_473\Debug\Design02.a(CyDmac.o)
                0x000024fc                CyDmaTdAllocate
 .text.CyDmaTdSetConfiguration
                0x00002574       0x7c .\CortexM3\ARM_GCC_473\Debug\Design02.a(CyDmac.o)
                0x00002574                CyDmaTdSetConfiguration
 .text.CyDmaTdSetAddress
                0x000025f0       0x68 .\CortexM3\ARM_GCC_473\Debug\Design02.a(CyDmac.o)
                0x000025f0                CyDmaTdSetAddress
 .text.CyHalt   0x00002658       0x18 .\CortexM3\ARM_GCC_473\Debug\Design02.a(CyLib.o)
                0x00002658                CyHalt
 .text.CyDelay  0x00002670       0x48 .\CortexM3\ARM_GCC_473\Debug\Design02.a(CyLib.o)
                0x00002670                CyDelay
 .text.CyDelayUs
                0x000026b8       0x28 .\CortexM3\ARM_GCC_473\Debug\Design02.a(CyLib.o)
                0x000026b8                CyDelayUs
 .text.CyIntSetVector
                0x000026e0       0x60 .\CortexM3\ARM_GCC_473\Debug\Design02.a(CyLib.o)
                0x000026e0                CyIntSetVector
 .text.CyIntSetPriority
                0x00002740       0x4c .\CortexM3\ARM_GCC_473\Debug\Design02.a(CyLib.o)
                0x00002740                CyIntSetPriority
 .text.Comp_2_Init
                0x0000278c       0x9c .\CortexM3\ARM_GCC_473\Debug\Design02.a(Comp_2.o)
                0x0000278c                Comp_2_Init
 .text.Comp_2_Enable
                0x00002828       0x44 .\CortexM3\ARM_GCC_473\Debug\Design02.a(Comp_2.o)
                0x00002828                Comp_2_Enable
 .text.Comp_2_Start
                0x0000286c       0x2c .\CortexM3\ARM_GCC_473\Debug\Design02.a(Comp_2.o)
                0x0000286c                Comp_2_Start
 .text.Comp_2_SetSpeed
                0x00002898       0xa0 .\CortexM3\ARM_GCC_473\Debug\Design02.a(Comp_2.o)
                0x00002898                Comp_2_SetSpeed
 .text.Comp_3_Init
                0x00002938       0x9c .\CortexM3\ARM_GCC_473\Debug\Design02.a(Comp_3.o)
                0x00002938                Comp_3_Init
 .text.Comp_3_Enable
                0x000029d4       0x44 .\CortexM3\ARM_GCC_473\Debug\Design02.a(Comp_3.o)
                0x000029d4                Comp_3_Enable
 .text.Comp_3_Start
                0x00002a18       0x2c .\CortexM3\ARM_GCC_473\Debug\Design02.a(Comp_3.o)
                0x00002a18                Comp_3_Start
 .text.Comp_3_SetSpeed
                0x00002a44       0xa0 .\CortexM3\ARM_GCC_473\Debug\Design02.a(Comp_3.o)
                0x00002a44                Comp_3_SetSpeed
 .text.LCD_Init
                0x00002ae4       0x90 .\CortexM3\ARM_GCC_473\Debug\Design02.a(LCD.o)
                0x00002ae4                LCD_Init
 .text.LCD_Enable
                0x00002b74       0x1c .\CortexM3\ARM_GCC_473\Debug\Design02.a(LCD.o)
                0x00002b74                LCD_Enable
 .text.LCD_Start
                0x00002b90       0x2c .\CortexM3\ARM_GCC_473\Debug\Design02.a(LCD.o)
                0x00002b90                LCD_Start
 .text.LCD_Position
                0x00002bbc       0x78 .\CortexM3\ARM_GCC_473\Debug\Design02.a(LCD.o)
                0x00002bbc                LCD_Position
 .text.LCD_PrintString
                0x00002c34       0x40 .\CortexM3\ARM_GCC_473\Debug\Design02.a(LCD.o)
                0x00002c34                LCD_PrintString
 .text.LCD_WriteData
                0x00002c74       0x38 .\CortexM3\ARM_GCC_473\Debug\Design02.a(LCD.o)
                0x00002c74                LCD_WriteData
 .text.LCD_WriteControl
                0x00002cac       0x38 .\CortexM3\ARM_GCC_473\Debug\Design02.a(LCD.o)
                0x00002cac                LCD_WriteControl
 .text.LCD_IsReady
                0x00002ce4      0x208 .\CortexM3\ARM_GCC_473\Debug\Design02.a(LCD.o)
                0x00002ce4                LCD_IsReady
 .text.LCD_WrDatNib
                0x00002eec       0xb0 .\CortexM3\ARM_GCC_473\Debug\Design02.a(LCD.o)
 .text.LCD_WrCntrlNib
                0x00002f9c       0x90 .\CortexM3\ARM_GCC_473\Debug\Design02.a(LCD.o)
 .text.Fault_isr_StartEx
                0x0000302c       0x28 .\CortexM3\ARM_GCC_473\Debug\Design02.a(Fault_isr.o)
                0x0000302c                Fault_isr_StartEx
 .text.Fault_isr_SetVector
                0x00003054       0x28 .\CortexM3\ARM_GCC_473\Debug\Design02.a(Fault_isr.o)
                0x00003054                Fault_isr_SetVector
 .text.Fault_isr_SetPriority
                0x0000307c       0x28 .\CortexM3\ARM_GCC_473\Debug\Design02.a(Fault_isr.o)
                0x0000307c                Fault_isr_SetPriority
 .text.Fault_isr_Enable
                0x000030a4       0x18 .\CortexM3\ARM_GCC_473\Debug\Design02.a(Fault_isr.o)
                0x000030a4                Fault_isr_Enable
 .text.Fault_isr_Disable
                0x000030bc       0x18 .\CortexM3\ARM_GCC_473\Debug\Design02.a(Fault_isr.o)
                0x000030bc                Fault_isr_Disable
 .text.ADC_DelSig_IRQ_Start
                0x000030d4       0x24 .\CortexM3\ARM_GCC_473\Debug\Design02.a(ADC_DelSig_IRQ.o)
                0x000030d4                ADC_DelSig_IRQ_Start
 .text.ADC_DelSig_IRQ_Interrupt
                0x000030f8        0xc .\CortexM3\ARM_GCC_473\Debug\Design02.a(ADC_DelSig_IRQ.o)
                0x000030f8                ADC_DelSig_IRQ_Interrupt
 .text.ADC_DelSig_IRQ_SetVector
                0x00003104       0x28 .\CortexM3\ARM_GCC_473\Debug\Design02.a(ADC_DelSig_IRQ.o)
                0x00003104                ADC_DelSig_IRQ_SetVector
 .text.ADC_DelSig_IRQ_SetPriority
                0x0000312c       0x28 .\CortexM3\ARM_GCC_473\Debug\Design02.a(ADC_DelSig_IRQ.o)
                0x0000312c                ADC_DelSig_IRQ_SetPriority
 .text.ADC_DelSig_IRQ_Enable
                0x00003154       0x18 .\CortexM3\ARM_GCC_473\Debug\Design02.a(ADC_DelSig_IRQ.o)
                0x00003154                ADC_DelSig_IRQ_Enable
 .text.ADC_DelSig_IRQ_Disable
                0x0000316c       0x18 .\CortexM3\ARM_GCC_473\Debug\Design02.a(ADC_DelSig_IRQ.o)
                0x0000316c                ADC_DelSig_IRQ_Disable
 .text.__libc_init_array
                0x00003184       0x4c c:/program files (x86)/cypress/psoc creator/3.0/psoc creator/import/gnu_cs/arm/4.7.3/bin/../lib/gcc/arm-none-eabi/4.7.3/../../../../arm-none-eabi/lib/armv7-m\libc_s.a(lib_a-init.o)
                0x00003184                __libc_init_array
 .text.memcpy   0x000031d0       0x12 c:/program files (x86)/cypress/psoc creator/3.0/psoc creator/import/gnu_cs/arm/4.7.3/bin/../lib/gcc/arm-none-eabi/4.7.3/../../../../arm-none-eabi/lib/armv7-m\libc_s.a(lib_a-memcpy.o)
                0x000031d0                memcpy
 .text.memset   0x000031e2       0x10 c:/program files (x86)/cypress/psoc creator/3.0/psoc creator/import/gnu_cs/arm/4.7.3/bin/../lib/gcc/arm-none-eabi/4.7.3/../../../../arm-none-eabi/lib/armv7-m\libc_s.a(lib_a-memset.o)
                0x000031e2                memset
 *fill*         0x000031f2        0x2 00
 .text.sprintf  0x000031f4       0x48 c:/program files (x86)/cypress/psoc creator/3.0/psoc creator/import/gnu_cs/arm/4.7.3/bin/../lib/gcc/arm-none-eabi/4.7.3/../../../../arm-none-eabi/lib/armv7-m\libc_s.a(lib_a-sprintf.o)
                0x000031f4                siprintf
                0x000031f4                sprintf
 .text.__ssputc_r
                0x0000323c       0xae c:/program files (x86)/cypress/psoc creator/3.0/psoc creator/import/gnu_cs/arm/4.7.3/bin/../lib/gcc/arm-none-eabi/4.7.3/../../../../arm-none-eabi/lib/armv7-m\libc_s.a(lib_a-svfprintf.o)
                0x0000323c                __ssputc_r
 *fill*         0x000032ea        0x2 00
 .text._svfprintf_r
                0x000032ec      0x1f4 c:/program files (x86)/cypress/psoc creator/3.0/psoc creator/import/gnu_cs/arm/4.7.3/bin/../lib/gcc/arm-none-eabi/4.7.3/../../../../arm-none-eabi/lib/armv7-m\libc_s.a(lib_a-svfprintf.o)
                0x000032ec                _svfiprintf_r
                0x000032ec                _svfprintf_r
 .text._printf_common
                0x000034e0       0xde c:/program files (x86)/cypress/psoc creator/3.0/psoc creator/import/gnu_cs/arm/4.7.3/bin/../lib/gcc/arm-none-eabi/4.7.3/../../../../arm-none-eabi/lib/armv7-m\libc_s.a(lib_a-vfprintf_i.o)
                0x000034e0                _printf_common
 *fill*         0x000035be        0x2 00
 .text._printf_i
                0x000035c0      0x248 c:/program files (x86)/cypress/psoc creator/3.0/psoc creator/import/gnu_cs/arm/4.7.3/bin/../lib/gcc/arm-none-eabi/4.7.3/../../../../arm-none-eabi/lib/armv7-m\libc_s.a(lib_a-vfprintf_i.o)
                0x000035c0                _printf_i
 .text._free_r  0x00003808       0x88 c:/program files (x86)/cypress/psoc creator/3.0/psoc creator/import/gnu_cs/arm/4.7.3/bin/../lib/gcc/arm-none-eabi/4.7.3/../../../../arm-none-eabi/lib/armv7-m\libc_s.a(lib_a-freer.o)
                0x00003808                _free_r
 .text._malloc_r
                0x00003890       0x94 c:/program files (x86)/cypress/psoc creator/3.0/psoc creator/import/gnu_cs/arm/4.7.3/bin/../lib/gcc/arm-none-eabi/4.7.3/../../../../arm-none-eabi/lib/armv7-m\libc_s.a(lib_a-mallocr.o)
                0x00003890                _malloc_r
 .text.memchr   0x00003924       0x1c c:/program files (x86)/cypress/psoc creator/3.0/psoc creator/import/gnu_cs/arm/4.7.3/bin/../lib/gcc/arm-none-eabi/4.7.3/../../../../arm-none-eabi/lib/armv7-m\libc_s.a(lib_a-memchr.o)
                0x00003924                memchr
 .text._realloc_r
                0x00003940       0x48 c:/program files (x86)/cypress/psoc creator/3.0/psoc creator/import/gnu_cs/arm/4.7.3/bin/../lib/gcc/arm-none-eabi/4.7.3/../../../../arm-none-eabi/lib/armv7-m\libc_s.a(lib_a-reallocr.o)
                0x00003940                _realloc_r
 .text._sbrk_r  0x00003988       0x20 c:/program files (x86)/cypress/psoc creator/3.0/psoc creator/import/gnu_cs/arm/4.7.3/bin/../lib/gcc/arm-none-eabi/4.7.3/../../../../arm-none-eabi/lib/armv7-m\libc_s.a(lib_a-sbrkr.o)
                0x00003988                _sbrk_r
 .text.strlen   0x000039a8       0x10 c:/program files (x86)/cypress/psoc creator/3.0/psoc creator/import/gnu_cs/arm/4.7.3/bin/../lib/gcc/arm-none-eabi/4.7.3/../../../../arm-none-eabi/lib/armv7-m\libc_s.a(lib_a-strlen.o)
                0x000039a8                strlen
 .text._malloc_usable_size_r
                0x000039b8       0x12 c:/program files (x86)/cypress/psoc creator/3.0/psoc creator/import/gnu_cs/arm/4.7.3/bin/../lib/gcc/arm-none-eabi/4.7.3/../../../../arm-none-eabi/lib/armv7-m\libc_s.a(lib_a-msizer.o)
                0x000039b8                _malloc_usable_size_r
 *fill*         0x000039ca        0x2 00
 .text._sbrk    0x000039cc       0x34 c:/program files (x86)/cypress/psoc creator/3.0/psoc creator/import/gnu_cs/arm/4.7.3/bin/../lib/gcc/arm-none-eabi/4.7.3/../../../../arm-none-eabi/lib/armv7-m\libnosys.a(sbrk.o)
                0x000039cc                _sbrk
 *(.plt)
 *(.gnu.warning)
 *(.glue_7t)
 .glue_7t       0x00000000        0x0 linker stubs
 *(.glue_7)
 .glue_7        0x00000000        0x0 linker stubs
 *(.vfp11_veneer)
 .vfp11_veneer  0x00000000        0x0 linker stubs
 *(.bootloader)
 *(.ARM.extab* .gnu.linkonce.armextab.*)
 *(.gcc_except_table)

.v4_bx          0x00003a00        0x0
 .v4_bx         0x00000000        0x0 linker stubs

.iplt           0x00003a00        0x0
 .iplt          0x00000000        0x0 c:/program files (x86)/cypress/psoc creator/3.0/psoc creator/import/gnu_cs/arm/4.7.3/bin/../lib/gcc/arm-none-eabi/4.7.3/armv7-m/crtbegin.o

.eh_frame_hdr
 *(.eh_frame_hdr)

.eh_frame       0x00003a00        0x4
 *(.eh_frame)
 .eh_frame      0x00003a00        0x0 c:/program files (x86)/cypress/psoc creator/3.0/psoc creator/import/gnu_cs/arm/4.7.3/bin/../lib/gcc/arm-none-eabi/4.7.3/armv7-m/crtbegin.o
 .eh_frame      0x00003a00        0x4 c:/program files (x86)/cypress/psoc creator/3.0/psoc creator/import/gnu_cs/arm/4.7.3/bin/../lib/gcc/arm-none-eabi/4.7.3/armv7-m/crtend.o
                0x00003a04                PROVIDE (__exidx_start, .)

.ARM.exidx
 *(.ARM.exidx* .gnu.linkonce.armexidx.*)
                0x00003a04                __exidx_end = .

.rodata         0x00003a04      0x7d4
 *(.rodata .rodata.* .gnu.linkonce.r.*)
 .rodata        0x00003a04       0x1c .\CortexM3\ARM_GCC_473\Debug\main.o
 .rodata        0x00003a20      0x108 .\CortexM3\ARM_GCC_473\Debug\Design02.a(cyfitter_cfg.o)
                0x00003a20                ADC_DelSig_AMux__addrTable
                0x00003a28                ADC_DelSig_AMux__maskTable
 .rodata        0x00003b28      0x640 .\CortexM3\ARM_GCC_473\Debug\Design02.a(Filter_RAM_Data.o)
                0x00003b28                Filter_control
                0x00003c28                Filter_data_a
                0x00003e28                Filter_data_b
                0x00004028                Filter_acu
                0x00004068                Filter_cfsm
 .rodata.str1.1
                0x00004168        0x2 c:/program files (x86)/cypress/psoc creator/3.0/psoc creator/import/gnu_cs/arm/4.7.3/bin/../lib/gcc/arm-none-eabi/4.7.3/../../../../arm-none-eabi/lib/armv7-m\libc_s.a(lib_a-impure.o)
 .rodata.str1.1
                0x0000416a       0x11 c:/program files (x86)/cypress/psoc creator/3.0/psoc creator/import/gnu_cs/arm/4.7.3/bin/../lib/gcc/arm-none-eabi/4.7.3/../../../../arm-none-eabi/lib/armv7-m\libc_s.a(lib_a-svfprintf.o)
 .rodata.str1.1
                0x0000417b       0x22 c:/program files (x86)/cypress/psoc creator/3.0/psoc creator/import/gnu_cs/arm/4.7.3/bin/../lib/gcc/arm-none-eabi/4.7.3/../../../../arm-none-eabi/lib/armv7-m\libc_s.a(lib_a-vfprintf_i.o)
                0x000041a0                . = ALIGN (0x4)
 *fill*         0x0000419d        0x3 00
 *(.init)
 .init          0x000041a0        0x4 c:/program files (x86)/cypress/psoc creator/3.0/psoc creator/import/gnu_cs/arm/4.7.3/bin/../lib/gcc/arm-none-eabi/4.7.3/armv7-m/crti.o
                0x000041a0                _init
 .init          0x000041a4        0x8 c:/program files (x86)/cypress/psoc creator/3.0/psoc creator/import/gnu_cs/arm/4.7.3/bin/../lib/gcc/arm-none-eabi/4.7.3/armv7-m/crtn.o
                0x000041ac                . = ALIGN (0x4)
                0x000041ac                __preinit_array_start = .
 *(.preinit_array)
                0x000041ac                __preinit_array_end = .
                0x000041ac                . = ALIGN (0x4)
                0x000041ac                __init_array_start = .
 *(SORT(.init_array.*))
 *(.init_array)
 .init_array    0x000041ac        0x4 c:/program files (x86)/cypress/psoc creator/3.0/psoc creator/import/gnu_cs/arm/4.7.3/bin/../lib/gcc/arm-none-eabi/4.7.3/armv7-m/crtbegin.o
 .init_array    0x000041b0        0x4 .\CortexM3\ARM_GCC_473\Debug\Cm3Start.o
                0x000041b4                __init_array_end = .
                0x000041b4                . = ALIGN (0x4)
 *(.fini)
 .fini          0x000041b4        0x4 c:/program files (x86)/cypress/psoc creator/3.0/psoc creator/import/gnu_cs/arm/4.7.3/bin/../lib/gcc/arm-none-eabi/4.7.3/armv7-m/crti.o
                0x000041b4                _fini
 .fini          0x000041b8        0x8 c:/program files (x86)/cypress/psoc creator/3.0/psoc creator/import/gnu_cs/arm/4.7.3/bin/../lib/gcc/arm-none-eabi/4.7.3/armv7-m/crtn.o
                0x000041c0                . = ALIGN (0x4)
                0x000041c0                __fini_array_start = .
 *(.fini_array)
 .fini_array    0x000041c0        0x4 c:/program files (x86)/cypress/psoc creator/3.0/psoc creator/import/gnu_cs/arm/4.7.3/bin/../lib/gcc/arm-none-eabi/4.7.3/armv7-m/crtbegin.o
 *(SORT(.fini_array.*))
                0x000041c4                __fini_array_end = .
                0x000041c4                . = ALIGN (0x4)
 *crtbegin.o(.ctors)
 *(EXCLUDE_FILE(*crtend.o) .ctors)
 *(SORT(.ctors.*))
 *crtend.o(.ctors)
                0x000041c4                . = ALIGN (0x4)
 *crtbegin.o(.dtors)
 *(EXCLUDE_FILE(*crtend.o) .dtors)
 *(SORT(.dtors.*))
 *crtend.o(.dtors)
                0x000041c4                . = ALIGN (0x4)
                0x000041c4                __cy_regions = .
                0x000041c4        0x4 LONG 0x41d8 __cy_region_init_ram
                0x000041c8        0x4 LONG 0x1fff8108 __cy_region_start_data
                0x000041cc        0x4 LONG 0x88 __cy_region_init_size_ram
                0x000041d0        0x4 LONG 0x50 __cy_region_zero_size_ram
                0x000041d4                __cy_regions_end = .
                0x000041d8                . = ALIGN (0x8)
 *fill*         0x000041d4        0x4 00
                0x000041d8                _etext = .

.ramvectors     0x1fff8000      0x100
                0x1fff8000                __cy_region_start_ram = .
 *(.ramvectors)
 .ramvectors    0x1fff8000      0x100 .\CortexM3\ARM_GCC_473\Debug\Cm3Start.o
                0x1fff8000                CyRamVectors

.noinit         0x1fff8100        0x5
 *(.noinit)
 .noinit        0x1fff8100        0x4 .\CortexM3\ARM_GCC_473\Debug\Cm3Start.o
 .noinit        0x1fff8104        0x1 .\CortexM3\ARM_GCC_473\Debug\Design02.a(CyLib.o)
                0x1fff8104                CyResetStatus

.data           0x1fff8108       0x88 load address 0x000041d8
                0x1fff8108                __cy_region_start_data = .
 *(.jcr)
 .jcr           0x1fff8108        0x0 c:/program files (x86)/cypress/psoc creator/3.0/psoc creator/import/gnu_cs/arm/4.7.3/bin/../lib/gcc/arm-none-eabi/4.7.3/armv7-m/crtbegin.o
 .jcr           0x1fff8108        0x4 c:/program files (x86)/cypress/psoc creator/3.0/psoc creator/import/gnu_cs/arm/4.7.3/bin/../lib/gcc/arm-none-eabi/4.7.3/armv7-m/crtend.o
 *(.got.plt)
 *(.got)
 *(.shdata)
 *(.data .data.* .gnu.linkonce.d.*)
 .data          0x1fff810c        0x1 .\CortexM3\ARM_GCC_473\Debug\Design02.a(DMA_dma.o)
                0x1fff810c                DMA_DmaHandle
 .data          0x1fff810d        0x1 .\CortexM3\ARM_GCC_473\Debug\Design02.a(ADC_DelSig.o)
                0x1fff810d                ADC_DelSig_Config
 .data          0x1fff810e        0x1 .\CortexM3\ARM_GCC_473\Debug\Design02.a(ADC_DelSig_AMux.o)
 *fill*         0x1fff810f        0x1 00
 .data          0x1fff8110        0x8 .\CortexM3\ARM_GCC_473\Debug\Design02.a(CyDmac.o)
 .data          0x1fff8118       0x10 .\CortexM3\ARM_GCC_473\Debug\Design02.a(CyLib.o)
                0x1fff8118                cydelay_freq_hz
                0x1fff811c                cydelay_freq_khz
                0x1fff8120                cydelay_freq_mhz
                0x1fff8124                cydelay_32k_ms
 .data.impure_data
                0x1fff8128       0x64 c:/program files (x86)/cypress/psoc creator/3.0/psoc creator/import/gnu_cs/arm/4.7.3/bin/../lib/gcc/arm-none-eabi/4.7.3/../../../../arm-none-eabi/lib/armv7-m\libc_s.a(lib_a-impure.o)
 .data._impure_ptr
                0x1fff818c        0x4 c:/program files (x86)/cypress/psoc creator/3.0/psoc creator/import/gnu_cs/arm/4.7.3/bin/../lib/gcc/arm-none-eabi/4.7.3/../../../../arm-none-eabi/lib/armv7-m\libc_s.a(lib_a-impure.o)
                0x1fff818c                _impure_ptr
                0x1fff8190                . = ALIGN (0x8)
 *(.ram)
                0x1fff8190                _edata = .

.igot.plt       0x1fff8190        0x0 load address 0x00004260
 .igot.plt      0x00000000        0x0 c:/program files (x86)/cypress/psoc creator/3.0/psoc creator/import/gnu_cs/arm/4.7.3/bin/../lib/gcc/arm-none-eabi/4.7.3/armv7-m/crtbegin.o

.bss            0x1fff8190       0x50 load address 0x00004260
                0x1fff8190                PROVIDE (__bss_start__, .)
 *(.shbss)
 *(.bss .bss.* .gnu.linkonce.b.*)
 .bss           0x1fff8190       0x1c c:/program files (x86)/cypress/psoc creator/3.0/psoc creator/import/gnu_cs/arm/4.7.3/bin/../lib/gcc/arm-none-eabi/4.7.3/armv7-m/crtbegin.o
 .bss           0x1fff81ac        0x4 .\CortexM3\ARM_GCC_473\Debug\main.o
                0x1fff81ac                filterStatus
                0x1fff81ad                faultStatus
                0x1fff81ae                filter_read
                0x1fff81af                filter_readold
 .bss           0x1fff81b0        0x8 .\CortexM3\ARM_GCC_473\Debug\Design02.a(cyfitter_cfg.o)
 .bss           0x1fff81b8        0x8 .\CortexM3\ARM_GCC_473\Debug\Design02.a(ADC_DelSig.o)
                0x1fff81b8                ADC_DelSig_convDone
                0x1fff81b9                ADC_DelSig_stopConversion
                0x1fff81ba                ADC_DelSig_initVar
                0x1fff81bb                ADC_DelSig_started
 .bss           0x1fff81c0        0x1 .\CortexM3\ARM_GCC_473\Debug\Design02.a(VDAC8.o)
                0x1fff81c0                VDAC8_initVar
 .bss           0x1fff81c1        0x1 .\CortexM3\ARM_GCC_473\Debug\Design02.a(Comp_1.o)
                0x1fff81c1                Comp_1_initVar
 .bss           0x1fff81c2        0x1 .\CortexM3\ARM_GCC_473\Debug\Design02.a(Filter.o)
                0x1fff81c2                Filter_initVar
 .bss           0x1fff81c3        0x1 .\CortexM3\ARM_GCC_473\Debug\Design02.a(Comp_2.o)
                0x1fff81c3                Comp_2_initVar
 .bss           0x1fff81c4        0x1 .\CortexM3\ARM_GCC_473\Debug\Design02.a(Comp_3.o)
                0x1fff81c4                Comp_3_initVar
 .bss           0x1fff81c5        0x2 .\CortexM3\ARM_GCC_473\Debug\Design02.a(LCD.o)
                0x1fff81c5                LCD_enableState
                0x1fff81c6                LCD_initVar
 *fill*         0x1fff81c7        0x1 00
 .bss.__malloc_free_list
                0x1fff81c8        0x4 c:/program files (x86)/cypress/psoc creator/3.0/psoc creator/import/gnu_cs/arm/4.7.3/bin/../lib/gcc/arm-none-eabi/4.7.3/../../../../arm-none-eabi/lib/armv7-m\libc_s.a(lib_a-mallocr.o)
                0x1fff81c8                __malloc_free_list
 .bss.heap_end.4231
                0x1fff81cc        0x4 c:/program files (x86)/cypress/psoc creator/3.0/psoc creator/import/gnu_cs/arm/4.7.3/bin/../lib/gcc/arm-none-eabi/4.7.3/../../../../arm-none-eabi/lib/armv7-m\libnosys.a(sbrk.o)
 *(COMMON)
 COMMON         0x1fff81d0        0x8 .\CortexM3\ARM_GCC_473\Debug\Design02.a(ADC_DelSig.o)
                0x1fff81d0                ADC_DelSig_CountsPerVolt
                0x1fff81d4                ADC_DelSig_Offset
 COMMON         0x1fff81d8        0x4 c:/program files (x86)/cypress/psoc creator/3.0/psoc creator/import/gnu_cs/arm/4.7.3/bin/../lib/gcc/arm-none-eabi/4.7.3/../../../../arm-none-eabi/lib/armv7-m\libc_s.a(lib_a-reent.o)
                0x1fff81d8                errno
                0x1fff81e0                . = ALIGN (0x8)
 *fill*         0x1fff81dc        0x4 00
 *(.ram.b)
                0x1fff81e0                _end = .
                0x1fff81e0                __end = .
                0x1fff81e0                PROVIDE (end, .)
                0x1fff81e0                PROVIDE (__bss_end__, .)
                0x000041d8                __cy_region_init_ram = LOADADDR (.data)
                0x00000088                __cy_region_init_size_ram = (_edata - ADDR (.data))
                0x00000050                __cy_region_zero_size_ram = (_end - _edata)

.heap           0x1fff81e0     0x1000 load address 0x00004260
                0x1fff81e0                . = _end
                0x1fff91e0                . = (. + 0x1000)
 *fill*         0x1fff81e0     0x1000 00
                0x1fff91e0                __cy_heap_limit = .

.stack          0x20004000     0x4000
                0x20004000                __cy_stack_limit = .
                0x20008000                . = (. + 0x4000)
 *fill*         0x20004000     0x4000 00
                0x00000001                ASSERT ((__cy_stack_limit >= __cy_heap_limit), region RAM overflowed with stack)

.cyloadermeta
 *(.cyloadermeta)

.cyloadablemeta
 *(.cyloadablemeta)

.cyconfigecc    0x80000000      0xec0
 *(.cyconfigecc)
 .cyconfigecc   0x80000000      0xec0 .\CortexM3\ARM_GCC_473\Debug\cymetadata.o
                0x80000000                cy_meta_configecc

.cycustnvl      0x90000000        0x4
 *(.cycustnvl)
 .cycustnvl     0x90000000        0x4 .\CortexM3\ARM_GCC_473\Debug\cymetadata.o
                0x90000000                cy_meta_custnvl

.cywolatch      0x90100000        0x4
 *(.cywolatch)
 .cywolatch     0x90100000        0x4 .\CortexM3\ARM_GCC_473\Debug\cymetadata.o
                0x90100000                cy_meta_wonvl

.cyeeprom       0x90200000        0x0
 *(.cyeeprom)
                0x00000001                ASSERT ((. <= ((0x90200000 + ee_offset) + ee_size)), .cyeeprom data will not fit in EEPROM)

.cyflashprotect
                0x90400000      0x100
 *(.cyflashprotect)
 .cyflashprotect
                0x90400000      0x100 .\CortexM3\ARM_GCC_473\Debug\cymetadata.o
                0x90400000                cy_meta_flashprotect

.cymeta         0x90500000        0xc
 *(.cymeta)
 .cymeta        0x90500000        0xc .\CortexM3\ARM_GCC_473\Debug\cymetadata.o
                0x90500000                cy_metadata

.rel.dyn        0x00004260        0x0 load address 0x9050000c
 .rel.iplt      0x00000000        0x0 c:/program files (x86)/cypress/psoc creator/3.0/psoc creator/import/gnu_cs/arm/4.7.3/bin/../lib/gcc/arm-none-eabi/4.7.3/armv7-m/crtbegin.o

.stab
 *(.stab)

.stabstr
 *(.stabstr)

.debug
 *(.debug)

.line
 *(.line)

.debug_srcinfo
 *(.debug_srcinfo)

.debug_sfnames
 *(.debug_sfnames)

.debug_aranges  0x00000000      0xc50
 *(.debug_aranges)
 .debug_aranges
                0x00000000       0x38 .\CortexM3\ARM_GCC_473\Debug\main.o
 .debug_aranges
                0x00000038       0x40 .\CortexM3\ARM_GCC_473\Debug\Cm3Start.o
 .debug_aranges
                0x00000078       0x18 .\CortexM3\ARM_GCC_473\Debug\cymetadata.o
 .debug_aranges
                0x00000090       0x70 .\CortexM3\ARM_GCC_473\Debug\Design02.a(cyfitter_cfg.o)
 .debug_aranges
                0x00000100       0x28 .\CortexM3\ARM_GCC_473\Debug\Design02.a(DMA_dma.o)
 .debug_aranges
                0x00000128       0x80 .\CortexM3\ARM_GCC_473\Debug\Design02.a(isr.o)
 .debug_aranges
                0x000001a8       0xe8 .\CortexM3\ARM_GCC_473\Debug\Design02.a(ADC_DelSig.o)
 .debug_aranges
                0x00000290       0x38 .\CortexM3\ARM_GCC_473\Debug\Design02.a(ADC_DelSig_INT.o)
 .debug_aranges
                0x000002c8       0x58 .\CortexM3\ARM_GCC_473\Debug\Design02.a(VDAC8.o)
 .debug_aranges
                0x00000320       0x70 .\CortexM3\ARM_GCC_473\Debug\Design02.a(Comp_1.o)
 .debug_aranges
                0x00000390       0x70 .\CortexM3\ARM_GCC_473\Debug\Design02.a(Filter.o)
 .debug_aranges
                0x00000400       0x28 .\CortexM3\ARM_GCC_473\Debug\Design02.a(Filter_PVT.o)
 .debug_aranges
                0x00000428       0x18 .\CortexM3\ARM_GCC_473\Debug\Design02.a(Filter_RAM_Data.o)
 .debug_aranges
                0x00000440       0x80 .\CortexM3\ARM_GCC_473\Debug\Design02.a(ADC_DelSig_theACLK.o)
 .debug_aranges
                0x000004c0       0x70 .\CortexM3\ARM_GCC_473\Debug\Design02.a(ADC_DelSig_Ext_CP_Clk.o)
 .debug_aranges
                0x00000530       0x30 .\CortexM3\ARM_GCC_473\Debug\Design02.a(ADC_DelSig_AMux.o)
 .debug_aranges
                0x00000560       0x20 .\CortexM3\ARM_GCC_473\Debug\Design02.a(CyBootAsmGnu.o)
 .debug_aranges
                0x00000580       0xd8 .\CortexM3\ARM_GCC_473\Debug\Design02.a(CyDmac.o)
 .debug_aranges
                0x00000658      0x218 .\CortexM3\ARM_GCC_473\Debug\Design02.a(CyLib.o)
 .debug_aranges
                0x00000870       0x90 .\CortexM3\ARM_GCC_473\Debug\Design02.a(cyPm.o)
 .debug_aranges
                0x00000900       0x70 .\CortexM3\ARM_GCC_473\Debug\Design02.a(Comp_2.o)
 .debug_aranges
                0x00000970       0x70 .\CortexM3\ARM_GCC_473\Debug\Design02.a(Comp_3.o)
 .debug_aranges
                0x000009e0       0x90 .\CortexM3\ARM_GCC_473\Debug\Design02.a(LCD.o)
 .debug_aranges
                0x00000a70       0x80 .\CortexM3\ARM_GCC_473\Debug\Design02.a(Fault_isr.o)
 .debug_aranges
                0x00000af0       0x80 .\CortexM3\ARM_GCC_473\Debug\Design02.a(ADC_DelSig_IRQ.o)
 .debug_aranges
                0x00000b70       0x78 .\CortexM3\ARM_GCC_473\Debug\Design02.a(CyFlash.o)
 .debug_aranges
                0x00000be8       0x68 .\CortexM3\ARM_GCC_473\Debug\Design02.a(CySpc.o)

.debug_pubnames
 *(.debug_pubnames)

.debug_info     0x00000000     0x5850
 *(.debug_info .gnu.linkonce.wi.*)
 .debug_info    0x00000000      0x1d7 .\CortexM3\ARM_GCC_473\Debug\main.o
 .debug_info    0x000001d7      0x2ea .\CortexM3\ARM_GCC_473\Debug\Cm3Start.o
 .debug_info    0x000004c1      0x143 .\CortexM3\ARM_GCC_473\Debug\cymetadata.o
 .debug_info    0x00000604      0x493 .\CortexM3\ARM_GCC_473\Debug\Design02.a(cyfitter_cfg.o)
 .debug_info    0x00000a97      0x121 .\CortexM3\ARM_GCC_473\Debug\Design02.a(DMA_dma.o)
 .debug_info    0x00000bb8      0x278 .\CortexM3\ARM_GCC_473\Debug\Design02.a(isr.o)
 .debug_info    0x00000e30      0x7a9 .\CortexM3\ARM_GCC_473\Debug\Design02.a(ADC_DelSig.o)
 .debug_info    0x000015d9       0xe4 .\CortexM3\ARM_GCC_473\Debug\Design02.a(ADC_DelSig_INT.o)
 .debug_info    0x000016bd      0x1b0 .\CortexM3\ARM_GCC_473\Debug\Design02.a(VDAC8.o)
 .debug_info    0x0000186d      0x276 .\CortexM3\ARM_GCC_473\Debug\Design02.a(Comp_1.o)
 .debug_info    0x00001ae3      0x371 .\CortexM3\ARM_GCC_473\Debug\Design02.a(Filter.o)
 .debug_info    0x00001e54       0xf5 .\CortexM3\ARM_GCC_473\Debug\Design02.a(Filter_PVT.o)
 .debug_info    0x00001f49      0x12f .\CortexM3\ARM_GCC_473\Debug\Design02.a(Filter_RAM_Data.o)
 .debug_info    0x00002078      0x2da .\CortexM3\ARM_GCC_473\Debug\Design02.a(ADC_DelSig_theACLK.o)
 .debug_info    0x00002352      0x294 .\CortexM3\ARM_GCC_473\Debug\Design02.a(ADC_DelSig_Ext_CP_Clk.o)
 .debug_info    0x000025e6      0x11c .\CortexM3\ARM_GCC_473\Debug\Design02.a(ADC_DelSig_AMux.o)
 .debug_info    0x00002702       0x9f .\CortexM3\ARM_GCC_473\Debug\Design02.a(CyBootAsmGnu.o)
 .debug_info    0x000027a1      0x93a .\CortexM3\ARM_GCC_473\Debug\Design02.a(CyDmac.o)
 .debug_info    0x000030db      0xcd7 .\CortexM3\ARM_GCC_473\Debug\Design02.a(CyLib.o)
 .debug_info    0x00003db2      0x5c3 .\CortexM3\ARM_GCC_473\Debug\Design02.a(cyPm.o)
 .debug_info    0x00004375      0x276 .\CortexM3\ARM_GCC_473\Debug\Design02.a(Comp_2.o)
 .debug_info    0x000045eb      0x276 .\CortexM3\ARM_GCC_473\Debug\Design02.a(Comp_3.o)
 .debug_info    0x00004861      0x3d2 .\CortexM3\ARM_GCC_473\Debug\Design02.a(LCD.o)
 .debug_info    0x00004c33      0x278 .\CortexM3\ARM_GCC_473\Debug\Design02.a(Fault_isr.o)
 .debug_info    0x00004eab      0x278 .\CortexM3\ARM_GCC_473\Debug\Design02.a(ADC_DelSig_IRQ.o)
 .debug_info    0x00005123      0x354 .\CortexM3\ARM_GCC_473\Debug\Design02.a(CyFlash.o)
 .debug_info    0x00005477      0x3d9 .\CortexM3\ARM_GCC_473\Debug\Design02.a(CySpc.o)

.debug_abbrev   0x00000000     0x1ce8
 *(.debug_abbrev)
 .debug_abbrev  0x00000000       0xe5 .\CortexM3\ARM_GCC_473\Debug\main.o
 .debug_abbrev  0x000000e5      0x175 .\CortexM3\ARM_GCC_473\Debug\Cm3Start.o
 .debug_abbrev  0x0000025a       0x77 .\CortexM3\ARM_GCC_473\Debug\cymetadata.o
 .debug_abbrev  0x000002d1      0x189 .\CortexM3\ARM_GCC_473\Debug\Design02.a(cyfitter_cfg.o)
 .debug_abbrev  0x0000045a       0x8d .\CortexM3\ARM_GCC_473\Debug\Design02.a(DMA_dma.o)
 .debug_abbrev  0x000004e7      0x12d .\CortexM3\ARM_GCC_473\Debug\Design02.a(isr.o)
 .debug_abbrev  0x00000614      0x192 .\CortexM3\ARM_GCC_473\Debug\Design02.a(ADC_DelSig.o)
 .debug_abbrev  0x000007a6       0x44 .\CortexM3\ARM_GCC_473\Debug\Design02.a(ADC_DelSig_INT.o)
 .debug_abbrev  0x000007ea       0xed .\CortexM3\ARM_GCC_473\Debug\Design02.a(VDAC8.o)
 .debug_abbrev  0x000008d7      0x148 .\CortexM3\ARM_GCC_473\Debug\Design02.a(Comp_1.o)
 .debug_abbrev  0x00000a1f      0x142 .\CortexM3\ARM_GCC_473\Debug\Design02.a(Filter.o)
 .debug_abbrev  0x00000b61       0x81 .\CortexM3\ARM_GCC_473\Debug\Design02.a(Filter_PVT.o)
 .debug_abbrev  0x00000be2       0x66 .\CortexM3\ARM_GCC_473\Debug\Design02.a(Filter_RAM_Data.o)
 .debug_abbrev  0x00000c48      0x11f .\CortexM3\ARM_GCC_473\Debug\Design02.a(ADC_DelSig_theACLK.o)
 .debug_abbrev  0x00000d67      0x11f .\CortexM3\ARM_GCC_473\Debug\Design02.a(ADC_DelSig_Ext_CP_Clk.o)
 .debug_abbrev  0x00000e86       0x71 .\CortexM3\ARM_GCC_473\Debug\Design02.a(ADC_DelSig_AMux.o)
 .debug_abbrev  0x00000ef7       0x14 .\CortexM3\ARM_GCC_473\Debug\Design02.a(CyBootAsmGnu.o)
 .debug_abbrev  0x00000f0b      0x189 .\CortexM3\ARM_GCC_473\Debug\Design02.a(CyDmac.o)
 .debug_abbrev  0x00001094      0x207 .\CortexM3\ARM_GCC_473\Debug\Design02.a(CyLib.o)
 .debug_abbrev  0x0000129b      0x170 .\CortexM3\ARM_GCC_473\Debug\Design02.a(cyPm.o)
 .debug_abbrev  0x0000140b      0x148 .\CortexM3\ARM_GCC_473\Debug\Design02.a(Comp_2.o)
 .debug_abbrev  0x00001553      0x148 .\CortexM3\ARM_GCC_473\Debug\Design02.a(Comp_3.o)
 .debug_abbrev  0x0000169b      0x122 .\CortexM3\ARM_GCC_473\Debug\Design02.a(LCD.o)
 .debug_abbrev  0x000017bd      0x12d .\CortexM3\ARM_GCC_473\Debug\Design02.a(Fault_isr.o)
 .debug_abbrev  0x000018ea      0x12d .\CortexM3\ARM_GCC_473\Debug\Design02.a(ADC_DelSig_IRQ.o)
 .debug_abbrev  0x00001a17      0x172 .\CortexM3\ARM_GCC_473\Debug\Design02.a(CyFlash.o)
 .debug_abbrev  0x00001b89      0x15f .\CortexM3\ARM_GCC_473\Debug\Design02.a(CySpc.o)

.debug_line     0x00000000     0x2cbf
 *(.debug_line)
 .debug_line    0x00000000      0x179 .\CortexM3\ARM_GCC_473\Debug\main.o
 .debug_line    0x00000179      0x1af .\CortexM3\ARM_GCC_473\Debug\Cm3Start.o
 .debug_line    0x00000328       0x53 .\CortexM3\ARM_GCC_473\Debug\cymetadata.o
 .debug_line    0x0000037b      0x275 .\CortexM3\ARM_GCC_473\Debug\Design02.a(cyfitter_cfg.o)
 .debug_line    0x000005f0       0x79 .\CortexM3\ARM_GCC_473\Debug\Design02.a(DMA_dma.o)
 .debug_line    0x00000669      0x14e .\CortexM3\ARM_GCC_473\Debug\Design02.a(isr.o)
 .debug_line    0x000007b7      0x367 .\CortexM3\ARM_GCC_473\Debug\Design02.a(ADC_DelSig.o)
 .debug_line    0x00000b1e       0x95 .\CortexM3\ARM_GCC_473\Debug\Design02.a(ADC_DelSig_INT.o)
 .debug_line    0x00000bb3       0xf2 .\CortexM3\ARM_GCC_473\Debug\Design02.a(VDAC8.o)
 .debug_line    0x00000ca5      0x16b .\CortexM3\ARM_GCC_473\Debug\Design02.a(Comp_1.o)
 .debug_line    0x00000e10      0x160 .\CortexM3\ARM_GCC_473\Debug\Design02.a(Filter.o)
 .debug_line    0x00000f70       0x78 .\CortexM3\ARM_GCC_473\Debug\Design02.a(Filter_PVT.o)
 .debug_line    0x00000fe8       0x58 .\CortexM3\ARM_GCC_473\Debug\Design02.a(Filter_RAM_Data.o)
 .debug_line    0x00001040      0x1cd .\CortexM3\ARM_GCC_473\Debug\Design02.a(ADC_DelSig_theACLK.o)
 .debug_line    0x0000120d      0x1ac .\CortexM3\ARM_GCC_473\Debug\Design02.a(ADC_DelSig_Ext_CP_Clk.o)
 .debug_line    0x000013b9       0xa6 .\CortexM3\ARM_GCC_473\Debug\Design02.a(ADC_DelSig_AMux.o)
 .debug_line    0x0000145f       0x68 .\CortexM3\ARM_GCC_473\Debug\Design02.a(CyBootAsmGnu.o)
 .debug_line    0x000014c7      0x2bc .\CortexM3\ARM_GCC_473\Debug\Design02.a(CyDmac.o)
 .debug_line    0x00001783      0x73b .\CortexM3\ARM_GCC_473\Debug\Design02.a(CyLib.o)
 .debug_line    0x00001ebe      0x347 .\CortexM3\ARM_GCC_473\Debug\Design02.a(cyPm.o)
 .debug_line    0x00002205      0x16b .\CortexM3\ARM_GCC_473\Debug\Design02.a(Comp_2.o)
 .debug_line    0x00002370      0x16b .\CortexM3\ARM_GCC_473\Debug\Design02.a(Comp_3.o)
 .debug_line    0x000024db      0x1f9 .\CortexM3\ARM_GCC_473\Debug\Design02.a(LCD.o)
 .debug_line    0x000026d4      0x144 .\CortexM3\ARM_GCC_473\Debug\Design02.a(Fault_isr.o)
 .debug_line    0x00002818      0x159 .\CortexM3\ARM_GCC_473\Debug\Design02.a(ADC_DelSig_IRQ.o)
 .debug_line    0x00002971      0x1a7 .\CortexM3\ARM_GCC_473\Debug\Design02.a(CyFlash.o)
 .debug_line    0x00002b18      0x1a7 .\CortexM3\ARM_GCC_473\Debug\Design02.a(CySpc.o)

.debug_frame    0x00000000     0x2928
 *(.debug_frame)
 .debug_frame   0x00000000       0x88 .\CortexM3\ARM_GCC_473\Debug\main.o
 .debug_frame   0x00000088       0xa4 .\CortexM3\ARM_GCC_473\Debug\Cm3Start.o
 .debug_frame   0x0000012c      0x154 .\CortexM3\ARM_GCC_473\Debug\Design02.a(cyfitter_cfg.o)
 .debug_frame   0x00000280       0x4c .\CortexM3\ARM_GCC_473\Debug\Design02.a(DMA_dma.o)
 .debug_frame   0x000002cc      0x180 .\CortexM3\ARM_GCC_473\Debug\Design02.a(isr.o)
 .debug_frame   0x0000044c      0x31c .\CortexM3\ARM_GCC_473\Debug\Design02.a(ADC_DelSig.o)
 .debug_frame   0x00000768       0x80 .\CortexM3\ARM_GCC_473\Debug\Design02.a(ADC_DelSig_INT.o)
 .debug_frame   0x000007e8       0xf4 .\CortexM3\ARM_GCC_473\Debug\Design02.a(VDAC8.o)
 .debug_frame   0x000008dc      0x14c .\CortexM3\ARM_GCC_473\Debug\Design02.a(Comp_1.o)
 .debug_frame   0x00000a28      0x150 .\CortexM3\ARM_GCC_473\Debug\Design02.a(Filter.o)
 .debug_frame   0x00000b78       0x48 .\CortexM3\ARM_GCC_473\Debug\Design02.a(Filter_PVT.o)
 .debug_frame   0x00000bc0      0x184 .\CortexM3\ARM_GCC_473\Debug\Design02.a(ADC_DelSig_theACLK.o)
 .debug_frame   0x00000d44      0x14c .\CortexM3\ARM_GCC_473\Debug\Design02.a(ADC_DelSig_Ext_CP_Clk.o)
 .debug_frame   0x00000e90       0x70 .\CortexM3\ARM_GCC_473\Debug\Design02.a(ADC_DelSig_AMux.o)
 .debug_frame   0x00000f00      0x2c0 .\CortexM3\ARM_GCC_473\Debug\Design02.a(CyDmac.o)
 .debug_frame   0x000011c0      0x778 .\CortexM3\ARM_GCC_473\Debug\Design02.a(CyLib.o)
 .debug_frame   0x00001938      0x1d0 .\CortexM3\ARM_GCC_473\Debug\Design02.a(cyPm.o)
 .debug_frame   0x00001b08      0x14c .\CortexM3\ARM_GCC_473\Debug\Design02.a(Comp_2.o)
 .debug_frame   0x00001c54      0x14c .\CortexM3\ARM_GCC_473\Debug\Design02.a(Comp_3.o)
 .debug_frame   0x00001da0      0x1e0 .\CortexM3\ARM_GCC_473\Debug\Design02.a(LCD.o)
 .debug_frame   0x00001f80      0x180 .\CortexM3\ARM_GCC_473\Debug\Design02.a(Fault_isr.o)
 .debug_frame   0x00002100      0x180 .\CortexM3\ARM_GCC_473\Debug\Design02.a(ADC_DelSig_IRQ.o)
 .debug_frame   0x00002280      0x178 .\CortexM3\ARM_GCC_473\Debug\Design02.a(CyFlash.o)
 .debug_frame   0x000023f8      0x13c .\CortexM3\ARM_GCC_473\Debug\Design02.a(CySpc.o)
 .debug_frame   0x00002534       0x28 c:/program files (x86)/cypress/psoc creator/3.0/psoc creator/import/gnu_cs/arm/4.7.3/bin/../lib/gcc/arm-none-eabi/4.7.3/../../../../arm-none-eabi/lib/armv7-m\libc_s.a(lib_a-__atexit2.o)
 .debug_frame   0x0000255c       0x28 c:/program files (x86)/cypress/psoc creator/3.0/psoc creator/import/gnu_cs/arm/4.7.3/bin/../lib/gcc/arm-none-eabi/4.7.3/../../../../arm-none-eabi/lib/armv7-m\libc_s.a(lib_a-exit.o)
 .debug_frame   0x00002584       0x2c c:/program files (x86)/cypress/psoc creator/3.0/psoc creator/import/gnu_cs/arm/4.7.3/bin/../lib/gcc/arm-none-eabi/4.7.3/../../../../arm-none-eabi/lib/armv7-m\libc_s.a(lib_a-fini.o)
 .debug_frame   0x000025b0       0x2c c:/program files (x86)/cypress/psoc creator/3.0/psoc creator/import/gnu_cs/arm/4.7.3/bin/../lib/gcc/arm-none-eabi/4.7.3/../../../../arm-none-eabi/lib/armv7-m\libc_s.a(lib_a-init.o)
 .debug_frame   0x000025dc       0x28 c:/program files (x86)/cypress/psoc creator/3.0/psoc creator/import/gnu_cs/arm/4.7.3/bin/../lib/gcc/arm-none-eabi/4.7.3/../../../../arm-none-eabi/lib/armv7-m\libc_s.a(lib_a-memcpy.o)
 .debug_frame   0x00002604       0x20 c:/program files (x86)/cypress/psoc creator/3.0/psoc creator/import/gnu_cs/arm/4.7.3/bin/../lib/gcc/arm-none-eabi/4.7.3/../../../../arm-none-eabi/lib/armv7-m\libc_s.a(lib_a-memset.o)
 .debug_frame   0x00002624       0x58 c:/program files (x86)/cypress/psoc creator/3.0/psoc creator/import/gnu_cs/arm/4.7.3/bin/../lib/gcc/arm-none-eabi/4.7.3/../../../../arm-none-eabi/lib/armv7-m\libc_s.a(lib_a-sprintf.o)
 .debug_frame   0x0000267c       0x88 c:/program files (x86)/cypress/psoc creator/3.0/psoc creator/import/gnu_cs/arm/4.7.3/bin/../lib/gcc/arm-none-eabi/4.7.3/../../../../arm-none-eabi/lib/armv7-m\libc_s.a(lib_a-svfprintf.o)
 .debug_frame   0x00002704       0x58 c:/program files (x86)/cypress/psoc creator/3.0/psoc creator/import/gnu_cs/arm/4.7.3/bin/../lib/gcc/arm-none-eabi/4.7.3/../../../../arm-none-eabi/lib/armv7-m\libc_s.a(lib_a-vfprintf_i.o)
 .debug_frame   0x0000275c       0x2c c:/program files (x86)/cypress/psoc creator/3.0/psoc creator/import/gnu_cs/arm/4.7.3/bin/../lib/gcc/arm-none-eabi/4.7.3/../../../../arm-none-eabi/lib/armv7-m\libc_s.a(lib_a-freer.o)
 .debug_frame   0x00002788       0x2c c:/program files (x86)/cypress/psoc creator/3.0/psoc creator/import/gnu_cs/arm/4.7.3/bin/../lib/gcc/arm-none-eabi/4.7.3/../../../../arm-none-eabi/lib/armv7-m\libc_s.a(lib_a-mallocr.o)
 .debug_frame   0x000027b4       0x28 c:/program files (x86)/cypress/psoc creator/3.0/psoc creator/import/gnu_cs/arm/4.7.3/bin/../lib/gcc/arm-none-eabi/4.7.3/../../../../arm-none-eabi/lib/armv7-m\libc_s.a(lib_a-memchr.o)
 .debug_frame   0x000027dc       0x2c c:/program files (x86)/cypress/psoc creator/3.0/psoc creator/import/gnu_cs/arm/4.7.3/bin/../lib/gcc/arm-none-eabi/4.7.3/../../../../arm-none-eabi/lib/armv7-m\libc_s.a(lib_a-memmove.o)
 .debug_frame   0x00002808       0x30 c:/program files (x86)/cypress/psoc creator/3.0/psoc creator/import/gnu_cs/arm/4.7.3/bin/../lib/gcc/arm-none-eabi/4.7.3/../../../../arm-none-eabi/lib/armv7-m\libc_s.a(lib_a-reallocr.o)
 .debug_frame   0x00002838       0x2c c:/program files (x86)/cypress/psoc creator/3.0/psoc creator/import/gnu_cs/arm/4.7.3/bin/../lib/gcc/arm-none-eabi/4.7.3/../../../../arm-none-eabi/lib/armv7-m\libc_s.a(lib_a-sbrkr.o)
 .debug_frame   0x00002864       0x20 c:/program files (x86)/cypress/psoc creator/3.0/psoc creator/import/gnu_cs/arm/4.7.3/bin/../lib/gcc/arm-none-eabi/4.7.3/../../../../arm-none-eabi/lib/armv7-m\libc_s.a(lib_a-strlen.o)
 .debug_frame   0x00002884       0x20 c:/program files (x86)/cypress/psoc creator/3.0/psoc creator/import/gnu_cs/arm/4.7.3/bin/../lib/gcc/arm-none-eabi/4.7.3/../../../../arm-none-eabi/lib/armv7-m\libc_s.a(lib_a-msizer.o)
 .debug_frame   0x000028a4       0x64 c:/program files (x86)/cypress/psoc creator/3.0/psoc creator/import/gnu_cs/arm/4.7.3/bin/../lib/gcc/arm-none-eabi/4.7.3/../../../../arm-none-eabi/lib/armv7-m\libc_s.a(lib_a-reent.o)
 .debug_frame   0x00002908       0x20 c:/program files (x86)/cypress/psoc creator/3.0/psoc creator/import/gnu_cs/arm/4.7.3/bin/../lib/gcc/arm-none-eabi/4.7.3/../../../../arm-none-eabi/lib/armv7-m\libnosys.a(sbrk.o)

.debug_str      0x00000000     0x2716
 *(.debug_str)
 .debug_str     0x00000000      0x1bd .\CortexM3\ARM_GCC_473\Debug\main.o
                                0x1f6 (size before relaxing)
 .debug_str     0x000001bd      0x108 .\CortexM3\ARM_GCC_473\Debug\Cm3Start.o
                                0x270 (size before relaxing)
 .debug_str     0x000002c5       0x77 .\CortexM3\ARM_GCC_473\Debug\cymetadata.o
                                0x1b4 (size before relaxing)
 .debug_str     0x0000033c      0x1e9 .\CortexM3\ARM_GCC_473\Debug\Design02.a(cyfitter_cfg.o)
                                0x345 (size before relaxing)
 .debug_str     0x00000525       0x8d .\CortexM3\ARM_GCC_473\Debug\Design02.a(DMA_dma.o)
                                0x1d1 (size before relaxing)
 .debug_str     0x000005b2       0x37 .\CortexM3\ARM_GCC_473\Debug\Design02.a(isr.o)
                                0x248 (size before relaxing)
 .debug_str     0x000005e9      0x405 .\CortexM3\ARM_GCC_473\Debug\Design02.a(ADC_DelSig.o)
                                0x599 (size before relaxing)
 .debug_str     0x000009ee       0x6a .\CortexM3\ARM_GCC_473\Debug\Design02.a(ADC_DelSig_INT.o)
                                0x1a1 (size before relaxing)
 .debug_str     0x00000a58       0xaa .\CortexM3\ARM_GCC_473\Debug\Design02.a(VDAC8.o)
                                0x1e9 (size before relaxing)
 .debug_str     0x00000b02      0x136 .\CortexM3\ARM_GCC_473\Debug\Design02.a(Comp_1.o)
                                0x28c (size before relaxing)
 .debug_str     0x00000c38      0x121 .\CortexM3\ARM_GCC_473\Debug\Design02.a(Filter.o)
                                0x28b (size before relaxing)
 .debug_str     0x00000d59       0x57 .\CortexM3\ARM_GCC_473\Debug\Design02.a(Filter_PVT.o)
                                0x199 (size before relaxing)
 .debug_str     0x00000db0       0x2b .\CortexM3\ARM_GCC_473\Debug\Design02.a(Filter_RAM_Data.o)
                                0x1aa (size before relaxing)
 .debug_str     0x00000ddb      0x237 .\CortexM3\ARM_GCC_473\Debug\Design02.a(ADC_DelSig_theACLK.o)
                                0x38d (size before relaxing)
 .debug_str     0x00001012      0x1c1 .\CortexM3\ARM_GCC_473\Debug\Design02.a(ADC_DelSig_Ext_CP_Clk.o)
                                0x360 (size before relaxing)
 .debug_str     0x000011d3       0x94 .\CortexM3\ARM_GCC_473\Debug\Design02.a(ADC_DelSig_AMux.o)
                                0x1d0 (size before relaxing)
 .debug_str     0x00001267      0x360 .\CortexM3\ARM_GCC_473\Debug\Design02.a(CyDmac.o)
                                0x4db (size before relaxing)
 .debug_str     0x000015c7      0x600 .\CortexM3\ARM_GCC_473\Debug\Design02.a(CyLib.o)
                                0x7d6 (size before relaxing)
 .debug_str     0x00001bc7      0x371 .\CortexM3\ARM_GCC_473\Debug\Design02.a(cyPm.o)
                                0x4e5 (size before relaxing)
 .debug_str     0x00001f38       0xf0 .\CortexM3\ARM_GCC_473\Debug\Design02.a(Comp_2.o)
                                0x28c (size before relaxing)
 .debug_str     0x00002028       0xf0 .\CortexM3\ARM_GCC_473\Debug\Design02.a(Comp_3.o)
                                0x28c (size before relaxing)
 .debug_str     0x00002118      0x151 .\CortexM3\ARM_GCC_473\Debug\Design02.a(LCD.o)
                                0x2b6 (size before relaxing)
 .debug_str     0x00002269      0x120 .\CortexM3\ARM_GCC_473\Debug\Design02.a(Fault_isr.o)
                                0x29c (size before relaxing)
 .debug_str     0x00002389      0x166 .\CortexM3\ARM_GCC_473\Debug\Design02.a(ADC_DelSig_IRQ.o)
                                0x2e2 (size before relaxing)
 .debug_str     0x000024ef      0x129 .\CortexM3\ARM_GCC_473\Debug\Design02.a(CyFlash.o)
                                0x2ab (size before relaxing)
 .debug_str     0x00002618       0xfe .\CortexM3\ARM_GCC_473\Debug\Design02.a(CySpc.o)
                                0x287 (size before relaxing)

.debug_loc      0x00000000     0x3e88
 *(.debug_loc)
 .debug_loc     0x00000000       0xc8 .\CortexM3\ARM_GCC_473\Debug\main.o
 .debug_loc     0x000000c8      0x100 .\CortexM3\ARM_GCC_473\Debug\Cm3Start.o
 .debug_loc     0x000001c8      0x25c .\CortexM3\ARM_GCC_473\Debug\Design02.a(cyfitter_cfg.o)
 .debug_loc     0x00000424       0x64 .\CortexM3\ARM_GCC_473\Debug\Design02.a(DMA_dma.o)
 .debug_loc     0x00000488      0x278 .\CortexM3\ARM_GCC_473\Debug\Design02.a(isr.o)
 .debug_loc     0x00000700      0x58c .\CortexM3\ARM_GCC_473\Debug\Design02.a(ADC_DelSig.o)
 .debug_loc     0x00000c8c       0xb0 .\CortexM3\ARM_GCC_473\Debug\Design02.a(ADC_DelSig_INT.o)
 .debug_loc     0x00000d3c      0x190 .\CortexM3\ARM_GCC_473\Debug\Design02.a(VDAC8.o)
 .debug_loc     0x00000ecc      0x214 .\CortexM3\ARM_GCC_473\Debug\Design02.a(Comp_1.o)
 .debug_loc     0x000010e0      0x238 .\CortexM3\ARM_GCC_473\Debug\Design02.a(Filter.o)
 .debug_loc     0x00001318       0x70 .\CortexM3\ARM_GCC_473\Debug\Design02.a(Filter_PVT.o)
 .debug_loc     0x00001388      0x290 .\CortexM3\ARM_GCC_473\Debug\Design02.a(ADC_DelSig_theACLK.o)
 .debug_loc     0x00001618      0x22c .\CortexM3\ARM_GCC_473\Debug\Design02.a(ADC_DelSig_Ext_CP_Clk.o)
 .debug_loc     0x00001844       0xa8 .\CortexM3\ARM_GCC_473\Debug\Design02.a(ADC_DelSig_AMux.o)
 .debug_loc     0x000018ec      0x51c .\CortexM3\ARM_GCC_473\Debug\Design02.a(CyDmac.o)
 .debug_loc     0x00001e08      0xce0 .\CortexM3\ARM_GCC_473\Debug\Design02.a(CyLib.o)
 .debug_loc     0x00002ae8      0x2e8 .\CortexM3\ARM_GCC_473\Debug\Design02.a(cyPm.o)
 .debug_loc     0x00002dd0      0x214 .\CortexM3\ARM_GCC_473\Debug\Design02.a(Comp_2.o)
 .debug_loc     0x00002fe4      0x214 .\CortexM3\ARM_GCC_473\Debug\Design02.a(Comp_3.o)
 .debug_loc     0x000031f8      0x318 .\CortexM3\ARM_GCC_473\Debug\Design02.a(LCD.o)
 .debug_loc     0x00003510      0x278 .\CortexM3\ARM_GCC_473\Debug\Design02.a(Fault_isr.o)
 .debug_loc     0x00003788      0x278 .\CortexM3\ARM_GCC_473\Debug\Design02.a(ADC_DelSig_IRQ.o)
 .debug_loc     0x00003a00      0x258 .\CortexM3\ARM_GCC_473\Debug\Design02.a(CyFlash.o)
 .debug_loc     0x00003c58      0x230 .\CortexM3\ARM_GCC_473\Debug\Design02.a(CySpc.o)

.debug_macinfo
 *(.debug_macinfo)

.debug_ranges   0x00000000      0xa80
 *(.debug_ranges)
 .debug_ranges  0x00000000       0x28 .\CortexM3\ARM_GCC_473\Debug\main.o
 .debug_ranges  0x00000028       0x30 .\CortexM3\ARM_GCC_473\Debug\Cm3Start.o
 .debug_ranges  0x00000058       0x60 .\CortexM3\ARM_GCC_473\Debug\Design02.a(cyfitter_cfg.o)
 .debug_ranges  0x000000b8       0x18 .\CortexM3\ARM_GCC_473\Debug\Design02.a(DMA_dma.o)
 .debug_ranges  0x000000d0       0x70 .\CortexM3\ARM_GCC_473\Debug\Design02.a(isr.o)
 .debug_ranges  0x00000140       0xd8 .\CortexM3\ARM_GCC_473\Debug\Design02.a(ADC_DelSig.o)
 .debug_ranges  0x00000218       0x28 .\CortexM3\ARM_GCC_473\Debug\Design02.a(ADC_DelSig_INT.o)
 .debug_ranges  0x00000240       0x48 .\CortexM3\ARM_GCC_473\Debug\Design02.a(VDAC8.o)
 .debug_ranges  0x00000288       0x60 .\CortexM3\ARM_GCC_473\Debug\Design02.a(Comp_1.o)
 .debug_ranges  0x000002e8       0x60 .\CortexM3\ARM_GCC_473\Debug\Design02.a(Filter.o)
 .debug_ranges  0x00000348       0x18 .\CortexM3\ARM_GCC_473\Debug\Design02.a(Filter_PVT.o)
 .debug_ranges  0x00000360       0x70 .\CortexM3\ARM_GCC_473\Debug\Design02.a(ADC_DelSig_theACLK.o)
 .debug_ranges  0x000003d0       0x60 .\CortexM3\ARM_GCC_473\Debug\Design02.a(ADC_DelSig_Ext_CP_Clk.o)
 .debug_ranges  0x00000430       0x20 .\CortexM3\ARM_GCC_473\Debug\Design02.a(ADC_DelSig_AMux.o)
 .debug_ranges  0x00000450       0xc8 .\CortexM3\ARM_GCC_473\Debug\Design02.a(CyDmac.o)
 .debug_ranges  0x00000518      0x208 .\CortexM3\ARM_GCC_473\Debug\Design02.a(CyLib.o)
 .debug_ranges  0x00000720       0x80 .\CortexM3\ARM_GCC_473\Debug\Design02.a(cyPm.o)
 .debug_ranges  0x000007a0       0x60 .\CortexM3\ARM_GCC_473\Debug\Design02.a(Comp_2.o)
 .debug_ranges  0x00000800       0x60 .\CortexM3\ARM_GCC_473\Debug\Design02.a(Comp_3.o)
 .debug_ranges  0x00000860       0x80 .\CortexM3\ARM_GCC_473\Debug\Design02.a(LCD.o)
 .debug_ranges  0x000008e0       0x70 .\CortexM3\ARM_GCC_473\Debug\Design02.a(Fault_isr.o)
 .debug_ranges  0x00000950       0x70 .\CortexM3\ARM_GCC_473\Debug\Design02.a(ADC_DelSig_IRQ.o)
 .debug_ranges  0x000009c0       0x68 .\CortexM3\ARM_GCC_473\Debug\Design02.a(CyFlash.o)
 .debug_ranges  0x00000a28       0x58 .\CortexM3\ARM_GCC_473\Debug\Design02.a(CySpc.o)

.comment        0x00000000       0x70
 .comment       0x00000000       0x70 .\CortexM3\ARM_GCC_473\Debug\main.o
                                 0x71 (size before relaxing)
 .comment       0x00000000       0x71 .\CortexM3\ARM_GCC_473\Debug\Cm3Start.o
 .comment       0x00000000       0x71 .\CortexM3\ARM_GCC_473\Debug\cymetadata.o
 .comment       0x00000000       0x71 .\CortexM3\ARM_GCC_473\Debug\Design02.a(cyfitter_cfg.o)
 .comment       0x00000000       0x71 .\CortexM3\ARM_GCC_473\Debug\Design02.a(DMA_dma.o)
 .comment       0x00000000       0x71 .\CortexM3\ARM_GCC_473\Debug\Design02.a(isr.o)
 .comment       0x00000000       0x71 .\CortexM3\ARM_GCC_473\Debug\Design02.a(ADC_DelSig.o)
 .comment       0x00000000       0x71 .\CortexM3\ARM_GCC_473\Debug\Design02.a(ADC_DelSig_INT.o)
 .comment       0x00000000       0x71 .\CortexM3\ARM_GCC_473\Debug\Design02.a(VDAC8.o)
 .comment       0x00000000       0x71 .\CortexM3\ARM_GCC_473\Debug\Design02.a(Comp_1.o)
 .comment       0x00000000       0x71 .\CortexM3\ARM_GCC_473\Debug\Design02.a(Filter.o)
 .comment       0x00000000       0x71 .\CortexM3\ARM_GCC_473\Debug\Design02.a(Filter_PVT.o)
 .comment       0x00000000       0x71 .\CortexM3\ARM_GCC_473\Debug\Design02.a(Filter_RAM_Data.o)
 .comment       0x00000000       0x71 .\CortexM3\ARM_GCC_473\Debug\Design02.a(ADC_DelSig_theACLK.o)
 .comment       0x00000000       0x71 .\CortexM3\ARM_GCC_473\Debug\Design02.a(ADC_DelSig_Ext_CP_Clk.o)
 .comment       0x00000000       0x71 .\CortexM3\ARM_GCC_473\Debug\Design02.a(ADC_DelSig_AMux.o)
 .comment       0x00000000       0x71 .\CortexM3\ARM_GCC_473\Debug\Design02.a(CyDmac.o)
 .comment       0x00000000       0x71 .\CortexM3\ARM_GCC_473\Debug\Design02.a(CyLib.o)
 .comment       0x00000000       0x71 .\CortexM3\ARM_GCC_473\Debug\Design02.a(cyPm.o)
 .comment       0x00000000       0x71 .\CortexM3\ARM_GCC_473\Debug\Design02.a(Comp_2.o)
 .comment       0x00000000       0x71 .\CortexM3\ARM_GCC_473\Debug\Design02.a(Comp_3.o)
 .comment       0x00000000       0x71 .\CortexM3\ARM_GCC_473\Debug\Design02.a(LCD.o)
 .comment       0x00000000       0x71 .\CortexM3\ARM_GCC_473\Debug\Design02.a(Fault_isr.o)
 .comment       0x00000000       0x71 .\CortexM3\ARM_GCC_473\Debug\Design02.a(ADC_DelSig_IRQ.o)
 .comment       0x00000000       0x71 .\CortexM3\ARM_GCC_473\Debug\Design02.a(CyFlash.o)
 .comment       0x00000000       0x71 .\CortexM3\ARM_GCC_473\Debug\Design02.a(CySpc.o)

.debug_weaknames
 *(.debug_weaknames)

.debug_funcnames
 *(.debug_funcnames)

.debug_typenames
 *(.debug_typenames)

.debug_varnames
 *(.debug_varnames)

.note.gnu.arm.ident
 *(.note.gnu.arm.ident)

.ARM.attributes
                0x00000000       0x29
 *(.ARM.attributes)
 .ARM.attributes
                0x00000000       0x1d c:/program files (x86)/cypress/psoc creator/3.0/psoc creator/import/gnu_cs/arm/4.7.3/bin/../lib/gcc/arm-none-eabi/4.7.3/armv7-m/crti.o
 .ARM.attributes
                0x0000001d       0x2d c:/program files (x86)/cypress/psoc creator/3.0/psoc creator/import/gnu_cs/arm/4.7.3/bin/../lib/gcc/arm-none-eabi/4.7.3/armv7-m/crtbegin.o
 .ARM.attributes
                0x0000004a       0x1b c:/program files (x86)/cypress/psoc creator/3.0/psoc creator/import/gnu_cs/arm/4.7.3/bin/../lib/gcc/arm-none-eabi/4.7.3/../../../../arm-none-eabi/lib/armv7-m/crt0.o
 .ARM.attributes
                0x00000065       0x33 .\CortexM3\ARM_GCC_473\Debug\main.o
 .ARM.attributes
                0x00000098       0x33 .\CortexM3\ARM_GCC_473\Debug\Cm3Start.o
 .ARM.attributes
                0x000000cb       0x33 .\CortexM3\ARM_GCC_473\Debug\cymetadata.o
 .ARM.attributes
                0x000000fe       0x33 .\CortexM3\ARM_GCC_473\Debug\Design02.a(cyfitter_cfg.o)
 .ARM.attributes
                0x00000131       0x33 .\CortexM3\ARM_GCC_473\Debug\Design02.a(DMA_dma.o)
 .ARM.attributes
                0x00000164       0x33 .\CortexM3\ARM_GCC_473\Debug\Design02.a(isr.o)
 .ARM.attributes
                0x00000197       0x33 .\CortexM3\ARM_GCC_473\Debug\Design02.a(ADC_DelSig.o)
 .ARM.attributes
                0x000001ca       0x33 .\CortexM3\ARM_GCC_473\Debug\Design02.a(ADC_DelSig_INT.o)
 .ARM.attributes
                0x000001fd       0x33 .\CortexM3\ARM_GCC_473\Debug\Design02.a(VDAC8.o)
 .ARM.attributes
                0x00000230       0x33 .\CortexM3\ARM_GCC_473\Debug\Design02.a(Comp_1.o)
 .ARM.attributes
                0x00000263       0x33 .\CortexM3\ARM_GCC_473\Debug\Design02.a(Filter.o)
 .ARM.attributes
                0x00000296       0x33 .\CortexM3\ARM_GCC_473\Debug\Design02.a(Filter_PVT.o)
 .ARM.attributes
                0x000002c9       0x33 .\CortexM3\ARM_GCC_473\Debug\Design02.a(Filter_RAM_Data.o)
 .ARM.attributes
                0x000002fc       0x33 .\CortexM3\ARM_GCC_473\Debug\Design02.a(ADC_DelSig_theACLK.o)
 .ARM.attributes
                0x0000032f       0x33 .\CortexM3\ARM_GCC_473\Debug\Design02.a(ADC_DelSig_Ext_CP_Clk.o)
 .ARM.attributes
                0x00000362       0x33 .\CortexM3\ARM_GCC_473\Debug\Design02.a(ADC_DelSig_AMux.o)
 .ARM.attributes
                0x00000395       0x21 .\CortexM3\ARM_GCC_473\Debug\Design02.a(CyBootAsmGnu.o)
 .ARM.attributes
                0x000003b6       0x33 .\CortexM3\ARM_GCC_473\Debug\Design02.a(CyDmac.o)
 .ARM.attributes
                0x000003e9       0x33 .\CortexM3\ARM_GCC_473\Debug\Design02.a(CyLib.o)
 .ARM.attributes
                0x0000041c       0x33 .\CortexM3\ARM_GCC_473\Debug\Design02.a(cyPm.o)
 .ARM.attributes
                0x0000044f       0x33 .\CortexM3\ARM_GCC_473\Debug\Design02.a(Comp_2.o)
 .ARM.attributes
                0x00000482       0x33 .\CortexM3\ARM_GCC_473\Debug\Design02.a(Comp_3.o)
 .ARM.attributes
                0x000004b5       0x33 .\CortexM3\ARM_GCC_473\Debug\Design02.a(LCD.o)
 .ARM.attributes
                0x000004e8       0x33 .\CortexM3\ARM_GCC_473\Debug\Design02.a(Fault_isr.o)
 .ARM.attributes
                0x0000051b       0x33 .\CortexM3\ARM_GCC_473\Debug\Design02.a(ADC_DelSig_IRQ.o)
 .ARM.attributes
                0x0000054e       0x33 .\CortexM3\ARM_GCC_473\Debug\Design02.a(CyFlash.o)
 .ARM.attributes
                0x00000581       0x33 .\CortexM3\ARM_GCC_473\Debug\Design02.a(CySpc.o)
 .ARM.attributes
                0x000005b4       0x1d c:/program files (x86)/cypress/psoc creator/3.0/psoc creator/import/gnu_cs/arm/4.7.3/bin/../lib/gcc/arm-none-eabi/4.7.3/armv7-m\libgcc.a(_arm_addsubdf3.o)
 .ARM.attributes
                0x000005d1       0x1d c:/program files (x86)/cypress/psoc creator/3.0/psoc creator/import/gnu_cs/arm/4.7.3/bin/../lib/gcc/arm-none-eabi/4.7.3/armv7-m\libgcc.a(_arm_cmpdf2.o)
 .ARM.attributes
                0x000005ee       0x1d c:/program files (x86)/cypress/psoc creator/3.0/psoc creator/import/gnu_cs/arm/4.7.3/bin/../lib/gcc/arm-none-eabi/4.7.3/armv7-m\libgcc.a(_arm_addsubsf3.o)
 .ARM.attributes
                0x0000060b       0x1d c:/program files (x86)/cypress/psoc creator/3.0/psoc creator/import/gnu_cs/arm/4.7.3/bin/../lib/gcc/arm-none-eabi/4.7.3/armv7-m\libgcc.a(_arm_muldivsf3.o)
 .ARM.attributes
                0x00000628       0x1d c:/program files (x86)/cypress/psoc creator/3.0/psoc creator/import/gnu_cs/arm/4.7.3/bin/../lib/gcc/arm-none-eabi/4.7.3/armv7-m\libgcc.a(_arm_fixunssfsi.o)
 .ARM.attributes
                0x00000645       0x2d c:/program files (x86)/cypress/psoc creator/3.0/psoc creator/import/gnu_cs/arm/4.7.3/bin/../lib/gcc/arm-none-eabi/4.7.3/../../../../arm-none-eabi/lib/armv7-m\libc_s.a(lib_a-__atexit2.o)
 .ARM.attributes
                0x00000672       0x2d c:/program files (x86)/cypress/psoc creator/3.0/psoc creator/import/gnu_cs/arm/4.7.3/bin/../lib/gcc/arm-none-eabi/4.7.3/../../../../arm-none-eabi/lib/armv7-m\libc_s.a(lib_a-exit.o)
 .ARM.attributes
                0x0000069f       0x2d c:/program files (x86)/cypress/psoc creator/3.0/psoc creator/import/gnu_cs/arm/4.7.3/bin/../lib/gcc/arm-none-eabi/4.7.3/../../../../arm-none-eabi/lib/armv7-m\libc_s.a(lib_a-fini.o)
 .ARM.attributes
                0x000006cc       0x2d c:/program files (x86)/cypress/psoc creator/3.0/psoc creator/import/gnu_cs/arm/4.7.3/bin/../lib/gcc/arm-none-eabi/4.7.3/../../../../arm-none-eabi/lib/armv7-m\libc_s.a(lib_a-impure.o)
 .ARM.attributes
                0x000006f9       0x2d c:/program files (x86)/cypress/psoc creator/3.0/psoc creator/import/gnu_cs/arm/4.7.3/bin/../lib/gcc/arm-none-eabi/4.7.3/../../../../arm-none-eabi/lib/armv7-m\libc_s.a(lib_a-init.o)
 .ARM.attributes
                0x00000726       0x2d c:/program files (x86)/cypress/psoc creator/3.0/psoc creator/import/gnu_cs/arm/4.7.3/bin/../lib/gcc/arm-none-eabi/4.7.3/../../../../arm-none-eabi/lib/armv7-m\libc_s.a(lib_a-memcpy.o)
 .ARM.attributes
                0x00000753       0x2d c:/program files (x86)/cypress/psoc creator/3.0/psoc creator/import/gnu_cs/arm/4.7.3/bin/../lib/gcc/arm-none-eabi/4.7.3/../../../../arm-none-eabi/lib/armv7-m\libc_s.a(lib_a-memset.o)
 .ARM.attributes
                0x00000780       0x2d c:/program files (x86)/cypress/psoc creator/3.0/psoc creator/import/gnu_cs/arm/4.7.3/bin/../lib/gcc/arm-none-eabi/4.7.3/../../../../arm-none-eabi/lib/armv7-m\libc_s.a(lib_a-sprintf.o)
 .ARM.attributes
                0x000007ad       0x2d c:/program files (x86)/cypress/psoc creator/3.0/psoc creator/import/gnu_cs/arm/4.7.3/bin/../lib/gcc/arm-none-eabi/4.7.3/../../../../arm-none-eabi/lib/armv7-m\libc_s.a(lib_a-svfprintf.o)
 .ARM.attributes
                0x000007da       0x2d c:/program files (x86)/cypress/psoc creator/3.0/psoc creator/import/gnu_cs/arm/4.7.3/bin/../lib/gcc/arm-none-eabi/4.7.3/../../../../arm-none-eabi/lib/armv7-m\libc_s.a(lib_a-vfprintf_i.o)
 .ARM.attributes
                0x00000807       0x2d c:/program files (x86)/cypress/psoc creator/3.0/psoc creator/import/gnu_cs/arm/4.7.3/bin/../lib/gcc/arm-none-eabi/4.7.3/../../../../arm-none-eabi/lib/armv7-m\libc_s.a(lib_a-freer.o)
 .ARM.attributes
                0x00000834       0x2d c:/program files (x86)/cypress/psoc creator/3.0/psoc creator/import/gnu_cs/arm/4.7.3/bin/../lib/gcc/arm-none-eabi/4.7.3/../../../../arm-none-eabi/lib/armv7-m\libc_s.a(lib_a-mallocr.o)
 .ARM.attributes
                0x00000861       0x2d c:/program files (x86)/cypress/psoc creator/3.0/psoc creator/import/gnu_cs/arm/4.7.3/bin/../lib/gcc/arm-none-eabi/4.7.3/../../../../arm-none-eabi/lib/armv7-m\libc_s.a(lib_a-memchr.o)
 .ARM.attributes
                0x0000088e       0x2d c:/program files (x86)/cypress/psoc creator/3.0/psoc creator/import/gnu_cs/arm/4.7.3/bin/../lib/gcc/arm-none-eabi/4.7.3/../../../../arm-none-eabi/lib/armv7-m\libc_s.a(lib_a-memmove.o)
 .ARM.attributes
                0x000008bb       0x2d c:/program files (x86)/cypress/psoc creator/3.0/psoc creator/import/gnu_cs/arm/4.7.3/bin/../lib/gcc/arm-none-eabi/4.7.3/../../../../arm-none-eabi/lib/armv7-m\libc_s.a(lib_a-reallocr.o)
 .ARM.attributes
                0x000008e8       0x2d c:/program files (x86)/cypress/psoc creator/3.0/psoc creator/import/gnu_cs/arm/4.7.3/bin/../lib/gcc/arm-none-eabi/4.7.3/../../../../arm-none-eabi/lib/armv7-m\libc_s.a(lib_a-sbrkr.o)
 .ARM.attributes
                0x00000915       0x2d c:/program files (x86)/cypress/psoc creator/3.0/psoc creator/import/gnu_cs/arm/4.7.3/bin/../lib/gcc/arm-none-eabi/4.7.3/../../../../arm-none-eabi/lib/armv7-m\libc_s.a(lib_a-strlen.o)
 .ARM.attributes
                0x00000942       0x2d c:/program files (x86)/cypress/psoc creator/3.0/psoc creator/import/gnu_cs/arm/4.7.3/bin/../lib/gcc/arm-none-eabi/4.7.3/../../../../arm-none-eabi/lib/armv7-m\libc_s.a(lib_a-msizer.o)
 .ARM.attributes
                0x0000096f       0x2d c:/program files (x86)/cypress/psoc creator/3.0/psoc creator/import/gnu_cs/arm/4.7.3/bin/../lib/gcc/arm-none-eabi/4.7.3/../../../../arm-none-eabi/lib/armv7-m\libc_s.a(lib_a-reent.o)
 .ARM.attributes
                0x0000099c       0x2d c:/program files (x86)/cypress/psoc creator/3.0/psoc creator/import/gnu_cs/arm/4.7.3/bin/../lib/gcc/arm-none-eabi/4.7.3/armv7-m/crtend.o
 .ARM.attributes
                0x000009c9       0x1d c:/program files (x86)/cypress/psoc creator/3.0/psoc creator/import/gnu_cs/arm/4.7.3/bin/../lib/gcc/arm-none-eabi/4.7.3/armv7-m/crtn.o
 .ARM.attributes
                0x000009e6       0x2d c:/program files (x86)/cypress/psoc creator/3.0/psoc creator/import/gnu_cs/arm/4.7.3/bin/../lib/gcc/arm-none-eabi/4.7.3/../../../../arm-none-eabi/lib/armv7-m\libnosys.a(sbrk.o)

/DISCARD/
 *(.note.GNU-stack)
OUTPUT(.\CortexM3\ARM_GCC_473\Debug\Design02.elf elf32-littlearm)
