Archive member included because of file (symbol)

.\CortexM3\ARM_GCC_473\Debug\Laserschutzschaltung.a(cyfitter_cfg.o)
                              .\CortexM3\ARM_GCC_473\Debug\Cm3Start.o (cyfitter_cfg)
.\CortexM3\ARM_GCC_473\Debug\Laserschutzschaltung.a(DMA_dma.o)
                              .\CortexM3\ARM_GCC_473\Debug\main.o (DMA_DmaInitialize)
.\CortexM3\ARM_GCC_473\Debug\Laserschutzschaltung.a(isr.o)
                              .\CortexM3\ARM_GCC_473\Debug\main.o (isr_StartEx)
.\CortexM3\ARM_GCC_473\Debug\Laserschutzschaltung.a(VDAC8.o)
                              .\CortexM3\ARM_GCC_473\Debug\main.o (VDAC8_Start)
.\CortexM3\ARM_GCC_473\Debug\Laserschutzschaltung.a(Comp_1.o)
                              .\CortexM3\ARM_GCC_473\Debug\main.o (Comp_1_Start)
.\CortexM3\ARM_GCC_473\Debug\Laserschutzschaltung.a(Filter.o)
                              .\CortexM3\ARM_GCC_473\Debug\main.o (Filter_Start)
.\CortexM3\ARM_GCC_473\Debug\Laserschutzschaltung.a(Filter_PVT.o)
                              .\CortexM3\ARM_GCC_473\Debug\Laserschutzschaltung.a(Filter.o) (Filter_SetInterruptMode)
.\CortexM3\ARM_GCC_473\Debug\Laserschutzschaltung.a(Filter_RAM_Data.o)
                              .\CortexM3\ARM_GCC_473\Debug\Laserschutzschaltung.a(Filter.o) (Filter_control)
.\CortexM3\ARM_GCC_473\Debug\Laserschutzschaltung.a(CyBootAsmGnu.o)
                              .\CortexM3\ARM_GCC_473\Debug\Laserschutzschaltung.a(cyfitter_cfg.o) (CyDelayCycles)
.\CortexM3\ARM_GCC_473\Debug\Laserschutzschaltung.a(CyDmac.o)
                              .\CortexM3\ARM_GCC_473\Debug\Cm3Start.o (CyDmacConfigure)
.\CortexM3\ARM_GCC_473\Debug\Laserschutzschaltung.a(CyLib.o)
                              .\CortexM3\ARM_GCC_473\Debug\Cm3Start.o (CyResetStatus)
.\CortexM3\ARM_GCC_473\Debug\Laserschutzschaltung.a(cyPm.o)
                              .\CortexM3\ARM_GCC_473\Debug\Laserschutzschaltung.a(CyLib.o) (CyPmReadStatus)
.\CortexM3\ARM_GCC_473\Debug\Laserschutzschaltung.a(Comp_2.o)
                              .\CortexM3\ARM_GCC_473\Debug\main.o (Comp_2_Start)
.\CortexM3\ARM_GCC_473\Debug\Laserschutzschaltung.a(Comp_3.o)
                              .\CortexM3\ARM_GCC_473\Debug\main.o (Comp_3_Start)
.\CortexM3\ARM_GCC_473\Debug\Laserschutzschaltung.a(LCD.o)
                              .\CortexM3\ARM_GCC_473\Debug\main.o (LCD_Start)
.\CortexM3\ARM_GCC_473\Debug\Laserschutzschaltung.a(Fault_isr.o)
                              .\CortexM3\ARM_GCC_473\Debug\main.o (Fault_isr_SetPriority)
.\CortexM3\ARM_GCC_473\Debug\Laserschutzschaltung.a(ADC_SAR_1.o)
                              .\CortexM3\ARM_GCC_473\Debug\main.o (ADC_SAR_1_Start)
.\CortexM3\ARM_GCC_473\Debug\Laserschutzschaltung.a(ADC_SAR_1_INT.o)
                              .\CortexM3\ARM_GCC_473\Debug\Laserschutzschaltung.a(ADC_SAR_1.o) (ADC_SAR_1_ISR)
.\CortexM3\ARM_GCC_473\Debug\Laserschutzschaltung.a(ADC_SAR_1_theACLK.o)
                              .\CortexM3\ARM_GCC_473\Debug\Laserschutzschaltung.a(ADC_SAR_1.o) (ADC_SAR_1_theACLK_SetModeRegister)
.\CortexM3\ARM_GCC_473\Debug\Laserschutzschaltung.a(IDAC8_1.o)
                              .\CortexM3\ARM_GCC_473\Debug\main.o (IDAC8_1_Start)
.\CortexM3\ARM_GCC_473\Debug\Laserschutzschaltung.a(IDAC8_2.o)
                              .\CortexM3\ARM_GCC_473\Debug\main.o (IDAC8_2_Start)
.\CortexM3\ARM_GCC_473\Debug\Laserschutzschaltung.a(PGA_1.o)
                              .\CortexM3\ARM_GCC_473\Debug\main.o (PGA_1_SetGain)
.\CortexM3\ARM_GCC_473\Debug\Laserschutzschaltung.a(ADC_SAR_2.o)
                              .\CortexM3\ARM_GCC_473\Debug\main.o (ADC_SAR_2_Start)
.\CortexM3\ARM_GCC_473\Debug\Laserschutzschaltung.a(ADC_SAR_2_INT.o)
                              .\CortexM3\ARM_GCC_473\Debug\Laserschutzschaltung.a(ADC_SAR_2.o) (ADC_SAR_2_ISR)
.\CortexM3\ARM_GCC_473\Debug\Laserschutzschaltung.a(ADC_SAR_2_theACLK.o)
                              .\CortexM3\ARM_GCC_473\Debug\Laserschutzschaltung.a(ADC_SAR_2.o) (ADC_SAR_2_theACLK_SetModeRegister)
.\CortexM3\ARM_GCC_473\Debug\Laserschutzschaltung.a(Counter_1.o)
                              .\CortexM3\ARM_GCC_473\Debug\main.o (Counter_1_WritePeriod)
.\CortexM3\ARM_GCC_473\Debug\Laserschutzschaltung.a(PID_isr.o)
                              .\CortexM3\ARM_GCC_473\Debug\main.o (PID_isr_SetPriority)
.\CortexM3\ARM_GCC_473\Debug\Laserschutzschaltung.a(ADC_DelSig_1.o)
                              .\CortexM3\ARM_GCC_473\Debug\main.o (ADC_DelSig_1_Start)
.\CortexM3\ARM_GCC_473\Debug\Laserschutzschaltung.a(ADC_DelSig_1_INT.o)
                              .\CortexM3\ARM_GCC_473\Debug\Laserschutzschaltung.a(ADC_DelSig_1.o) (ADC_DelSig_1_ISR1)
.\CortexM3\ARM_GCC_473\Debug\Laserschutzschaltung.a(ADC_DelSig_1_AMux.o)
                              .\CortexM3\ARM_GCC_473\Debug\Laserschutzschaltung.a(ADC_DelSig_1.o) (ADC_DelSig_1_AMux_Select)
.\CortexM3\ARM_GCC_473\Debug\Laserschutzschaltung.a(ADC_DelSig_1_Ext_CP_Clk.o)
[...]
Memory Configuration

Name             Origin             Length             Attributes
rom              0x00000000         0x00040000         xr
ram              0x1fff8000         0x00010000         xrw
*default*        0x00000000         0xffffffff

Linker script and memory map

LOAD c:/program files (x86)/cypress/psoc creator/3.0/psoc creator/import/gnu_cs/arm/4.7.3/bin/../lib/gcc/arm-none-eabi/4.7.3/armv7-m/crti.o
LOAD c:/program files (x86)/cypress/psoc creator/3.0/psoc creator/import/gnu_cs/arm/4.7.3/bin/../lib/gcc/arm-none-eabi/4.7.3/armv7-m/crtbegin.o
LOAD c:/program files (x86)/cypress/psoc creator/3.0/psoc creator/import/gnu_cs/arm/4.7.3/bin/../lib/gcc/arm-none-eabi/4.7.3/../../../../arm-none-eabi/lib/armv7-m/crt0.o
START GROUP
LOAD .\CortexM3\ARM_GCC_473\Debug\main.o
LOAD .\CortexM3\ARM_GCC_473\Debug\pid.o
LOAD .\CortexM3\ARM_GCC_473\Debug\cli.o
LOAD .\CortexM3\ARM_GCC_473\Debug\eeprom.o
LOAD .\CortexM3\ARM_GCC_473\Debug\Cm3Start.o
LOAD .\CortexM3\ARM_GCC_473\Debug\cymetadata.o
LOAD .\CortexM3\ARM_GCC_473\Debug\Laserschutzschaltung.a
LOAD C:\Program Files (x86)\Cypress\PSoC Creator\3.0\PSoC Creator\psoc\content\cycomponentlibrary\CyComponentLibrary.cylib\CortexM3\ARM_GCC_473\Debug\CyComponentLibrary.a
LOAD c:/program files (x86)/cypress/psoc creator/3.0/psoc creator/import/gnu_cs/arm/4.7.3/bin/../lib/gcc/arm-none-eabi/4.7.3/../../../../arm-none-eabi/lib/armv7-m\libm.a
END GROUP
START GROUP
LOAD c:/program files (x86)/cypress/psoc creator/3.0/psoc creator/import/gnu_cs/arm/4.7.3/bin/../lib/gcc/arm-none-eabi/4.7.3/armv7-m\libgcc.a
LOAD c:/program files (x86)/cypress/psoc creator/3.0/psoc creator/import/gnu_cs/arm/4.7.3/bin/../lib/gcc/arm-none-eabi/4.7.3/../../../../arm-none-eabi/lib/armv7-m\libc_s.a
END GROUP
LOAD c:/program files (x86)/cypress/psoc creator/3.0/psoc creator/import/gnu_cs/arm/4.7.3/bin/../lib/gcc/arm-none-eabi/4.7.3/armv7-m/crtend.o
LOAD c:/program files (x86)/cypress/psoc creator/3.0/psoc creator/import/gnu_cs/arm/4.7.3/bin/../lib/gcc/arm-none-eabi/4.7.3/armv7-m/crtn.o
START GROUP
LOAD c:/program files (x86)/cypress/psoc creator/3.0/psoc creator/import/gnu_cs/arm/4.7.3/bin/../lib/gcc/arm-none-eabi/4.7.3/armv7-m\libgcc.a
LOAD c:/program files (x86)/cypress/psoc creator/3.0/psoc creator/import/gnu_cs/arm/4.7.3/bin/../lib/gcc/arm-none-eabi/4.7.3/../../../../arm-none-eabi/lib/armv7-m\libc.a
LOAD c:/program files (x86)/cypress/psoc creator/3.0/psoc creator/import/gnu_cs/arm/4.7.3/bin/../lib/gcc/arm-none-eabi/4.7.3/../../../../arm-none-eabi/lib/armv7-m\libnosys.a
END GROUP
                0x00000000                CY_APPL_ORIGIN = 0x0
                0x00000100                CY_FLASH_ROW_SIZE = 0x100
                0x00000020                CY_ECC_ROW_SIZE = 0x20
                0x00000000                CY_EE_IN_BTLDR = 0x0
                0x00000000                CY_APPL_LOADABLE = 0x0
                0x00000800                CY_EE_SIZE = 0x800
                0x00000001                CY_APPL_NUM = 0x1
                0x00000001                CY_APPL_MAX = 0x1
                0x00000040                CY_METADATA_SIZE = 0x40
                0x1fff8358                PROVIDE (__cy_heap_start, _end)
                0x00000001                PROVIDE (__cy_region_num, ((__cy_regions_end - __cy_regions) / 0x10))
                0x20008000                PROVIDE (__cy_stack, (ORIGIN (ram) + 0x10000))
                0x20004000                PROVIDE (__cy_heap_end, (__cy_stack - 0x4000))

.cybootloader   0x00000000        0x0
 *(.cybootloader)
                0x00000000                appl1_start = CY_APPL_ORIGIN?CY_APPL_ORIGIN:ALIGN (CY_FLASH_ROW_SIZE)
                0x0001ff00                appl2_start = (appl1_start + ALIGN ((((0x40000 - appl1_start) - (0x2 * CY_FLASH_ROW_SIZE)) / 0x2), CY_FLASH_ROW_SIZE))
                0x00000000                appl_start = (CY_APPL_NUM == 0x1)?appl1_start:appl2_start
                0x00000000                ecc_offset = ((appl_start / CY_FLASH_ROW_SIZE) * CY_ECC_ROW_SIZE)
                0x00000000                ee_offset = (CY_APPL_LOADABLE && ! (CY_EE_IN_BTLDR))?((CY_EE_SIZE / CY_APPL_MAX) * (CY_APPL_NUM - 0x1)):0x0
                0x00000800                ee_size = (CY_APPL_LOADABLE && ! (CY_EE_IN_BTLDR))?(CY_EE_SIZE / CY_APPL_MAX):CY_EE_SIZE
                0x00000000                PROVIDE (CY_ECC_OFFSET, ecc_offset)

.text           0x00000000     0xa748
 CREATE_OBJECT_SYMBOLS
                0x00000000                PROVIDE (__cy_interrupt_vector, RomVectors)
 *(.romvectors)
 .romvectors    0x00000000       0x10 .\CortexM3\ARM_GCC_473\Debug\Cm3Start.o
                0x00000000                RomVectors
                0x00000001                ASSERT ((. != __cy_interrupt_vector), No interrupt vector)
                0x00000001                ASSERT (CY_APPL_ORIGIN?(SIZEOF (.cybootloader) <= CY_APPL_ORIGIN):0x1, Wrong image location)
                0x00000010                PROVIDE (__cy_reset, Reset)
 *(.text.Reset)
 .text.Reset    0x00000010       0x1c .\CortexM3\ARM_GCC_473\Debug\Cm3Start.o
                0x00000010                Reset
                0x00000001                ASSERT ((. != __cy_reset), No reset code)
 *(.dma_init)
 .dma_init      0x0000002c      0x270 .\CortexM3\ARM_GCC_473\Debug\Laserschutzschaltung.a(cyfitter_cfg.o)
                0x00000001                ASSERT ((((appl_start + .) <= 0x10000) || 0x0), DMA Init must be within the first 64k of flash)
 *(.text .text.* .gnu.linkonce.t.*)
 .text          0x0000029c       0x54 c:/program files (x86)/cypress/psoc creator/3.0/psoc creator/import/gnu_cs/arm/4.7.3/bin/../lib/gcc/arm-none-eabi/4.7.3/armv7-m/crtbegin.o
 .text.filterVDAC
                0x000002f0       0x80 .\CortexM3\ARM_GCC_473\Debug\main.o
                0x000002f0                filterVDAC
 .text.faultISR
                0x00000370       0x30 .\CortexM3\ARM_GCC_473\Debug\main.o
                0x00000370                faultISR
 .text.pidISR   0x000003a0       0x18 .\CortexM3\ARM_GCC_473\Debug\main.o
                0x000003a0                pidISR
 .text.main     0x000003b8      0x464 .\CortexM3\ARM_GCC_473\Debug\main.o
                0x000003b8                main
 .text.USB_init
                0x0000081c       0x2c .\CortexM3\ARM_GCC_473\Debug\main.o
                0x0000081c                USB_init
 .text.DMA_Config
                0x00000848       0x6c .\CortexM3\ARM_GCC_473\Debug\main.o
                0x00000848                DMA_Config
 .text.pid1_write
                0x000008b4       0x58 .\CortexM3\ARM_GCC_473\Debug\main.o
                0x000008b4                pid1_write
 .text.calc_voltage
                0x0000090c       0x40 .\CortexM3\ARM_GCC_473\Debug\main.o
                0x0000090c                calc_voltage
 .text.peripheral_init
                0x0000094c      0x110 .\CortexM3\ARM_GCC_473\Debug\main.o
                0x0000094c                peripheral_init
 .text.pid_init
                0x00000a5c       0x2c .\CortexM3\ARM_GCC_473\Debug\pid.o
                0x00000a5c                pid_init
 .text.pid_calc
                0x00000a88       0xc4 .\CortexM3\ARM_GCC_473\Debug\pid.o
                0x00000a88                pid_calc
 .text.constrain
                0x00000b4c       0x34 .\CortexM3\ARM_GCC_473\Debug\pid.o
                0x00000b4c                constrain
 .text.i2a      0x00000b80       0x5c .\CortexM3\ARM_GCC_473\Debug\cli.o
 .text.itoa     0x00000bdc       0x70 .\CortexM3\ARM_GCC_473\Debug\cli.o
                0x00000bdc                itoa
 .text._atof    0x00000c4c      0x220 .\CortexM3\ARM_GCC_473\Debug\cli.o
 .text.ftoa     0x00000e6c      0x1ac .\CortexM3\ARM_GCC_473\Debug\cli.o
 .text.n_pow    0x00001018       0x34 .\CortexM3\ARM_GCC_473\Debug\cli.o
                0x00001018                n_pow
 .text.cliPrompt
                0x0000104c       0x14 .\CortexM3\ARM_GCC_473\Debug\cli.o
 .text.cliCompare
                0x00001060       0x3c .\CortexM3\ARM_GCC_473\Debug\cli.o
 .text.cliDefaults
                0x0000109c       0x1c .\CortexM3\ARM_GCC_473\Debug\cli.o
 .text.cliExit  0x000010b8       0x48 .\CortexM3\ARM_GCC_473\Debug\cli.o
 .text.cliHelp  0x00001100       0x90 .\CortexM3\ARM_GCC_473\Debug\cli.o
 .text.cliSave  0x00001190       0x34 .\CortexM3\ARM_GCC_473\Debug\cli.o
 .text.cliPrint
                0x000011c4       0x24 .\CortexM3\ARM_GCC_473\Debug\cli.o
 .text.cliWrite
                0x000011e8       0x28 .\CortexM3\ARM_GCC_473\Debug\cli.o
 .text.cliPrintVar
                0x00001210      0x260 .\CortexM3\ARM_GCC_473\Debug\cli.o
 .text.cliSetVar
                0x00001470       0xc0 .\CortexM3\ARM_GCC_473\Debug\cli.o
 .text.cliSet   0x00001530      0x378 .\CortexM3\ARM_GCC_473\Debug\cli.o
 .text.cliStatus
                0x000018a8      0x12c .\CortexM3\ARM_GCC_473\Debug\cli.o
 .text.cliProcess
                0x000019d4      0x44c .\CortexM3\ARM_GCC_473\Debug\cli.o
                0x000019d4                cliProcess
 .text.save_settings
                0x00001e20       0xf4 .\CortexM3\ARM_GCC_473\Debug\eeprom.o
                0x00001e20                save_settings
 .text.read_settings
                0x00001f14       0x80 .\CortexM3\ARM_GCC_473\Debug\eeprom.o
                0x00001f14                read_settings
 .text.IntDefaultHandler
                0x00001f94        0x8 .\CortexM3\ARM_GCC_473\Debug\Cm3Start.o
                0x00001f94                IntDefaultHandler
 .text.Start_c  0x00001f9c       0xcc .\CortexM3\ARM_GCC_473\Debug\Cm3Start.o
                0x00001f9c                Start_c
 .text.initialize_psoc
                0x00002068       0xb8 .\CortexM3\ARM_GCC_473\Debug\Cm3Start.o
                0x00002068                initialize_psoc
 .text.CYMEMZERO
                0x00002120       0x20 .\CortexM3\ARM_GCC_473\Debug\Laserschutzschaltung.a(cyfitter_cfg.o)
 .text.CYCONFIGCPY
                0x00002140       0x20 .\CortexM3\ARM_GCC_473\Debug\Laserschutzschaltung.a(cyfitter_cfg.o)
 .text.CyClockStartupError
                0x00002160        0xc .\CortexM3\ARM_GCC_473\Debug\Laserschutzschaltung.a(cyfitter_cfg.o)
 .text.cfg_dma_init
                0x0000216c      0x1e0 .\CortexM3\ARM_GCC_473\Debug\Laserschutzschaltung.a(cyfitter_cfg.o)
 .text.ClockSetup
                0x0000234c      0x228 .\CortexM3\ARM_GCC_473\Debug\Laserschutzschaltung.a(cyfitter_cfg.o)
 .text.AnalogSetDefault
                0x00002574      0x248 .\CortexM3\ARM_GCC_473\Debug\Laserschutzschaltung.a(cyfitter_cfg.o)
 .text.ADC_DelSig_1_AMux_Set
                0x000027bc       0x4c .\CortexM3\ARM_GCC_473\Debug\Laserschutzschaltung.a(cyfitter_cfg.o)
                0x000027bc                ADC_DelSig_1_AMux_Set
 .text.ADC_DelSig_1_AMux_Unset
                0x00002808       0x50 .\CortexM3\ARM_GCC_473\Debug\Laserschutzschaltung.a(cyfitter_cfg.o)
                0x00002808                ADC_DelSig_1_AMux_Unset
 .text.cyfitter_cfg
                0x00002858      0x1e0 .\CortexM3\ARM_GCC_473\Debug\Laserschutzschaltung.a(cyfitter_cfg.o)
                0x00002858                cyfitter_cfg
 .text.DMA_DmaInitialize
                0x00002a38       0x84 .\CortexM3\ARM_GCC_473\Debug\Laserschutzschaltung.a(DMA_dma.o)
                0x00002a38                DMA_DmaInitialize
 .text.isr_StartEx
                0x00002abc       0x28 .\CortexM3\ARM_GCC_473\Debug\Laserschutzschaltung.a(isr.o)
                0x00002abc                isr_StartEx
 .text.isr_SetVector
                0x00002ae4       0x28 .\CortexM3\ARM_GCC_473\Debug\Laserschutzschaltung.a(isr.o)
                0x00002ae4                isr_SetVector
 .text.isr_SetPriority
                0x00002b0c       0x28 .\CortexM3\ARM_GCC_473\Debug\Laserschutzschaltung.a(isr.o)
                0x00002b0c                isr_SetPriority
 .text.isr_Enable
                0x00002b34       0x18 .\CortexM3\ARM_GCC_473\Debug\Laserschutzschaltung.a(isr.o)
                0x00002b34                isr_Enable
 .text.isr_Disable
                0x00002b4c       0x18 .\CortexM3\ARM_GCC_473\Debug\Laserschutzschaltung.a(isr.o)
                0x00002b4c                isr_Disable
 .text.VDAC8_Init
                0x00002b64       0x34 .\CortexM3\ARM_GCC_473\Debug\Laserschutzschaltung.a(VDAC8.o)
                0x00002b64                VDAC8_Init
 .text.VDAC8_Enable
                0x00002b98       0x44 .\CortexM3\ARM_GCC_473\Debug\Laserschutzschaltung.a(VDAC8.o)
                0x00002b98                VDAC8_Enable
 .text.VDAC8_Start
                0x00002bdc       0x34 .\CortexM3\ARM_GCC_473\Debug\Laserschutzschaltung.a(VDAC8.o)
                0x00002bdc                VDAC8_Start
 .text.VDAC8_SetSpeed
                0x00002c10       0x54 .\CortexM3\ARM_GCC_473\Debug\Laserschutzschaltung.a(VDAC8.o)
                0x00002c10                VDAC8_SetSpeed
 .text.VDAC8_SetRange
                0x00002c64       0x54 .\CortexM3\ARM_GCC_473\Debug\Laserschutzschaltung.a(VDAC8.o)
                0x00002c64                VDAC8_SetRange
 .text.VDAC8_SetValue
                0x00002cb8       0x20 .\CortexM3\ARM_GCC_473\Debug\Laserschutzschaltung.a(VDAC8.o)
                0x00002cb8                VDAC8_SetValue
 .text.VDAC8_DacTrim
                0x00002cd8       0x44 .\CortexM3\ARM_GCC_473\Debug\Laserschutzschaltung.a(VDAC8.o)
                0x00002cd8                VDAC8_DacTrim
 .text.Comp_1_Init
                0x00002d1c       0x9c .\CortexM3\ARM_GCC_473\Debug\Laserschutzschaltung.a(Comp_1.o)
                0x00002d1c                Comp_1_Init
 .text.Comp_1_Enable
                0x00002db8       0x44 .\CortexM3\ARM_GCC_473\Debug\Laserschutzschaltung.a(Comp_1.o)
                0x00002db8                Comp_1_Enable
 .text.Comp_1_Start
                0x00002dfc       0x2c .\CortexM3\ARM_GCC_473\Debug\Laserschutzschaltung.a(Comp_1.o)
                0x00002dfc                Comp_1_Start
 .text.Comp_1_SetSpeed
                0x00002e28       0xa0 .\CortexM3\ARM_GCC_473\Debug\Laserschutzschaltung.a(Comp_1.o)
                0x00002e28                Comp_1_SetSpeed
 .text.Filter_Init
                0x00002ec8      0x16c .\CortexM3\ARM_GCC_473\Debug\Laserschutzschaltung.a(Filter.o)
                0x00002ec8                Filter_Init
 .text.Filter_Enable
                0x00003034       0x60 .\CortexM3\ARM_GCC_473\Debug\Laserschutzschaltung.a(Filter.o)
                0x00003034                Filter_Enable
 .text.Filter_Start
                0x00003094       0x2c .\CortexM3\ARM_GCC_473\Debug\Laserschutzschaltung.a(Filter.o)
                0x00003094                Filter_Start
 .text.Filter_SetCoherency
                0x000030c0       0xe0 .\CortexM3\ARM_GCC_473\Debug\Laserschutzschaltung.a(Filter.o)
                0x000030c0                Filter_SetCoherency
 .text.Filter_SetInterruptMode
                0x000031a0       0x28 .\CortexM3\ARM_GCC_473\Debug\Laserschutzschaltung.a(Filter_PVT.o)
                0x000031a0                Filter_SetInterruptMode
 .text.Filter_SetDMAMode
                0x000031c8       0x28 .\CortexM3\ARM_GCC_473\Debug\Laserschutzschaltung.a(Filter_PVT.o)
                0x000031c8                Filter_SetDMAMode
 .text          0x000031f0       0x28 .\CortexM3\ARM_GCC_473\Debug\Laserschutzschaltung.a(CyBootAsmGnu.o)
                0x000031f0                CyDelayCycles
                0x00003204                CyEnterCriticalSection
                0x0000320c                CyExitCriticalSection
 .text.CyDmacConfigure
                0x00003218       0x70 .\CortexM3\ARM_GCC_473\Debug\Laserschutzschaltung.a(CyDmac.o)
                0x00003218                CyDmacConfigure
 .text.CyDmaChEnable
                0x00003288       0xbc .\CortexM3\ARM_GCC_473\Debug\Laserschutzschaltung.a(CyDmac.o)
                0x00003288                CyDmaChEnable
 .text.CyDmaChPriority
                0x00003344       0x70 .\CortexM3\ARM_GCC_473\Debug\Laserschutzschaltung.a(CyDmac.o)
                0x00003344                CyDmaChPriority
 .text.CyDmaChSetExtendedAddress
                0x000033b4       0x88 .\CortexM3\ARM_GCC_473\Debug\Laserschutzschaltung.a(CyDmac.o)
                0x000033b4                CyDmaChSetExtendedAddress
 .text.CyDmaChSetInitialTd
                0x0000343c       0x44 .\CortexM3\ARM_GCC_473\Debug\Laserschutzschaltung.a(CyDmac.o)
                0x0000343c                CyDmaChSetInitialTd
 .text.CyDmaChSetConfiguration
                0x00003480       0xa4 .\CortexM3\ARM_GCC_473\Debug\Laserschutzschaltung.a(CyDmac.o)
                0x00003480                CyDmaChSetConfiguration
 .text.CyDmaTdAllocate
                0x00003524       0x78 .\CortexM3\ARM_GCC_473\Debug\Laserschutzschaltung.a(CyDmac.o)
                0x00003524                CyDmaTdAllocate
 .text.CyDmaTdSetConfiguration
                0x0000359c       0x7c .\CortexM3\ARM_GCC_473\Debug\Laserschutzschaltung.a(CyDmac.o)
                0x0000359c                CyDmaTdSetConfiguration
 .text.CyDmaTdSetAddress
                0x00003618       0x68 .\CortexM3\ARM_GCC_473\Debug\Laserschutzschaltung.a(CyDmac.o)
                0x00003618                CyDmaTdSetAddress
 .text.CyHalt   0x00003680       0x18 .\CortexM3\ARM_GCC_473\Debug\Laserschutzschaltung.a(CyLib.o)
                0x00003680                CyHalt
 .text.CyDelay  0x00003698       0x48 .\CortexM3\ARM_GCC_473\Debug\Laserschutzschaltung.a(CyLib.o)
                0x00003698                CyDelay
 .text.CyDelayUs
                0x000036e0       0x28 .\CortexM3\ARM_GCC_473\Debug\Laserschutzschaltung.a(CyLib.o)
                0x000036e0                CyDelayUs
 .text.CyIntSetVector
                0x00003708       0x60 .\CortexM3\ARM_GCC_473\Debug\Laserschutzschaltung.a(CyLib.o)
                0x00003708                CyIntSetVector
 .text.CyIntSetPriority
                0x00003768       0x4c .\CortexM3\ARM_GCC_473\Debug\Laserschutzschaltung.a(CyLib.o)
                0x00003768                CyIntSetPriority
 .text.Comp_2_Init
                0x000037b4       0x9c .\CortexM3\ARM_GCC_473\Debug\Laserschutzschaltung.a(Comp_2.o)
                0x000037b4                Comp_2_Init
 .text.Comp_2_Enable
                0x00003850       0x44 .\CortexM3\ARM_GCC_473\Debug\Laserschutzschaltung.a(Comp_2.o)
                0x00003850                Comp_2_Enable
 .text.Comp_2_Start
                0x00003894       0x2c .\CortexM3\ARM_GCC_473\Debug\Laserschutzschaltung.a(Comp_2.o)
                0x00003894                Comp_2_Start
 .text.Comp_2_SetSpeed
                0x000038c0       0xa0 .\CortexM3\ARM_GCC_473\Debug\Laserschutzschaltung.a(Comp_2.o)
                0x000038c0                Comp_2_SetSpeed
 .text.Comp_3_Init
                0x00003960       0x9c .\CortexM3\ARM_GCC_473\Debug\Laserschutzschaltung.a(Comp_3.o)
                0x00003960                Comp_3_Init
 .text.Comp_3_Enable
                0x000039fc       0x44 .\CortexM3\ARM_GCC_473\Debug\Laserschutzschaltung.a(Comp_3.o)
                0x000039fc                Comp_3_Enable
 .text.Comp_3_Start
                0x00003a40       0x2c .\CortexM3\ARM_GCC_473\Debug\Laserschutzschaltung.a(Comp_3.o)
                0x00003a40                Comp_3_Start
 .text.Comp_3_SetSpeed
                0x00003a6c       0xa0 .\CortexM3\ARM_GCC_473\Debug\Laserschutzschaltung.a(Comp_3.o)
                0x00003a6c                Comp_3_SetSpeed
 .text.LCD_Init
                0x00003b0c       0x90 .\CortexM3\ARM_GCC_473\Debug\Laserschutzschaltung.a(LCD.o)
                0x00003b0c                LCD_Init
 .text.LCD_Enable
                0x00003b9c       0x1c .\CortexM3\ARM_GCC_473\Debug\Laserschutzschaltung.a(LCD.o)
                0x00003b9c                LCD_Enable
 .text.LCD_Start
                0x00003bb8       0x2c .\CortexM3\ARM_GCC_473\Debug\Laserschutzschaltung.a(LCD.o)
                0x00003bb8                LCD_Start
 .text.LCD_Position
                0x00003be4       0x78 .\CortexM3\ARM_GCC_473\Debug\Laserschutzschaltung.a(LCD.o)
                0x00003be4                LCD_Position
 .text.LCD_PrintString
                0x00003c5c       0x40 .\CortexM3\ARM_GCC_473\Debug\Laserschutzschaltung.a(LCD.o)
                0x00003c5c                LCD_PrintString
 .text.LCD_PutChar
                0x00003c9c       0x1c .\CortexM3\ARM_GCC_473\Debug\Laserschutzschaltung.a(LCD.o)
                0x00003c9c                LCD_PutChar
 .text.LCD_WriteData
                0x00003cb8       0x38 .\CortexM3\ARM_GCC_473\Debug\Laserschutzschaltung.a(LCD.o)
                0x00003cb8                LCD_WriteData
 .text.LCD_WriteControl
                0x00003cf0       0x38 .\CortexM3\ARM_GCC_473\Debug\Laserschutzschaltung.a(LCD.o)
                0x00003cf0                LCD_WriteControl
 .text.LCD_IsReady
                0x00003d28      0x208 .\CortexM3\ARM_GCC_473\Debug\Laserschutzschaltung.a(LCD.o)
                0x00003d28                LCD_IsReady
 .text.LCD_WrDatNib
                0x00003f30       0xb0 .\CortexM3\ARM_GCC_473\Debug\Laserschutzschaltung.a(LCD.o)
 .text.LCD_WrCntrlNib
                0x00003fe0       0x90 .\CortexM3\ARM_GCC_473\Debug\Laserschutzschaltung.a(LCD.o)
 .text.Fault_isr_StartEx
                0x00004070       0x28 .\CortexM3\ARM_GCC_473\Debug\Laserschutzschaltung.a(Fault_isr.o)
                0x00004070                Fault_isr_StartEx
 .text.Fault_isr_SetVector
                0x00004098       0x28 .\CortexM3\ARM_GCC_473\Debug\Laserschutzschaltung.a(Fault_isr.o)
                0x00004098                Fault_isr_SetVector
 .text.Fault_isr_SetPriority
                0x000040c0       0x28 .\CortexM3\ARM_GCC_473\Debug\Laserschutzschaltung.a(Fault_isr.o)
                0x000040c0                Fault_isr_SetPriority
 .text.Fault_isr_Enable
                0x000040e8       0x18 .\CortexM3\ARM_GCC_473\Debug\Laserschutzschaltung.a(Fault_isr.o)
                0x000040e8                Fault_isr_Enable
 .text.Fault_isr_Disable
                0x00004100       0x18 .\CortexM3\ARM_GCC_473\Debug\Laserschutzschaltung.a(Fault_isr.o)
                0x00004100                Fault_isr_Disable
 .text.ADC_SAR_1_Start
                0x00004118       0x2c .\CortexM3\ARM_GCC_473\Debug\Laserschutzschaltung.a(ADC_SAR_1.o)
                0x00004118                ADC_SAR_1_Start
 .text.ADC_SAR_1_Init
                0x00004144       0x5c .\CortexM3\ARM_GCC_473\Debug\Laserschutzschaltung.a(ADC_SAR_1.o)
                0x00004144                ADC_SAR_1_Init
 .text.ADC_SAR_1_Enable
                0x000041a0      0x14c .\CortexM3\ARM_GCC_473\Debug\Laserschutzschaltung.a(ADC_SAR_1.o)
                0x000041a0                ADC_SAR_1_Enable
 .text.ADC_SAR_1_SetResolution
                0x000042ec       0x60 .\CortexM3\ARM_GCC_473\Debug\Laserschutzschaltung.a(ADC_SAR_1.o)
                0x000042ec                ADC_SAR_1_SetResolution
 .text.ADC_SAR_1_StartConvert
                0x0000434c       0x28 .\CortexM3\ARM_GCC_473\Debug\Laserschutzschaltung.a(ADC_SAR_1.o)
                0x0000434c                ADC_SAR_1_StartConvert
 .text.ADC_SAR_1_CalcGain
                0x00004374       0x94 .\CortexM3\ARM_GCC_473\Debug\Laserschutzschaltung.a(ADC_SAR_1.o)
 .text.ADC_SAR_1_ISR
                0x00004408        0xc .\CortexM3\ARM_GCC_473\Debug\Laserschutzschaltung.a(ADC_SAR_1_INT.o)
                0x00004408                ADC_SAR_1_ISR
 .text.ADC_SAR_1_theACLK_SetModeRegister
                0x00004414       0x3c .\CortexM3\ARM_GCC_473\Debug\Laserschutzschaltung.a(ADC_SAR_1_theACLK.o)
                0x00004414                ADC_SAR_1_theACLK_SetModeRegister
 .text.IDAC8_1_Init
                0x00004450       0x44 .\CortexM3\ARM_GCC_473\Debug\Laserschutzschaltung.a(IDAC8_1.o)
                0x00004450                IDAC8_1_Init
 .text.IDAC8_1_Enable
                0x00004494       0x44 .\CortexM3\ARM_GCC_473\Debug\Laserschutzschaltung.a(IDAC8_1.o)
                0x00004494                IDAC8_1_Enable
 .text.IDAC8_1_Start
                0x000044d8       0x34 .\CortexM3\ARM_GCC_473\Debug\Laserschutzschaltung.a(IDAC8_1.o)
                0x000044d8                IDAC8_1_Start
 .text.IDAC8_1_SetSpeed
                0x0000450c       0x54 .\CortexM3\ARM_GCC_473\Debug\Laserschutzschaltung.a(IDAC8_1.o)
                0x0000450c                IDAC8_1_SetSpeed
 .text.IDAC8_1_SetValue
                0x00004560       0x20 .\CortexM3\ARM_GCC_473\Debug\Laserschutzschaltung.a(IDAC8_1.o)
                0x00004560                IDAC8_1_SetValue
 .text.IDAC8_1_DacTrim
                0x00004580       0x5c .\CortexM3\ARM_GCC_473\Debug\Laserschutzschaltung.a(IDAC8_1.o)
                0x00004580                IDAC8_1_DacTrim
 .text.IDAC8_2_Init
                0x000045dc       0x44 .\CortexM3\ARM_GCC_473\Debug\Laserschutzschaltung.a(IDAC8_2.o)
                0x000045dc                IDAC8_2_Init
 .text.IDAC8_2_Enable
                0x00004620       0x44 .\CortexM3\ARM_GCC_473\Debug\Laserschutzschaltung.a(IDAC8_2.o)
                0x00004620                IDAC8_2_Enable
 .text.IDAC8_2_Start
                0x00004664       0x34 .\CortexM3\ARM_GCC_473\Debug\Laserschutzschaltung.a(IDAC8_2.o)
                0x00004664                IDAC8_2_Start
 .text.IDAC8_2_SetSpeed
                0x00004698       0x54 .\CortexM3\ARM_GCC_473\Debug\Laserschutzschaltung.a(IDAC8_2.o)
                0x00004698                IDAC8_2_SetSpeed
 .text.IDAC8_2_SetValue
                0x000046ec       0x20 .\CortexM3\ARM_GCC_473\Debug\Laserschutzschaltung.a(IDAC8_2.o)
                0x000046ec                IDAC8_2_SetValue
 .text.IDAC8_2_DacTrim
                0x0000470c       0x5c .\CortexM3\ARM_GCC_473\Debug\Laserschutzschaltung.a(IDAC8_2.o)
                0x0000470c                IDAC8_2_DacTrim
 .text.PGA_1_Init
                0x00004768       0x50 .\CortexM3\ARM_GCC_473\Debug\Laserschutzschaltung.a(PGA_1.o)
                0x00004768                PGA_1_Init
 .text.PGA_1_Enable
                0x000047b8       0x60 .\CortexM3\ARM_GCC_473\Debug\Laserschutzschaltung.a(PGA_1.o)
                0x000047b8                PGA_1_Enable
 .text.PGA_1_Start
                0x00004818       0x2c .\CortexM3\ARM_GCC_473\Debug\Laserschutzschaltung.a(PGA_1.o)
                0x00004818                PGA_1_Start
 .text.PGA_1_SetPower
                0x00004844       0x40 .\CortexM3\ARM_GCC_473\Debug\Laserschutzschaltung.a(PGA_1.o)
                0x00004844                PGA_1_SetPower
 .text.PGA_1_SetGain
                0x00004884       0xec .\CortexM3\ARM_GCC_473\Debug\Laserschutzschaltung.a(PGA_1.o)
                0x00004884                PGA_1_SetGain
 .text.ADC_SAR_2_Start
                0x00004970       0x2c .\CortexM3\ARM_GCC_473\Debug\Laserschutzschaltung.a(ADC_SAR_2.o)
                0x00004970                ADC_SAR_2_Start
 .text.ADC_SAR_2_Init
                0x0000499c       0x5c .\CortexM3\ARM_GCC_473\Debug\Laserschutzschaltung.a(ADC_SAR_2.o)
                0x0000499c                ADC_SAR_2_Init
 .text.ADC_SAR_2_Enable
                0x000049f8      0x14c .\CortexM3\ARM_GCC_473\Debug\Laserschutzschaltung.a(ADC_SAR_2.o)
                0x000049f8                ADC_SAR_2_Enable
 .text.ADC_SAR_2_SetResolution
                0x00004b44       0x60 .\CortexM3\ARM_GCC_473\Debug\Laserschutzschaltung.a(ADC_SAR_2.o)
                0x00004b44                ADC_SAR_2_SetResolution
 .text.ADC_SAR_2_StartConvert
                0x00004ba4       0x28 .\CortexM3\ARM_GCC_473\Debug\Laserschutzschaltung.a(ADC_SAR_2.o)
                0x00004ba4                ADC_SAR_2_StartConvert
 .text.ADC_SAR_2_CalcGain
                0x00004bcc       0x94 .\CortexM3\ARM_GCC_473\Debug\Laserschutzschaltung.a(ADC_SAR_2.o)
 .text.ADC_SAR_2_ISR
                0x00004c60        0xc .\CortexM3\ARM_GCC_473\Debug\Laserschutzschaltung.a(ADC_SAR_2_INT.o)
                0x00004c60                ADC_SAR_2_ISR
 .text.ADC_SAR_2_theACLK_SetModeRegister
                0x00004c6c       0x3c .\CortexM3\ARM_GCC_473\Debug\Laserschutzschaltung.a(ADC_SAR_2_theACLK.o)
                0x00004c6c                ADC_SAR_2_theACLK_SetModeRegister
 .text.Counter_1_Init
                0x00004ca8       0xe4 .\CortexM3\ARM_GCC_473\Debug\Laserschutzschaltung.a(Counter_1.o)
                0x00004ca8                Counter_1_Init
 .text.Counter_1_Enable
                0x00004d8c       0x60 .\CortexM3\ARM_GCC_473\Debug\Laserschutzschaltung.a(Counter_1.o)
                0x00004d8c                Counter_1_Enable
 .text.Counter_1_Start
                0x00004dec       0x2c .\CortexM3\ARM_GCC_473\Debug\Laserschutzschaltung.a(Counter_1.o)
                0x00004dec                Counter_1_Start
 .text.Counter_1_SetInterruptMode
                0x00004e18       0x20 .\CortexM3\ARM_GCC_473\Debug\Laserschutzschaltung.a(Counter_1.o)
                0x00004e18                Counter_1_SetInterruptMode
 .text.Counter_1_ReadStatusRegister
                0x00004e38       0x18 .\CortexM3\ARM_GCC_473\Debug\Laserschutzschaltung.a(Counter_1.o)
                0x00004e38                Counter_1_ReadStatusRegister
 .text.Counter_1_WriteCounter
                0x00004e50       0x74 .\CortexM3\ARM_GCC_473\Debug\Laserschutzschaltung.a(Counter_1.o)
                0x00004e50                Counter_1_WriteCounter
 .text.Counter_1_WritePeriod
                0x00004ec4       0x20 .\CortexM3\ARM_GCC_473\Debug\Laserschutzschaltung.a(Counter_1.o)
                0x00004ec4                Counter_1_WritePeriod
 .text.PID_isr_StartEx
                0x00004ee4       0x28 .\CortexM3\ARM_GCC_473\Debug\Laserschutzschaltung.a(PID_isr.o)
                0x00004ee4                PID_isr_StartEx
 .text.PID_isr_SetVector
                0x00004f0c       0x28 .\CortexM3\ARM_GCC_473\Debug\Laserschutzschaltung.a(PID_isr.o)
                0x00004f0c                PID_isr_SetVector
 .text.PID_isr_SetPriority
                0x00004f34       0x28 .\CortexM3\ARM_GCC_473\Debug\Laserschutzschaltung.a(PID_isr.o)
                0x00004f34                PID_isr_SetPriority
 .text.PID_isr_Enable
                0x00004f5c       0x18 .\CortexM3\ARM_GCC_473\Debug\Laserschutzschaltung.a(PID_isr.o)
                0x00004f5c                PID_isr_Enable
 .text.PID_isr_Disable
                0x00004f74       0x18 .\CortexM3\ARM_GCC_473\Debug\Laserschutzschaltung.a(PID_isr.o)
                0x00004f74                PID_isr_Disable
 .text.ADC_DelSig_1_Init
                0x00004f8c      0x1e0 .\CortexM3\ARM_GCC_473\Debug\Laserschutzschaltung.a(ADC_DelSig_1.o)
                0x00004f8c                ADC_DelSig_1_Init
 .text.ADC_DelSig_1_Enable
                0x0000516c      0x1e4 .\CortexM3\ARM_GCC_473\Debug\Laserschutzschaltung.a(ADC_DelSig_1.o)
                0x0000516c                ADC_DelSig_1_Enable
 .text.ADC_DelSig_1_Start
                0x00005350       0x3c .\CortexM3\ARM_GCC_473\Debug\Laserschutzschaltung.a(ADC_DelSig_1.o)
                0x00005350                ADC_DelSig_1_Start
 .text.ADC_DelSig_1_StartConvert
                0x0000538c       0x28 .\CortexM3\ARM_GCC_473\Debug\Laserschutzschaltung.a(ADC_DelSig_1.o)
                0x0000538c                ADC_DelSig_1_StartConvert
 .text.ADC_DelSig_1_GetResult32
                0x000053b4       0xd8 .\CortexM3\ARM_GCC_473\Debug\Laserschutzschaltung.a(ADC_DelSig_1.o)
                0x000053b4                ADC_DelSig_1_GetResult32
 .text.ADC_DelSig_1_InitConfig
                0x0000548c      0x740 .\CortexM3\ARM_GCC_473\Debug\Laserschutzschaltung.a(ADC_DelSig_1.o)
 .text.ADC_DelSig_1_GainCompensation
                0x00005bcc      0x19c .\CortexM3\ARM_GCC_473\Debug\Laserschutzschaltung.a(ADC_DelSig_1.o)
 .text.ADC_DelSig_1_SetDSMRef0Reg
                0x00005d68       0xa8 .\CortexM3\ARM_GCC_473\Debug\Laserschutzschaltung.a(ADC_DelSig_1.o)
 .text.ADC_DelSig_1_ISR1
                0x00005e10        0xc .\CortexM3\ARM_GCC_473\Debug\Laserschutzschaltung.a(ADC_DelSig_1_INT.o)
                0x00005e10                ADC_DelSig_1_ISR1
 .text.ADC_DelSig_1_ISR2
                0x00005e1c        0xc .\CortexM3\ARM_GCC_473\Debug\Laserschutzschaltung.a(ADC_DelSig_1_INT.o)
                0x00005e1c                ADC_DelSig_1_ISR2
 .text.ADC_DelSig_1_ISR3
                0x00005e28        0xc .\CortexM3\ARM_GCC_473\Debug\Laserschutzschaltung.a(ADC_DelSig_1_INT.o)
                0x00005e28                ADC_DelSig_1_ISR3
 .text.ADC_DelSig_1_ISR4
                0x00005e34        0xc .\CortexM3\ARM_GCC_473\Debug\Laserschutzschaltung.a(ADC_DelSig_1_INT.o)
                0x00005e34                ADC_DelSig_1_ISR4
 .text.ADC_DelSig_1_AMux_Start
                0x00005e40       0x3c .\CortexM3\ARM_GCC_473\Debug\Laserschutzschaltung.a(ADC_DelSig_1_AMux.o)
                0x00005e40                ADC_DelSig_1_AMux_Start
 .text.ADC_DelSig_1_AMux_Select
                0x00005e7c       0x2c .\CortexM3\ARM_GCC_473\Debug\Laserschutzschaltung.a(ADC_DelSig_1_AMux.o)
                0x00005e7c                ADC_DelSig_1_AMux_Select
 .text.ADC_DelSig_1_Ext_CP_Clk_SetDividerRegister
                0x00005ea8      0x1e8 .\CortexM3\ARM_GCC_473\Debug\Laserschutzschaltung.a(ADC_DelSig_1_Ext_CP_Clk.o)
                0x00005ea8                ADC_DelSig_1_Ext_CP_Clk_SetDividerRegister
 .text.ADC_DelSig_1_Ext_CP_Clk_GetDividerRegister
                0x00006090       0x18 .\CortexM3\ARM_GCC_473\Debug\Laserschutzschaltung.a(ADC_DelSig_1_Ext_CP_Clk.o)
                0x00006090                ADC_DelSig_1_Ext_CP_Clk_GetDividerRegister
 .text.ADC_DelSig_1_Ext_CP_Clk_SetModeRegister
                0x000060a8       0x3c .\CortexM3\ARM_GCC_473\Debug\Laserschutzschaltung.a(ADC_DelSig_1_Ext_CP_Clk.o)
                0x000060a8                ADC_DelSig_1_Ext_CP_Clk_SetModeRegister
 .text.ADC_DelSig_1_Ext_CP_Clk_GetSourceRegister
                0x000060e4       0x20 .\CortexM3\ARM_GCC_473\Debug\Laserschutzschaltung.a(ADC_DelSig_1_Ext_CP_Clk.o)
                0x000060e4                ADC_DelSig_1_Ext_CP_Clk_GetSourceRegister
 .text.ADC_DelSig_1_theACLK_SetDividerRegister
                0x00006104      0x1e8 .\CortexM3\ARM_GCC_473\Debug\Laserschutzschaltung.a(ADC_DelSig_1_theACLK.o)
                0x00006104                ADC_DelSig_1_theACLK_SetDividerRegister
 .text.ADC_DelSig_1_theACLK_GetDividerRegister
                0x000062ec       0x18 .\CortexM3\ARM_GCC_473\Debug\Laserschutzschaltung.a(ADC_DelSig_1_theACLK.o)
                0x000062ec                ADC_DelSig_1_theACLK_GetDividerRegister
 .text.ADC_DelSig_1_theACLK_SetModeRegister
                0x00006304       0x3c .\CortexM3\ARM_GCC_473\Debug\Laserschutzschaltung.a(ADC_DelSig_1_theACLK.o)
                0x00006304                ADC_DelSig_1_theACLK_SetModeRegister
 .text.ADC_DelSig_1_theACLK_GetSourceRegister
                0x00006340       0x20 .\CortexM3\ARM_GCC_473\Debug\Laserschutzschaltung.a(ADC_DelSig_1_theACLK.o)
                0x00006340                ADC_DelSig_1_theACLK_GetSourceRegister
 .text.Control_RS_Write
                0x00006360       0x20 .\CortexM3\ARM_GCC_473\Debug\Laserschutzschaltung.a(Control_RS.o)
                0x00006360                Control_RS_Write
 .text.USBUART_1_Start
                0x00006380       0x44 .\CortexM3\ARM_GCC_473\Debug\Laserschutzschaltung.a(USBUART_1.o)
                0x00006380                USBUART_1_Start
 .text.USBUART_1_Init
                0x000063c4      0x238 .\CortexM3\ARM_GCC_473\Debug\Laserschutzschaltung.a(USBUART_1.o)
                0x000063c4                USBUART_1_Init
 .text.USBUART_1_InitComponent
                0x000065fc      0x138 .\CortexM3\ARM_GCC_473\Debug\Laserschutzschaltung.a(USBUART_1.o)
                0x000065fc                USBUART_1_InitComponent
 .text.USBUART_1_ReInitComponent
                0x00006734       0x88 .\CortexM3\ARM_GCC_473\Debug\Laserschutzschaltung.a(USBUART_1.o)
                0x00006734                USBUART_1_ReInitComponent
 .text.USBUART_1_Stop
                0x000067bc      0x114 .\CortexM3\ARM_GCC_473\Debug\Laserschutzschaltung.a(USBUART_1.o)
                0x000067bc                USBUART_1_Stop
 .text.USBUART_1_GetConfiguration
                0x000068d0       0x18 .\CortexM3\ARM_GCC_473\Debug\Laserschutzschaltung.a(USBUART_1.o)
                0x000068d0                USBUART_1_GetConfiguration
 .text.USBUART_1_GetEPCount
                0x000068e8       0x74 .\CortexM3\ARM_GCC_473\Debug\Laserschutzschaltung.a(USBUART_1.o)
                0x000068e8                USBUART_1_GetEPCount
 .text.USBUART_1_LoadInEP
                0x0000695c      0x150 .\CortexM3\ARM_GCC_473\Debug\Laserschutzschaltung.a(USBUART_1.o)
                0x0000695c                USBUART_1_LoadInEP
 .text.USBUART_1_ReadOutEP
                0x00006aac       0x98 .\CortexM3\ARM_GCC_473\Debug\Laserschutzschaltung.a(USBUART_1.o)
                0x00006aac                USBUART_1_ReadOutEP
 .text.USBUART_1_EnableOutEP
                0x00006b44       0x78 .\CortexM3\ARM_GCC_473\Debug\Laserschutzschaltung.a(USBUART_1.o)
                0x00006b44                USBUART_1_EnableOutEP
 .text.USBUART_1_SetPowerStatus
                0x00006bbc       0x54 .\CortexM3\ARM_GCC_473\Debug\Laserschutzschaltung.a(USBUART_1.o)
                0x00006bbc                USBUART_1_SetPowerStatus
 .text.USBUART_1_DispatchCDCClassRqst
                0x00006c10      0x11c .\CortexM3\ARM_GCC_473\Debug\Laserschutzschaltung.a(USBUART_1_cdc.o)
                0x00006c10                USBUART_1_DispatchCDCClassRqst
 .text.USBUART_1_CDC_Init
                0x00006d2c       0x28 .\CortexM3\ARM_GCC_473\Debug\Laserschutzschaltung.a(USBUART_1_cdc.o)
                0x00006d2c                USBUART_1_CDC_Init
 .text.USBUART_1_StrLen
                0x00006d54       0x34 .\CortexM3\ARM_GCC_473\Debug\Laserschutzschaltung.a(USBUART_1_cdc.o)
 .text.USBUART_1_PutString
                0x00006d88       0xec .\CortexM3\ARM_GCC_473\Debug\Laserschutzschaltung.a(USBUART_1_cdc.o)
                0x00006d88                USBUART_1_PutString
 .text.USBUART_1_PutChar
                0x00006e74       0x34 .\CortexM3\ARM_GCC_473\Debug\Laserschutzschaltung.a(USBUART_1_cdc.o)
                0x00006e74                USBUART_1_PutChar
 .text.USBUART_1_GetCount
                0x00006ea8       0x5c .\CortexM3\ARM_GCC_473\Debug\Laserschutzschaltung.a(USBUART_1_cdc.o)
                0x00006ea8                USBUART_1_GetCount
 .text.USBUART_1_CDCIsReady
                0x00006f04       0x34 .\CortexM3\ARM_GCC_473\Debug\Laserschutzschaltung.a(USBUART_1_cdc.o)
                0x00006f04                USBUART_1_CDCIsReady
 .text.USBUART_1_GetAll
                0x00006f38       0x54 .\CortexM3\ARM_GCC_473\Debug\Laserschutzschaltung.a(USBUART_1_cdc.o)
                0x00006f38                USBUART_1_GetAll
 .text.USBUART_1_EP_0_ISR
                0x00006f8c      0x140 .\CortexM3\ARM_GCC_473\Debug\Laserschutzschaltung.a(USBUART_1_drv.o)
                0x00006f8c                USBUART_1_EP_0_ISR
 .text.USBUART_1_HandleSetup
                0x000070cc       0xa8 .\CortexM3\ARM_GCC_473\Debug\Laserschutzschaltung.a(USBUART_1_drv.o)
                0x000070cc                USBUART_1_HandleSetup
 .text.USBUART_1_HandleIN
                0x00007174       0x50 .\CortexM3\ARM_GCC_473\Debug\Laserschutzschaltung.a(USBUART_1_drv.o)
                0x00007174                USBUART_1_HandleIN
 .text.USBUART_1_HandleOUT
                0x000071c4       0x60 .\CortexM3\ARM_GCC_473\Debug\Laserschutzschaltung.a(USBUART_1_drv.o)
                0x000071c4                USBUART_1_HandleOUT
 .text.USBUART_1_LoadEP0
                0x00007224      0x138 .\CortexM3\ARM_GCC_473\Debug\Laserschutzschaltung.a(USBUART_1_drv.o)
                0x00007224                USBUART_1_LoadEP0
 .text.USBUART_1_InitControlRead
                0x0000735c       0x90 .\CortexM3\ARM_GCC_473\Debug\Laserschutzschaltung.a(USBUART_1_drv.o)
                0x0000735c                USBUART_1_InitControlRead
 .text.USBUART_1_InitZeroLengthControlTransfer
                0x000073ec       0x58 .\CortexM3\ARM_GCC_473\Debug\Laserschutzschaltung.a(USBUART_1_drv.o)
                0x000073ec                USBUART_1_InitZeroLengthControlTransfer
 .text.USBUART_1_ControlReadDataStage
                0x00007444        0xc .\CortexM3\ARM_GCC_473\Debug\Laserschutzschaltung.a(USBUART_1_drv.o)
                0x00007444                USBUART_1_ControlReadDataStage
 .text.USBUART_1_ControlReadStatusStage
                0x00007450       0x54 .\CortexM3\ARM_GCC_473\Debug\Laserschutzschaltung.a(USBUART_1_drv.o)
                0x00007450                USBUART_1_ControlReadStatusStage
 .text.USBUART_1_InitControlWrite
                0x000074a4       0x84 .\CortexM3\ARM_GCC_473\Debug\Laserschutzschaltung.a(USBUART_1_drv.o)
                0x000074a4                USBUART_1_InitControlWrite
 .text.USBUART_1_ControlWriteDataStage
                0x00007528       0xfc .\CortexM3\ARM_GCC_473\Debug\Laserschutzschaltung.a(USBUART_1_drv.o)
                0x00007528                USBUART_1_ControlWriteDataStage
 .text.USBUART_1_ControlWriteStatusStage
                0x00007624       0x2c .\CortexM3\ARM_GCC_473\Debug\Laserschutzschaltung.a(USBUART_1_drv.o)
                0x00007624                USBUART_1_ControlWriteStatusStage
 .text.USBUART_1_InitNoDataControlTransfer
                0x00007650       0x48 .\CortexM3\ARM_GCC_473\Debug\Laserschutzschaltung.a(USBUART_1_drv.o)
                0x00007650                USBUART_1_InitNoDataControlTransfer
 .text.USBUART_1_NoDataControlStatusStage
                0x00007698       0x64 .\CortexM3\ARM_GCC_473\Debug\Laserschutzschaltung.a(USBUART_1_drv.o)
                0x00007698                USBUART_1_NoDataControlStatusStage
 .text.USBUART_1_UpdateStatusBlock
                0x000076fc       0x58 .\CortexM3\ARM_GCC_473\Debug\Laserschutzschaltung.a(USBUART_1_drv.o)
                0x000076fc                USBUART_1_UpdateStatusBlock
 .text.USBUART_1_InitializeStatusBlock
                0x00007754       0x48 .\CortexM3\ARM_GCC_473\Debug\Laserschutzschaltung.a(USBUART_1_drv.o)
                0x00007754                USBUART_1_InitializeStatusBlock
 .text.USBUART_1_EP_1_ISR
                0x0000779c       0x74 .\CortexM3\ARM_GCC_473\Debug\Laserschutzschaltung.a(USBUART_1_episr.o)
                0x0000779c                USBUART_1_EP_1_ISR
 .text.USBUART_1_EP_2_ISR
                0x00007810       0x74 .\CortexM3\ARM_GCC_473\Debug\Laserschutzschaltung.a(USBUART_1_episr.o)
                0x00007810                USBUART_1_EP_2_ISR
 .text.USBUART_1_EP_3_ISR
                0x00007884       0x7c .\CortexM3\ARM_GCC_473\Debug\Laserschutzschaltung.a(USBUART_1_episr.o)
                0x00007884                USBUART_1_EP_3_ISR
 .text.USBUART_1_SOF_ISR
                0x00007900        0xc .\CortexM3\ARM_GCC_473\Debug\Laserschutzschaltung.a(USBUART_1_episr.o)
                0x00007900                USBUART_1_SOF_ISR
 .text.USBUART_1_BUS_RESET_ISR
                0x0000790c        0xc .\CortexM3\ARM_GCC_473\Debug\Laserschutzschaltung.a(USBUART_1_episr.o)
                0x0000790c                USBUART_1_BUS_RESET_ISR
 .text.USBUART_1_HandleStandardRqst
                0x00007918      0x614 .\CortexM3\ARM_GCC_473\Debug\Laserschutzschaltung.a(USBUART_1_std.o)
                0x00007918                USBUART_1_HandleStandardRqst
 .text.USBUART_1_ReadDieID
                0x00007f2c       0xa8 .\CortexM3\ARM_GCC_473\Debug\Laserschutzschaltung.a(USBUART_1_std.o)
                0x00007f2c                USBUART_1_ReadDieID
 .text.USBUART_1_ConfigReg
                0x00007fd4      0x204 .\CortexM3\ARM_GCC_473\Debug\Laserschutzschaltung.a(USBUART_1_std.o)
                0x00007fd4                USBUART_1_ConfigReg
 .text.USBUART_1_Config
                0x000081d8      0x474 .\CortexM3\ARM_GCC_473\Debug\Laserschutzschaltung.a(USBUART_1_std.o)
                0x000081d8                USBUART_1_Config
 .text.USBUART_1_ConfigAltChanged
                0x0000864c      0x354 .\CortexM3\ARM_GCC_473\Debug\Laserschutzschaltung.a(USBUART_1_std.o)
                0x0000864c                USBUART_1_ConfigAltChanged
 .text.USBUART_1_GetConfigTablePtr
                0x000089a0       0x44 .\CortexM3\ARM_GCC_473\Debug\Laserschutzschaltung.a(USBUART_1_std.o)
                0x000089a0                USBUART_1_GetConfigTablePtr
 .text.USBUART_1_GetDeviceTablePtr
                0x000089e4       0x28 .\CortexM3\ARM_GCC_473\Debug\Laserschutzschaltung.a(USBUART_1_std.o)
                0x000089e4                USBUART_1_GetDeviceTablePtr
 .text.USBUART_1_GetInterfaceClassTablePtr
                0x00008a0c       0x48 .\CortexM3\ARM_GCC_473\Debug\Laserschutzschaltung.a(USBUART_1_std.o)
                0x00008a0c                USBUART_1_GetInterfaceClassTablePtr
 .text.USBUART_1_SetEndpointHalt
                0x00008a54      0x130 .\CortexM3\ARM_GCC_473\Debug\Laserschutzschaltung.a(USBUART_1_std.o)
                0x00008a54                USBUART_1_SetEndpointHalt
 .text.USBUART_1_ClearEndpointHalt
                0x00008b84      0x1c4 .\CortexM3\ARM_GCC_473\Debug\Laserschutzschaltung.a(USBUART_1_std.o)
                0x00008b84                USBUART_1_ClearEndpointHalt
 .text.USBUART_1_ValidateAlternateSetting
                0x00008d48       0x90 .\CortexM3\ARM_GCC_473\Debug\Laserschutzschaltung.a(USBUART_1_std.o)
                0x00008d48                USBUART_1_ValidateAlternateSetting
 .text.USBUART_1_HandleVendorRqst
                0x00008dd8       0x70 .\CortexM3\ARM_GCC_473\Debug\Laserschutzschaltung.a(USBUART_1_vnd.o)
                0x00008dd8                USBUART_1_HandleVendorRqst
 .text.VUSB_Read
                0x00008e48       0x20 .\CortexM3\ARM_GCC_473\Debug\Laserschutzschaltung.a(VUSB.o)
                0x00008e48                VUSB_Read
 .text.EEPROM_1_Enable
                0x00008e68        0xc .\CortexM3\ARM_GCC_473\Debug\Laserschutzschaltung.a(EEPROM_1.o)
                0x00008e68                EEPROM_1_Enable
 .text.EEPROM_1_Start
                0x00008e74        0xc .\CortexM3\ARM_GCC_473\Debug\Laserschutzschaltung.a(EEPROM_1.o)
                0x00008e74                EEPROM_1_Start
 .text.EEPROM_1_ByteWrite
                0x00008e80      0x144 .\CortexM3\ARM_GCC_473\Debug\Laserschutzschaltung.a(EEPROM_1.o)
                0x00008e80                EEPROM_1_ByteWrite
 .text.Fault_Reg_Read
                0x00008fc4       0x18 .\CortexM3\ARM_GCC_473\Debug\Laserschutzschaltung.a(Fault_Reg.o)
                0x00008fc4                Fault_Reg_Read
 .text.PGA_2_Init
                0x00008fdc       0x50 .\CortexM3\ARM_GCC_473\Debug\Laserschutzschaltung.a(PGA_2.o)
                0x00008fdc                PGA_2_Init
 .text.PGA_2_Enable
                0x0000902c       0x60 .\CortexM3\ARM_GCC_473\Debug\Laserschutzschaltung.a(PGA_2.o)
                0x0000902c                PGA_2_Enable
 .text.PGA_2_Start
                0x0000908c       0x2c .\CortexM3\ARM_GCC_473\Debug\Laserschutzschaltung.a(PGA_2.o)
                0x0000908c                PGA_2_Start
 .text.PGA_2_SetPower
                0x000090b8       0x40 .\CortexM3\ARM_GCC_473\Debug\Laserschutzschaltung.a(PGA_2.o)
                0x000090b8                PGA_2_SetPower
 .text.PGA_2_SetGain
                0x000090f8       0xec .\CortexM3\ARM_GCC_473\Debug\Laserschutzschaltung.a(PGA_2.o)
                0x000090f8                PGA_2_SetGain
 .text.CyEEPROM_Start
                0x000091e4       0x44 .\CortexM3\ARM_GCC_473\Debug\Laserschutzschaltung.a(CyFlash.o)
                0x000091e4                CyEEPROM_Start
 .text.CySpcStart
                0x00009228       0x58 .\CortexM3\ARM_GCC_473\Debug\Laserschutzschaltung.a(CySpc.o)
                0x00009228                CySpcStart
 .text.CySpcLoadMultiByte
                0x00009280      0x11c .\CortexM3\ARM_GCC_473\Debug\Laserschutzschaltung.a(CySpc.o)
                0x00009280                CySpcLoadMultiByte
 .text.CySpcWriteRow
                0x0000939c       0xcc .\CortexM3\ARM_GCC_473\Debug\Laserschutzschaltung.a(CySpc.o)
                0x0000939c                CySpcWriteRow
 .text.CySpcLock
                0x00009468       0x88 .\CortexM3\ARM_GCC_473\Debug\Laserschutzschaltung.a(CySpc.o)
                0x00009468                CySpcLock
 .text.CySpcUnlock
                0x000094f0       0x68 .\CortexM3\ARM_GCC_473\Debug\Laserschutzschaltung.a(CySpc.o)
                0x000094f0                CySpcUnlock
 .text.USBUART_1_DispatchClassRqst
                0x00009558       0xa8 .\CortexM3\ARM_GCC_473\Debug\Laserschutzschaltung.a(USBUART_1_cls.o)
                0x00009558                USBUART_1_DispatchClassRqst
 .text.lrintf   0x00009600       0x80 c:/program files (x86)/cypress/psoc creator/3.0/psoc creator/import/gnu_cs/arm/4.7.3/bin/../lib/gcc/arm-none-eabi/4.7.3/../../../../arm-none-eabi/lib/armv7-m\libm.a(lib_a-sf_lrint.o)
                0x00009600                lrintf
 .text          0x00009680      0x21c c:/program files (x86)/cypress/psoc creator/3.0/psoc creator/import/gnu_cs/arm/4.7.3/bin/../lib/gcc/arm-none-eabi/4.7.3/armv7-m\libgcc.a(_arm_addsubsf3.o)
                0x00009680                __aeabi_frsub
                0x00009688                __subsf3
                0x00009688                __aeabi_fsub
                0x0000968c                __aeabi_fadd
                0x0000968c                __addsf3
                0x000097ec                __aeabi_ui2f
                0x000097ec                __floatunsisf
                0x000097f4                __aeabi_i2f
                0x000097f4                __floatsisf
                0x00009810                __aeabi_ul2f
                0x00009810                __floatundisf
                0x00009820                __aeabi_l2f
                0x00009820                __floatdisf
 .text          0x0000989c      0x2a0 c:/program files (x86)/cypress/psoc creator/3.0/psoc creator/import/gnu_cs/arm/4.7.3/bin/../lib/gcc/arm-none-eabi/4.7.3/armv7-m\libgcc.a(_arm_muldivsf3.o)
                0x0000989c                __mulsf3
                0x0000989c                __aeabi_fmul
                0x00009a04                __aeabi_fdiv
                0x00009a04                __divsf3
 .text          0x00009b3c       0xec c:/program files (x86)/cypress/psoc creator/3.0/psoc creator/import/gnu_cs/arm/4.7.3/bin/../lib/gcc/arm-none-eabi/4.7.3/armv7-m\libgcc.a(_arm_cmpsf2.o)
                0x00009b3c                __gesf2
                0x00009b3c                __gtsf2
                0x00009b44                __lesf2
                0x00009b44                __ltsf2
                0x00009b4c                __nesf2
                0x00009b4c                __eqsf2
                0x00009b4c                __cmpsf2
                0x00009bac                __aeabi_cfrcmple
                0x00009bb4                __aeabi_cfcmpeq
                0x00009bb4                __aeabi_cfcmple
                0x00009bc4                __aeabi_fcmpeq
                0x00009bd8                __aeabi_fcmplt
                0x00009bec                __aeabi_fcmple
                0x00009c00                __aeabi_fcmpge
                0x00009c14                __aeabi_fcmpgt
 .text          0x00009c28       0x4c c:/program files (x86)/cypress/psoc creator/3.0/psoc creator/import/gnu_cs/arm/4.7.3/bin/../lib/gcc/arm-none-eabi/4.7.3/armv7-m\libgcc.a(_arm_fixsfsi.o)
                0x00009c28                __aeabi_f2iz
                0x00009c28                __fixsfsi
 .text.atoi     0x00009c74        0x8 c:/program files (x86)/cypress/psoc creator/3.0/psoc creator/import/gnu_cs/arm/4.7.3/bin/../lib/gcc/arm-none-eabi/4.7.3/../../../../arm-none-eabi/lib/armv7-m\libc_s.a(lib_a-atoi.o)
                0x00009c74                atoi
 .text.bsearch  0x00009c7c       0x46 c:/program files (x86)/cypress/psoc creator/3.0/psoc creator/import/gnu_cs/arm/4.7.3/bin/../lib/gcc/arm-none-eabi/4.7.3/../../../../arm-none-eabi/lib/armv7-m\libc_s.a(lib_a-bsearch.o)
                0x00009c7c                bsearch
 *fill*         0x00009cc2        0x2 00
 .text.__libc_init_array
                0x00009cc4       0x4c c:/program files (x86)/cypress/psoc creator/3.0/psoc creator/import/gnu_cs/arm/4.7.3/bin/../lib/gcc/arm-none-eabi/4.7.3/../../../../arm-none-eabi/lib/armv7-m\libc_s.a(lib_a-init.o)
                0x00009cc4                __libc_init_array
 .text.memcpy   0x00009d10       0x12 c:/program files (x86)/cypress/psoc creator/3.0/psoc creator/import/gnu_cs/arm/4.7.3/bin/../lib/gcc/arm-none-eabi/4.7.3/../../../../arm-none-eabi/lib/armv7-m\libc_s.a(lib_a-memcpy.o)
                0x00009d10                memcpy
 .text.memset   0x00009d22       0x10 c:/program files (x86)/cypress/psoc creator/3.0/psoc creator/import/gnu_cs/arm/4.7.3/bin/../lib/gcc/arm-none-eabi/4.7.3/../../../../arm-none-eabi/lib/armv7-m\libc_s.a(lib_a-memset.o)
                0x00009d22                memset
 *fill*         0x00009d32        0x2 00
 .text.sprintf  0x00009d34       0x48 c:/program files (x86)/cypress/psoc creator/3.0/psoc creator/import/gnu_cs/arm/4.7.3/bin/../lib/gcc/arm-none-eabi/4.7.3/../../../../arm-none-eabi/lib/armv7-m\libc_s.a(lib_a-sprintf.o)
                0x00009d34                siprintf
                0x00009d34                sprintf
 .text.strcat   0x00009d7c       0x1a c:/program files (x86)/cypress/psoc creator/3.0/psoc creator/import/gnu_cs/arm/4.7.3/bin/../lib/gcc/arm-none-eabi/4.7.3/../../../../arm-none-eabi/lib/armv7-m\libc_s.a(lib_a-strcat.o)
                0x00009d7c                strcat
 .text.strchr   0x00009d96       0x1a c:/program files (x86)/cypress/psoc creator/3.0/psoc creator/import/gnu_cs/arm/4.7.3/bin/../lib/gcc/arm-none-eabi/4.7.3/../../../../arm-none-eabi/lib/armv7-m\libc_s.a(lib_a-strchr.o)
                0x00009d96                strchr
 .text.strcpy   0x00009db0       0x10 c:/program files (x86)/cypress/psoc creator/3.0/psoc creator/import/gnu_cs/arm/4.7.3/bin/../lib/gcc/arm-none-eabi/4.7.3/../../../../arm-none-eabi/lib/armv7-m\libc_s.a(lib_a-strcpy.o)
                0x00009db0                strcpy
 .text.strlen   0x00009dc0       0x10 c:/program files (x86)/cypress/psoc creator/3.0/psoc creator/import/gnu_cs/arm/4.7.3/bin/../lib/gcc/arm-none-eabi/4.7.3/../../../../arm-none-eabi/lib/armv7-m\libc_s.a(lib_a-strlen.o)
                0x00009dc0                strlen
 .text.strncasecmp
                0x00009dd0       0x44 c:/program files (x86)/cypress/psoc creator/3.0/psoc creator/import/gnu_cs/arm/4.7.3/bin/../lib/gcc/arm-none-eabi/4.7.3/../../../../arm-none-eabi/lib/armv7-m\libc_s.a(lib_a-strncasecmp.o)
                0x00009dd0                strncasecmp
 .text.strncpy  0x00009e14       0x2a c:/program files (x86)/cypress/psoc creator/3.0/psoc creator/import/gnu_cs/arm/4.7.3/bin/../lib/gcc/arm-none-eabi/4.7.3/../../../../arm-none-eabi/lib/armv7-m\libc_s.a(lib_a-strncpy.o)
                0x00009e14                strncpy
 .text.strstr   0x00009e3e       0x2e c:/program files (x86)/cypress/psoc creator/3.0/psoc creator/import/gnu_cs/arm/4.7.3/bin/../lib/gcc/arm-none-eabi/4.7.3/../../../../arm-none-eabi/lib/armv7-m\libc_s.a(lib_a-strstr.o)
                0x00009e3e                strstr
 .text._strtol_r
                0x00009e6c      0x10c c:/program files (x86)/cypress/psoc creator/3.0/psoc creator/import/gnu_cs/arm/4.7.3/bin/../lib/gcc/arm-none-eabi/4.7.3/../../../../arm-none-eabi/lib/armv7-m\libc_s.a(lib_a-strtol.o)
                0x00009e6c                _strtol_r
 .text.strtol   0x00009f78       0x1c c:/program files (x86)/cypress/psoc creator/3.0/psoc creator/import/gnu_cs/arm/4.7.3/bin/../lib/gcc/arm-none-eabi/4.7.3/../../../../arm-none-eabi/lib/armv7-m\libc_s.a(lib_a-strtol.o)
                0x00009f78                strtol
 .text.__ssputc_r
                0x00009f94       0xae c:/program files (x86)/cypress/psoc creator/3.0/psoc creator/import/gnu_cs/arm/4.7.3/bin/../lib/gcc/arm-none-eabi/4.7.3/../../../../arm-none-eabi/lib/armv7-m\libc_s.a(lib_a-svfprintf.o)
                0x00009f94                __ssputc_r
 *fill*         0x0000a042        0x2 00
 .text._svfprintf_r
                0x0000a044      0x1f4 c:/program files (x86)/cypress/psoc creator/3.0/psoc creator/import/gnu_cs/arm/4.7.3/bin/../lib/gcc/arm-none-eabi/4.7.3/../../../../arm-none-eabi/lib/armv7-m\libc_s.a(lib_a-svfprintf.o)
                0x0000a044                _svfiprintf_r
                0x0000a044                _svfprintf_r
 .text._printf_common
                0x0000a238       0xde c:/program files (x86)/cypress/psoc creator/3.0/psoc creator/import/gnu_cs/arm/4.7.3/bin/../lib/gcc/arm-none-eabi/4.7.3/../../../../arm-none-eabi/lib/armv7-m\libc_s.a(lib_a-vfprintf_i.o)
                0x0000a238                _printf_common
 *fill*         0x0000a316        0x2 00
 .text._printf_i
                0x0000a318      0x248 c:/program files (x86)/cypress/psoc creator/3.0/psoc creator/import/gnu_cs/arm/4.7.3/bin/../lib/gcc/arm-none-eabi/4.7.3/../../../../arm-none-eabi/lib/armv7-m\libc_s.a(lib_a-vfprintf_i.o)
                0x0000a318                _printf_i
 .text._free_r  0x0000a560       0x88 c:/program files (x86)/cypress/psoc creator/3.0/psoc creator/import/gnu_cs/arm/4.7.3/bin/../lib/gcc/arm-none-eabi/4.7.3/../../../../arm-none-eabi/lib/armv7-m\libc_s.a(lib_a-freer.o)
                0x0000a560                _free_r
 .text._malloc_r
                0x0000a5e8       0x94 c:/program files (x86)/cypress/psoc creator/3.0/psoc creator/import/gnu_cs/arm/4.7.3/bin/../lib/gcc/arm-none-eabi/4.7.3/../../../../arm-none-eabi/lib/armv7-m\libc_s.a(lib_a-mallocr.o)
                0x0000a5e8                _malloc_r
 .text.memchr   0x0000a67c       0x1c c:/program files (x86)/cypress/psoc creator/3.0/psoc creator/import/gnu_cs/arm/4.7.3/bin/../lib/gcc/arm-none-eabi/4.7.3/../../../../arm-none-eabi/lib/armv7-m\libc_s.a(lib_a-memchr.o)
                0x0000a67c                memchr
 .text._realloc_r
                0x0000a698       0x48 c:/program files (x86)/cypress/psoc creator/3.0/psoc creator/import/gnu_cs/arm/4.7.3/bin/../lib/gcc/arm-none-eabi/4.7.3/../../../../arm-none-eabi/lib/armv7-m\libc_s.a(lib_a-reallocr.o)
                0x0000a698                _realloc_r
 .text._sbrk_r  0x0000a6e0       0x20 c:/program files (x86)/cypress/psoc creator/3.0/psoc creator/import/gnu_cs/arm/4.7.3/bin/../lib/gcc/arm-none-eabi/4.7.3/../../../../arm-none-eabi/lib/armv7-m\libc_s.a(lib_a-sbrkr.o)
                0x0000a6e0                _sbrk_r
 .text._malloc_usable_size_r
                0x0000a700       0x12 c:/program files (x86)/cypress/psoc creator/3.0/psoc creator/import/gnu_cs/arm/4.7.3/bin/../lib/gcc/arm-none-eabi/4.7.3/../../../../arm-none-eabi/lib/armv7-m\libc_s.a(lib_a-msizer.o)
                0x0000a700                _malloc_usable_size_r
 *fill*         0x0000a712        0x2 00
 .text._sbrk    0x0000a714       0x34 c:/program files (x86)/cypress/psoc creator/3.0/psoc creator/import/gnu_cs/arm/4.7.3/bin/../lib/gcc/arm-none-eabi/4.7.3/../../../../arm-none-eabi/lib/armv7-m\libnosys.a(sbrk.o)
                0x0000a714                _sbrk
 *(.plt)
 *(.gnu.warning)
 *(.glue_7t)
 .glue_7t       0x00000000        0x0 linker stubs
 *(.glue_7)
 .glue_7        0x00000000        0x0 linker stubs
 *(.vfp11_veneer)
 .vfp11_veneer  0x00000000        0x0 linker stubs
 *(.bootloader)
 *(.ARM.extab* .gnu.linkonce.armextab.*)
 *(.gcc_except_table)

.v4_bx          0x0000a748        0x0
 .v4_bx         0x00000000        0x0 linker stubs

.iplt           0x0000a748        0x0
 .iplt          0x00000000        0x0 c:/program files (x86)/cypress/psoc creator/3.0/psoc creator/import/gnu_cs/arm/4.7.3/bin/../lib/gcc/arm-none-eabi/4.7.3/armv7-m/crtbegin.o

.eh_frame_hdr
 *(.eh_frame_hdr)

.eh_frame       0x0000a748        0x4
 *(.eh_frame)
 .eh_frame      0x0000a748        0x0 c:/program files (x86)/cypress/psoc creator/3.0/psoc creator/import/gnu_cs/arm/4.7.3/bin/../lib/gcc/arm-none-eabi/4.7.3/armv7-m/crtbegin.o
 .eh_frame      0x0000a748        0x4 c:/program files (x86)/cypress/psoc creator/3.0/psoc creator/import/gnu_cs/arm/4.7.3/bin/../lib/gcc/arm-none-eabi/4.7.3/armv7-m/crtend.o
                0x0000a74c                PROVIDE (__exidx_start, .)

.ARM.exidx
 *(.ARM.exidx* .gnu.linkonce.armexidx.*)
                0x0000a74c                __exidx_end = .

.rodata         0x0000a74c      0xebc
 *(.rodata .rodata.* .gnu.linkonce.r.*)
 .rodata        0x0000a74c       0x24 .\CortexM3\ARM_GCC_473\Debug\main.o
 .rodata        0x0000a770      0x3d8 .\CortexM3\ARM_GCC_473\Debug\cli.o
                0x0000a80c                cmdTable
                0x0000a8a8                valueTable
 .rodata        0x0000ab48      0x130 .\CortexM3\ARM_GCC_473\Debug\Laserschutzschaltung.a(cyfitter_cfg.o)
                0x0000ab48                ADC_DelSig_1_AMux__addrTable
                0x0000ab50                ADC_DelSig_1_AMux__maskTable
 .rodata        0x0000ac78      0x640 .\CortexM3\ARM_GCC_473\Debug\Laserschutzschaltung.a(Filter_RAM_Data.o)
                0x0000ac78                Filter_control
                0x0000ad78                Filter_data_a
                0x0000af78                Filter_data_b
                0x0000b178                Filter_acu
                0x0000b1b8                Filter_cfsm
 .rodata        0x0000b2b8       0x18 .\CortexM3\ARM_GCC_473\Debug\Laserschutzschaltung.a(PGA_1.o)
 .rodata        0x0000b2d0       0x14 .\CortexM3\ARM_GCC_473\Debug\Laserschutzschaltung.a(USBUART_1_std.o)
 .rodata        0x0000b2e4       0x18 .\CortexM3\ARM_GCC_473\Debug\Laserschutzschaltung.a(PGA_2.o)
 .rodata        0x0000b2fc      0x194 .\CortexM3\ARM_GCC_473\Debug\Laserschutzschaltung.a(USBUART_1_descr.o)
                0x0000b2fc                USBUART_1_DEVICE0_DESCR
                0x0000b310                USBUART_1_DEVICE0_CONFIGURATION0_DESCR
                0x0000b354                USBUART_1_STRING_DESCRIPTORS
                0x0000b3f4                USBUART_1_SN_STRING_DESCRIPTOR
                0x0000b3f8                USBUART_1_DEVICE0_CONFIGURATION0_EP_SETTINGS_TABLE
                0x0000b410                USBUART_1_DEVICE0_CONFIGURATION0_INTERFACE_CLASS
                0x0000b414                USBUART_1_DEVICE0_CONFIGURATION0_TABLE
                0x0000b43c                USBUART_1_DEVICE0_TABLE
                0x0000b44c                USBUART_1_TABLE
                0x0000b454                USBUART_1_MSOS_DESCRIPTOR
                0x0000b468                USBUART_1_MSOS_CONFIGURATION_DESCR
 .rodata.TWO23  0x0000b490        0x8 c:/program files (x86)/cypress/psoc creator/3.0/psoc creator/import/gnu_cs/arm/4.7.3/bin/../lib/gcc/arm-none-eabi/4.7.3/../../../../arm-none-eabi/lib/armv7-m\libm.a(lib_a-sf_lrint.o)
 .rodata.str1.1
                0x0000b498        0x2 c:/program files (x86)/cypress/psoc creator/3.0/psoc creator/import/gnu_cs/arm/4.7.3/bin/../lib/gcc/arm-none-eabi/4.7.3/../../../../arm-none-eabi/lib/armv7-m\libc_s.a(lib_a-impure.o)
 .rodata.str1.1
                0x0000b49a       0x11 c:/program files (x86)/cypress/psoc creator/3.0/psoc creator/import/gnu_cs/arm/4.7.3/bin/../lib/gcc/arm-none-eabi/4.7.3/../../../../arm-none-eabi/lib/armv7-m\libc_s.a(lib_a-svfprintf.o)
 .rodata.str1.1
                0x0000b4ab       0x22 c:/program files (x86)/cypress/psoc creator/3.0/psoc creator/import/gnu_cs/arm/4.7.3/bin/../lib/gcc/arm-none-eabi/4.7.3/../../../../arm-none-eabi/lib/armv7-m\libc_s.a(lib_a-vfprintf_i.o)
 .rodata._ctype_
                0x0000b4cd      0x101 c:/program files (x86)/cypress/psoc creator/3.0/psoc creator/import/gnu_cs/arm/4.7.3/bin/../lib/gcc/arm-none-eabi/4.7.3/../../../../arm-none-eabi/lib/armv7-m\libc_s.a(lib_a-ctype_.o)
                0x0000b4cd                _ctype_
                0x0000b5d0                . = ALIGN (0x4)
 *fill*         0x0000b5ce        0x2 00
 *(.init)
 .init          0x0000b5d0        0x4 c:/program files (x86)/cypress/psoc creator/3.0/psoc creator/import/gnu_cs/arm/4.7.3/bin/../lib/gcc/arm-none-eabi/4.7.3/armv7-m/crti.o
                0x0000b5d0                _init
 .init          0x0000b5d4        0x8 c:/program files (x86)/cypress/psoc creator/3.0/psoc creator/import/gnu_cs/arm/4.7.3/bin/../lib/gcc/arm-none-eabi/4.7.3/armv7-m/crtn.o
                0x0000b5dc                . = ALIGN (0x4)
                0x0000b5dc                __preinit_array_start = .
 *(.preinit_array)
                0x0000b5dc                __preinit_array_end = .
                0x0000b5dc                . = ALIGN (0x4)
                0x0000b5dc                __init_array_start = .
 *(SORT(.init_array.*))
 *(.init_array)
 .init_array    0x0000b5dc        0x4 c:/program files (x86)/cypress/psoc creator/3.0/psoc creator/import/gnu_cs/arm/4.7.3/bin/../lib/gcc/arm-none-eabi/4.7.3/armv7-m/crtbegin.o
 .init_array    0x0000b5e0        0x4 .\CortexM3\ARM_GCC_473\Debug\Cm3Start.o
                0x0000b5e4                __init_array_end = .
                0x0000b5e4                . = ALIGN (0x4)
 *(.fini)
 .fini          0x0000b5e4        0x4 c:/program files (x86)/cypress/psoc creator/3.0/psoc creator/import/gnu_cs/arm/4.7.3/bin/../lib/gcc/arm-none-eabi/4.7.3/armv7-m/crti.o
                0x0000b5e4                _fini
 .fini          0x0000b5e8        0x8 c:/program files (x86)/cypress/psoc creator/3.0/psoc creator/import/gnu_cs/arm/4.7.3/bin/../lib/gcc/arm-none-eabi/4.7.3/armv7-m/crtn.o
                0x0000b5f0                . = ALIGN (0x4)
                0x0000b5f0                __fini_array_start = .
 *(.fini_array)
 .fini_array    0x0000b5f0        0x4 c:/program files (x86)/cypress/psoc creator/3.0/psoc creator/import/gnu_cs/arm/4.7.3/bin/../lib/gcc/arm-none-eabi/4.7.3/armv7-m/crtbegin.o
 *(SORT(.fini_array.*))
                0x0000b5f4                __fini_array_end = .
                0x0000b5f4                . = ALIGN (0x4)
 *crtbegin.o(.ctors)
 *(EXCLUDE_FILE(*crtend.o) .ctors)
 *(SORT(.ctors.*))
 *crtend.o(.ctors)
                0x0000b5f4                . = ALIGN (0x4)
 *crtbegin.o(.dtors)
 *(EXCLUDE_FILE(*crtend.o) .dtors)
 *(SORT(.dtors.*))
 *crtend.o(.dtors)
                0x0000b5f4                . = ALIGN (0x4)
                0x0000b5f4                __cy_regions = .
                0x0000b5f4        0x4 LONG 0xb608 __cy_region_init_ram
                0x0000b5f8        0x4 LONG 0x1fff8108 __cy_region_start_data
                0x0000b5fc        0x4 LONG 0x98 __cy_region_init_size_ram
                0x0000b600        0x4 LONG 0x1b8 __cy_region_zero_size_ram
                0x0000b604                __cy_regions_end = .
                0x0000b608                . = ALIGN (0x8)
 *fill*         0x0000b604        0x4 00
                0x0000b608                _etext = .

.ramvectors     0x1fff8000      0x100
                0x1fff8000                __cy_region_start_ram = .
 *(.ramvectors)
 .ramvectors    0x1fff8000      0x100 .\CortexM3\ARM_GCC_473\Debug\Cm3Start.o
                0x1fff8000                CyRamVectors

.noinit         0x1fff8100        0x5
 *(.noinit)
 .noinit        0x1fff8100        0x4 .\CortexM3\ARM_GCC_473\Debug\Cm3Start.o
 .noinit        0x1fff8104        0x1 .\CortexM3\ARM_GCC_473\Debug\Laserschutzschaltung.a(CyLib.o)
                0x1fff8104                CyResetStatus

.data           0x1fff8108       0x98 load address 0x0000b608
                0x1fff8108                __cy_region_start_data = .
 *(.jcr)
 .jcr           0x1fff8108        0x0 c:/program files (x86)/cypress/psoc creator/3.0/psoc creator/import/gnu_cs/arm/4.7.3/bin/../lib/gcc/arm-none-eabi/4.7.3/armv7-m/crtbegin.o
 .jcr           0x1fff8108        0x4 c:/program files (x86)/cypress/psoc creator/3.0/psoc creator/import/gnu_cs/arm/4.7.3/bin/../lib/gcc/arm-none-eabi/4.7.3/armv7-m/crtend.o
 *(.got.plt)
 *(.got)
 *(.shdata)
 *(.data .data.* .gnu.linkonce.d.*)
 .data          0x1fff810c        0x8 .\CortexM3\ARM_GCC_473\Debug\main.o
                0x1fff810c                deltaTms
                0x1fff8110                setpoint
 .data          0x1fff8114        0x1 .\CortexM3\ARM_GCC_473\Debug\Laserschutzschaltung.a(DMA_dma.o)
                0x1fff8114                DMA_DmaHandle
 *fill*         0x1fff8115        0x3 00
 .data          0x1fff8118        0x8 .\CortexM3\ARM_GCC_473\Debug\Laserschutzschaltung.a(CyDmac.o)
 .data          0x1fff8120       0x10 .\CortexM3\ARM_GCC_473\Debug\Laserschutzschaltung.a(CyLib.o)
                0x1fff8120                cydelay_freq_hz
                0x1fff8124                cydelay_freq_khz
                0x1fff8128                cydelay_freq_mhz
                0x1fff812c                cydelay_32k_ms
 .data          0x1fff8130        0x1 .\CortexM3\ARM_GCC_473\Debug\Laserschutzschaltung.a(ADC_DelSig_1.o)
                0x1fff8130                ADC_DelSig_1_Config
 .data          0x1fff8131        0x1 .\CortexM3\ARM_GCC_473\Debug\Laserschutzschaltung.a(ADC_DelSig_1_AMux.o)
 *fill*         0x1fff8132        0x2 00
 .data.impure_data
                0x1fff8134       0x64 c:/program files (x86)/cypress/psoc creator/3.0/psoc creator/import/gnu_cs/arm/4.7.3/bin/../lib/gcc/arm-none-eabi/4.7.3/../../../../arm-none-eabi/lib/armv7-m\libc_s.a(lib_a-impure.o)
 .data._impure_ptr
                0x1fff8198        0x4 c:/program files (x86)/cypress/psoc creator/3.0/psoc creator/import/gnu_cs/arm/4.7.3/bin/../lib/gcc/arm-none-eabi/4.7.3/../../../../arm-none-eabi/lib/armv7-m\libc_s.a(lib_a-impure.o)
                0x1fff8198                _impure_ptr
 .data.__ctype_ptr__
                0x1fff819c        0x4 c:/program files (x86)/cypress/psoc creator/3.0/psoc creator/import/gnu_cs/arm/4.7.3/bin/../lib/gcc/arm-none-eabi/4.7.3/../../../../arm-none-eabi/lib/armv7-m\libc_s.a(lib_a-ctype_.o)
                0x1fff819c                __ctype_ptr__
                0x1fff81a0                . = ALIGN (0x8)
 *(.ram)
                0x1fff81a0                _edata = .

.igot.plt       0x1fff81a0        0x0 load address 0x0000b6a0
 .igot.plt      0x00000000        0x0 c:/program files (x86)/cypress/psoc creator/3.0/psoc creator/import/gnu_cs/arm/4.7.3/bin/../lib/gcc/arm-none-eabi/4.7.3/armv7-m/crtbegin.o

.bss            0x1fff81a0      0x1b8 load address 0x0000b6a0
                0x1fff81a0                PROVIDE (__bss_start__, .)
 *(.shbss)
 *(.bss .bss.* .gnu.linkonce.b.*)
 .bss           0x1fff81a0       0x1c c:/program files (x86)/cypress/psoc creator/3.0/psoc creator/import/gnu_cs/arm/4.7.3/bin/../lib/gcc/arm-none-eabi/4.7.3/armv7-m/crtbegin.o
 .bss           0x1fff81bc       0x10 .\CortexM3\ARM_GCC_473\Debug\main.o
                0x1fff81bc                debug
                0x1fff81c0                eventcounter
                0x1fff81c4                filterStatus
                0x1fff81c5                cliMode
                0x1fff81c6                faultStatus
                0x1fff81c7                pidStatus
                0x1fff81c8                filter_read
                0x1fff81ca                dac_offset
 .bss           0x1fff81cc       0x34 .\CortexM3\ARM_GCC_473\Debug\cli.o
 .bss           0x1fff8200        0x8 .\CortexM3\ARM_GCC_473\Debug\Laserschutzschaltung.a(cyfitter_cfg.o)
 .bss           0x1fff8208        0x1 .\CortexM3\ARM_GCC_473\Debug\Laserschutzschaltung.a(VDAC8.o)
                0x1fff8208                VDAC8_initVar
 .bss           0x1fff8209        0x1 .\CortexM3\ARM_GCC_473\Debug\Laserschutzschaltung.a(Comp_1.o)
                0x1fff8209                Comp_1_initVar
 .bss           0x1fff820a        0x1 .\CortexM3\ARM_GCC_473\Debug\Laserschutzschaltung.a(Filter.o)
                0x1fff820a                Filter_initVar
 .bss           0x1fff820b        0x1 .\CortexM3\ARM_GCC_473\Debug\Laserschutzschaltung.a(Comp_2.o)
                0x1fff820b                Comp_2_initVar
 .bss           0x1fff820c        0x1 .\CortexM3\ARM_GCC_473\Debug\Laserschutzschaltung.a(Comp_3.o)
                0x1fff820c                Comp_3_initVar
 .bss           0x1fff820d        0x2 .\CortexM3\ARM_GCC_473\Debug\Laserschutzschaltung.a(LCD.o)
                0x1fff820d                LCD_enableState
                0x1fff820e                LCD_initVar
 .bss           0x1fff820f        0x1 .\CortexM3\ARM_GCC_473\Debug\Laserschutzschaltung.a(ADC_SAR_1.o)
                0x1fff820f                ADC_SAR_1_initVar
 .bss           0x1fff8210        0x1 .\CortexM3\ARM_GCC_473\Debug\Laserschutzschaltung.a(IDAC8_1.o)
                0x1fff8210                IDAC8_1_initVar
 .bss           0x1fff8211        0x1 .\CortexM3\ARM_GCC_473\Debug\Laserschutzschaltung.a(IDAC8_2.o)
                0x1fff8211                IDAC8_2_initVar
 .bss           0x1fff8212        0x1 .\CortexM3\ARM_GCC_473\Debug\Laserschutzschaltung.a(PGA_1.o)
                0x1fff8212                PGA_1_initVar
 .bss           0x1fff8213        0x1 .\CortexM3\ARM_GCC_473\Debug\Laserschutzschaltung.a(ADC_SAR_2.o)
                0x1fff8213                ADC_SAR_2_initVar
 .bss           0x1fff8214        0x1 .\CortexM3\ARM_GCC_473\Debug\Laserschutzschaltung.a(Counter_1.o)
                0x1fff8214                Counter_1_initVar
 *fill*         0x1fff8215        0x3 00
 .bss           0x1fff8218       0x14 .\CortexM3\ARM_GCC_473\Debug\Laserschutzschaltung.a(ADC_DelSig_1.o)
                0x1fff8218                ADC_DelSig_1_convDone
                0x1fff8219                ADC_DelSig_1_stopConversion
                0x1fff821a                ADC_DelSig_1_initVar
                0x1fff821b                ADC_DelSig_1_started
 .bss           0x1fff822c        0x1 .\CortexM3\ARM_GCC_473\Debug\Laserschutzschaltung.a(USBUART_1.o)
                0x1fff822c                USBUART_1_initVar
 *fill*         0x1fff822d        0x3 00
 .bss           0x1fff8230        0x4 .\CortexM3\ARM_GCC_473\Debug\Laserschutzschaltung.a(USBUART_1_std.o)
 .bss           0x1fff8234        0x1 .\CortexM3\ARM_GCC_473\Debug\Laserschutzschaltung.a(PGA_2.o)
                0x1fff8234                PGA_2_initVar
 *fill*         0x1fff8235        0x3 00
 .bss           0x1fff8238        0x8 .\CortexM3\ARM_GCC_473\Debug\Laserschutzschaltung.a(CySpc.o)
                0x1fff8238                SpcLockState
 .bss.__malloc_free_list
                0x1fff8240        0x4 c:/program files (x86)/cypress/psoc creator/3.0/psoc creator/import/gnu_cs/arm/4.7.3/bin/../lib/gcc/arm-none-eabi/4.7.3/../../../../arm-none-eabi/lib/armv7-m\libc_s.a(lib_a-mallocr.o)
                0x1fff8240                __malloc_free_list
 .bss.heap_end.4231
                0x1fff8244        0x4 c:/program files (x86)/cypress/psoc creator/3.0/psoc creator/import/gnu_cs/arm/4.7.3/bin/../lib/gcc/arm-none-eabi/4.7.3/../../../../arm-none-eabi/lib/armv7-m\libnosys.a(sbrk.o)
 *(COMMON)
 COMMON         0x1fff8248       0x20 .\CortexM3\ARM_GCC_473\Debug\main.o
                0x1fff8248                Temperature
                0x1fff824c                pid1
 COMMON         0x1fff8268        0xa .\CortexM3\ARM_GCC_473\Debug\Laserschutzschaltung.a(ADC_SAR_1.o)
                0x1fff8268                ADC_SAR_1_countsPerVolt
                0x1fff826a                ADC_SAR_1_shift
                0x1fff826c                ADC_SAR_1_countsPer10Volt
                0x1fff8270                ADC_SAR_1_offset
 *fill*         0x1fff8272        0x2 00
 COMMON         0x1fff8274        0xa .\CortexM3\ARM_GCC_473\Debug\Laserschutzschaltung.a(ADC_SAR_2.o)
                0x1fff8274                ADC_SAR_2_countsPer10Volt
                0x1fff8278                ADC_SAR_2_shift
                0x1fff827a                ADC_SAR_2_offset
                0x1fff827c                ADC_SAR_2_countsPerVolt
 *fill*         0x1fff827e        0x2 00
 COMMON         0x1fff8280        0x8 .\CortexM3\ARM_GCC_473\Debug\Laserschutzschaltung.a(ADC_DelSig_1.o)
                0x1fff8280                ADC_DelSig_1_CountsPerVolt
                0x1fff8284                ADC_DelSig_1_Offset
 COMMON         0x1fff8288        0xc .\CortexM3\ARM_GCC_473\Debug\Laserschutzschaltung.a(USBUART_1_cdc.o)
                0x1fff8288                USBUART_1_cdc_data_out_ep
                0x1fff8289                USBUART_1_cdc_data_in_ep
                0x1fff828a                USBUART_1_lineControlBitmap
                0x1fff828c                USBUART_1_lineCoding
                0x1fff8293                USBUART_1_lineChanged
 COMMON         0x1fff8294       0x97 .\CortexM3\ARM_GCC_473\Debug\Laserschutzschaltung.a(USBUART_1_drv.o)
                0x1fff8294                USBUART_1_ep0Mode
                0x1fff8295                USBUART_1_lastPacketSize
                0x1fff8296                USBUART_1_configurationChanged
                0x1fff8297                USBUART_1_configuration
                0x1fff8298                USBUART_1_interfaceNumber
                0x1fff8299                USBUART_1_deviceStatus
                0x1fff829a                USBUART_1_ep0Toggle
                0x1fff829c                USBUART_1_interfaceClass
                0x1fff82a0                USBUART_1_interfaceSetting
                0x1fff82a4                USBUART_1_currentTD
                0x1fff82b0                USBUART_1_ep0Count
                0x1fff82b4                USBUART_1_EP
                0x1fff8320                USBUART_1_interfaceSetting_last
                0x1fff8322                USBUART_1_transferByteCount
                0x1fff8324                USBUART_1_transferState
                0x1fff8325                USBUART_1_device
                0x1fff8328                USBUART_1_interfaceStatus
                0x1fff832a                USBUART_1_deviceAddress
 *fill*         0x1fff832b        0x1 00
 COMMON         0x1fff832c        0x2 .\CortexM3\ARM_GCC_473\Debug\Laserschutzschaltung.a(CyFlash.o)
                0x1fff832c                dieTemperature
 *fill*         0x1fff832e        0x2 00
 COMMON         0x1fff8330       0x22 .\CortexM3\ARM_GCC_473\Debug\Laserschutzschaltung.a(USBUART_1_descr.o)
                0x1fff8330                USBUART_1_idSerialNumberStringDescriptor
 *fill*         0x1fff8352        0x2 00
 COMMON         0x1fff8354        0x4 c:/program files (x86)/cypress/psoc creator/3.0/psoc creator/import/gnu_cs/arm/4.7.3/bin/../lib/gcc/arm-none-eabi/4.7.3/../../../../arm-none-eabi/lib/armv7-m\libc_s.a(lib_a-reent.o)
                0x1fff8354                errno
                0x1fff8358                . = ALIGN (0x8)
 *(.ram.b)
                0x1fff8358                _end = .
                0x1fff8358                __end = .
                0x1fff8358                PROVIDE (end, .)
                0x1fff8358                PROVIDE (__bss_end__, .)
                0x0000b608                __cy_region_init_ram = LOADADDR (.data)
                0x00000098                __cy_region_init_size_ram = (_edata - ADDR (.data))
                0x000001b8                __cy_region_zero_size_ram = (_end - _edata)

.heap           0x1fff8358     0x1000 load address 0x0000b6a0
                0x1fff8358                . = _end
                0x1fff9358                . = (. + 0x1000)
 *fill*         0x1fff8358     0x1000 00
                0x1fff9358                __cy_heap_limit = .

.stack          0x20004000     0x4000
                0x20004000                __cy_stack_limit = .
                0x20008000                . = (. + 0x4000)
 *fill*         0x20004000     0x4000 00
                0x00000001                ASSERT ((__cy_stack_limit >= __cy_heap_limit), region RAM overflowed with stack)

.cyloadermeta
 *(.cyloadermeta)

.cyloadablemeta
 *(.cyloadablemeta)

.cyconfigecc    0x80000000     0x142c
 *(.cyconfigecc)
 .cyconfigecc   0x80000000     0x142c .\CortexM3\ARM_GCC_473\Debug\cymetadata.o
                0x80000000                cy_meta_configecc

.cycustnvl      0x90000000        0x4
 *(.cycustnvl)
 .cycustnvl     0x90000000        0x4 .\CortexM3\ARM_GCC_473\Debug\cymetadata.o
                0x90000000                cy_meta_custnvl

.cywolatch      0x90100000        0x4
 *(.cywolatch)
 .cywolatch     0x90100000        0x4 .\CortexM3\ARM_GCC_473\Debug\cymetadata.o
                0x90100000                cy_meta_wonvl

.cyeeprom       0x90200000        0x0
 *(.cyeeprom)
                0x00000001                ASSERT ((. <= ((0x90200000 + ee_offset) + ee_size)), .cyeeprom data will not fit in EEPROM)

.cyflashprotect
                0x90400000      0x100
 *(.cyflashprotect)
 .cyflashprotect
                0x90400000      0x100 .\CortexM3\ARM_GCC_473\Debug\cymetadata.o
                0x90400000                cy_meta_flashprotect

.cymeta         0x90500000        0xc
 *(.cymeta)
 .cymeta        0x90500000        0xc .\CortexM3\ARM_GCC_473\Debug\cymetadata.o
                0x90500000                cy_metadata

.rel.dyn        0x0000b6a0        0x0 load address 0x9050000c
 .rel.iplt      0x00000000        0x0 c:/program files (x86)/cypress/psoc creator/3.0/psoc creator/import/gnu_cs/arm/4.7.3/bin/../lib/gcc/arm-none-eabi/4.7.3/armv7-m/crtbegin.o

.stab
 *(.stab)

.stabstr
 *(.stabstr)

.debug
 *(.debug)

.line
 *(.line)

.debug_srcinfo
 *(.debug_srcinfo)

.debug_sfnames
 *(.debug_sfnames)

.debug_aranges  0x00000000     0x15f0
 *(.debug_aranges)
 .debug_aranges
                0x00000000       0x68 .\CortexM3\ARM_GCC_473\Debug\main.o
 .debug_aranges
                0x00000068       0x30 .\CortexM3\ARM_GCC_473\Debug\pid.o
 .debug_aranges
                0x00000098       0xa8 .\CortexM3\ARM_GCC_473\Debug\cli.o
 .debug_aranges
                0x00000140       0x30 .\CortexM3\ARM_GCC_473\Debug\eeprom.o
 .debug_aranges
                0x00000170       0x40 .\CortexM3\ARM_GCC_473\Debug\Cm3Start.o
 .debug_aranges
                0x000001b0       0x18 .\CortexM3\ARM_GCC_473\Debug\cymetadata.o
 .debug_aranges
                0x000001c8       0x70 .\CortexM3\ARM_GCC_473\Debug\Laserschutzschaltung.a(cyfitter_cfg.o)
 .debug_aranges
                0x00000238       0x28 .\CortexM3\ARM_GCC_473\Debug\Laserschutzschaltung.a(DMA_dma.o)
 .debug_aranges
                0x00000260       0x80 .\CortexM3\ARM_GCC_473\Debug\Laserschutzschaltung.a(isr.o)
 .debug_aranges
                0x000002e0       0x58 .\CortexM3\ARM_GCC_473\Debug\Laserschutzschaltung.a(VDAC8.o)
 .debug_aranges
                0x00000338       0x70 .\CortexM3\ARM_GCC_473\Debug\Laserschutzschaltung.a(Comp_1.o)
 .debug_aranges
                0x000003a8       0x70 .\CortexM3\ARM_GCC_473\Debug\Laserschutzschaltung.a(Filter.o)
 .debug_aranges
                0x00000418       0x28 .\CortexM3\ARM_GCC_473\Debug\Laserschutzschaltung.a(Filter_PVT.o)
 .debug_aranges
                0x00000440       0x18 .\CortexM3\ARM_GCC_473\Debug\Laserschutzschaltung.a(Filter_RAM_Data.o)
 .debug_aranges
                0x00000458       0x20 .\CortexM3\ARM_GCC_473\Debug\Laserschutzschaltung.a(CyBootAsmGnu.o)
 .debug_aranges
                0x00000478       0xd8 .\CortexM3\ARM_GCC_473\Debug\Laserschutzschaltung.a(CyDmac.o)
 .debug_aranges
                0x00000550      0x218 .\CortexM3\ARM_GCC_473\Debug\Laserschutzschaltung.a(CyLib.o)
 .debug_aranges
                0x00000768       0x90 .\CortexM3\ARM_GCC_473\Debug\Laserschutzschaltung.a(cyPm.o)
 .debug_aranges
                0x000007f8       0x70 .\CortexM3\ARM_GCC_473\Debug\Laserschutzschaltung.a(Comp_2.o)
 .debug_aranges
                0x00000868       0x70 .\CortexM3\ARM_GCC_473\Debug\Laserschutzschaltung.a(Comp_3.o)
 .debug_aranges
                0x000008d8       0x90 .\CortexM3\ARM_GCC_473\Debug\Laserschutzschaltung.a(LCD.o)
 .debug_aranges
                0x00000968       0x80 .\CortexM3\ARM_GCC_473\Debug\Laserschutzschaltung.a(Fault_isr.o)
 .debug_aranges
                0x000009e8       0xa8 .\CortexM3\ARM_GCC_473\Debug\Laserschutzschaltung.a(ADC_SAR_1.o)
 .debug_aranges
                0x00000a90       0x20 .\CortexM3\ARM_GCC_473\Debug\Laserschutzschaltung.a(ADC_SAR_1_INT.o)
 .debug_aranges
                0x00000ab0       0x80 .\CortexM3\ARM_GCC_473\Debug\Laserschutzschaltung.a(ADC_SAR_1_theACLK.o)
 .debug_aranges
                0x00000b30       0x60 .\CortexM3\ARM_GCC_473\Debug\Laserschutzschaltung.a(IDAC8_1.o)
 .debug_aranges
                0x00000b90       0x60 .\CortexM3\ARM_GCC_473\Debug\Laserschutzschaltung.a(IDAC8_2.o)
 .debug_aranges
                0x00000bf0       0x48 .\CortexM3\ARM_GCC_473\Debug\Laserschutzschaltung.a(PGA_1.o)
 .debug_aranges
                0x00000c38       0xa8 .\CortexM3\ARM_GCC_473\Debug\Laserschutzschaltung.a(ADC_SAR_2.o)
 .debug_aranges
                0x00000ce0       0x20 .\CortexM3\ARM_GCC_473\Debug\Laserschutzschaltung.a(ADC_SAR_2_INT.o)
 .debug_aranges
                0x00000d00       0x80 .\CortexM3\ARM_GCC_473\Debug\Laserschutzschaltung.a(ADC_SAR_2_theACLK.o)
 .debug_aranges
                0x00000d80       0x80 .\CortexM3\ARM_GCC_473\Debug\Laserschutzschaltung.a(Counter_1.o)
 .debug_aranges
                0x00000e00       0x80 .\CortexM3\ARM_GCC_473\Debug\Laserschutzschaltung.a(PID_isr.o)
 .debug_aranges
                0x00000e80       0xe8 .\CortexM3\ARM_GCC_473\Debug\Laserschutzschaltung.a(ADC_DelSig_1.o)
 .debug_aranges
                0x00000f68       0x38 .\CortexM3\ARM_GCC_473\Debug\Laserschutzschaltung.a(ADC_DelSig_1_INT.o)
 .debug_aranges
                0x00000fa0       0x30 .\CortexM3\ARM_GCC_473\Debug\Laserschutzschaltung.a(ADC_DelSig_1_AMux.o)
 .debug_aranges
                0x00000fd0       0x70 .\CortexM3\ARM_GCC_473\Debug\Laserschutzschaltung.a(ADC_DelSig_1_Ext_CP_Clk.o)
 .debug_aranges
                0x00001040       0x80 .\CortexM3\ARM_GCC_473\Debug\Laserschutzschaltung.a(ADC_DelSig_1_theACLK.o)
 .debug_aranges
                0x000010c0       0x28 .\CortexM3\ARM_GCC_473\Debug\Laserschutzschaltung.a(Control_RS.o)
 .debug_aranges
                0x000010e8       0xb8 .\CortexM3\ARM_GCC_473\Debug\Laserschutzschaltung.a(USBUART_1.o)
 .debug_aranges
                0x000011a0       0xb0 .\CortexM3\ARM_GCC_473\Debug\Laserschutzschaltung.a(USBUART_1_cdc.o)
 .debug_aranges
                0x00001250       0x98 .\CortexM3\ARM_GCC_473\Debug\Laserschutzschaltung.a(USBUART_1_drv.o)
 .debug_aranges
                0x000012e8       0x40 .\CortexM3\ARM_GCC_473\Debug\Laserschutzschaltung.a(USBUART_1_episr.o)
 .debug_aranges
                0x00001328       0x78 .\CortexM3\ARM_GCC_473\Debug\Laserschutzschaltung.a(USBUART_1_std.o)
 .debug_aranges
                0x000013a0       0x20 .\CortexM3\ARM_GCC_473\Debug\Laserschutzschaltung.a(USBUART_1_vnd.o)
 .debug_aranges
                0x000013c0       0x38 .\CortexM3\ARM_GCC_473\Debug\Laserschutzschaltung.a(VUSB.o)
 .debug_aranges
                0x000013f8       0x58 .\CortexM3\ARM_GCC_473\Debug\Laserschutzschaltung.a(EEPROM_1.o)
 .debug_aranges
                0x00001450       0x40 .\CortexM3\ARM_GCC_473\Debug\Laserschutzschaltung.a(Fault_Reg.o)
 .debug_aranges
                0x00001490       0x48 .\CortexM3\ARM_GCC_473\Debug\Laserschutzschaltung.a(PGA_2.o)
 .debug_aranges
                0x000014d8       0x78 .\CortexM3\ARM_GCC_473\Debug\Laserschutzschaltung.a(CyFlash.o)
 .debug_aranges
                0x00001550       0x68 .\CortexM3\ARM_GCC_473\Debug\Laserschutzschaltung.a(CySpc.o)
 .debug_aranges
                0x000015b8       0x20 .\CortexM3\ARM_GCC_473\Debug\Laserschutzschaltung.a(USBUART_1_cls.o)
 .debug_aranges
                0x000015d8       0x18 .\CortexM3\ARM_GCC_473\Debug\Laserschutzschaltung.a(USBUART_1_descr.o)

.debug_pubnames
 *(.debug_pubnames)

.debug_info     0x00000000     0xac34
 *(.debug_info .gnu.linkonce.wi.*)
 .debug_info    0x00000000      0x4af .\CortexM3\ARM_GCC_473\Debug\main.o
 .debug_info    0x000004af      0x1fb .\CortexM3\ARM_GCC_473\Debug\pid.o
 .debug_info    0x000006aa      0x9ee .\CortexM3\ARM_GCC_473\Debug\cli.o
 .debug_info    0x00001098      0x310 .\CortexM3\ARM_GCC_473\Debug\eeprom.o
 .debug_info    0x000013a8      0x2ea .\CortexM3\ARM_GCC_473\Debug\Cm3Start.o
 .debug_info    0x00001692      0x143 .\CortexM3\ARM_GCC_473\Debug\cymetadata.o
 .debug_info    0x000017d5      0x4b1 .\CortexM3\ARM_GCC_473\Debug\Laserschutzschaltung.a(cyfitter_cfg.o)
 .debug_info    0x00001c86      0x121 .\CortexM3\ARM_GCC_473\Debug\Laserschutzschaltung.a(DMA_dma.o)
 .debug_info    0x00001da7      0x278 .\CortexM3\ARM_GCC_473\Debug\Laserschutzschaltung.a(isr.o)
 .debug_info    0x0000201f      0x1b0 .\CortexM3\ARM_GCC_473\Debug\Laserschutzschaltung.a(VDAC8.o)
 .debug_info    0x000021cf      0x276 .\CortexM3\ARM_GCC_473\Debug\Laserschutzschaltung.a(Comp_1.o)
 .debug_info    0x00002445      0x371 .\CortexM3\ARM_GCC_473\Debug\Laserschutzschaltung.a(Filter.o)
 .debug_info    0x000027b6       0xf5 .\CortexM3\ARM_GCC_473\Debug\Laserschutzschaltung.a(Filter_PVT.o)
 .debug_info    0x000028ab      0x12f .\CortexM3\ARM_GCC_473\Debug\Laserschutzschaltung.a(Filter_RAM_Data.o)
 .debug_info    0x000029da       0x9e .\CortexM3\ARM_GCC_473\Debug\Laserschutzschaltung.a(CyBootAsmGnu.o)
 .debug_info    0x00002a78      0x93a .\CortexM3\ARM_GCC_473\Debug\Laserschutzschaltung.a(CyDmac.o)
 .debug_info    0x000033b2      0xcd7 .\CortexM3\ARM_GCC_473\Debug\Laserschutzschaltung.a(CyLib.o)
 .debug_info    0x00004089      0x5c3 .\CortexM3\ARM_GCC_473\Debug\Laserschutzschaltung.a(cyPm.o)
 .debug_info    0x0000464c      0x276 .\CortexM3\ARM_GCC_473\Debug\Laserschutzschaltung.a(Comp_2.o)
 .debug_info    0x000048c2      0x276 .\CortexM3\ARM_GCC_473\Debug\Laserschutzschaltung.a(Comp_3.o)
 .debug_info    0x00004b38      0x3d2 .\CortexM3\ARM_GCC_473\Debug\Laserschutzschaltung.a(LCD.o)
 .debug_info    0x00004f0a      0x278 .\CortexM3\ARM_GCC_473\Debug\Laserschutzschaltung.a(Fault_isr.o)
 .debug_info    0x00005182      0x4cf .\CortexM3\ARM_GCC_473\Debug\Laserschutzschaltung.a(ADC_SAR_1.o)
 .debug_info    0x00005651       0x9b .\CortexM3\ARM_GCC_473\Debug\Laserschutzschaltung.a(ADC_SAR_1_INT.o)
 .debug_info    0x000056ec      0x2da .\CortexM3\ARM_GCC_473\Debug\Laserschutzschaltung.a(ADC_SAR_1_theACLK.o)
 .debug_info    0x000059c6      0x1dd .\CortexM3\ARM_GCC_473\Debug\Laserschutzschaltung.a(IDAC8_1.o)
 .debug_info    0x00005ba3      0x1dd .\CortexM3\ARM_GCC_473\Debug\Laserschutzschaltung.a(IDAC8_2.o)
 .debug_info    0x00005d80      0x1a7 .\CortexM3\ARM_GCC_473\Debug\Laserschutzschaltung.a(PGA_1.o)
 .debug_info    0x00005f27      0x4cf .\CortexM3\ARM_GCC_473\Debug\Laserschutzschaltung.a(ADC_SAR_2.o)
 .debug_info    0x000063f6       0x9b .\CortexM3\ARM_GCC_473\Debug\Laserschutzschaltung.a(ADC_SAR_2_INT.o)
 .debug_info    0x00006491      0x2da .\CortexM3\ARM_GCC_473\Debug\Laserschutzschaltung.a(ADC_SAR_2_theACLK.o)
 .debug_info    0x0000676b      0x25d .\CortexM3\ARM_GCC_473\Debug\Laserschutzschaltung.a(Counter_1.o)
 .debug_info    0x000069c8      0x278 .\CortexM3\ARM_GCC_473\Debug\Laserschutzschaltung.a(PID_isr.o)
 .debug_info    0x00006c40      0x7a9 .\CortexM3\ARM_GCC_473\Debug\Laserschutzschaltung.a(ADC_DelSig_1.o)
 .debug_info    0x000073e9       0xe4 .\CortexM3\ARM_GCC_473\Debug\Laserschutzschaltung.a(ADC_DelSig_1_INT.o)
 .debug_info    0x000074cd      0x11c .\CortexM3\ARM_GCC_473\Debug\Laserschutzschaltung.a(ADC_DelSig_1_AMux.o)
 .debug_info    0x000075e9      0x294 .\CortexM3\ARM_GCC_473\Debug\Laserschutzschaltung.a(ADC_DelSig_1_Ext_CP_Clk.o)
 .debug_info    0x0000787d      0x2da .\CortexM3\ARM_GCC_473\Debug\Laserschutzschaltung.a(ADC_DelSig_1_theACLK.o)
 .debug_info    0x00007b57       0xe3 .\CortexM3\ARM_GCC_473\Debug\Laserschutzschaltung.a(Control_RS.o)
 .debug_info    0x00007c3a      0x674 .\CortexM3\ARM_GCC_473\Debug\Laserschutzschaltung.a(USBUART_1.o)
 .debug_info    0x000082ae      0x5f7 .\CortexM3\ARM_GCC_473\Debug\Laserschutzschaltung.a(USBUART_1_cdc.o)
 .debug_info    0x000088a5      0x56e .\CortexM3\ARM_GCC_473\Debug\Laserschutzschaltung.a(USBUART_1_drv.o)
 .debug_info    0x00008e13      0x1d6 .\CortexM3\ARM_GCC_473\Debug\Laserschutzschaltung.a(USBUART_1_episr.o)
 .debug_info    0x00008fe9      0x83f .\CortexM3\ARM_GCC_473\Debug\Laserschutzschaltung.a(USBUART_1_std.o)
 .debug_info    0x00009828      0x18d .\CortexM3\ARM_GCC_473\Debug\Laserschutzschaltung.a(USBUART_1_vnd.o)
 .debug_info    0x000099b5      0x134 .\CortexM3\ARM_GCC_473\Debug\Laserschutzschaltung.a(VUSB.o)
 .debug_info    0x00009ae9      0x283 .\CortexM3\ARM_GCC_473\Debug\Laserschutzschaltung.a(EEPROM_1.o)
 .debug_info    0x00009d6c      0x156 .\CortexM3\ARM_GCC_473\Debug\Laserschutzschaltung.a(Fault_Reg.o)
 .debug_info    0x00009ec2      0x1a7 .\CortexM3\ARM_GCC_473\Debug\Laserschutzschaltung.a(PGA_2.o)
 .debug_info    0x0000a069      0x354 .\CortexM3\ARM_GCC_473\Debug\Laserschutzschaltung.a(CyFlash.o)
 .debug_info    0x0000a3bd      0x3d9 .\CortexM3\ARM_GCC_473\Debug\Laserschutzschaltung.a(CySpc.o)
 .debug_info    0x0000a796      0x1b9 .\CortexM3\ARM_GCC_473\Debug\Laserschutzschaltung.a(USBUART_1_cls.o)
 .debug_info    0x0000a94f      0x2e5 .\CortexM3\ARM_GCC_473\Debug\Laserschutzschaltung.a(USBUART_1_descr.o)

.debug_abbrev   0x00000000     0x3907
 *(.debug_abbrev)
 .debug_abbrev  0x00000000      0x19b .\CortexM3\ARM_GCC_473\Debug\main.o
 .debug_abbrev  0x0000019b      0x107 .\CortexM3\ARM_GCC_473\Debug\pid.o
 .debug_abbrev  0x000002a2      0x273 .\CortexM3\ARM_GCC_473\Debug\cli.o
 .debug_abbrev  0x00000515      0x133 .\CortexM3\ARM_GCC_473\Debug\eeprom.o
 .debug_abbrev  0x00000648      0x175 .\CortexM3\ARM_GCC_473\Debug\Cm3Start.o
 .debug_abbrev  0x000007bd       0x77 .\CortexM3\ARM_GCC_473\Debug\cymetadata.o
 .debug_abbrev  0x00000834      0x189 .\CortexM3\ARM_GCC_473\Debug\Laserschutzschaltung.a(cyfitter_cfg.o)
 .debug_abbrev  0x000009bd       0x8d .\CortexM3\ARM_GCC_473\Debug\Laserschutzschaltung.a(DMA_dma.o)
 .debug_abbrev  0x00000a4a      0x12d .\CortexM3\ARM_GCC_473\Debug\Laserschutzschaltung.a(isr.o)
 .debug_abbrev  0x00000b77       0xed .\CortexM3\ARM_GCC_473\Debug\Laserschutzschaltung.a(VDAC8.o)
 .debug_abbrev  0x00000c64      0x148 .\CortexM3\ARM_GCC_473\Debug\Laserschutzschaltung.a(Comp_1.o)
 .debug_abbrev  0x00000dac      0x142 .\CortexM3\ARM_GCC_473\Debug\Laserschutzschaltung.a(Filter.o)
 .debug_abbrev  0x00000eee       0x81 .\CortexM3\ARM_GCC_473\Debug\Laserschutzschaltung.a(Filter_PVT.o)
 .debug_abbrev  0x00000f6f       0x66 .\CortexM3\ARM_GCC_473\Debug\Laserschutzschaltung.a(Filter_RAM_Data.o)
 .debug_abbrev  0x00000fd5       0x14 .\CortexM3\ARM_GCC_473\Debug\Laserschutzschaltung.a(CyBootAsmGnu.o)
 .debug_abbrev  0x00000fe9      0x189 .\CortexM3\ARM_GCC_473\Debug\Laserschutzschaltung.a(CyDmac.o)
 .debug_abbrev  0x00001172      0x207 .\CortexM3\ARM_GCC_473\Debug\Laserschutzschaltung.a(CyLib.o)
 .debug_abbrev  0x00001379      0x170 .\CortexM3\ARM_GCC_473\Debug\Laserschutzschaltung.a(cyPm.o)
 .debug_abbrev  0x000014e9      0x148 .\CortexM3\ARM_GCC_473\Debug\Laserschutzschaltung.a(Comp_2.o)
 .debug_abbrev  0x00001631      0x148 .\CortexM3\ARM_GCC_473\Debug\Laserschutzschaltung.a(Comp_3.o)