Archive member included because of file (symbol)

.\CortexM3\ARM_GCC_441\Debug\Design02.a(DMA_dma.o)
                              .\CortexM3\ARM_GCC_441\Debug\main.o (DMA_DmaInitialize)
.\CortexM3\ARM_GCC_441\Debug\Design02.a(isr.o)
                              .\CortexM3\ARM_GCC_441\Debug\main.o (isr_StartEx)
.\CortexM3\ARM_GCC_441\Debug\Design02.a(ADC_DelSig.o)
                              .\CortexM3\ARM_GCC_441\Debug\main.o (ADC_DelSig_Start)
.\CortexM3\ARM_GCC_441\Debug\Design02.a(ADC_DelSig_INT.o)
                              .\CortexM3\ARM_GCC_441\Debug\Design02.a(ADC_DelSig.o) (ADC_DelSig_ISR1)
.\CortexM3\ARM_GCC_441\Debug\Design02.a(VDAC8.o)
                              .\CortexM3\ARM_GCC_441\Debug\main.o (VDAC8_Start)
.\CortexM3\ARM_GCC_441\Debug\Design02.a(Comp_1.o)
                              .\CortexM3\ARM_GCC_441\Debug\main.o (Comp_1_Start)
.\CortexM3\ARM_GCC_441\Debug\Design02.a(Filter.o)
                              .\CortexM3\ARM_GCC_441\Debug\main.o (Filter_Start)
.\CortexM3\ARM_GCC_441\Debug\Design02.a(Filter_PVT.o)
                              .\CortexM3\ARM_GCC_441\Debug\Design02.a(Filter.o) (Filter_SetInterruptMode)
.\CortexM3\ARM_GCC_441\Debug\Design02.a(Filter_RAM_Data.o)
                              .\CortexM3\ARM_GCC_441\Debug\Design02.a(Filter.o) (Filter_control)
.\CortexM3\ARM_GCC_441\Debug\Design02.a(ADC_DelSig_theACLK.o)
                              .\CortexM3\ARM_GCC_441\Debug\Design02.a(ADC_DelSig.o) (ADC_DelSig_theACLK_SetDividerRegister)
.\CortexM3\ARM_GCC_441\Debug\Design02.a(ADC_DelSig_Ext_CP_Clk.o)
                              .\CortexM3\ARM_GCC_441\Debug\Design02.a(ADC_DelSig.o) (ADC_DelSig_Ext_CP_Clk_SetDividerRegister)
.\CortexM3\ARM_GCC_441\Debug\Design02.a(ADC_DelSig_AMux.o)
                              .\CortexM3\ARM_GCC_441\Debug\Design02.a(ADC_DelSig.o) (ADC_DelSig_AMux_Select)
.\CortexM3\ARM_GCC_441\Debug\Design02.a(CyDmac.o)
                              .\CortexM3\ARM_GCC_441\Debug\Cm3Start.o (CyDmacConfigure)
.\CortexM3\ARM_GCC_441\Debug\Design02.a(CyLib.o)
                              .\CortexM3\ARM_GCC_441\Debug\Cm3Start.o (CyResetStatus)
.\CortexM3\ARM_GCC_441\Debug\Design02.a(cyPm.o)
                              .\CortexM3\ARM_GCC_441\Debug\Design02.a(CyLib.o) (CyPmReadStatus)
.\CortexM3\ARM_GCC_441\Debug\Design02.a(Comp_2.o)
                              .\CortexM3\ARM_GCC_441\Debug\main.o (Comp_2_Start)
.\CortexM3\ARM_GCC_441\Debug\Design02.a(Comp_3.o)
                              .\CortexM3\ARM_GCC_441\Debug\main.o (Comp_3_Start)
.\CortexM3\ARM_GCC_441\Debug\Design02.a(LCD.o)
                              .\CortexM3\ARM_GCC_441\Debug\main.o (LCD_Start)
.\CortexM3\ARM_GCC_441\Debug\Design02.a(Fault_isr.o)
                              .\CortexM3\ARM_GCC_441\Debug\main.o (Fault_isr_StartEx)
.\CortexM3\ARM_GCC_441\Debug\Design02.a(cyfitter_cfg.o)
                              .\CortexM3\ARM_GCC_441\Debug\Design02.a(ADC_DelSig_AMux.o) (ADC_DelSig_AMux_Set)
.\CortexM3\ARM_GCC_441\Debug\Design02.a(CyBootAsmGnu.o)
                              .\CortexM3\ARM_GCC_441\Debug\Design02.a(CyLib.o) (CyDelayCycles)
.\CortexM3\ARM_GCC_441\Debug\Design02.a(CyFlash.o)
                              .\CortexM3\ARM_GCC_441\Debug\Design02.a(cyPm.o) (CyFlash_SetWaitCycles)
.\CortexM3\ARM_GCC_441\Debug\Design02.a(CySpc.o)
                              .\CortexM3\ARM_GCC_441\Debug\Design02.a(CyFlash.o) (CySpcStart)
.\CortexM3\ARM_GCC_441\Debug\Design02.a(cyutils.o)
                              .\CortexM3\ARM_GCC_441\Debug\Design02.a(cyfitter_cfg.o) (CySetReg24)
c:/program files (x86)/cypress/psoc creator/2.1/psoc creator/import/gnu_cs/arm/4.4.1/bin/../lib/gcc/arm-none-eabi/4.4.1/thumb2\libgcc.a(_arm_addsubdf3.o)
                              .\CortexM3\ARM_GCC_441\Debug\Design02.a(ADC_DelSig.o) (__aeabi_f2d)
c:/program files (x86)/cypress/psoc creator/2.1/psoc creator/import/gnu_cs/arm/4.4.1/bin/../lib/gcc/arm-none-eabi/4.4.1/thumb2\libgcc.a(_arm_cmpdf2.o)
                              .\CortexM3\ARM_GCC_441\Debug\Design02.a(ADC_DelSig.o) (__aeabi_dcmpgt)
c:/program files (x86)/cypress/psoc creator/2.1/psoc creator/import/gnu_cs/arm/4.4.1/bin/../lib/gcc/arm-none-eabi/4.4.1/thumb2\libgcc.a(_arm_addsubsf3.o)
                              .\CortexM3\ARM_GCC_441\Debug\Design02.a(ADC_DelSig.o) (__aeabi_ui2f)
c:/program files (x86)/cypress/psoc creator/2.1/psoc creator/import/gnu_cs/arm/4.4.1/bin/../lib/gcc/arm-none-eabi/4.4.1/thumb2\libgcc.a(_arm_muldivsf3.o)
                              .\CortexM3\ARM_GCC_441\Debug\Design02.a(ADC_DelSig.o) (__aeabi_fmul)
c:/program files (x86)/cypress/psoc creator/2.1/psoc creator/import/gnu_cs/arm/4.4.1/bin/../lib/gcc/arm-none-eabi/4.4.1/thumb2\libgcc.a(_arm_fixunssfsi.o)
                              .\CortexM3\ARM_GCC_441\Debug\Design02.a(ADC_DelSig.o) (__aeabi_f2uiz)
[...]
Memory Configuration

Name             Origin             Length             Attributes
rom              0x00000000         0x00040000         xr
ram              0x1fff8000         0x0000b000         xrw
*default*        0x00000000         0xffffffff

Linker script and memory map

LOAD c:/program files (x86)/cypress/psoc creator/2.1/psoc creator/import/gnu_cs/arm/4.4.1/bin/../lib/gcc/arm-none-eabi/4.4.1/thumb2/crti.o
LOAD c:/program files (x86)/cypress/psoc creator/2.1/psoc creator/import/gnu_cs/arm/4.4.1/bin/../lib/gcc/arm-none-eabi/4.4.1/thumb2/crtbegin.o
START GROUP
LOAD .\CortexM3\ARM_GCC_441\Debug\main.o
LOAD .\CortexM3\ARM_GCC_441\Debug\Cm3Start.o
LOAD .\CortexM3\ARM_GCC_441\Debug\Design02.a
LOAD C:\Program Files (x86)\Cypress\PSoC Creator\2.1\PSoC Creator\psoc\content\cycomponentlibrary\CyComponentLibrary.cylib\CortexM3\ARM_GCC_441\Debug\CyComponentLibrary.a
END GROUP
START GROUP
LOAD c:/program files (x86)/cypress/psoc creator/2.1/psoc creator/import/gnu_cs/arm/4.4.1/bin/../lib/gcc/arm-none-eabi/4.4.1/thumb2\libgcc.a
LOAD c:/program files (x86)/cypress/psoc creator/2.1/psoc creator/import/gnu_cs/arm/4.4.1/bin/../lib/gcc/arm-none-eabi/4.4.1/../../../../arm-none-eabi/lib/thumb2\libc.a
END GROUP
LOAD c:/program files (x86)/cypress/psoc creator/2.1/psoc creator/import/gnu_cs/arm/4.4.1/bin/../lib/gcc/arm-none-eabi/4.4.1/thumb2/crtend.o
LOAD c:/program files (x86)/cypress/psoc creator/2.1/psoc creator/import/gnu_cs/arm/4.4.1/bin/../lib/gcc/arm-none-eabi/4.4.1/thumb2/crtn.o
START GROUP
LOAD c:/program files (x86)/cypress/psoc creator/2.1/psoc creator/import/gnu_cs/arm/4.4.1/bin/../lib/gcc/arm-none-eabi/4.4.1/thumb2\libgcc.a
LOAD c:/program files (x86)/cypress/psoc creator/2.1/psoc creator/import/gnu_cs/arm/4.4.1/bin/../lib/gcc/arm-none-eabi/4.4.1/../../../../arm-none-eabi/lib/thumb2\libc.a
LOAD c:/program files (x86)/cypress/psoc creator/2.1/psoc creator/import/gnu_cs/arm/4.4.1/bin/../lib/gcc/arm-none-eabi/4.4.1/../../../../arm-none-eabi/lib/thumb2\libcs3.a
LOAD c:/program files (x86)/cypress/psoc creator/2.1/psoc creator/import/gnu_cs/arm/4.4.1/bin/../lib/gcc/arm-none-eabi/4.4.1/../../../../arm-none-eabi/lib/thumb2\libcs3unhosted.a
LOAD c:/program files (x86)/cypress/psoc creator/2.1/psoc creator/import/gnu_cs/arm/4.4.1/bin/../lib/gcc/arm-none-eabi/4.4.1/../../../../arm-none-eabi/lib/thumb2\libcs3micro.a
END GROUP
                0x1fff8690                PROVIDE (__cs3_heap_start, _end)
                0x00000001                PROVIDE (__cs3_region_num, ((__cs3_regions_end - __cs3_regions) / 0x14))
                0x20008000                PROVIDE (__cs3_stack, 0x20008000)
                0x20004000                PROVIDE (__cs3_heap_end, (__cs3_stack - 0x4000))

.text           0x00000000     0x80f4
 CREATE_OBJECT_SYMBOLS
                0x00000000                __cs3_interrupt_vector = __cs3_interrupt_vector_micro
 *(.cs3.interrupt_vector)
 .cs3.interrupt_vector
                0x00000000       0xc0 c:/program files (x86)/cypress/psoc creator/2.1/psoc creator/import/gnu_cs/arm/4.4.1/bin/../lib/gcc/arm-none-eabi/4.4.1/../../../../arm-none-eabi/lib/thumb2\libcs3micro.a(micro-vector.o)
                0x00000000                __cs3_interrupt_vector_micro
                0x00000001                ASSERT ((. != __cs3_interrupt_vector_micro), No interrupt vector)
                0x0000054c                PROVIDE (__cs3_reset, Reset)
 *(.cs3.reset)
                0x00000001                ASSERT ((. != __cs3_reset), No reset code)
 *(.dma_init)
 .dma_init      0x000000c0      0x230 .\CortexM3\ARM_GCC_441\Debug\Design02.a(cyfitter_cfg.o)
                0x00000001                ASSERT ((((0x0 + .) <= 0x10000) || 0x0), DMA Init must be within the first 64k of flash)
 *(.text.cs3.init)
 .text.cs3.init
                0x000002f0       0x5c c:/program files (x86)/cypress/psoc creator/2.1/psoc creator/import/gnu_cs/arm/4.4.1/bin/../lib/gcc/arm-none-eabi/4.4.1/../../../../arm-none-eabi/lib/thumb2\libcs3.a(start_c.o)
                0x000002f0                __cs3_start_c
 *(.text .text.* .gnu.linkonce.t.*)
 .text          0x0000034c       0x30 c:/program files (x86)/cypress/psoc creator/2.1/psoc creator/import/gnu_cs/arm/4.4.1/bin/../lib/gcc/arm-none-eabi/4.4.1/thumb2/crtbegin.o
 .text.filterVDAC
                0x0000037c       0x3c .\CortexM3\ARM_GCC_441\Debug\main.o
                0x0000037c                filterVDAC
 .text.faultISR
                0x000003b8       0x18 .\CortexM3\ARM_GCC_441\Debug\main.o
                0x000003b8                faultISR
 .text.main     0x000003d0      0x110 .\CortexM3\ARM_GCC_441\Debug\main.o
                0x000003d0                main
 .text.DMA_Config
                0x000004e0       0x6c .\CortexM3\ARM_GCC_441\Debug\main.o
                0x000004e0                DMA_Config
 .text.Reset    0x0000054c       0x24 .\CortexM3\ARM_GCC_441\Debug\Cm3Start.o
                0x0000054c                Reset
 .text.initialize_psoc
                0x00000570       0xa0 .\CortexM3\ARM_GCC_441\Debug\Cm3Start.o
                0x00000570                initialize_psoc
 .text.DMA_DmaInitialize
                0x00000610       0x94 .\CortexM3\ARM_GCC_441\Debug\Design02.a(DMA_dma.o)
                0x00000610                DMA_DmaInitialize
 .text.isr_StartEx
                0x000006a4       0x28 .\CortexM3\ARM_GCC_441\Debug\Design02.a(isr.o)
                0x000006a4                isr_StartEx
 .text.isr_SetVector
                0x000006cc       0x28 .\CortexM3\ARM_GCC_441\Debug\Design02.a(isr.o)
                0x000006cc                isr_SetVector
 .text.isr_SetPriority
                0x000006f4       0x28 .\CortexM3\ARM_GCC_441\Debug\Design02.a(isr.o)
                0x000006f4                isr_SetPriority
 .text.isr_Enable
                0x0000071c       0x18 .\CortexM3\ARM_GCC_441\Debug\Design02.a(isr.o)
                0x0000071c                isr_Enable
 .text.isr_Disable
                0x00000734       0x18 .\CortexM3\ARM_GCC_441\Debug\Design02.a(isr.o)
                0x00000734                isr_Disable
 .text.ADC_DelSig_Init
                0x0000074c       0x34 .\CortexM3\ARM_GCC_441\Debug\Design02.a(ADC_DelSig.o)
                0x0000074c                ADC_DelSig_Init
 .text.ADC_DelSig_Enable
                0x00000780      0x1c0 .\CortexM3\ARM_GCC_441\Debug\Design02.a(ADC_DelSig.o)
                0x00000780                ADC_DelSig_Enable
 .text.ADC_DelSig_Start
                0x00000940       0x3c .\CortexM3\ARM_GCC_441\Debug\Design02.a(ADC_DelSig.o)
                0x00000940                ADC_DelSig_Start
 .text.ADC_DelSig_StartConvert
                0x0000097c       0x28 .\CortexM3\ARM_GCC_441\Debug\Design02.a(ADC_DelSig.o)
                0x0000097c                ADC_DelSig_StartConvert
 .text.ADC_DelSig_IRQ_Start
                0x000009a4       0x34 .\CortexM3\ARM_GCC_441\Debug\Design02.a(ADC_DelSig.o)
                0x000009a4                ADC_DelSig_IRQ_Start
 .text.ADC_DelSig_InitConfig
                0x000009d8      0x2d4 .\CortexM3\ARM_GCC_441\Debug\Design02.a(ADC_DelSig.o)
                0x000009d8                ADC_DelSig_InitConfig
 .text.ADC_DelSig_GainCompensation
                0x00000cac      0x19c .\CortexM3\ARM_GCC_441\Debug\Design02.a(ADC_DelSig.o)
                0x00000cac                ADC_DelSig_GainCompensation
 .text.ADC_DelSig_SetDSMRef0Reg
                0x00000e48       0x94 .\CortexM3\ARM_GCC_441\Debug\Design02.a(ADC_DelSig.o)
                0x00000e48                ADC_DelSig_SetDSMRef0Reg
 .text.ADC_DelSig_ISR1
                0x00000edc        0xc .\CortexM3\ARM_GCC_441\Debug\Design02.a(ADC_DelSig_INT.o)
                0x00000edc                ADC_DelSig_ISR1
 .text.VDAC8_Init
                0x00000ee8       0x34 .\CortexM3\ARM_GCC_441\Debug\Design02.a(VDAC8.o)
                0x00000ee8                VDAC8_Init
 .text.VDAC8_Enable
                0x00000f1c       0x44 .\CortexM3\ARM_GCC_441\Debug\Design02.a(VDAC8.o)
                0x00000f1c                VDAC8_Enable
 .text.VDAC8_Start
                0x00000f60       0x34 .\CortexM3\ARM_GCC_441\Debug\Design02.a(VDAC8.o)
                0x00000f60                VDAC8_Start
 .text.VDAC8_SetSpeed
                0x00000f94       0x50 .\CortexM3\ARM_GCC_441\Debug\Design02.a(VDAC8.o)
                0x00000f94                VDAC8_SetSpeed
 .text.VDAC8_SetRange
                0x00000fe4       0x54 .\CortexM3\ARM_GCC_441\Debug\Design02.a(VDAC8.o)
                0x00000fe4                VDAC8_SetRange
 .text.VDAC8_SetValue
                0x00001038       0x20 .\CortexM3\ARM_GCC_441\Debug\Design02.a(VDAC8.o)
                0x00001038                VDAC8_SetValue
 .text.VDAC8_DacTrim
                0x00001058       0x44 .\CortexM3\ARM_GCC_441\Debug\Design02.a(VDAC8.o)
                0x00001058                VDAC8_DacTrim
 .text.Comp_1_Init
                0x0000109c       0x94 .\CortexM3\ARM_GCC_441\Debug\Design02.a(Comp_1.o)
                0x0000109c                Comp_1_Init
 .text.Comp_1_Enable
                0x00001130       0x44 .\CortexM3\ARM_GCC_441\Debug\Design02.a(Comp_1.o)
                0x00001130                Comp_1_Enable
 .text.Comp_1_Start
                0x00001174       0x2c .\CortexM3\ARM_GCC_441\Debug\Design02.a(Comp_1.o)
                0x00001174                Comp_1_Start
 .text.Comp_1_SetSpeed
                0x000011a0       0x9c .\CortexM3\ARM_GCC_441\Debug\Design02.a(Comp_1.o)
                0x000011a0                Comp_1_SetSpeed
 .text.Filter_Init
                0x0000123c      0x114 .\CortexM3\ARM_GCC_441\Debug\Design02.a(Filter.o)
                0x0000123c                Filter_Init
 .text.Filter_Enable
                0x00001350       0x60 .\CortexM3\ARM_GCC_441\Debug\Design02.a(Filter.o)
                0x00001350                Filter_Enable
 .text.Filter_Start
                0x000013b0       0x2c .\CortexM3\ARM_GCC_441\Debug\Design02.a(Filter.o)
                0x000013b0                Filter_Start
 .text.Filter_Read8
                0x000013dc       0x48 .\CortexM3\ARM_GCC_441\Debug\Design02.a(Filter.o)
                0x000013dc                Filter_Read8
 .text.Filter_SetInterruptMode
                0x00001424       0x28 .\CortexM3\ARM_GCC_441\Debug\Design02.a(Filter_PVT.o)
                0x00001424                Filter_SetInterruptMode
 .text.Filter_SetDMAMode
                0x0000144c       0x28 .\CortexM3\ARM_GCC_441\Debug\Design02.a(Filter_PVT.o)
                0x0000144c                Filter_SetDMAMode
 .text.ADC_DelSig_theACLK_SetModeRegister
                0x00001474       0x38 .\CortexM3\ARM_GCC_441\Debug\Design02.a(ADC_DelSig_theACLK.o)
                0x00001474                ADC_DelSig_theACLK_SetModeRegister
 .text.ADC_DelSig_Ext_CP_Clk_SetModeRegister
                0x000014ac       0x38 .\CortexM3\ARM_GCC_441\Debug\Design02.a(ADC_DelSig_Ext_CP_Clk.o)
                0x000014ac                ADC_DelSig_Ext_CP_Clk_SetModeRegister
 .text.ADC_DelSig_AMux_Start
                0x000014e4       0x3c .\CortexM3\ARM_GCC_441\Debug\Design02.a(ADC_DelSig_AMux.o)
                0x000014e4                ADC_DelSig_AMux_Start
 .text.ADC_DelSig_AMux_Select
                0x00001520       0x2c .\CortexM3\ARM_GCC_441\Debug\Design02.a(ADC_DelSig_AMux.o)
                0x00001520                ADC_DelSig_AMux_Select
 .text.CyDmacConfigure
                0x0000154c       0x70 .\CortexM3\ARM_GCC_441\Debug\Design02.a(CyDmac.o)
                0x0000154c                CyDmacConfigure
 .text.CyDmaChEnable
                0x000015bc       0x70 .\CortexM3\ARM_GCC_441\Debug\Design02.a(CyDmac.o)
                0x000015bc                CyDmaChEnable
 .text.CyDmaChPriority
                0x0000162c       0x70 .\CortexM3\ARM_GCC_441\Debug\Design02.a(CyDmac.o)
                0x0000162c                CyDmaChPriority
 .text.CyDmaChSetExtendedAddress
                0x0000169c       0x88 .\CortexM3\ARM_GCC_441\Debug\Design02.a(CyDmac.o)
                0x0000169c                CyDmaChSetExtendedAddress
 .text.CyDmaChSetInitialTd
                0x00001724       0x44 .\CortexM3\ARM_GCC_441\Debug\Design02.a(CyDmac.o)
                0x00001724                CyDmaChSetInitialTd
 .text.CyDmaChSetConfiguration
                0x00001768       0xa0 .\CortexM3\ARM_GCC_441\Debug\Design02.a(CyDmac.o)
                0x00001768                CyDmaChSetConfiguration
 .text.CyDmaTdAllocate
                0x00001808       0x78 .\CortexM3\ARM_GCC_441\Debug\Design02.a(CyDmac.o)
                0x00001808                CyDmaTdAllocate
 .text.CyDmaTdSetConfiguration
                0x00001880       0x74 .\CortexM3\ARM_GCC_441\Debug\Design02.a(CyDmac.o)
                0x00001880                CyDmaTdSetConfiguration
 .text.CyDmaTdSetAddress
                0x000018f4       0x68 .\CortexM3\ARM_GCC_441\Debug\Design02.a(CyDmac.o)
                0x000018f4                CyDmaTdSetAddress
 .text.CyHalt   0x0000195c       0x18 .\CortexM3\ARM_GCC_441\Debug\Design02.a(CyLib.o)
                0x0000195c                CyHalt
 .text.CyDelay  0x00001974       0x48 .\CortexM3\ARM_GCC_441\Debug\Design02.a(CyLib.o)
                0x00001974                CyDelay
 .text.CyDelayUs
                0x000019bc       0x28 .\CortexM3\ARM_GCC_441\Debug\Design02.a(CyLib.o)
                0x000019bc                CyDelayUs
 .text.CyIntSetVector
                0x000019e4       0x68 .\CortexM3\ARM_GCC_441\Debug\Design02.a(CyLib.o)
                0x000019e4                CyIntSetVector
 .text.CyIntSetPriority
                0x00001a4c       0x5c .\CortexM3\ARM_GCC_441\Debug\Design02.a(CyLib.o)
                0x00001a4c                CyIntSetPriority
 .text.CyIntEnable
                0x00001aa8       0x48 .\CortexM3\ARM_GCC_441\Debug\Design02.a(CyLib.o)
                0x00001aa8                CyIntEnable
 .text.CyIntDisable
                0x00001af0       0x48 .\CortexM3\ARM_GCC_441\Debug\Design02.a(CyLib.o)
                0x00001af0                CyIntDisable
 .text.Comp_2_Init
                0x00001b38       0x94 .\CortexM3\ARM_GCC_441\Debug\Design02.a(Comp_2.o)
                0x00001b38                Comp_2_Init
 .text.Comp_2_Enable
                0x00001bcc       0x44 .\CortexM3\ARM_GCC_441\Debug\Design02.a(Comp_2.o)
                0x00001bcc                Comp_2_Enable
 .text.Comp_2_Start
                0x00001c10       0x2c .\CortexM3\ARM_GCC_441\Debug\Design02.a(Comp_2.o)
                0x00001c10                Comp_2_Start
 .text.Comp_2_SetSpeed
                0x00001c3c       0x9c .\CortexM3\ARM_GCC_441\Debug\Design02.a(Comp_2.o)
                0x00001c3c                Comp_2_SetSpeed
 .text.Comp_3_Init
                0x00001cd8       0x94 .\CortexM3\ARM_GCC_441\Debug\Design02.a(Comp_3.o)
                0x00001cd8                Comp_3_Init
 .text.Comp_3_Enable
                0x00001d6c       0x44 .\CortexM3\ARM_GCC_441\Debug\Design02.a(Comp_3.o)
                0x00001d6c                Comp_3_Enable
 .text.Comp_3_Start
                0x00001db0       0x2c .\CortexM3\ARM_GCC_441\Debug\Design02.a(Comp_3.o)
                0x00001db0                Comp_3_Start
 .text.Comp_3_SetSpeed
                0x00001ddc       0x9c .\CortexM3\ARM_GCC_441\Debug\Design02.a(Comp_3.o)
                0x00001ddc                Comp_3_SetSpeed
 .text.LCD_Init
                0x00001e78       0x90 .\CortexM3\ARM_GCC_441\Debug\Design02.a(LCD.o)
                0x00001e78                LCD_Init
 .text.LCD_Enable
                0x00001f08       0x1c .\CortexM3\ARM_GCC_441\Debug\Design02.a(LCD.o)
                0x00001f08                LCD_Enable
 .text.LCD_Start
                0x00001f24       0x2c .\CortexM3\ARM_GCC_441\Debug\Design02.a(LCD.o)
                0x00001f24                LCD_Start
 .text.LCD_Position
                0x00001f50       0x74 .\CortexM3\ARM_GCC_441\Debug\Design02.a(LCD.o)
                0x00001f50                LCD_Position
 .text.LCD_PrintString
                0x00001fc4       0x40 .\CortexM3\ARM_GCC_441\Debug\Design02.a(LCD.o)
                0x00001fc4                LCD_PrintString
 .text.LCD_WriteData
                0x00002004       0x38 .\CortexM3\ARM_GCC_441\Debug\Design02.a(LCD.o)
                0x00002004                LCD_WriteData
 .text.LCD_WriteControl
                0x0000203c       0x40 .\CortexM3\ARM_GCC_441\Debug\Design02.a(LCD.o)
                0x0000203c                LCD_WriteControl
 .text.LCD_IsReady
                0x0000207c      0x204 .\CortexM3\ARM_GCC_441\Debug\Design02.a(LCD.o)
                0x0000207c                LCD_IsReady
 .text.LCD_WrDatNib
                0x00002280       0xac .\CortexM3\ARM_GCC_441\Debug\Design02.a(LCD.o)
                0x00002280                LCD_WrDatNib
 .text.LCD_WrCntrlNib
                0x0000232c       0x8c .\CortexM3\ARM_GCC_441\Debug\Design02.a(LCD.o)
                0x0000232c                LCD_WrCntrlNib
 .text.Fault_isr_StartEx
                0x000023b8       0x28 .\CortexM3\ARM_GCC_441\Debug\Design02.a(Fault_isr.o)
                0x000023b8                Fault_isr_StartEx
 .text.Fault_isr_SetVector
                0x000023e0       0x28 .\CortexM3\ARM_GCC_441\Debug\Design02.a(Fault_isr.o)
                0x000023e0                Fault_isr_SetVector
 .text.Fault_isr_SetPriority
                0x00002408       0x28 .\CortexM3\ARM_GCC_441\Debug\Design02.a(Fault_isr.o)
                0x00002408                Fault_isr_SetPriority
 .text.Fault_isr_Enable
                0x00002430       0x18 .\CortexM3\ARM_GCC_441\Debug\Design02.a(Fault_isr.o)
                0x00002430                Fault_isr_Enable
 .text.Fault_isr_Disable
                0x00002448       0x18 .\CortexM3\ARM_GCC_441\Debug\Design02.a(Fault_isr.o)
                0x00002448                Fault_isr_Disable
 .text.CyClockStartupError
                0x00002460        0xc .\CortexM3\ARM_GCC_441\Debug\Design02.a(cyfitter_cfg.o)
 .text.cfg_dma_init
                0x0000246c      0x1c4 .\CortexM3\ARM_GCC_441\Debug\Design02.a(cyfitter_cfg.o)
 .text.ClockSetup
                0x00002630      0x21c .\CortexM3\ARM_GCC_441\Debug\Design02.a(cyfitter_cfg.o)
 .text.AnalogSetDefault
                0x0000284c       0xd8 .\CortexM3\ARM_GCC_441\Debug\Design02.a(cyfitter_cfg.o)
                0x0000284c                AnalogSetDefault
 .text.ADC_DelSig_AMux_Set
                0x00002924       0x50 .\CortexM3\ARM_GCC_441\Debug\Design02.a(cyfitter_cfg.o)
                0x00002924                ADC_DelSig_AMux_Set
 .text.ADC_DelSig_AMux_Unset
                0x00002974       0x5c .\CortexM3\ARM_GCC_441\Debug\Design02.a(cyfitter_cfg.o)
                0x00002974                ADC_DelSig_AMux_Unset
 .text.cyfitter_cfg
                0x000029d0      0x150 .\CortexM3\ARM_GCC_441\Debug\Design02.a(cyfitter_cfg.o)
                0x000029d0                cyfitter_cfg
 .text          0x00002b20       0x20 .\CortexM3\ARM_GCC_441\Debug\Design02.a(CyBootAsmGnu.o)
                0x00002b20                CyDelayCycles
                0x00002b30                CyEnterCriticalSection
                0x00002b38                CyExitCriticalSection
 .text.CySetReg24
                0x00002b40       0x4c .\CortexM3\ARM_GCC_441\Debug\Design02.a(cyutils.o)
                0x00002b40                CySetReg24
 .text          0x00002b8c      0x370 c:/program files (x86)/cypress/psoc creator/2.1/psoc creator/import/gnu_cs/arm/4.4.1/bin/../lib/gcc/arm-none-eabi/4.4.1/thumb2\libgcc.a(_arm_addsubdf3.o)
                0x00002b8c                __aeabi_drsub
                0x00002b94                __aeabi_dsub
                0x00002b94                __subdf3
                0x00002b98                __aeabi_dadd
                0x00002b98                __adddf3
                0x00002e10                __floatunsidf
                0x00002e10                __aeabi_ui2d
                0x00002e30                __floatsidf
                0x00002e30                __aeabi_i2d
                0x00002e54                __aeabi_f2d
                0x00002e54                __extendsfdf2
                0x00002e90                __floatundidf
                0x00002e90                __aeabi_ul2d
                0x00002ea0                __floatdidf
                0x00002ea0                __aeabi_l2d
 .text          0x00002efc      0x110 c:/program files (x86)/cypress/psoc creator/2.1/psoc creator/import/gnu_cs/arm/4.4.1/bin/../lib/gcc/arm-none-eabi/4.4.1/thumb2\libgcc.a(_arm_cmpdf2.o)
                0x00002efc                __gtdf2
                0x00002efc                __gedf2
                0x00002f04                __ltdf2
                0x00002f04                __ledf2
                0x00002f0c                __nedf2
                0x00002f0c                __eqdf2
                0x00002f0c                __cmpdf2
                0x00002f88                __aeabi_cdrcmple
                0x00002f98                __aeabi_cdcmpeq
                0x00002f98                __aeabi_cdcmple
                0x00002fa8                __aeabi_dcmpeq
                0x00002fbc                __aeabi_dcmplt
                0x00002fd0                __aeabi_dcmple
                0x00002fe4                __aeabi_dcmpge
                0x00002ff8                __aeabi_dcmpgt
 .text          0x0000300c      0x190 c:/program files (x86)/cypress/psoc creator/2.1/psoc creator/import/gnu_cs/arm/4.4.1/bin/../lib/gcc/arm-none-eabi/4.4.1/../../../../arm-none-eabi/lib/thumb2\libc.a(lib_a-memcpy.o)
                0x0000300c                memcpy
 .text          0x0000319c       0xd4 c:/program files (x86)/cypress/psoc creator/2.1/psoc creator/import/gnu_cs/arm/4.4.1/bin/../lib/gcc/arm-none-eabi/4.4.1/../../../../arm-none-eabi/lib/thumb2\libc.a(lib_a-memset.o)
                0x0000319c                memset
 .text          0x00003270       0x94 c:/program files (x86)/cypress/psoc creator/2.1/psoc creator/import/gnu_cs/arm/4.4.1/bin/../lib/gcc/arm-none-eabi/4.4.1/../../../../arm-none-eabi/lib/thumb2\libc.a(lib_a-sprintf.o)
                0x00003270                sprintf
                0x000032c0                _sprintf_r
 .text          0x00003304     0x15a8 c:/program files (x86)/cypress/psoc creator/2.1/psoc creator/import/gnu_cs/arm/4.4.1/bin/../lib/gcc/arm-none-eabi/4.4.1/../../../../arm-none-eabi/lib/thumb2\libc.a(lib_a-svfprintf.o)
                0x00003420                _svfprintf_r
 *fill*         0x000048ac        0x4 00
 .text          0x000048b0      0xfb8 c:/program files (x86)/cypress/psoc creator/2.1/psoc creator/import/gnu_cs/arm/4.4.1/bin/../lib/gcc/arm-none-eabi/4.4.1/../../../../arm-none-eabi/lib/thumb2\libc.a(lib_a-dtoa.o)
                0x000049d0                _dtoa_r
 .text          0x00005868      0x268 c:/program files (x86)/cypress/psoc creator/2.1/psoc creator/import/gnu_cs/arm/4.4.1/bin/../lib/gcc/arm-none-eabi/4.4.1/../../../../arm-none-eabi/lib/thumb2\libc.a(lib_a-freer.o)
                0x00005868                _malloc_trim_r
                0x00005910                _free_r
 .text          0x00005ad0       0x74 c:/program files (x86)/cypress/psoc creator/2.1/psoc creator/import/gnu_cs/arm/4.4.1/bin/../lib/gcc/arm-none-eabi/4.4.1/../../../../arm-none-eabi/lib/thumb2\libc.a(lib_a-locale.o)
                0x00005ad0                __locale_charset
                0x00005adc                _localeconv_r
                0x00005ae4                localeconv
                0x00005aec                _setlocale_r
                0x00005b34                setlocale
 .text          0x00005b44       0x20 c:/program files (x86)/cypress/psoc creator/2.1/psoc creator/import/gnu_cs/arm/4.4.1/bin/../lib/gcc/arm-none-eabi/4.4.1/../../../../arm-none-eabi/lib/thumb2\libc.a(lib_a-malloc.o)
                0x00005b44                free
                0x00005b54                malloc
 .text          0x00005b64      0x5a4 c:/program files (x86)/cypress/psoc creator/2.1/psoc creator/import/gnu_cs/arm/4.4.1/bin/../lib/gcc/arm-none-eabi/4.4.1/../../../../arm-none-eabi/lib/thumb2\libc.a(lib_a-mallocr.o)
                0x00005b64                _malloc_r
 .text          0x00006108       0x74 c:/program files (x86)/cypress/psoc creator/2.1/psoc creator/import/gnu_cs/arm/4.4.1/bin/../lib/gcc/arm-none-eabi/4.4.1/../../../../arm-none-eabi/lib/thumb2\libc.a(lib_a-memchr.o)
                0x00006108                memchr
 .text          0x0000617c       0xb8 c:/program files (x86)/cypress/psoc creator/2.1/psoc creator/import/gnu_cs/arm/4.4.1/bin/../lib/gcc/arm-none-eabi/4.4.1/../../../../arm-none-eabi/lib/thumb2\libc.a(lib_a-memmove.o)
                0x0000617c                memmove
 .text          0x00006234        0x8 c:/program files (x86)/cypress/psoc creator/2.1/psoc creator/import/gnu_cs/arm/4.4.1/bin/../lib/gcc/arm-none-eabi/4.4.1/../../../../arm-none-eabi/lib/thumb2\libc.a(lib_a-mlock.o)
                0x00006234                __malloc_lock
                0x00006238                __malloc_unlock
 .text          0x0000623c      0x958 c:/program files (x86)/cypress/psoc creator/2.1/psoc creator/import/gnu_cs/arm/4.4.1/bin/../lib/gcc/arm-none-eabi/4.4.1/../../../../arm-none-eabi/lib/thumb2\libc.a(lib_a-mprec.o)
                0x0000623c                __hi0bits
                0x0000627c                __lo0bits
                0x000062e0                __mcmp
                0x00006320                __ulp
                0x0000636c                __b2d
                0x00006414                __ratio
                0x00006474                _mprec_log10
                0x000064ac                __copybits
                0x000064fc                __any_on
                0x00006554                _Bfree
                0x0000658c                _Balloc
                0x000065f8                __d2b
                0x000066c8                __mdiff
                0x000067c0                __lshift
                0x0000687c                __multiply
                0x000069b0                __i2b
                0x000069c4                __multadd
                0x00006a4c                __pow5mult
                0x00006af8                __s2b
 .text          0x00006b94      0x3b4 c:/program files (x86)/cypress/psoc creator/2.1/psoc creator/import/gnu_cs/arm/4.4.1/bin/../lib/gcc/arm-none-eabi/4.4.1/../../../../arm-none-eabi/lib/thumb2\libc.a(lib_a-reallocr.o)
                0x00006b94                _realloc_r
 .text          0x00006f48       0x24 c:/program files (x86)/cypress/psoc creator/2.1/psoc creator/import/gnu_cs/arm/4.4.1/bin/../lib/gcc/arm-none-eabi/4.4.1/../../../../arm-none-eabi/lib/thumb2\libc.a(lib_a-s_isinfd.o)
                0x00006f48                __isinfd
 .text          0x00006f6c       0x1c c:/program files (x86)/cypress/psoc creator/2.1/psoc creator/import/gnu_cs/arm/4.4.1/bin/../lib/gcc/arm-none-eabi/4.4.1/../../../../arm-none-eabi/lib/thumb2\libc.a(lib_a-s_isnand.o)
                0x00006f6c                __isnand
 .text          0x00006f88       0x28 c:/program files (x86)/cypress/psoc creator/2.1/psoc creator/import/gnu_cs/arm/4.4.1/bin/../lib/gcc/arm-none-eabi/4.4.1/../../../../arm-none-eabi/lib/thumb2\libc.a(lib_a-sbrkr.o)
                0x00006f88                _sbrk_r
 .text          0x00006fb0      0x1dc c:/program files (x86)/cypress/psoc creator/2.1/psoc creator/import/gnu_cs/arm/4.4.1/bin/../lib/gcc/arm-none-eabi/4.4.1/../../../../arm-none-eabi/lib/thumb2\libc.a(lib_a-strcmp.o)
                0x00006fb0                strcmp
 .text          0x0000718c       0x60 c:/program files (x86)/cypress/psoc creator/2.1/psoc creator/import/gnu_cs/arm/4.4.1/bin/../lib/gcc/arm-none-eabi/4.4.1/../../../../arm-none-eabi/lib/thumb2\libc.a(lib_a-strlen.o)
                0x0000718c                strlen
 .text          0x000071ec       0x5c c:/program files (x86)/cypress/psoc creator/2.1/psoc creator/import/gnu_cs/arm/4.4.1/bin/../lib/gcc/arm-none-eabi/4.4.1/../../../../arm-none-eabi/lib/thumb2\libc.a(lib_a-callocr.o)
                0x000071ec                _calloc_r
 .text          0x00007248      0x278 c:/program files (x86)/cypress/psoc creator/2.1/psoc creator/import/gnu_cs/arm/4.4.1/bin/../lib/gcc/arm-none-eabi/4.4.1/thumb2\libgcc.a(_udivsi3.o)
                0x00007248                __aeabi_uidiv
                0x00007248                __udivsi3
                0x000074a4                __aeabi_uidivmod
 .text          0x000074c0        0x4 c:/program files (x86)/cypress/psoc creator/2.1/psoc creator/import/gnu_cs/arm/4.4.1/bin/../lib/gcc/arm-none-eabi/4.4.1/thumb2\libgcc.a(_dvmd_tls.o)
                0x000074c0                __aeabi_idiv0
                0x000074c0                __aeabi_ldiv0
 .text          0x000074c4      0x424 c:/program files (x86)/cypress/psoc creator/2.1/psoc creator/import/gnu_cs/arm/4.4.1/bin/../lib/gcc/arm-none-eabi/4.4.1/thumb2\libgcc.a(_arm_muldivdf3.o)
                0x000074c4                __aeabi_dmul
                0x000074c4                __muldf3
                0x00007718                __divdf3
                0x00007718                __aeabi_ddiv
 .text          0x000078e8       0x50 c:/program files (x86)/cypress/psoc creator/2.1/psoc creator/import/gnu_cs/arm/4.4.1/bin/../lib/gcc/arm-none-eabi/4.4.1/thumb2\libgcc.a(_arm_fixdfsi.o)
                0x000078e8                __aeabi_d2iz
                0x000078e8                __fixdfsi
 .text          0x00007938       0x2c c:/program files (x86)/cypress/psoc creator/2.1/psoc creator/import/gnu_cs/arm/4.4.1/bin/../lib/gcc/arm-none-eabi/4.4.1/thumb2\libgcc.a(_aeabi_uldivmod.o)
                0x00007938                __aeabi_uldivmod
 .text          0x00007964       0x58 c:/program files (x86)/cypress/psoc creator/2.1/psoc creator/import/gnu_cs/arm/4.4.1/bin/../lib/gcc/arm-none-eabi/4.4.1/thumb2\libgcc.a(bpabi.o)
                0x00007964                __gnu_uldivmod_helper
                0x00007990                __gnu_ldivmod_helper
 .text          0x000079bc      0x364 c:/program files (x86)/cypress/psoc creator/2.1/psoc creator/import/gnu_cs/arm/4.4.1/bin/../lib/gcc/arm-none-eabi/4.4.1/thumb2\libgcc.a(_divdi3.o)
                0x000079bc                __divdi3
 .text          0x00007d20      0x300 c:/program files (x86)/cypress/psoc creator/2.1/psoc creator/import/gnu_cs/arm/4.4.1/bin/../lib/gcc/arm-none-eabi/4.4.1/thumb2\libgcc.a(_udivdi3.o)
                0x00007d20                __udivdi3
 .text          0x00008020       0x30 c:/program files (x86)/cypress/psoc creator/2.1/psoc creator/import/gnu_cs/arm/4.4.1/bin/../lib/gcc/arm-none-eabi/4.4.1/../../../../arm-none-eabi/lib/thumb2\libcs3.a(start_c.o)
                0x00008020                __cs3_premain
 .text          0x00008050       0x44 c:/program files (x86)/cypress/psoc creator/2.1/psoc creator/import/gnu_cs/arm/4.4.1/bin/../lib/gcc/arm-none-eabi/4.4.1/../../../../arm-none-eabi/lib/thumb2\libcs3unhosted.a(unhosted-sbrk.o)
                0x00008050                _sbrk
 .text          0x00008094        0x2 c:/program files (x86)/cypress/psoc creator/2.1/psoc creator/import/gnu_cs/arm/4.4.1/bin/../lib/gcc/arm-none-eabi/4.4.1/../../../../arm-none-eabi/lib/thumb2\libcs3micro.a(micro_isr_interrupt.o)
                0x00008094                __cs3_isr_external_24
                0x00008094                __cs3_isr_external_9
                0x00008094                __cs3_isr_external_14
                0x00008094                __cs3_isr_reserved_9
                0x00008094                __cs3_isr_external_4
                0x00008094                __cs3_isr_external_21
                0x00008094                __cs3_isr_external_0
                0x00008094                __cs3_isr_external_27
                0x00008094                __cs3_isr_external_11
                0x00008094                __cs3_isr_usage_fault
                0x00008094                __cs3_isr_svcall
                0x00008094                __cs3_isr_external_3
                0x00008094                __cs3_isr_mpu_fault
                0x00008094                __cs3_isr_external_16
                0x00008094                __cs3_isr_pendsv
                0x00008094                __cs3_isr_external_31
                0x00008094                __cs3_isr_nmi
                0x00008094                __cs3_isr_external_5
                0x00008094                __cs3_isr_external_6
                0x00008094                __cs3_isr_external_12
                0x00008094                __cs3_isr_hard_fault
                0x00008094                __cs3_isr_bus_fault
                0x00008094                __cs3_isr_external_1
                0x00008094                __cs3_isr_external_13
                0x00008094                __cs3_isr_external_30
                0x00008094                __cs3_isr_external_23
                0x00008094                __cs3_isr_external_20
                0x00008094                __cs3_isr_debug
                0x00008094                __cs3_isr_reserved_13
                0x00008094                __cs3_isr_external_8
                0x00008094                __cs3_isr_external_26
                0x00008094                __cs3_isr_reserved_8
                0x00008094                __cs3_isr_reserved_7
                0x00008094                __cs3_isr_external_7
                0x00008094                __cs3_isr_external_28
                0x00008094                __cs3_isr_systick
                0x00008094                __cs3_isr_external_22
                0x00008094                __cs3_isr_external_10
                0x00008094                __cs3_isr_external_15
                0x00008094                __cs3_isr_interrupt
                0x00008094                __cs3_isr_external_18
                0x00008094                __cs3_isr_external_29
                0x00008094                __cs3_isr_external_25
                0x00008094                __cs3_isr_reserved_10
                0x00008094                __cs3_isr_external_2
                0x00008094                __cs3_isr_external_17
                0x00008094                __cs3_isr_external_19
 *fill*         0x00008096        0x2 00
 .text          0x00008098        0xc c:/program files (x86)/cypress/psoc creator/2.1/psoc creator/import/gnu_cs/arm/4.4.1/bin/../lib/gcc/arm-none-eabi/4.4.1/../../../../arm-none-eabi/lib/thumb2\libc.a(lib_a-errno.o)
                0x00008098                __errno
 .text          0x000080a4       0x50 c:/program files (x86)/cypress/psoc creator/2.1/psoc creator/import/gnu_cs/arm/4.4.1/bin/../lib/gcc/arm-none-eabi/4.4.1/../../../../arm-none-eabi/lib/thumb2\libc.a(lib_a-init.o)
                0x000080a4                __libc_init_array
 *(.plt)
 *(.gnu.warning)
 *(.glue_7t)
 .glue_7t       0x00000000        0x0 linker stubs
 *(.glue_7)
 .glue_7        0x00000000        0x0 linker stubs
 *(.vfp11_veneer)
 .vfp11_veneer  0x00000000        0x0 linker stubs
 *(.bootloader)
 *(.ARM.extab* .gnu.linkonce.armextab.*)
 *(.gcc_except_table)

.v4_bx          0x000080f4        0x0
 .v4_bx         0x00000000        0x0 linker stubs

.eh_frame_hdr
 *(.eh_frame_hdr)

.eh_frame
 *(.eh_frame)
                0x000080f4                PROVIDE (__exidx_start, .)

.ARM.exidx      0x000080f4        0x8
 *(.ARM.exidx* .gnu.linkonce.armexidx.*)
 .ARM.exidx     0x000080f4        0x8 c:/program files (x86)/cypress/psoc creator/2.1/psoc creator/import/gnu_cs/arm/4.4.1/bin/../lib/gcc/arm-none-eabi/4.4.1/thumb2\libgcc.a(_divdi3.o)
 .ARM.exidx     0x000080fc        0x0 c:/program files (x86)/cypress/psoc creator/2.1/psoc creator/import/gnu_cs/arm/4.4.1/bin/../lib/gcc/arm-none-eabi/4.4.1/thumb2\libgcc.a(_udivdi3.o)
                                  0x8 (size before relaxing)
                0x000080fc                __exidx_end = .

.rodata         0x00008100      0x988
 *(.rodata .rodata.* .gnu.linkonce.r.*)
 .rodata        0x00008100       0x1c .\CortexM3\ARM_GCC_441\Debug\main.o
 .rodata        0x0000811c      0x640 .\CortexM3\ARM_GCC_441\Debug\Design02.a(Filter_RAM_Data.o)
                0x0000811c                Filter_control
                0x0000821c                Filter_data_a
                0x0000841c                Filter_data_b
                0x0000861c                Filter_acu
                0x0000865c                Filter_cfsm
 .rodata        0x0000875c      0x110 .\CortexM3\ARM_GCC_441\Debug\Design02.a(cyfitter_cfg.o)
                0x00008860                ADC_DelSig_AMux__addrTable
                0x00008868                ADC_DelSig_AMux__maskTable
 .rodata        0x0000886c       0x20 c:/program files (x86)/cypress/psoc creator/2.1/psoc creator/import/gnu_cs/arm/4.4.1/bin/../lib/gcc/arm-none-eabi/4.4.1/../../../../arm-none-eabi/lib/thumb2\libc.a(lib_a-svfprintf.o)
 .rodata.str1.4
                0x0000888c       0x42 c:/program files (x86)/cypress/psoc creator/2.1/psoc creator/import/gnu_cs/arm/4.4.1/bin/../lib/gcc/arm-none-eabi/4.4.1/../../../../arm-none-eabi/lib/thumb2\libc.a(lib_a-svfprintf.o)
                                 0x44 (size before relaxing)
 *fill*         0x000088ce        0x2 00
 .rodata.str1.4
                0x000088d0       0x10 c:/program files (x86)/cypress/psoc creator/2.1/psoc creator/import/gnu_cs/arm/4.4.1/bin/../lib/gcc/arm-none-eabi/4.4.1/../../../../arm-none-eabi/lib/thumb2\libc.a(lib_a-dtoa.o)
                                 0x14 (size before relaxing)
 .rodata.str1.4
                0x000088e0        0x2 c:/program files (x86)/cypress/psoc creator/2.1/psoc creator/import/gnu_cs/arm/4.4.1/bin/../lib/gcc/arm-none-eabi/4.4.1/../../../../arm-none-eabi/lib/thumb2\libc.a(lib_a-impure.o)
                                  0x4 (size before relaxing)
 *fill*         0x000088e2        0x2 00
 .rodata        0x000088e4       0x34 c:/program files (x86)/cypress/psoc creator/2.1/psoc creator/import/gnu_cs/arm/4.4.1/bin/../lib/gcc/arm-none-eabi/4.4.1/../../../../arm-none-eabi/lib/thumb2\libc.a(lib_a-locale.o)
 .rodata.str1.4
                0x00008918       0x10 c:/program files (x86)/cypress/psoc creator/2.1/psoc creator/import/gnu_cs/arm/4.4.1/bin/../lib/gcc/arm-none-eabi/4.4.1/../../../../arm-none-eabi/lib/thumb2\libc.a(lib_a-locale.o)
                                 0x18 (size before relaxing)
 .rodata        0x00008928      0x128 c:/program files (x86)/cypress/psoc creator/2.1/psoc creator/import/gnu_cs/arm/4.4.1/bin/../lib/gcc/arm-none-eabi/4.4.1/../../../../arm-none-eabi/lib/thumb2\libc.a(lib_a-mprec.o)
                0x00008928                __mprec_tens
                0x00008a00                __mprec_bigtens
                0x00008a28                __mprec_tinytens
                0x00008a50                . = ALIGN (0x4)
 *(.init)
 .init          0x00008a50        0x4 c:/program files (x86)/cypress/psoc creator/2.1/psoc creator/import/gnu_cs/arm/4.4.1/bin/../lib/gcc/arm-none-eabi/4.4.1/thumb2/crti.o
                0x00008a50                _init
 .init          0x00008a54        0x8 c:/program files (x86)/cypress/psoc creator/2.1/psoc creator/import/gnu_cs/arm/4.4.1/bin/../lib/gcc/arm-none-eabi/4.4.1/thumb2/crtn.o
                0x00008a5c                . = ALIGN (0x4)
                0x00008a5c                __preinit_array_start = .
 *(.preinit_array)
                0x00008a5c                __preinit_array_end = .
                0x00008a5c                . = ALIGN (0x4)
                0x00008a5c                __init_array_start = .
 *(SORT(.init_array.*))
 *(.init_array)
 .init_array    0x00008a5c        0x4 c:/program files (x86)/cypress/psoc creator/2.1/psoc creator/import/gnu_cs/arm/4.4.1/bin/../lib/gcc/arm-none-eabi/4.4.1/thumb2/crtbegin.o
 .init_array    0x00008a60        0x4 .\CortexM3\ARM_GCC_441\Debug\Cm3Start.o
                0x00008a64                __init_array_end = .
                0x00008a64                . = ALIGN (0x4)
 *(.fini)
 .fini          0x00008a64        0x4 c:/program files (x86)/cypress/psoc creator/2.1/psoc creator/import/gnu_cs/arm/4.4.1/bin/../lib/gcc/arm-none-eabi/4.4.1/thumb2/crti.o
                0x00008a64                _fini
 .fini          0x00008a68        0x8 c:/program files (x86)/cypress/psoc creator/2.1/psoc creator/import/gnu_cs/arm/4.4.1/bin/../lib/gcc/arm-none-eabi/4.4.1/thumb2/crtn.o
                0x00008a70                . = ALIGN (0x4)
                0x00008a70                __fini_array_start = .
 *(.fini_array)
 .fini_array    0x00008a70        0x4 c:/program files (x86)/cypress/psoc creator/2.1/psoc creator/import/gnu_cs/arm/4.4.1/bin/../lib/gcc/arm-none-eabi/4.4.1/thumb2/crtbegin.o
 *(SORT(.fini_array.*))
                0x00008a74                __fini_array_end = .
                0x00008a74                . = ALIGN (0x4)
 *crtbegin.o(.ctors)
 *(EXCLUDE_FILE(*crtend.o) .ctors)
 *(SORT(.ctors.*))
 *crtend.o(.ctors)
                0x00008a74                . = ALIGN (0x4)
 *crtbegin.o(.dtors)
 *(EXCLUDE_FILE(*crtend.o) .dtors)
 *(SORT(.dtors.*))
 *crtend.o(.dtors)
                0x00008a74                . = ALIGN (0x4)
                0x00008a74                __cs3_regions = .
                0x00008a74        0x4 LONG 0x0
                0x00008a78        0x4 LONG 0x8a88 __cs3_region_init_ram
                0x00008a7c        0x4 LONG 0x1fff8000 __cs3_region_start_ram
                0x00008a80        0x4 LONG 0x630 __cs3_region_init_size_ram
                0x00008a84        0x4 LONG 0x60 __cs3_region_zero_size_ram
                0x00008a88                __cs3_regions_end = .
                0x00008a88                . = ALIGN (0x8)
                0x00008a88                _etext = .

.data           0x1fff8000      0x630 load address 0x00008a88
                0x1fff8000                __cs3_region_start_ram = .
 *(.cs3.region-head.ram)
                0x1fff8001                ASSERT ((. == __cs3_region_start_ram), .cs3.region-head.ram not permitted)
 *(.ramvectors)
 .ramvectors    0x1fff8000      0x100 .\CortexM3\ARM_GCC_441\Debug\Cm3Start.o
                0x1fff8000                CyRamVectors
 *(.jcr)
 .jcr           0x1fff8100        0x0 c:/program files (x86)/cypress/psoc creator/2.1/psoc creator/import/gnu_cs/arm/4.4.1/bin/../lib/gcc/arm-none-eabi/4.4.1/thumb2/crtbegin.o
 .jcr           0x1fff8100        0x4 c:/program files (x86)/cypress/psoc creator/2.1/psoc creator/import/gnu_cs/arm/4.4.1/bin/../lib/gcc/arm-none-eabi/4.4.1/thumb2/crtend.o
 *(.got.plt)
 *(.got)
 *(.shdata)
 *(.data .data.* .gnu.linkonce.d.*)
 .data          0x1fff8104        0x1 .\CortexM3\ARM_GCC_441\Debug\Design02.a(DMA_dma.o)
                0x1fff8104                DMA_DmaHandle
 *fill*         0x1fff8105        0x3 00
 .data          0x1fff8108        0x8 .\CortexM3\ARM_GCC_441\Debug\Design02.a(ADC_DelSig.o)
                0x1fff8108                ADC_DelSig_Config
                0x1fff810c                ADC_DelSig_CountsPerVolt
 .data          0x1fff8110        0x1 .\CortexM3\ARM_GCC_441\Debug\Design02.a(ADC_DelSig_AMux.o)
                0x1fff8110                ADC_DelSig_AMux_lastChannel
 *fill*         0x1fff8111        0x3 00
 .data          0x1fff8114       0x10 .\CortexM3\ARM_GCC_441\Debug\Design02.a(CyLib.o)
                0x1fff8114                cydelay_freq_hz
                0x1fff8118                cydelay_freq_khz
                0x1fff811c                cydelay_freq_mhz
                0x1fff8120                cydelay_32k_ms
 .data          0x1fff8124       0xf4 c:/program files (x86)/cypress/psoc creator/2.1/psoc creator/import/gnu_cs/arm/4.4.1/bin/../lib/gcc/arm-none-eabi/4.4.1/../../../../arm-none-eabi/lib/thumb2\libc.a(lib_a-impure.o)
                0x1fff8124                _impure_ptr
 .data          0x1fff8218      0x410 c:/program files (x86)/cypress/psoc creator/2.1/psoc creator/import/gnu_cs/arm/4.4.1/bin/../lib/gcc/arm-none-eabi/4.4.1/../../../../arm-none-eabi/lib/thumb2\libc.a(lib_a-mallocr.o)
                0x1fff8218                __malloc_av_
                0x1fff8620                __malloc_sbrk_base
                0x1fff8624                __malloc_trim_threshold
 .data          0x1fff8628        0x4 c:/program files (x86)/cypress/psoc creator/2.1/psoc creator/import/gnu_cs/arm/4.4.1/bin/../lib/gcc/arm-none-eabi/4.4.1/../../../../arm-none-eabi/lib/thumb2\libcs3unhosted.a(unhosted-sbrk.o)
 .data          0x1fff862c        0x4 c:/program files (x86)/cypress/psoc creator/2.1/psoc creator/import/gnu_cs/arm/4.4.1/bin/../lib/gcc/arm-none-eabi/4.4.1/../../../../arm-none-eabi/lib/thumb2\libcs3.a(heap.o)
                0x1fff862c                __cs3_heap_limit
                0x1fff8630                . = ALIGN (0x8)
 *(.ram)
                0x1fff8630                _edata = .

.bss            0x1fff8630       0x60 load address 0x000090b8
 *(.shbss)
 *(.bss .bss.* .gnu.linkonce.b.*)
 .bss           0x1fff8630        0x1 c:/program files (x86)/cypress/psoc creator/2.1/psoc creator/import/gnu_cs/arm/4.4.1/bin/../lib/gcc/arm-none-eabi/4.4.1/thumb2/crtbegin.o
 .bss           0x1fff8631        0x3 .\CortexM3\ARM_GCC_441\Debug\main.o
                0x1fff8631                filterStatus
                0x1fff8632                faultStatus
                0x1fff8633                ADC_read
 .bss           0x1fff8634        0x8 .\CortexM3\ARM_GCC_441\Debug\Design02.a(ADC_DelSig.o)
                0x1fff8634                ADC_DelSig_convDone
                0x1fff8635                ADC_DelSig_stopConversion
                0x1fff8636                ADC_DelSig_initVar
                0x1fff8637                ADC_DelSig_started
                0x1fff8638                ADC_DelSig_Offset
 .bss           0x1fff863c        0x1 .\CortexM3\ARM_GCC_441\Debug\Design02.a(VDAC8.o)
                0x1fff863c                VDAC8_initVar
 .bss           0x1fff863d        0x1 .\CortexM3\ARM_GCC_441\Debug\Design02.a(Comp_1.o)
                0x1fff863d                Comp_1_initVar
 .bss           0x1fff863e        0x1 .\CortexM3\ARM_GCC_441\Debug\Design02.a(Filter.o)
                0x1fff863e                Filter_initVar
 .bss           0x1fff863f        0x2 .\CortexM3\ARM_GCC_441\Debug\Design02.a(CyDmac.o)
 .bss           0x1fff8641        0x1 .\CortexM3\ARM_GCC_441\Debug\Design02.a(Comp_2.o)
                0x1fff8641                Comp_2_initVar
 .bss           0x1fff8642        0x1 .\CortexM3\ARM_GCC_441\Debug\Design02.a(Comp_3.o)
                0x1fff8642                Comp_3_initVar
 .bss           0x1fff8643        0x2 .\CortexM3\ARM_GCC_441\Debug\Design02.a(LCD.o)
                0x1fff8643                LCD_enableState
                0x1fff8644                LCD_initVar
 *fill*         0x1fff8645        0x3 00
 .bss           0x1fff8648        0x8 .\CortexM3\ARM_GCC_441\Debug\Design02.a(cyfitter_cfg.o)
 .bss           0x1fff8650       0x34 c:/program files (x86)/cypress/psoc creator/2.1/psoc creator/import/gnu_cs/arm/4.4.1/bin/../lib/gcc/arm-none-eabi/4.4.1/../../../../arm-none-eabi/lib/thumb2\libc.a(lib_a-mallocr.o)
                0x1fff8650                __malloc_top_pad
                0x1fff8654                __malloc_current_mallinfo
                0x1fff867c                __malloc_max_sbrked_mem
                0x1fff8680                __malloc_max_total_mem
 *(COMMON)
 COMMON         0x1fff8684        0x1 .\CortexM3\ARM_GCC_441\Debug\Design02.a(CyLib.o)
                0x1fff8684                CyResetStatus
 *fill*         0x1fff8685        0x3 00
 COMMON         0x1fff8688        0x4 c:/program files (x86)/cypress/psoc creator/2.1/psoc creator/import/gnu_cs/arm/4.4.1/bin/../lib/gcc/arm-none-eabi/4.4.1/../../../../arm-none-eabi/lib/thumb2\libc.a(lib_a-reent.o)
                0x1fff8688                errno
                0x1fff8690                . = ALIGN (0x8)
 *fill*         0x1fff868c        0x4 00
 *(.ram.b)
                0x1fff8690                _end = .
                0x1fff8690                __end = .
                0x20003000                __cs3_region_end_ram = (__cs3_region_start_ram + 0xb000)
                0x0000b000                __cs3_region_size_ram = 0xb000
                0x00008a88                __cs3_region_init_ram = LOADADDR (.data)
                0x00000630                __cs3_region_init_size_ram = (_edata - ADDR (.data))
                0x00000060                __cs3_region_zero_size_ram = (_end - _edata)

.stab
 *(.stab)

.stabstr
 *(.stabstr)

.debug
 *(.debug)

.line
 *(.line)

.debug_srcinfo
 *(.debug_srcinfo)

.debug_sfnames
 *(.debug_sfnames)

.comment        0x00000000      0x433
 .comment       0x00000000       0x2b .\CortexM3\ARM_GCC_441\Debug\main.o
 .comment       0x0000002b       0x2b .\CortexM3\ARM_GCC_441\Debug\Cm3Start.o
 .comment       0x00000056       0x2b .\CortexM3\ARM_GCC_441\Debug\Design02.a(DMA_dma.o)
 .comment       0x00000081       0x2b .\CortexM3\ARM_GCC_441\Debug\Design02.a(isr.o)
 .comment       0x000000ac       0x2b .\CortexM3\ARM_GCC_441\Debug\Design02.a(ADC_DelSig.o)
 .comment       0x000000d7       0x2b .\CortexM3\ARM_GCC_441\Debug\Design02.a(ADC_DelSig_INT.o)
 .comment       0x00000102       0x2b .\CortexM3\ARM_GCC_441\Debug\Design02.a(VDAC8.o)
 .comment       0x0000012d       0x2b .\CortexM3\ARM_GCC_441\Debug\Design02.a(Comp_1.o)
 .comment       0x00000158       0x2b .\CortexM3\ARM_GCC_441\Debug\Design02.a(Filter.o)
 .comment       0x00000183       0x2b .\CortexM3\ARM_GCC_441\Debug\Design02.a(Filter_PVT.o)
 .comment       0x000001ae       0x2b .\CortexM3\ARM_GCC_441\Debug\Design02.a(Filter_RAM_Data.o)
 .comment       0x000001d9       0x2b .\CortexM3\ARM_GCC_441\Debug\Design02.a(ADC_DelSig_theACLK.o)
 .comment       0x00000204       0x2b .\CortexM3\ARM_GCC_441\Debug\Design02.a(ADC_DelSig_Ext_CP_Clk.o)
 .comment       0x0000022f       0x2b .\CortexM3\ARM_GCC_441\Debug\Design02.a(ADC_DelSig_AMux.o)
 .comment       0x0000025a       0x2b .\CortexM3\ARM_GCC_441\Debug\Design02.a(CyDmac.o)
 .comment       0x00000285       0x2b .\CortexM3\ARM_GCC_441\Debug\Design02.a(CyLib.o)
 .comment       0x000002b0       0x2b .\CortexM3\ARM_GCC_441\Debug\Design02.a(cyPm.o)
 .comment       0x000002db       0x2b .\CortexM3\ARM_GCC_441\Debug\Design02.a(Comp_2.o)
 .comment       0x00000306       0x2b .\CortexM3\ARM_GCC_441\Debug\Design02.a(Comp_3.o)
 .comment       0x00000331       0x2b .\CortexM3\ARM_GCC_441\Debug\Design02.a(LCD.o)
 .comment       0x0000035c       0x2b .\CortexM3\ARM_GCC_441\Debug\Design02.a(Fault_isr.o)
 .comment       0x00000387       0x2b .\CortexM3\ARM_GCC_441\Debug\Design02.a(cyfitter_cfg.o)
 .comment       0x000003b2       0x2b .\CortexM3\ARM_GCC_441\Debug\Design02.a(CyFlash.o)
 .comment       0x000003dd       0x2b .\CortexM3\ARM_GCC_441\Debug\Design02.a(CySpc.o)
 .comment       0x00000408       0x2b .\CortexM3\ARM_GCC_441\Debug\Design02.a(cyutils.o)

.debug_aranges  0x00000000      0xbf0
 *(.debug_aranges)
 .debug_aranges
                0x00000000       0x38 .\CortexM3\ARM_GCC_441\Debug\main.o
 .debug_aranges
                0x00000038       0x30 .\CortexM3\ARM_GCC_441\Debug\Cm3Start.o
 .debug_aranges
                0x00000068       0x28 .\CortexM3\ARM_GCC_441\Debug\Design02.a(DMA_dma.o)
 .debug_aranges
                0x00000090       0x80 .\CortexM3\ARM_GCC_441\Debug\Design02.a(isr.o)
 .debug_aranges
                0x00000110       0xe8 .\CortexM3\ARM_GCC_441\Debug\Design02.a(ADC_DelSig.o)
 .debug_aranges
                0x000001f8       0x38 .\CortexM3\ARM_GCC_441\Debug\Design02.a(ADC_DelSig_INT.o)
 .debug_aranges
                0x00000230       0x58 .\CortexM3\ARM_GCC_441\Debug\Design02.a(VDAC8.o)
 .debug_aranges
                0x00000288       0x70 .\CortexM3\ARM_GCC_441\Debug\Design02.a(Comp_1.o)
 .debug_aranges
                0x000002f8       0x70 .\CortexM3\ARM_GCC_441\Debug\Design02.a(Filter.o)
 .debug_aranges
                0x00000368       0x28 .\CortexM3\ARM_GCC_441\Debug\Design02.a(Filter_PVT.o)
 .debug_aranges
                0x00000390       0x80 .\CortexM3\ARM_GCC_441\Debug\Design02.a(ADC_DelSig_theACLK.o)
 .debug_aranges
                0x00000410       0x70 .\CortexM3\ARM_GCC_441\Debug\Design02.a(ADC_DelSig_Ext_CP_Clk.o)
 .debug_aranges
                0x00000480       0x30 .\CortexM3\ARM_GCC_441\Debug\Design02.a(ADC_DelSig_AMux.o)
 .debug_aranges
                0x000004b0       0xd8 .\CortexM3\ARM_GCC_441\Debug\Design02.a(CyDmac.o)
 .debug_aranges
                0x00000588      0x238 .\CortexM3\ARM_GCC_441\Debug\Design02.a(CyLib.o)
 .debug_aranges
                0x000007c0       0xa0 .\CortexM3\ARM_GCC_441\Debug\Design02.a(cyPm.o)
 .debug_aranges
                0x00000860       0x70 .\CortexM3\ARM_GCC_441\Debug\Design02.a(Comp_2.o)
 .debug_aranges
                0x000008d0       0x70 .\CortexM3\ARM_GCC_441\Debug\Design02.a(Comp_3.o)
 .debug_aranges
                0x00000940       0x90 .\CortexM3\ARM_GCC_441\Debug\Design02.a(LCD.o)
 .debug_aranges
                0x000009d0       0x80 .\CortexM3\ARM_GCC_441\Debug\Design02.a(Fault_isr.o)
 .debug_aranges
                0x00000a50       0x58 .\CortexM3\ARM_GCC_441\Debug\Design02.a(cyfitter_cfg.o)
 .debug_aranges
                0x00000aa8       0x20 .\CortexM3\ARM_GCC_441\Debug\Design02.a(CyBootAsmGnu.o)
 .debug_aranges
                0x00000ac8       0x78 .\CortexM3\ARM_GCC_441\Debug\Design02.a(CyFlash.o)
 .debug_aranges
                0x00000b40       0x90 .\CortexM3\ARM_GCC_441\Debug\Design02.a(CySpc.o)
 .debug_aranges
                0x00000bd0       0x20 .\CortexM3\ARM_GCC_441\Debug\Design02.a(cyutils.o)

.debug_pubnames
                0x00000000     0x1e5f
 *(.debug_pubnames)
 .debug_pubnames
                0x00000000       0x74 .\CortexM3\ARM_GCC_441\Debug\main.o
 .debug_pubnames
                0x00000074       0x57 .\CortexM3\ARM_GCC_441\Debug\Cm3Start.o
 .debug_pubnames
                0x000000cb       0x4d .\CortexM3\ARM_GCC_441\Debug\Design02.a(DMA_dma.o)
 .debug_pubnames
                0x00000118       0xf3 .\CortexM3\ARM_GCC_441\Debug\Design02.a(isr.o)
 .debug_pubnames
                0x0000020b      0x376 .\CortexM3\ARM_GCC_441\Debug\Design02.a(ADC_DelSig.o)
 .debug_pubnames
                0x00000581       0x62 .\CortexM3\ARM_GCC_441\Debug\Design02.a(ADC_DelSig_INT.o)
 .debug_pubnames
                0x000005e3       0xae .\CortexM3\ARM_GCC_441\Debug\Design02.a(VDAC8.o)
 .debug_pubnames
                0x00000691      0x110 .\CortexM3\ARM_GCC_441\Debug\Design02.a(Comp_1.o)
 .debug_pubnames
                0x000007a1       0xed .\CortexM3\ARM_GCC_441\Debug\Design02.a(Filter.o)
 .debug_pubnames
                0x0000088e       0x44 .\CortexM3\ARM_GCC_441\Debug\Design02.a(Filter_PVT.o)
 .debug_pubnames
                0x000008d2       0x68 .\CortexM3\ARM_GCC_441\Debug\Design02.a(Filter_RAM_Data.o)
 .debug_pubnames
                0x0000093a      0x1fd .\CortexM3\ARM_GCC_441\Debug\Design02.a(ADC_DelSig_theACLK.o)
 .debug_pubnames
                0x00000b37      0x1ce .\CortexM3\ARM_GCC_441\Debug\Design02.a(ADC_DelSig_Ext_CP_Clk.o)
 .debug_pubnames
                0x00000d05       0x86 .\CortexM3\ARM_GCC_441\Debug\Design02.a(ADC_DelSig_AMux.o)
 .debug_pubnames
                0x00000d8b      0x218 .\CortexM3\ARM_GCC_441\Debug\Design02.a(CyDmac.o)
 .debug_pubnames
                0x00000fa3      0x614 .\CortexM3\ARM_GCC_441\Debug\Design02.a(CyLib.o)
 .debug_pubnames
                0x000015b7       0xbb .\CortexM3\ARM_GCC_441\Debug\Design02.a(cyPm.o)
 .debug_pubnames
                0x00001672      0x110 .\CortexM3\ARM_GCC_441\Debug\Design02.a(Comp_2.o)
 .debug_pubnames
                0x00001782      0x110 .\CortexM3\ARM_GCC_441\Debug\Design02.a(Comp_3.o)
 .debug_pubnames
                0x00001892      0x14d .\CortexM3\ARM_GCC_441\Debug\Design02.a(LCD.o)
 .debug_pubnames
                0x000019df      0x141 .\CortexM3\ARM_GCC_441\Debug\Design02.a(Fault_isr.o)
 .debug_pubnames
                0x00001b20       0xc2 .\CortexM3\ARM_GCC_441\Debug\Design02.a(cyfitter_cfg.o)
 .debug_pubnames
                0x00001be2      0x115 .\CortexM3\ARM_GCC_441\Debug\Design02.a(CyFlash.o)
 .debug_pubnames
                0x00001cf7      0x147 .\CortexM3\ARM_GCC_441\Debug\Design02.a(CySpc.o)
 .debug_pubnames
                0x00001e3e       0x21 .\CortexM3\ARM_GCC_441\Debug\Design02.a(cyutils.o)

.debug_info     0x00000000     0x50fd
 *(.debug_info .gnu.linkonce.wi.*)
 .debug_info    0x00000000      0x17e .\CortexM3\ARM_GCC_441\Debug\main.o
 .debug_info    0x0000017e      0x127 .\CortexM3\ARM_GCC_441\Debug\Cm3Start.o
 .debug_info    0x000002a5      0x10d .\CortexM3\ARM_GCC_441\Debug\Design02.a(DMA_dma.o)
 .debug_info    0x000003b2      0x22e .\CortexM3\ARM_GCC_441\Debug\Design02.a(isr.o)
 .debug_info    0x000005e0      0x71a .\CortexM3\ARM_GCC_441\Debug\Design02.a(ADC_DelSig.o)
 .debug_info    0x00000cfa       0xce .\CortexM3\ARM_GCC_441\Debug\Design02.a(ADC_DelSig_INT.o)
 .debug_info    0x00000dc8      0x18c .\CortexM3\ARM_GCC_441\Debug\Design02.a(VDAC8.o)
 .debug_info    0x00000f54      0x240 .\CortexM3\ARM_GCC_441\Debug\Design02.a(Comp_1.o)
 .debug_info    0x00001194      0x2fe .\CortexM3\ARM_GCC_441\Debug\Design02.a(Filter.o)
 .debug_info    0x00001492       0xd1 .\CortexM3\ARM_GCC_441\Debug\Design02.a(Filter_PVT.o)
 .debug_info    0x00001563      0x125 .\CortexM3\ARM_GCC_441\Debug\Design02.a(Filter_RAM_Data.o)
 .debug_info    0x00001688      0x29f .\CortexM3\ARM_GCC_441\Debug\Design02.a(ADC_DelSig_theACLK.o)
 .debug_info    0x00001927      0x25b .\CortexM3\ARM_GCC_441\Debug\Design02.a(ADC_DelSig_Ext_CP_Clk.o)
 .debug_info    0x00001b82      0x10c .\CortexM3\ARM_GCC_441\Debug\Design02.a(ADC_DelSig_AMux.o)
 .debug_info    0x00001c8e      0x8f3 .\CortexM3\ARM_GCC_441\Debug\Design02.a(CyDmac.o)
 .debug_info    0x00002581      0xd2a .\CortexM3\ARM_GCC_441\Debug\Design02.a(CyLib.o)
 .debug_info    0x000032ab      0x580 .\CortexM3\ARM_GCC_441\Debug\Design02.a(cyPm.o)
 .debug_info    0x0000382b      0x240 .\CortexM3\ARM_GCC_441\Debug\Design02.a(Comp_2.o)
 .debug_info    0x00003a6b      0x240 .\CortexM3\ARM_GCC_441\Debug\Design02.a(Comp_3.o)
 .debug_info    0x00003cab      0x39e .\CortexM3\ARM_GCC_441\Debug\Design02.a(LCD.o)
 .debug_info    0x00004049      0x22e .\CortexM3\ARM_GCC_441\Debug\Design02.a(Fault_isr.o)
 .debug_info    0x00004277      0x49d .\CortexM3\ARM_GCC_441\Debug\Design02.a(cyfitter_cfg.o)
 .debug_info    0x00004714       0xa0 .\CortexM3\ARM_GCC_441\Debug\Design02.a(CyBootAsmGnu.o)
 .debug_info    0x000047b4      0x310 .\CortexM3\ARM_GCC_441\Debug\Design02.a(CyFlash.o)
 .debug_info    0x00004ac4      0x56b .\CortexM3\ARM_GCC_441\Debug\Design02.a(CySpc.o)
 .debug_info    0x0000502f       0xce .\CortexM3\ARM_GCC_441\Debug\Design02.a(cyutils.o)

.debug_abbrev   0x00000000     0x16cc
 *(.debug_abbrev)
 .debug_abbrev  0x00000000       0xcd .\CortexM3\ARM_GCC_441\Debug\main.o
 .debug_abbrev  0x000000cd       0xe3 .\CortexM3\ARM_GCC_441\Debug\Cm3Start.o
 .debug_abbrev  0x000001b0       0x90 .\CortexM3\ARM_GCC_441\Debug\Design02.a(DMA_dma.o)
 .debug_abbrev  0x00000240       0xee .\CortexM3\ARM_GCC_441\Debug\Design02.a(isr.o)
 .debug_abbrev  0x0000032e       0xf8 .\CortexM3\ARM_GCC_441\Debug\Design02.a(ADC_DelSig.o)
 .debug_abbrev  0x00000426       0x4a .\CortexM3\ARM_GCC_441\Debug\Design02.a(ADC_DelSig_INT.o)
 .debug_abbrev  0x00000470       0xba .\CortexM3\ARM_GCC_441\Debug\Design02.a(VDAC8.o)
 .debug_abbrev  0x0000052a      0x108 .\CortexM3\ARM_GCC_441\Debug\Design02.a(Comp_1.o)
 .debug_abbrev  0x00000632      0x113 .\CortexM3\ARM_GCC_441\Debug\Design02.a(Filter.o)
 .debug_abbrev  0x00000745       0x7d .\CortexM3\ARM_GCC_441\Debug\Design02.a(Filter_PVT.o)
 .debug_abbrev  0x000007c2       0x73 .\CortexM3\ARM_GCC_441\Debug\Design02.a(Filter_RAM_Data.o)
 .debug_abbrev  0x00000835       0xd8 .\CortexM3\ARM_GCC_441\Debug\Design02.a(ADC_DelSig_theACLK.o)
 .debug_abbrev  0x0000090d       0xd8 .\CortexM3\ARM_GCC_441\Debug\Design02.a(ADC_DelSig_Ext_CP_Clk.o)
 .debug_abbrev  0x000009e5       0x7f .\CortexM3\ARM_GCC_441\Debug\Design02.a(ADC_DelSig_AMux.o)
 .debug_abbrev  0x00000a64      0x171 .\CortexM3\ARM_GCC_441\Debug\Design02.a(CyDmac.o)
 .debug_abbrev  0x00000bd5      0x172 .\CortexM3\ARM_GCC_441\Debug\Design02.a(CyLib.o)
 .debug_abbrev  0x00000d47      0x146 .\CortexM3\ARM_GCC_441\Debug\Design02.a(cyPm.o)
 .debug_abbrev  0x00000e8d      0x108 .\CortexM3\ARM_GCC_441\Debug\Design02.a(Comp_2.o)
 .debug_abbrev  0x00000f95      0x108 .\CortexM3\ARM_GCC_441\Debug\Design02.a(Comp_3.o)
 .debug_abbrev  0x0000109d      0x103 .\CortexM3\ARM_GCC_441\Debug\Design02.a(LCD.o)
 .debug_abbrev  0x000011a0       0xee .\CortexM3\ARM_GCC_441\Debug\Design02.a(Fault_isr.o)
 .debug_abbrev  0x0000128e      0x158 .\CortexM3\ARM_GCC_441\Debug\Design02.a(cyfitter_cfg.o)
 .debug_abbrev  0x000013e6       0x14 .\CortexM3\ARM_GCC_441\Debug\Design02.a(CyBootAsmGnu.o)
 .debug_abbrev  0x000013fa      0x12a .\CortexM3\ARM_GCC_441\Debug\Design02.a(CyFlash.o)
 .debug_abbrev  0x00001524      0x139 .\CortexM3\ARM_GCC_441\Debug\Design02.a(CySpc.o)
 .debug_abbrev  0x0000165d       0x6f .\CortexM3\ARM_GCC_441\Debug\Design02.a(cyutils.o)

.debug_line     0x00000000     0x297d
 *(.debug_line)
 .debug_line    0x00000000      0x170 .\CortexM3\ARM_GCC_441\Debug\main.o
 .debug_line    0x00000170       0xce .\CortexM3\ARM_GCC_441\Debug\Cm3Start.o
 .debug_line    0x0000023e       0x93 .\CortexM3\ARM_GCC_441\Debug\Design02.a(DMA_dma.o)
 .debug_line    0x000002d1      0x157 .\CortexM3\ARM_GCC_441\Debug\Design02.a(isr.o)
 .debug_line    0x00000428      0x352 .\CortexM3\ARM_GCC_441\Debug\Design02.a(ADC_DelSig.o)
 .debug_line    0x0000077a       0x95 .\CortexM3\ARM_GCC_441\Debug\Design02.a(ADC_DelSig_INT.o)
 .debug_line    0x0000080f      0x10e .\CortexM3\ARM_GCC_441\Debug\Design02.a(VDAC8.o)
 .debug_line    0x0000091d      0x185 .\CortexM3\ARM_GCC_441\Debug\Design02.a(Comp_1.o)
 .debug_line    0x00000aa2      0x18d .\CortexM3\ARM_GCC_441\Debug\Design02.a(Filter.o)
 .debug_line    0x00000c2f       0x91 .\CortexM3\ARM_GCC_441\Debug\Design02.a(Filter_PVT.o)
 .debug_line    0x00000cc0       0x71 .\CortexM3\ARM_GCC_441\Debug\Design02.a(Filter_RAM_Data.o)
 .debug_line    0x00000d31      0x1a4 .\CortexM3\ARM_GCC_441\Debug\Design02.a(ADC_DelSig_theACLK.o)
 .debug_line    0x00000ed5      0x183 .\CortexM3\ARM_GCC_441\Debug\Design02.a(ADC_DelSig_Ext_CP_Clk.o)
 .debug_line    0x00001058       0xb1 .\CortexM3\ARM_GCC_441\Debug\Design02.a(ADC_DelSig_AMux.o)
 .debug_line    0x00001109      0x2ae .\CortexM3\ARM_GCC_441\Debug\Design02.a(CyDmac.o)
 .debug_line    0x000013b7      0x691 .\CortexM3\ARM_GCC_441\Debug\Design02.a(CyLib.o)
 .debug_line    0x00001a48      0x2e8 .\CortexM3\ARM_GCC_441\Debug\Design02.a(cyPm.o)
 .debug_line    0x00001d30      0x185 .\CortexM3\ARM_GCC_441\Debug\Design02.a(Comp_2.o)
 .debug_line    0x00001eb5      0x185 .\CortexM3\ARM_GCC_441\Debug\Design02.a(Comp_3.o)
 .debug_line    0x0000203a      0x1d8 .\CortexM3\ARM_GCC_441\Debug\Design02.a(LCD.o)
 .debug_line    0x00002212      0x15d .\CortexM3\ARM_GCC_441\Debug\Design02.a(Fault_isr.o)
 .debug_line    0x0000236f      0x172 .\CortexM3\ARM_GCC_441\Debug\Design02.a(cyfitter_cfg.o)
 .debug_line    0x000024e1       0x67 .\CortexM3\ARM_GCC_441\Debug\Design02.a(CyBootAsmGnu.o)
 .debug_line    0x00002548      0x18f .\CortexM3\ARM_GCC_441\Debug\Design02.a(CyFlash.o)
 .debug_line    0x000026d7      0x225 .\CortexM3\ARM_GCC_441\Debug\Design02.a(CySpc.o)
 .debug_line    0x000028fc       0x81 .\CortexM3\ARM_GCC_441\Debug\Design02.a(cyutils.o)

.debug_frame    0x00000000     0x2ce0
 *(.debug_frame)
 .debug_frame   0x00000000       0x88 .\CortexM3\ARM_GCC_441\Debug\main.o
 .debug_frame   0x00000088       0x5c .\CortexM3\ARM_GCC_441\Debug\Cm3Start.o
 .debug_frame   0x000000e4       0x4c .\CortexM3\ARM_GCC_441\Debug\Design02.a(DMA_dma.o)
 .debug_frame   0x00000130      0x180 .\CortexM3\ARM_GCC_441\Debug\Design02.a(isr.o)
 .debug_frame   0x000002b0      0x304 .\CortexM3\ARM_GCC_441\Debug\Design02.a(ADC_DelSig.o)
 .debug_frame   0x000005b4       0x80 .\CortexM3\ARM_GCC_441\Debug\Design02.a(ADC_DelSig_INT.o)
 .debug_frame   0x00000634       0xf4 .\CortexM3\ARM_GCC_441\Debug\Design02.a(VDAC8.o)
 .debug_frame   0x00000728      0x14c .\CortexM3\ARM_GCC_441\Debug\Design02.a(Comp_1.o)
 .debug_frame   0x00000874      0x144 .\CortexM3\ARM_GCC_441\Debug\Design02.a(Filter.o)
 .debug_frame   0x000009b8       0x48 .\CortexM3\ARM_GCC_441\Debug\Design02.a(Filter_PVT.o)
 .debug_frame   0x00000a00      0x184 .\CortexM3\ARM_GCC_441\Debug\Design02.a(ADC_DelSig_theACLK.o)
 .debug_frame   0x00000b84      0x14c .\CortexM3\ARM_GCC_441\Debug\Design02.a(ADC_DelSig_Ext_CP_Clk.o)
 .debug_frame   0x00000cd0       0x70 .\CortexM3\ARM_GCC_441\Debug\Design02.a(ADC_DelSig_AMux.o)
 .debug_frame   0x00000d40      0x2c0 .\CortexM3\ARM_GCC_441\Debug\Design02.a(CyDmac.o)
 .debug_frame   0x00001000      0x7f0 .\CortexM3\ARM_GCC_441\Debug\Design02.a(CyLib.o)
 .debug_frame   0x000017f0      0x208 .\CortexM3\ARM_GCC_441\Debug\Design02.a(cyPm.o)
 .debug_frame   0x000019f8      0x14c .\CortexM3\ARM_GCC_441\Debug\Design02.a(Comp_2.o)
 .debug_frame   0x00001b44      0x14c .\CortexM3\ARM_GCC_441\Debug\Design02.a(Comp_3.o)
 .debug_frame   0x00001c90      0x1e0 .\CortexM3\ARM_GCC_441\Debug\Design02.a(LCD.o)
 .debug_frame   0x00001e70      0x180 .\CortexM3\ARM_GCC_441\Debug\Design02.a(Fault_isr.o)
 .debug_frame   0x00001ff0       0xf4 .\CortexM3\ARM_GCC_441\Debug\Design02.a(cyfitter_cfg.o)
 .debug_frame   0x000020e4      0x174 .\CortexM3\ARM_GCC_441\Debug\Design02.a(CyFlash.o)
 .debug_frame   0x00002258      0x1c8 .\CortexM3\ARM_GCC_441\Debug\Design02.a(CySpc.o)
 .debug_frame   0x00002420       0x2c .\CortexM3\ARM_GCC_441\Debug\Design02.a(cyutils.o)
 .debug_frame   0x0000244c       0x34 c:/program files (x86)/cypress/psoc creator/2.1/psoc creator/import/gnu_cs/arm/4.4.1/bin/../lib/gcc/arm-none-eabi/4.4.1/../../../../arm-none-eabi/lib/thumb2\libc.a(lib_a-memcpy.o)
 .debug_frame   0x00002480       0x28 c:/program files (x86)/cypress/psoc creator/2.1/psoc creator/import/gnu_cs/arm/4.4.1/bin/../lib/gcc/arm-none-eabi/4.4.1/../../../../arm-none-eabi/lib/thumb2\libc.a(lib_a-memset.o)
 .debug_frame   0x000024a8       0x5c c:/program files (x86)/cypress/psoc creator/2.1/psoc creator/import/gnu_cs/arm/4.4.1/bin/../lib/gcc/arm-none-eabi/4.4.1/../../../../arm-none-eabi/lib/thumb2\libc.a(lib_a-sprintf.o)
 .debug_frame   0x00002504       0x68 c:/program files (x86)/cypress/psoc creator/2.1/psoc creator/import/gnu_cs/arm/4.4.1/bin/../lib/gcc/arm-none-eabi/4.4.1/../../../../arm-none-eabi/lib/thumb2\libc.a(lib_a-svfprintf.o)
 .debug_frame   0x0000256c       0x64 c:/program files (x86)/cypress/psoc creator/2.1/psoc creator/import/gnu_cs/arm/4.4.1/bin/../lib/gcc/arm-none-eabi/4.4.1/../../../../arm-none-eabi/lib/thumb2\libc.a(lib_a-dtoa.o)
 .debug_frame   0x000025d0       0x50 c:/program files (x86)/cypress/psoc creator/2.1/psoc creator/import/gnu_cs/arm/4.4.1/bin/../lib/gcc/arm-none-eabi/4.4.1/../../../../arm-none-eabi/lib/thumb2\libc.a(lib_a-freer.o)
 .debug_frame   0x00002620       0x6c c:/program files (x86)/cypress/psoc creator/2.1/psoc creator/import/gnu_cs/arm/4.4.1/bin/../lib/gcc/arm-none-eabi/4.4.1/../../../../arm-none-eabi/lib/thumb2\libc.a(lib_a-locale.o)
 .debug_frame   0x0000268c       0x30 c:/program files (x86)/cypress/psoc creator/2.1/psoc creator/import/gnu_cs/arm/4.4.1/bin/../lib/gcc/arm-none-eabi/4.4.1/../../../../arm-none-eabi/lib/thumb2\libc.a(lib_a-malloc.o)
 .debug_frame   0x000026bc       0x3c c:/program files (x86)/cypress/psoc creator/2.1/psoc creator/import/gnu_cs/arm/4.4.1/bin/../lib/gcc/arm-none-eabi/4.4.1/../../../../arm-none-eabi/lib/thumb2\libc.a(lib_a-mallocr.o)
 .debug_frame   0x000026f8       0x28 c:/program files (x86)/cypress/psoc creator/2.1/psoc creator/import/gnu_cs/arm/4.4.1/bin/../lib/gcc/arm-none-eabi/4.4.1/../../../../arm-none-eabi/lib/thumb2\libc.a(lib_a-memchr.o)
 .debug_frame   0x00002720       0x2c c:/program files (x86)/cypress/psoc creator/2.1/psoc creator/import/gnu_cs/arm/4.4.1/bin/../lib/gcc/arm-none-eabi/4.4.1/../../../../arm-none-eabi/lib/thumb2\libc.a(lib_a-memmove.o)
 .debug_frame   0x0000274c       0x30 c:/program files (x86)/cypress/psoc creator/2.1/psoc creator/import/gnu_cs/arm/4.4.1/bin/../lib/gcc/arm-none-eabi/4.4.1/../../../../arm-none-eabi/lib/thumb2\libc.a(lib_a-mlock.o)
 .debug_frame   0x0000277c      0x240 c:/program files (x86)/cypress/psoc creator/2.1/psoc creator/import/gnu_cs/arm/4.4.1/bin/../lib/gcc/arm-none-eabi/4.4.1/../../../../arm-none-eabi/lib/thumb2\libc.a(lib_a-mprec.o)
 .debug_frame   0x000029bc       0x3c c:/program files (x86)/cypress/psoc creator/2.1/psoc creator/import/gnu_cs/arm/4.4.1/bin/../lib/gcc/arm-none-eabi/4.4.1/../../../../arm-none-eabi/lib/thumb2\libc.a(lib_a-reallocr.o)
 .debug_frame   0x000029f8       0x20 c:/program files (x86)/cypress/psoc creator/2.1/psoc creator/import/gnu_cs/arm/4.4.1/bin/../lib/gcc/arm-none-eabi/4.4.1/../../../../arm-none-eabi/lib/thumb2\libc.a(lib_a-s_isinfd.o)
 .debug_frame   0x00002a18       0x20 c:/program files (x86)/cypress/psoc creator/2.1/psoc creator/import/gnu_cs/arm/4.4.1/bin/../lib/gcc/arm-none-eabi/4.4.1/../../../../arm-none-eabi/lib/thumb2\libc.a(lib_a-s_isnand.o)
 .debug_frame   0x00002a38       0x2c c:/program files (x86)/cypress/psoc creator/2.1/psoc creator/import/gnu_cs/arm/4.4.1/bin/../lib/gcc/arm-none-eabi/4.4.1/../../../../arm-none-eabi/lib/thumb2\libc.a(lib_a-sbrkr.o)
 .debug_frame   0x00002a64       0x30 c:/program files (x86)/cypress/psoc creator/2.1/psoc creator/import/gnu_cs/arm/4.4.1/bin/../lib/gcc/arm-none-eabi/4.4.1/../../../../arm-none-eabi/lib/thumb2\libc.a(lib_a-strcmp.o)
 .debug_frame   0x00002a94       0x20 c:/program files (x86)/cypress/psoc creator/2.1/psoc creator/import/gnu_cs/arm/4.4.1/bin/../lib/gcc/arm-none-eabi/4.4.1/../../../../arm-none-eabi/lib/thumb2\libc.a(lib_a-strlen.o)
 .debug_frame   0x00002ab4       0x2c c:/program files (x86)/cypress/psoc creator/2.1/psoc creator/import/gnu_cs/arm/4.4.1/bin/../lib/gcc/arm-none-eabi/4.4.1/../../../../arm-none-eabi/lib/thumb2\libc.a(lib_a-callocr.o)
 .debug_frame   0x00002ae0       0x64 c:/program files (x86)/cypress/psoc creator/2.1/psoc creator/import/gnu_cs/arm/4.4.1/bin/../lib/gcc/arm-none-eabi/4.4.1/../../../../arm-none-eabi/lib/thumb2\libc.a(lib_a-reent.o)
 .debug_frame   0x00002b44       0x20 c:/program files (x86)/cypress/psoc creator/2.1/psoc creator/import/gnu_cs/arm/4.4.1/bin/../lib/gcc/arm-none-eabi/4.4.1/thumb2\libgcc.a(_udivsi3.o)
 .debug_frame   0x00002b64       0x50 c:/program files (x86)/cypress/psoc creator/2.1/psoc creator/import/gnu_cs/arm/4.4.1/bin/../lib/gcc/arm-none-eabi/4.4.1/thumb2\libgcc.a(bpabi.o)
 .debug_frame   0x00002bb4       0x3c c:/program files (x86)/cypress/psoc creator/2.1/psoc creator/import/gnu_cs/arm/4.4.1/bin/../lib/gcc/arm-none-eabi/4.4.1/thumb2\libgcc.a(_divdi3.o)
 .debug_frame   0x00002bf0       0x3c c:/program files (x86)/cypress/psoc creator/2.1/psoc creator/import/gnu_cs/arm/4.4.1/bin/../lib/gcc/arm-none-eabi/4.4.1/thumb2\libgcc.a(_udivdi3.o)
 .debug_frame   0x00002c2c       0x40 c:/program files (x86)/cypress/psoc creator/2.1/psoc creator/import/gnu_cs/arm/4.4.1/bin/../lib/gcc/arm-none-eabi/4.4.1/../../../../arm-none-eabi/lib/thumb2\libcs3.a(start_c.o)
 .debug_frame   0x00002c6c       0x28 c:/program files (x86)/cypress/psoc creator/2.1/psoc creator/import/gnu_cs/arm/4.4.1/bin/../lib/gcc/arm-none-eabi/4.4.1/../../../../arm-none-eabi/lib/thumb2\libcs3unhosted.a(unhosted-sbrk.o)
 .debug_frame   0x00002c94       0x20 c:/program files (x86)/cypress/psoc creator/2.1/psoc creator/import/gnu_cs/arm/4.4.1/bin/../lib/gcc/arm-none-eabi/4.4.1/../../../../arm-none-eabi/lib/thumb2\libc.a(lib_a-errno.o)
 .debug_frame   0x00002cb4       0x2c c:/program files (x86)/cypress/psoc creator/2.1/psoc creator/import/gnu_cs/arm/4.4.1/bin/../lib/gcc/arm-none-eabi/4.4.1/../../../../arm-none-eabi/lib/thumb2\libc.a(lib_a-init.o)

.debug_str      0x00000000     0x253f
 *(.debug_str)
 .debug_str     0x00000000      0x13d .\CortexM3\ARM_GCC_441\Debug\main.o
                                0x176 (size before relaxing)
 .debug_str     0x0000013d       0x8b .\CortexM3\ARM_GCC_441\Debug\Cm3Start.o
                                0x17b (size before relaxing)
 .debug_str     0x000001c8       0x94 .\CortexM3\ARM_GCC_441\Debug\Design02.a(DMA_dma.o)
                                0x17e (size before relaxing)
 .debug_str     0x0000025c       0x37 .\CortexM3\ARM_GCC_441\Debug\Design02.a(isr.o)
                                0x1e3 (size before relaxing)
 .debug_str     0x00000293      0x454 .\CortexM3\ARM_GCC_441\Debug\Design02.a(ADC_DelSig.o)
                                0x578 (size before relaxing)
 .debug_str     0x000006e7       0x6a .\CortexM3\ARM_GCC_441\Debug\Design02.a(ADC_DelSig_INT.o)
                                0x14e (size before relaxing)
 .debug_str     0x00000751       0xaa .\CortexM3\ARM_GCC_441\Debug\Design02.a(VDAC8.o)
                                0x19a (size before relaxing)
 .debug_str     0x000007fb      0x136 .\CortexM3\ARM_GCC_441\Debug\Design02.a(Comp_1.o)
                                0x22d (size before relaxing)
 .debug_str     0x00000931      0x129 .\CortexM3\ARM_GCC_441\Debug\Design02.a(Filter.o)
                                0x227 (size before relaxing)
 .debug_str     0x00000a5a       0x57 .\CortexM3\ARM_GCC_441\Debug\Design02.a(Filter_PVT.o)
                                0x141 (size before relaxing)
 .debug_str     0x00000ab1       0x2b .\CortexM3\ARM_GCC_441\Debug\Design02.a(Filter_RAM_Data.o)
                                0x157 (size before relaxing)
 .debug_str     0x00000adc      0x235 .\CortexM3\ARM_GCC_441\Debug\Design02.a(ADC_DelSig_theACLK.o)
                                0x334 (size before relaxing)
 .debug_str     0x00000d11      0x1c1 .\CortexM3\ARM_GCC_441\Debug\Design02.a(ADC_DelSig_Ext_CP_Clk.o)
                                0x307 (size before relaxing)
 .debug_str     0x00000ed2       0x94 .\CortexM3\ARM_GCC_441\Debug\Design02.a(ADC_DelSig_AMux.o)
                                0x186 (size before relaxing)
 .debug_str     0x00000f66      0x338 .\CortexM3\ARM_GCC_441\Debug\Design02.a(CyDmac.o)
                                0x45a (size before relaxing)
 .debug_str     0x0000129e      0x65f .\CortexM3\ARM_GCC_441\Debug\Design02.a(CyLib.o)
                                0x7d0 (size before relaxing)
 .debug_str     0x000018fd      0x369 .\CortexM3\ARM_GCC_441\Debug\Design02.a(cyPm.o)
                                0x47e (size before relaxing)
 .debug_str     0x00001c66       0xf0 .\CortexM3\ARM_GCC_441\Debug\Design02.a(Comp_2.o)
                                0x22d (size before relaxing)
 .debug_str     0x00001d56       0xf0 .\CortexM3\ARM_GCC_441\Debug\Design02.a(Comp_3.o)
                                0x22d (size before relaxing)
 .debug_str     0x00001e46      0x153 .\CortexM3\ARM_GCC_441\Debug\Design02.a(LCD.o)
                                0x266 (size before relaxing)
 .debug_str     0x00001f99      0x120 .\CortexM3\ARM_GCC_441\Debug\Design02.a(Fault_isr.o)
                                0x237 (size before relaxing)
 .debug_str     0x000020b9      0x1bf .\CortexM3\ARM_GCC_441\Debug\Design02.a(cyfitter_cfg.o)
                                0x334 (size before relaxing)
 .debug_str     0x00002278      0x129 .\CortexM3\ARM_GCC_441\Debug\Design02.a(CyFlash.o)
                                0x24a (size before relaxing)
 .debug_str     0x000023a1      0x16b .\CortexM3\ARM_GCC_441\Debug\Design02.a(CySpc.o)
                                0x28f (size before relaxing)
 .debug_str     0x0000250c       0x33 .\CortexM3\ARM_GCC_441\Debug\Design02.a(cyutils.o)
                                0x12a (size before relaxing)

.debug_loc      0x00000000     0x3be7
 *(.debug_loc)
 .debug_loc     0x00000000       0xc4 .\CortexM3\ARM_GCC_441\Debug\main.o
 .debug_loc     0x000000c4       0x62 .\CortexM3\ARM_GCC_441\Debug\Cm3Start.o
 .debug_loc     0x00000126       0x62 .\CortexM3\ARM_GCC_441\Debug\Design02.a(DMA_dma.o)
 .debug_loc     0x00000188      0x26b .\CortexM3\ARM_GCC_441\Debug\Design02.a(isr.o)
 .debug_loc     0x000003f3      0x536 .\CortexM3\ARM_GCC_441\Debug\Design02.a(ADC_DelSig.o)
 .debug_loc     0x00000929       0xac .\CortexM3\ARM_GCC_441\Debug\Design02.a(ADC_DelSig_INT.o)
 .debug_loc     0x000009d5      0x188 .\CortexM3\ARM_GCC_441\Debug\Design02.a(VDAC8.o)
 .debug_loc     0x00000b5d      0x209 .\CortexM3\ARM_GCC_441\Debug\Design02.a(Comp_1.o)
 .debug_loc     0x00000d66      0x22d .\CortexM3\ARM_GCC_441\Debug\Design02.a(Filter.o)
 .debug_loc     0x00000f93       0x6e .\CortexM3\ARM_GCC_441\Debug\Design02.a(Filter_PVT.o)
 .debug_loc     0x00001001      0x283 .\CortexM3\ARM_GCC_441\Debug\Design02.a(ADC_DelSig_theACLK.o)
 .debug_loc     0x00001284      0x221 .\CortexM3\ARM_GCC_441\Debug\Design02.a(ADC_DelSig_Ext_CP_Clk.o)
 .debug_loc     0x000014a5       0xa5 .\CortexM3\ARM_GCC_441\Debug\Design02.a(ADC_DelSig_AMux.o)
 .debug_loc     0x0000154a      0x504 .\CortexM3\ARM_GCC_441\Debug\Design02.a(CyDmac.o)
 .debug_loc     0x00001a4e      0xd7c .\CortexM3\ARM_GCC_441\Debug\Design02.a(CyLib.o)
 .debug_loc     0x000027ca      0x32f .\CortexM3\ARM_GCC_441\Debug\Design02.a(cyPm.o)
 .debug_loc     0x00002af9      0x209 .\CortexM3\ARM_GCC_441\Debug\Design02.a(Comp_2.o)
 .debug_loc     0x00002d02      0x209 .\CortexM3\ARM_GCC_441\Debug\Design02.a(Comp_3.o)
 .debug_loc     0x00002f0b      0x309 .\CortexM3\ARM_GCC_441\Debug\Design02.a(LCD.o)
 .debug_loc     0x00003214      0x26b .\CortexM3\ARM_GCC_441\Debug\Design02.a(Fault_isr.o)
 .debug_loc     0x0000347f      0x1ac .\CortexM3\ARM_GCC_441\Debug\Design02.a(cyfitter_cfg.o)
 .debug_loc     0x0000362b      0x24c .\CortexM3\ARM_GCC_441\Debug\Design02.a(CyFlash.o)
 .debug_loc     0x00003877      0x339 .\CortexM3\ARM_GCC_441\Debug\Design02.a(CySpc.o)
 .debug_loc     0x00003bb0       0x37 .\CortexM3\ARM_GCC_441\Debug\Design02.a(cyutils.o)

.debug_macinfo
 *(.debug_macinfo)

.debug_ranges   0x00000000      0xb10
 *(.debug_ranges)
 .debug_ranges  0x00000000       0x30 .\CortexM3\ARM_GCC_441\Debug\main.o
 .debug_ranges  0x00000030       0x28 .\CortexM3\ARM_GCC_441\Debug\Cm3Start.o
 .debug_ranges  0x00000058       0x20 .\CortexM3\ARM_GCC_441\Debug\Design02.a(DMA_dma.o)
 .debug_ranges  0x00000078       0x78 .\CortexM3\ARM_GCC_441\Debug\Design02.a(isr.o)
 .debug_ranges  0x000000f0       0xe0 .\CortexM3\ARM_GCC_441\Debug\Design02.a(ADC_DelSig.o)
 .debug_ranges  0x000001d0       0x30 .\CortexM3\ARM_GCC_441\Debug\Design02.a(ADC_DelSig_INT.o)
 .debug_ranges  0x00000200       0x50 .\CortexM3\ARM_GCC_441\Debug\Design02.a(VDAC8.o)
 .debug_ranges  0x00000250       0x68 .\CortexM3\ARM_GCC_441\Debug\Design02.a(Comp_1.o)
 .debug_ranges  0x000002b8       0x68 .\CortexM3\ARM_GCC_441\Debug\Design02.a(Filter.o)
 .debug_ranges  0x00000320       0x20 .\CortexM3\ARM_GCC_441\Debug\Design02.a(Filter_PVT.o)
 .debug_ranges  0x00000340       0x78 .\CortexM3\ARM_GCC_441\Debug\Design02.a(ADC_DelSig_theACLK.o)
 .debug_ranges  0x000003b8       0x68 .\CortexM3\ARM_GCC_441\Debug\Design02.a(ADC_DelSig_Ext_CP_Clk.o)
 .debug_ranges  0x00000420       0x28 .\CortexM3\ARM_GCC_441\Debug\Design02.a(ADC_DelSig_AMux.o)
 .debug_ranges  0x00000448       0xd0 .\CortexM3\ARM_GCC_441\Debug\Design02.a(CyDmac.o)
 .debug_ranges  0x00000518      0x230 .\CortexM3\ARM_GCC_441\Debug\Design02.a(CyLib.o)
 .debug_ranges  0x00000748       0x98 .\CortexM3\ARM_GCC_441\Debug\Design02.a(cyPm.o)
 .debug_ranges  0x000007e0       0x68 .\CortexM3\ARM_GCC_441\Debug\Design02.a(Comp_2.o)
 .debug_ranges  0x00000848       0x68 .\CortexM3\ARM_GCC_441\Debug\Design02.a(Comp_3.o)
 .debug_ranges  0x000008b0       0x88 .\CortexM3\ARM_GCC_441\Debug\Design02.a(LCD.o)
 .debug_ranges  0x00000938       0x78 .\CortexM3\ARM_GCC_441\Debug\Design02.a(Fault_isr.o)
 .debug_ranges  0x000009b0       0x50 .\CortexM3\ARM_GCC_441\Debug\Design02.a(cyfitter_cfg.o)
 .debug_ranges  0x00000a00       0x70 .\CortexM3\ARM_GCC_441\Debug\Design02.a(CyFlash.o)
 .debug_ranges  0x00000a70       0x88 .\CortexM3\ARM_GCC_441\Debug\Design02.a(CySpc.o)
 .debug_ranges  0x00000af8       0x18 .\CortexM3\ARM_GCC_441\Debug\Design02.a(cyutils.o)

.debug_weaknames
 *(.debug_weaknames)

.debug_funcnames
 *(.debug_funcnames)

.debug_typenames
 *(.debug_typenames)

.debug_varnames
 *(.debug_varnames)

.note.gnu.arm.ident
 *(.note.gnu.arm.ident)

.ARM.attributes
                0x00000000       0x25
 *(.ARM.attributes)
 .ARM.attributes
                0x00000000       0x19 c:/program files (x86)/cypress/psoc creator/2.1/psoc creator/import/gnu_cs/arm/4.4.1/bin/../lib/gcc/arm-none-eabi/4.4.1/thumb2/crti.o
 .ARM.attributes
                0x00000019       0x29 c:/program files (x86)/cypress/psoc creator/2.1/psoc creator/import/gnu_cs/arm/4.4.1/bin/../lib/gcc/arm-none-eabi/4.4.1/thumb2/crtbegin.o
 .ARM.attributes
                0x00000042       0x31 .\CortexM3\ARM_GCC_441\Debug\main.o
 .ARM.attributes
                0x00000073       0x31 .\CortexM3\ARM_GCC_441\Debug\Cm3Start.o
 .ARM.attributes
                0x000000a4       0x31 .\CortexM3\ARM_GCC_441\Debug\Design02.a(DMA_dma.o)
 .ARM.attributes
                0x000000d5       0x31 .\CortexM3\ARM_GCC_441\Debug\Design02.a(isr.o)
 .ARM.attributes
                0x00000106       0x31 .\CortexM3\ARM_GCC_441\Debug\Design02.a(ADC_DelSig.o)
 .ARM.attributes
                0x00000137       0x31 .\CortexM3\ARM_GCC_441\Debug\Design02.a(ADC_DelSig_INT.o)
 .ARM.attributes
                0x00000168       0x31 .\CortexM3\ARM_GCC_441\Debug\Design02.a(VDAC8.o)
 .ARM.attributes
                0x00000199       0x31 .\CortexM3\ARM_GCC_441\Debug\Design02.a(Comp_1.o)
 .ARM.attributes
                0x000001ca       0x31 .\CortexM3\ARM_GCC_441\Debug\Design02.a(Filter.o)
 .ARM.attributes
                0x000001fb       0x31 .\CortexM3\ARM_GCC_441\Debug\Design02.a(Filter_PVT.o)
 .ARM.attributes
                0x0000022c       0x31 .\CortexM3\ARM_GCC_441\Debug\Design02.a(Filter_RAM_Data.o)
 .ARM.attributes
                0x0000025d       0x31 .\CortexM3\ARM_GCC_441\Debug\Design02.a(ADC_DelSig_theACLK.o)
 .ARM.attributes
                0x0000028e       0x31 .\CortexM3\ARM_GCC_441\Debug\Design02.a(ADC_DelSig_Ext_CP_Clk.o)
 .ARM.attributes
                0x000002bf       0x31 .\CortexM3\ARM_GCC_441\Debug\Design02.a(ADC_DelSig_AMux.o)
 .ARM.attributes
                0x000002f0       0x31 .\CortexM3\ARM_GCC_441\Debug\Design02.a(CyDmac.o)
 .ARM.attributes
                0x00000321       0x31 .\CortexM3\ARM_GCC_441\Debug\Design02.a(CyLib.o)
 .ARM.attributes
                0x00000352       0x31 .\CortexM3\ARM_GCC_441\Debug\Design02.a(cyPm.o)
 .ARM.attributes
                0x00000383       0x31 .\CortexM3\ARM_GCC_441\Debug\Design02.a(Comp_2.o)
 .ARM.attributes
                0x000003b4       0x31 .\CortexM3\ARM_GCC_441\Debug\Design02.a(Comp_3.o)
 .ARM.attributes
                0x000003e5       0x31 .\CortexM3\ARM_GCC_441\Debug\Design02.a(LCD.o)
 .ARM.attributes
                0x00000416       0x31 .\CortexM3\ARM_GCC_441\Debug\Design02.a(Fault_isr.o)
 .ARM.attributes
                0x00000447       0x31 .\CortexM3\ARM_GCC_441\Debug\Design02.a(cyfitter_cfg.o)
 .ARM.attributes
                0x00000478       0x21 .\CortexM3\ARM_GCC_441\Debug\Design02.a(CyBootAsmGnu.o)
 .ARM.attributes
                0x00000499       0x31 .\CortexM3\ARM_GCC_441\Debug\Design02.a(CyFlash.o)
 .ARM.attributes
                0x000004ca       0x31 .\CortexM3\ARM_GCC_441\Debug\Design02.a(CySpc.o)
 .ARM.attributes
                0x000004fb       0x31 .\CortexM3\ARM_GCC_441\Debug\Design02.a(cyutils.o)
 .ARM.attributes
                0x0000052c       0x1b c:/program files (x86)/cypress/psoc creator/2.1/psoc creator/import/gnu_cs/arm/4.4.1/bin/../lib/gcc/arm-none-eabi/4.4.1/thumb2\libgcc.a(_arm_addsubdf3.o)
 .ARM.attributes
                0x00000547       0x1b c:/program files (x86)/cypress/psoc creator/2.1/psoc creator/import/gnu_cs/arm/4.4.1/bin/../lib/gcc/arm-none-eabi/4.4.1/thumb2\libgcc.a(_arm_cmpdf2.o)
 .ARM.attributes
                0x00000562       0x1b c:/program files (x86)/cypress/psoc creator/2.1/psoc creator/import/gnu_cs/arm/4.4.1/bin/../lib/gcc/arm-none-eabi/4.4.1/thumb2\libgcc.a(_arm_addsubsf3.o)
 .ARM.attributes
                0x0000057d       0x1b c:/program files (x86)/cypress/psoc creator/2.1/psoc creator/import/gnu_cs/arm/4.4.1/bin/../lib/gcc/arm-none-eabi/4.4.1/thumb2\libgcc.a(_arm_muldivsf3.o)
 .ARM.attributes
                0x00000598       0x1b c:/program files (x86)/cypress/psoc creator/2.1/psoc creator/import/gnu_cs/arm/4.4.1/bin/../lib/gcc/arm-none-eabi/4.4.1/thumb2\libgcc.a(_arm_fixunssfsi.o)
 .ARM.attributes
                0x000005b3       0x29 c:/program files (x86)/cypress/psoc creator/2.1/psoc creator/import/gnu_cs/arm/4.4.1/bin/../lib/gcc/arm-none-eabi/4.4.1/../../../../arm-none-eabi/lib/thumb2\libc.a(lib_a-memcpy.o)
 .ARM.attributes
                0x000005dc       0x29 c:/program files (x86)/cypress/psoc creator/2.1/psoc creator/import/gnu_cs/arm/4.4.1/bin/../lib/gcc/arm-none-eabi/4.4.1/../../../../arm-none-eabi/lib/thumb2\libc.a(lib_a-memset.o)
 .ARM.attributes
                0x00000605       0x29 c:/program files (x86)/cypress/psoc creator/2.1/psoc creator/import/gnu_cs/arm/4.4.1/bin/../lib/gcc/arm-none-eabi/4.4.1/../../../../arm-none-eabi/lib/thumb2\libc.a(lib_a-sprintf.o)
 .ARM.attributes
                0x0000062e       0x29 c:/program files (x86)/cypress/psoc creator/2.1/psoc creator/import/gnu_cs/arm/4.4.1/bin/../lib/gcc/arm-none-eabi/4.4.1/../../../../arm-none-eabi/lib/thumb2\libc.a(lib_a-svfprintf.o)
 .ARM.attributes
                0x00000657       0x29 c:/program files (x86)/cypress/psoc creator/2.1/psoc creator/import/gnu_cs/arm/4.4.1/bin/../lib/gcc/arm-none-eabi/4.4.1/../../../../arm-none-eabi/lib/thumb2\libc.a(lib_a-dtoa.o)
 .ARM.attributes
                0x00000680       0x29 c:/program files (x86)/cypress/psoc creator/2.1/psoc creator/import/gnu_cs/arm/4.4.1/bin/../lib/gcc/arm-none-eabi/4.4.1/../../../../arm-none-eabi/lib/thumb2\libc.a(lib_a-freer.o)
 .ARM.attributes
                0x000006a9       0x29 c:/program files (x86)/cypress/psoc creator/2.1/psoc creator/import/gnu_cs/arm/4.4.1/bin/../lib/gcc/arm-none-eabi/4.4.1/../../../../arm-none-eabi/lib/thumb2\libc.a(lib_a-impure.o)
 .ARM.attributes
                0x000006d2       0x29 c:/program files (x86)/cypress/psoc creator/2.1/psoc creator/import/gnu_cs/arm/4.4.1/bin/../lib/gcc/arm-none-eabi/4.4.1/../../../../arm-none-eabi/lib/thumb2\libc.a(lib_a-locale.o)
 .ARM.attributes
                0x000006fb       0x29 c:/program files (x86)/cypress/psoc creator/2.1/psoc creator/import/gnu_cs/arm/4.4.1/bin/../lib/gcc/arm-none-eabi/4.4.1/../../../../arm-none-eabi/lib/thumb2\libc.a(lib_a-malloc.o)
 .ARM.attributes
                0x00000724       0x29 c:/program files (x86)/cypress/psoc creator/2.1/psoc creator/import/gnu_cs/arm/4.4.1/bin/../lib/gcc/arm-none-eabi/4.4.1/../../../../arm-none-eabi/lib/thumb2\libc.a(lib_a-mallocr.o)
 .ARM.attributes
                0x0000074d       0x29 c:/program files (x86)/cypress/psoc creator/2.1/psoc creator/import/gnu_cs/arm/4.4.1/bin/../lib/gcc/arm-none-eabi/4.4.1/../../../../arm-none-eabi/lib/thumb2\libc.a(lib_a-memchr.o)
 .ARM.attributes
                0x00000776       0x29 c:/program files (x86)/cypress/psoc creator/2.1/psoc creator/import/gnu_cs/arm/4.4.1/bin/../lib/gcc/arm-none-eabi/4.4.1/../../../../arm-none-eabi/lib/thumb2\libc.a(lib_a-memmove.o)
 .ARM.attributes
                0x0000079f       0x29 c:/program files (x86)/cypress/psoc creator/2.1/psoc creator/import/gnu_cs/arm/4.4.1/bin/../lib/gcc/arm-none-eabi/4.4.1/../../../../arm-none-eabi/lib/thumb2\libc.a(lib_a-mlock.o)
 .ARM.attributes
                0x000007c8       0x29 c:/program files (x86)/cypress/psoc creator/2.1/psoc creator/import/gnu_cs/arm/4.4.1/bin/../lib/gcc/arm-none-eabi/4.4.1/../../../../arm-none-eabi/lib/thumb2\libc.a(lib_a-mprec.o)
 .ARM.attributes
                0x000007f1       0x29 c:/program files (x86)/cypress/psoc creator/2.1/psoc creator/import/gnu_cs/arm/4.4.1/bin/../lib/gcc/arm-none-eabi/4.4.1/../../../../arm-none-eabi/lib/thumb2\libc.a(lib_a-reallocr.o)
 .ARM.attributes
                0x0000081a       0x29 c:/program files (x86)/cypress/psoc creator/2.1/psoc creator/import/gnu_cs/arm/4.4.1/bin/../lib/gcc/arm-none-eabi/4.4.1/../../../../arm-none-eabi/lib/thumb2\libc.a(lib_a-s_isinfd.o)
 .ARM.attributes
                0x00000843       0x29 c:/program files (x86)/cypress/psoc creator/2.1/psoc creator/import/gnu_cs/arm/4.4.1/bin/../lib/gcc/arm-none-eabi/4.4.1/../../../../arm-none-eabi/lib/thumb2\libc.a(lib_a-s_isnand.o)
 .ARM.attributes
                0x0000086c       0x29 c:/program files (x86)/cypress/psoc creator/2.1/psoc creator/import/gnu_cs/arm/4.4.1/bin/../lib/gcc/arm-none-eabi/4.4.1/../../../../arm-none-eabi/lib/thumb2\libc.a(lib_a-sbrkr.o)
 .ARM.attributes
                0x00000895       0x29 c:/program files (x86)/cypress/psoc creator/2.1/psoc creator/import/gnu_cs/arm/4.4.1/bin/../lib/gcc/arm-none-eabi/4.4.1/../../../../arm-none-eabi/lib/thumb2\libc.a(lib_a-strcmp.o)
 .ARM.attributes
                0x000008be       0x29 c:/program files (x86)/cypress/psoc creator/2.1/psoc creator/import/gnu_cs/arm/4.4.1/bin/../lib/gcc/arm-none-eabi/4.4.1/../../../../arm-none-eabi/lib/thumb2\libc.a(lib_a-strlen.o)
 .ARM.attributes
                0x000008e7       0x29 c:/program files (x86)/cypress/psoc creator/2.1/psoc creator/import/gnu_cs/arm/4.4.1/bin/../lib/gcc/arm-none-eabi/4.4.1/../../../../arm-none-eabi/lib/thumb2\libc.a(lib_a-callocr.o)
 .ARM.attributes
                0x00000910       0x29 c:/program files (x86)/cypress/psoc creator/2.1/psoc creator/import/gnu_cs/arm/4.4.1/bin/../lib/gcc/arm-none-eabi/4.4.1/../../../../arm-none-eabi/lib/thumb2\libc.a(lib_a-reent.o)
 .ARM.attributes
                0x00000939       0x1b c:/program files (x86)/cypress/psoc creator/2.1/psoc creator/import/gnu_cs/arm/4.4.1/bin/../lib/gcc/arm-none-eabi/4.4.1/thumb2\libgcc.a(_udivsi3.o)
 .ARM.attributes
                0x00000954       0x1b c:/program files (x86)/cypress/psoc creator/2.1/psoc creator/import/gnu_cs/arm/4.4.1/bin/../lib/gcc/arm-none-eabi/4.4.1/thumb2\libgcc.a(_dvmd_tls.o)
 .ARM.attributes
                0x0000096f       0x1b c:/program files (x86)/cypress/psoc creator/2.1/psoc creator/import/gnu_cs/arm/4.4.1/bin/../lib/gcc/arm-none-eabi/4.4.1/thumb2\libgcc.a(_arm_muldivdf3.o)
 .ARM.attributes
                0x0000098a       0x1b c:/program files (x86)/cypress/psoc creator/2.1/psoc creator/import/gnu_cs/arm/4.4.1/bin/../lib/gcc/arm-none-eabi/4.4.1/thumb2\libgcc.a(_arm_fixdfsi.o)
 .ARM.attributes
                0x000009a5       0x1b c:/program files (x86)/cypress/psoc creator/2.1/psoc creator/import/gnu_cs/arm/4.4.1/bin/../lib/gcc/arm-none-eabi/4.4.1/thumb2\libgcc.a(_aeabi_uldivmod.o)
 .ARM.attributes
                0x000009c0       0x29 c:/program files (x86)/cypress/psoc creator/2.1/psoc creator/import/gnu_cs/arm/4.4.1/bin/../lib/gcc/arm-none-eabi/4.4.1/thumb2\libgcc.a(bpabi.o)
 .ARM.attributes
                0x000009e9       0x29 c:/program files (x86)/cypress/psoc creator/2.1/psoc creator/import/gnu_cs/arm/4.4.1/bin/../lib/gcc/arm-none-eabi/4.4.1/thumb2\libgcc.a(_divdi3.o)
 .ARM.attributes
                0x00000a12       0x29 c:/program files (x86)/cypress/psoc creator/2.1/psoc creator/import/gnu_cs/arm/4.4.1/bin/../lib/gcc/arm-none-eabi/4.4.1/thumb2\libgcc.a(_udivdi3.o)
 .ARM.attributes
                0x00000a3b       0x29 c:/program files (x86)/cypress/psoc creator/2.1/psoc creator/import/gnu_cs/arm/4.4.1/bin/../lib/gcc/arm-none-eabi/4.4.1/thumb2/crtend.o
 .ARM.attributes
                0x00000a64       0x19 c:/program files (x86)/cypress/psoc creator/2.1/psoc creator/import/gnu_cs/arm/4.4.1/bin/../lib/gcc/arm-none-eabi/4.4.1/thumb2/crtn.o
 .ARM.attributes
                0x00000a7d       0x29 c:/program files (x86)/cypress/psoc creator/2.1/psoc creator/import/gnu_cs/arm/4.4.1/bin/../lib/gcc/arm-none-eabi/4.4.1/../../../../arm-none-eabi/lib/thumb2\libcs3.a(start_c.o)
 .ARM.attributes
                0x00000aa6       0x29 c:/program files (x86)/cypress/psoc creator/2.1/psoc creator/import/gnu_cs/arm/4.4.1/bin/../lib/gcc/arm-none-eabi/4.4.1/../../../../arm-none-eabi/lib/thumb2\libcs3unhosted.a(unhosted-sbrk.o)
 .ARM.attributes
                0x00000acf       0x19 c:/program files (x86)/cypress/psoc creator/2.1/psoc creator/import/gnu_cs/arm/4.4.1/bin/../lib/gcc/arm-none-eabi/4.4.1/../../../../arm-none-eabi/lib/thumb2\libcs3micro.a(micro-vector.o)
 .ARM.attributes
                0x00000ae8       0x19 c:/program files (x86)/cypress/psoc creator/2.1/psoc creator/import/gnu_cs/arm/4.4.1/bin/../lib/gcc/arm-none-eabi/4.4.1/../../../../arm-none-eabi/lib/thumb2\libcs3micro.a(micro_isr_interrupt.o)
 .ARM.attributes
                0x00000b01       0x29 c:/program files (x86)/cypress/psoc creator/2.1/psoc creator/import/gnu_cs/arm/4.4.1/bin/../lib/gcc/arm-none-eabi/4.4.1/../../../../arm-none-eabi/lib/thumb2\libc.a(lib_a-errno.o)
 .ARM.attributes
                0x00000b2a       0x29 c:/program files (x86)/cypress/psoc creator/2.1/psoc creator/import/gnu_cs/arm/4.4.1/bin/../lib/gcc/arm-none-eabi/4.4.1/../../../../arm-none-eabi/lib/thumb2\libc.a(lib_a-init.o)
 .ARM.attributes
                0x00000b53       0x29 c:/program files (x86)/cypress/psoc creator/2.1/psoc creator/import/gnu_cs/arm/4.4.1/bin/../lib/gcc/arm-none-eabi/4.4.1/../../../../arm-none-eabi/lib/thumb2\libcs3.a(heap.o)

/DISCARD/
 *(.note.GNU-stack)
OUTPUT(.\CortexM3\ARM_GCC_441\Debug\Design02.elf elf32-littlearm)