Archive member included because of file (symbol)

.\CortexM3\ARM_GCC_493\Debug\Laserschutzschaltung.a(cyfitter_cfg.o)
                              .\CortexM3\ARM_GCC_493\Debug\Cm3Start.o (symbol from plugin) (cyfitter_cfg)
.\CortexM3\ARM_GCC_493\Debug\Laserschutzschaltung.a(DMA_dma.o)
                              .\CortexM3\ARM_GCC_493\Debug\main.o (symbol from plugin) (DMA_DmaInitialize)
.\CortexM3\ARM_GCC_493\Debug\Laserschutzschaltung.a(isr.o)
                              .\CortexM3\ARM_GCC_493\Debug\main.o (symbol from plugin) (isr_StartEx)
.\CortexM3\ARM_GCC_493\Debug\Laserschutzschaltung.a(VDAC8.o)
                              .\CortexM3\ARM_GCC_493\Debug\main.o (symbol from plugin) (VDAC8_SetValue)
.\CortexM3\ARM_GCC_493\Debug\Laserschutzschaltung.a(Comp_1.o)
                              .\CortexM3\ARM_GCC_493\Debug\main.o (symbol from plugin) (Comp_1_Start)
.\CortexM3\ARM_GCC_493\Debug\Laserschutzschaltung.a(Filter.o)
                              .\CortexM3\ARM_GCC_493\Debug\main.o (symbol from plugin) (Filter_Start)
.\CortexM3\ARM_GCC_493\Debug\Laserschutzschaltung.a(Filter_PVT.o)
                              Filter.o (symbol from plugin) (Filter_SetInterruptMode)
.\CortexM3\ARM_GCC_493\Debug\Laserschutzschaltung.a(Filter_RAM_Data.o)
                              Filter.o (symbol from plugin) (Filter_cfsm)
.\CortexM3\ARM_GCC_493\Debug\Laserschutzschaltung.a(CyDmac.o)
                              .\CortexM3\ARM_GCC_493\Debug\Cm3Start.o (symbol from plugin) (CyDmacConfigure)
.\CortexM3\ARM_GCC_493\Debug\Laserschutzschaltung.a(CyLib.o)
                              .\CortexM3\ARM_GCC_493\Debug\Cm3Start.o (symbol from plugin) (CyHalt)
.\CortexM3\ARM_GCC_493\Debug\Laserschutzschaltung.a(cyPm.o)
                              CyLib.o (symbol from plugin) (CyPmReadStatus)
.\CortexM3\ARM_GCC_493\Debug\Laserschutzschaltung.a(Comp_2.o)
                              .\CortexM3\ARM_GCC_493\Debug\main.o (symbol from plugin) (Comp_2_Start)
.\CortexM3\ARM_GCC_493\Debug\Laserschutzschaltung.a(Comp_3.o)
                              .\CortexM3\ARM_GCC_493\Debug\main.o (symbol from plugin) (Comp_3_Start)
.\CortexM3\ARM_GCC_493\Debug\Laserschutzschaltung.a(LCD.o)
                              .\CortexM3\ARM_GCC_493\Debug\main.o (symbol from plugin) (LCD_PrintString)
.\CortexM3\ARM_GCC_493\Debug\Laserschutzschaltung.a(Fault_isr.o)
                              .\CortexM3\ARM_GCC_493\Debug\main.o (symbol from plugin) (Fault_isr_SetPriority)
.\CortexM3\ARM_GCC_493\Debug\Laserschutzschaltung.a(ADC_SAR_1.o)
                              .\CortexM3\ARM_GCC_493\Debug\main.o (symbol from plugin) (ADC_SAR_1_Start)
.\CortexM3\ARM_GCC_493\Debug\Laserschutzschaltung.a(ADC_SAR_1_INT.o)
                              ADC_SAR_1.o (symbol from plugin) (ADC_SAR_1_ISR)
.\CortexM3\ARM_GCC_493\Debug\Laserschutzschaltung.a(ADC_SAR_1_theACLK.o)
                              ADC_SAR_1.o (symbol from plugin) (ADC_SAR_1_theACLK_SetModeRegister)
.\CortexM3\ARM_GCC_493\Debug\Laserschutzschaltung.a(IDAC8_1.o)
                              .\CortexM3\ARM_GCC_493\Debug\main.o (symbol from plugin) (IDAC8_1_SetValue)
.\CortexM3\ARM_GCC_493\Debug\Laserschutzschaltung.a(IDAC8_2.o)
                              .\CortexM3\ARM_GCC_493\Debug\main.o (symbol from plugin) (IDAC8_2_SetValue)
.\CortexM3\ARM_GCC_493\Debug\Laserschutzschaltung.a(PGA_1.o)
                              .\CortexM3\ARM_GCC_493\Debug\main.o (symbol from plugin) (PGA_1_SetGain)
.\CortexM3\ARM_GCC_493\Debug\Laserschutzschaltung.a(Counter_1.o)
                              .\CortexM3\ARM_GCC_493\Debug\main.o (symbol from plugin) (Counter_1_ReadStatusRegister)
.\CortexM3\ARM_GCC_493\Debug\Laserschutzschaltung.a(PID_isr.o)
                              .\CortexM3\ARM_GCC_493\Debug\main.o (symbol from plugin) (PID_isr_SetPriority)
.\CortexM3\ARM_GCC_493\Debug\Laserschutzschaltung.a(ADC_DelSig_1.o)
                              .\CortexM3\ARM_GCC_493\Debug\main.o (symbol from plugin) (ADC_DelSig_1_Start)
.\CortexM3\ARM_GCC_493\Debug\Laserschutzschaltung.a(ADC_DelSig_1_INT.o)
                              ADC_DelSig_1.o (symbol from plugin) (ADC_DelSig_1_ISR1)
.\CortexM3\ARM_GCC_493\Debug\Laserschutzschaltung.a(ADC_DelSig_1_AMux.o)
                              ADC_DelSig_1.o (symbol from plugin) (ADC_DelSig_1_AMux_Select)
.\CortexM3\ARM_GCC_493\Debug\Laserschutzschaltung.a(ADC_DelSig_1_Ext_CP_Clk.o)
                              ADC_DelSig_1.o (symbol from plugin) (ADC_DelSig_1_Ext_CP_Clk_SetModeRegister)
.\CortexM3\ARM_GCC_493\Debug\Laserschutzschaltung.a(ADC_DelSig_1_theACLK.o)
                              ADC_DelSig_1.o (symbol from plugin) (ADC_DelSig_1_theACLK_SetModeRegister)
.\CortexM3\ARM_GCC_493\Debug\Laserschutzschaltung.a(Control_RS.o)
                              .\CortexM3\ARM_GCC_493\Debug\main.o (symbol from plugin) (Control_RS_Write)
.\CortexM3\ARM_GCC_493\Debug\Laserschutzschaltung.a(VUSB.o)
[...]
Memory Configuration

Name             Origin             Length             Attributes
rom              0x00000000         0x00040000         xr
ram              0x1fff8000         0x00010000         xrw
*default*        0x00000000         0xffffffff

Linker script and memory map

LOAD c:/program files/cypress/psoc creator/4.0/psoc creator/import/gnu/arm/4.9.3/bin/../lib/gcc/arm-none-eabi/4.9.3/armv7-m/crti.o
LOAD c:/program files/cypress/psoc creator/4.0/psoc creator/import/gnu/arm/4.9.3/bin/../lib/gcc/arm-none-eabi/4.9.3/armv7-m/crtbegin.o
LOAD c:/program files/cypress/psoc creator/4.0/psoc creator/import/gnu/arm/4.9.3/bin/../lib/gcc/arm-none-eabi/4.9.3/../../../../arm-none-eabi/lib/armv7-m/crt0.o
START GROUP
LOAD .\CortexM3\ARM_GCC_493\Debug\main.o
LOAD C:\Users\Luggi\AppData\Local\Temp\ccrhZhA3.ltrans0.ltrans.o
LOAD C:\Users\Luggi\AppData\Local\Temp\ccrhZhA3.ltrans1.ltrans.o
LOAD C:\Users\Luggi\AppData\Local\Temp\ccrhZhA3.ltrans2.ltrans.o
LOAD C:\Users\Luggi\AppData\Local\Temp\ccrhZhA3.ltrans3.ltrans.o
LOAD C:\Users\Luggi\AppData\Local\Temp\ccrhZhA3.ltrans4.ltrans.o
LOAD C:\Users\Luggi\AppData\Local\Temp\ccrhZhA3.ltrans5.ltrans.o
LOAD c:/program files/cypress/psoc creator/4.0/psoc creator/import/gnu/arm/4.9.3/bin/../lib/gcc/arm-none-eabi/4.9.3/armv7-m\libgcc.a
LOAD c:/program files/cypress/psoc creator/4.0/psoc creator/import/gnu/arm/4.9.3/bin/../lib/gcc/arm-none-eabi/4.9.3/../../../../arm-none-eabi/lib/armv7-m\libg_nano.a
LOAD c:/program files/cypress/psoc creator/4.0/psoc creator/import/gnu/arm/4.9.3/bin/../lib/gcc/arm-none-eabi/4.9.3/../../../../arm-none-eabi/lib/armv7-m\libc_nano.a
LOAD c:/program files/cypress/psoc creator/4.0/psoc creator/import/gnu/arm/4.9.3/bin/../lib/gcc/arm-none-eabi/4.9.3/armv7-m\libgcc.a
LOAD c:/program files/cypress/psoc creator/4.0/psoc creator/import/gnu/arm/4.9.3/bin/../lib/gcc/arm-none-eabi/4.9.3/../../../../arm-none-eabi/lib/armv7-m\libc_nano.a
LOAD .\CortexM3\ARM_GCC_493\Debug\pid.o
LOAD .\CortexM3\ARM_GCC_493\Debug\cli.o
LOAD .\CortexM3\ARM_GCC_493\Debug\eeprom.o
LOAD .\CortexM3\ARM_GCC_493\Debug\Cm3Start.o
LOAD .\CortexM3\ARM_GCC_493\Debug\cymetadata.o
LOAD .\CortexM3\ARM_GCC_493\Debug\Laserschutzschaltung.a
LOAD C:\Program Files\Cypress\PSoC Creator\4.0\PSoC Creator\psoc\content\cycomponentlibrary\CyComponentLibrary.cylib\CortexM3\ARM_GCC_493\Debug\CyComponentLibrary.a
LOAD c:/program files/cypress/psoc creator/4.0/psoc creator/import/gnu/arm/4.9.3/bin/../lib/gcc/arm-none-eabi/4.9.3/../../../../arm-none-eabi/lib/armv7-m\libm.a
END GROUP
START GROUP
LOAD c:/program files/cypress/psoc creator/4.0/psoc creator/import/gnu/arm/4.9.3/bin/../lib/gcc/arm-none-eabi/4.9.3/armv7-m\libgcc.a
LOAD c:/program files/cypress/psoc creator/4.0/psoc creator/import/gnu/arm/4.9.3/bin/../lib/gcc/arm-none-eabi/4.9.3/../../../../arm-none-eabi/lib/armv7-m\libg_nano.a
LOAD c:/program files/cypress/psoc creator/4.0/psoc creator/import/gnu/arm/4.9.3/bin/../lib/gcc/arm-none-eabi/4.9.3/../../../../arm-none-eabi/lib/armv7-m\libc_nano.a
END GROUP
START GROUP
LOAD c:/program files/cypress/psoc creator/4.0/psoc creator/import/gnu/arm/4.9.3/bin/../lib/gcc/arm-none-eabi/4.9.3/armv7-m\libgcc.a
LOAD c:/program files/cypress/psoc creator/4.0/psoc creator/import/gnu/arm/4.9.3/bin/../lib/gcc/arm-none-eabi/4.9.3/../../../../arm-none-eabi/lib/armv7-m\libc_nano.a
END GROUP
LOAD c:/program files/cypress/psoc creator/4.0/psoc creator/import/gnu/arm/4.9.3/bin/../lib/gcc/arm-none-eabi/4.9.3/armv7-m/crtend.o
LOAD c:/program files/cypress/psoc creator/4.0/psoc creator/import/gnu/arm/4.9.3/bin/../lib/gcc/arm-none-eabi/4.9.3/armv7-m/crtn.o
START GROUP
LOAD c:/program files/cypress/psoc creator/4.0/psoc creator/import/gnu/arm/4.9.3/bin/../lib/gcc/arm-none-eabi/4.9.3/armv7-m\libgcc.a
LOAD c:/program files/cypress/psoc creator/4.0/psoc creator/import/gnu/arm/4.9.3/bin/../lib/gcc/arm-none-eabi/4.9.3/../../../../arm-none-eabi/lib/armv7-m\libc.a
LOAD c:/program files/cypress/psoc creator/4.0/psoc creator/import/gnu/arm/4.9.3/bin/../lib/gcc/arm-none-eabi/4.9.3/../../../../arm-none-eabi/lib/armv7-m\libnosys.a
END GROUP
                0x00000000                CY_APPL_ORIGIN = 0x0
                0x00000100                CY_FLASH_ROW_SIZE = 0x100
                0x00000020                CY_ECC_ROW_SIZE = 0x20
                0x00000000                CY_EE_IN_BTLDR = 0x0
                0x00000000                CY_APPL_LOADABLE = 0x0
                0x00000800                CY_EE_SIZE = 0x800
                0x00000001                CY_APPL_NUM = 0x1
                0x00000001                CY_APPL_MAX = 0x1
                0x00000040                CY_METADATA_SIZE = 0x40
                0x00000000                CY_APPL_LOADABLE = 0x0
                0x00000000                CY_CHECKSUM_EXCLUDE_SIZE = ALIGN (0x0, CY_FLASH_ROW_SIZE)
                0x1fff83e8                PROVIDE (__cy_heap_start, _end)
                0x00000001                PROVIDE (__cy_region_num, ((__cy_regions_end - __cy_regions) / 0x10))
                0x20008000                PROVIDE (__cy_stack, (ORIGIN (ram) + 0x10000))
                0x20007800                PROVIDE (__cy_heap_end, (__cy_stack - 0x800))

.cybootloader   0x00000000        0x0
 *(.cybootloader)
                0x00000000                appl1_start = CY_APPL_ORIGIN?CY_APPL_ORIGIN:ALIGN (CY_FLASH_ROW_SIZE)
                0x0001ff00                appl2_start = (appl1_start + ALIGN ((((0x40000 - appl1_start) - (0x2 * CY_FLASH_ROW_SIZE)) / 0x2), CY_FLASH_ROW_SIZE))
                0x00000000                appl_start = (CY_APPL_NUM == 0x1)?appl1_start:appl2_start
                0x00000000                ecc_offset = ((appl_start / CY_FLASH_ROW_SIZE) * CY_ECC_ROW_SIZE)
                0x00000000                ee_offset = (CY_APPL_LOADABLE && ! (CY_EE_IN_BTLDR))?((CY_EE_SIZE / CY_APPL_MAX) * (CY_APPL_NUM - 0x1)):0x0
                0x00000800                ee_size = (CY_APPL_LOADABLE && ! (CY_EE_IN_BTLDR))?(CY_EE_SIZE / CY_APPL_MAX):CY_EE_SIZE
                0x00000000                PROVIDE (CY_ECC_OFFSET, ecc_offset)

.text           0x00000000     0x923c
 CREATE_OBJECT_SYMBOLS
                0x00000000                PROVIDE (__cy_interrupt_vector, RomVectors)
 *(.romvectors)
 .romvectors    0x00000000       0x10 C:\Users\Luggi\AppData\Local\Temp\ccrhZhA3.ltrans1.ltrans.o
                0x00000001                ASSERT ((. != __cy_interrupt_vector), No interrupt vector)
                0x00000001                ASSERT (CY_APPL_ORIGIN?(SIZEOF (.cybootloader) <= CY_APPL_ORIGIN):0x1, Wrong image location)
                0x00000010                PROVIDE (__cy_reset, Reset)
 *(.text.Reset)
 .text.Reset    0x00000010       0x18 C:\Users\Luggi\AppData\Local\Temp\ccrhZhA3.ltrans1.ltrans.o
                0x00000010                Reset
                0x00000001                ASSERT ((. != __cy_reset), No reset code)
 *(.dma_init)
 .dma_init      0x00000028      0x2e0 C:\Users\Luggi\AppData\Local\Temp\ccrhZhA3.ltrans1.ltrans.o
                0x00000001                ASSERT ((((appl_start + .) <= 0x10000) || 0x0), DMA Init must be within the first 64k of flash)
 *(.text .text.* .gnu.linkonce.t.*)
 .text          0x00000308       0x5c c:/program files/cypress/psoc creator/4.0/psoc creator/import/gnu/arm/4.9.3/bin/../lib/gcc/arm-none-eabi/4.9.3/armv7-m/crtbegin.o
 .text.USBUART_1_ConfigReg
                0x00000364       0xa4 C:\Users\Luggi\AppData\Local\Temp\ccrhZhA3.ltrans0.ltrans.o
 .text.USBUART_1_SOF_ISR
                0x00000408        0x4 C:\Users\Luggi\AppData\Local\Temp\ccrhZhA3.ltrans0.ltrans.o
                0x00000408                USBUART_1_SOF_ISR
 .text.USBUART_1_EP_3_ISR
                0x0000040c       0x3c C:\Users\Luggi\AppData\Local\Temp\ccrhZhA3.ltrans0.ltrans.o
                0x0000040c                USBUART_1_EP_3_ISR
 .text.USBUART_1_EP_2_ISR
                0x00000448       0x34 C:\Users\Luggi\AppData\Local\Temp\ccrhZhA3.ltrans0.ltrans.o
                0x00000448                USBUART_1_EP_2_ISR
 .text.USBUART_1_EP_1_ISR
                0x0000047c       0x30 C:\Users\Luggi\AppData\Local\Temp\ccrhZhA3.ltrans0.ltrans.o
                0x0000047c                USBUART_1_EP_1_ISR
 .text.USBUART_1_InitializeStatusBlock
                0x000004ac       0x24 C:\Users\Luggi\AppData\Local\Temp\ccrhZhA3.ltrans0.ltrans.o
 .text.USBUART_1_UpdateStatusBlock
                0x000004d0       0x24 C:\Users\Luggi\AppData\Local\Temp\ccrhZhA3.ltrans0.ltrans.o
 .text.USBUART_1_NoDataControlStatusStage
                0x000004f4       0x38 C:\Users\Luggi\AppData\Local\Temp\ccrhZhA3.ltrans0.ltrans.o
 .text.USBUART_1_ControlWriteStatusStage
                0x0000052c       0x18 C:\Users\Luggi\AppData\Local\Temp\ccrhZhA3.ltrans0.ltrans.o
 .text.USBUART_1_ControlWriteDataStage
                0x00000544       0x70 C:\Users\Luggi\AppData\Local\Temp\ccrhZhA3.ltrans0.ltrans.o
 .text.USBUART_1_InitControlWrite
                0x000005b4       0x40 C:\Users\Luggi\AppData\Local\Temp\ccrhZhA3.ltrans0.ltrans.o
 .text.USBUART_1_ControlReadStatusStage
                0x000005f4       0x24 C:\Users\Luggi\AppData\Local\Temp\ccrhZhA3.ltrans0.ltrans.o
 .text.USBUART_1_InitZeroLengthControlTransfer
                0x00000618       0x1c C:\Users\Luggi\AppData\Local\Temp\ccrhZhA3.ltrans0.ltrans.o
 .text.USBUART_1_LoadEP0
                0x00000634       0x78 C:\Users\Luggi\AppData\Local\Temp\ccrhZhA3.ltrans0.ltrans.o
 .text.USBUART_1_ControlReadDataStage
                0x000006ac        0x8 C:\Users\Luggi\AppData\Local\Temp\ccrhZhA3.ltrans0.ltrans.o
 .text.USBUART_1_HandleOUT
                0x000006b4       0x34 C:\Users\Luggi\AppData\Local\Temp\ccrhZhA3.ltrans0.ltrans.o
 .text.USBUART_1_HandleIN
                0x000006e8       0x2c C:\Users\Luggi\AppData\Local\Temp\ccrhZhA3.ltrans0.ltrans.o
 .text.USBUART_1_Cdc_EpInit
                0x00000714       0x4c C:\Users\Luggi\AppData\Local\Temp\ccrhZhA3.ltrans0.ltrans.o
 .text.USBUART_1_StrLen
                0x00000760       0x14 C:\Users\Luggi\AppData\Local\Temp\ccrhZhA3.ltrans0.ltrans.o
 .text.USBUART_1_GetInterfaceComPort
                0x00000774       0x3c C:\Users\Luggi\AppData\Local\Temp\ccrhZhA3.ltrans0.ltrans.o
 .text.USBUART_1_EnableOutEP
                0x000007b0       0x2c C:\Users\Luggi\AppData\Local\Temp\ccrhZhA3.ltrans0.ltrans.o
 .text.USBUART_1_LoadInEP
                0x000007dc       0x94 C:\Users\Luggi\AppData\Local\Temp\ccrhZhA3.ltrans0.ltrans.o
 .text.USBUART_1_GetEPCount
                0x00000870       0x28 C:\Users\Luggi\AppData\Local\Temp\ccrhZhA3.ltrans0.ltrans.o
 .text.USBUART_1_ReadOutEP
                0x00000898       0x50 C:\Users\Luggi\AppData\Local\Temp\ccrhZhA3.ltrans0.ltrans.o
 .text.USBUART_1_GetEPState
                0x000008e8       0x14 C:\Users\Luggi\AppData\Local\Temp\ccrhZhA3.ltrans0.ltrans.o
 .text.USBUART_1_ReadDieID
                0x000008fc       0x6c C:\Users\Luggi\AppData\Local\Temp\ccrhZhA3.ltrans0.ltrans.o
 .text.USBUART_1_DP_ISR
                0x00000968        0x8 C:\Users\Luggi\AppData\Local\Temp\ccrhZhA3.ltrans0.ltrans.o
                0x00000968                USBUART_1_DP_ISR
 .text.USBUART_1_BUS_RESET_ISR
                0x00000970        0x8 C:\Users\Luggi\AppData\Local\Temp\ccrhZhA3.ltrans0.ltrans.o
                0x00000970                USBUART_1_BUS_RESET_ISR
 .text.USBUART_1_GetConfigTablePtr
                0x00000978       0x20 C:\Users\Luggi\AppData\Local\Temp\ccrhZhA3.ltrans0.ltrans.o
                0x00000978                USBUART_1_GetConfigTablePtr
 .text.USBUART_1_ConfigAltChanged
                0x00000998      0x11c C:\Users\Luggi\AppData\Local\Temp\ccrhZhA3.ltrans0.ltrans.o
 .text.USBUART_1_Config
                0x00000ab4      0x1dc C:\Users\Luggi\AppData\Local\Temp\ccrhZhA3.ltrans0.ltrans.o
 .text.USBUART_1_InitNoDataControlTransfer
                0x00000c90       0x18 C:\Users\Luggi\AppData\Local\Temp\ccrhZhA3.ltrans0.ltrans.o
                0x00000c90                USBUART_1_InitNoDataControlTransfer
 .text.USBUART_1_InitControlRead
                0x00000ca8       0x4c C:\Users\Luggi\AppData\Local\Temp\ccrhZhA3.ltrans0.ltrans.o
                0x00000ca8                USBUART_1_InitControlRead
 .text.USBUART_1_HandleStandardRqst
                0x00000cf4      0x354 C:\Users\Luggi\AppData\Local\Temp\ccrhZhA3.ltrans0.ltrans.o
 .text.USBUART_1_HandleSetup
                0x00001048       0x5c C:\Users\Luggi\AppData\Local\Temp\ccrhZhA3.ltrans0.ltrans.o
 .text.USBUART_1_EP_0_ISR
                0x000010a4       0xac C:\Users\Luggi\AppData\Local\Temp\ccrhZhA3.ltrans0.ltrans.o
                0x000010a4                USBUART_1_EP_0_ISR
 .text.USBUART_1_SetComPort
                0x00001150       0x1c C:\Users\Luggi\AppData\Local\Temp\ccrhZhA3.ltrans0.ltrans.o
                0x00001150                USBUART_1_SetComPort
 .text.USBUART_1_GetAll
                0x0000116c       0x2c C:\Users\Luggi\AppData\Local\Temp\ccrhZhA3.ltrans0.ltrans.o
                0x0000116c                USBUART_1_GetAll
 .text.USBUART_1_CDCIsReady
                0x00001198       0x18 C:\Users\Luggi\AppData\Local\Temp\ccrhZhA3.ltrans0.ltrans.o
                0x00001198                USBUART_1_CDCIsReady
 .text.USBUART_1_GetCount
                0x000011b0       0x34 C:\Users\Luggi\AppData\Local\Temp\ccrhZhA3.ltrans0.ltrans.o
                0x000011b0                USBUART_1_GetCount
 .text.USBUART_1_PutChar
                0x000011e4       0x24 C:\Users\Luggi\AppData\Local\Temp\ccrhZhA3.ltrans0.ltrans.o
                0x000011e4                USBUART_1_PutChar
 .text.USBUART_1_PutString
                0x00001208       0x9c C:\Users\Luggi\AppData\Local\Temp\ccrhZhA3.ltrans0.ltrans.o
                0x00001208                USBUART_1_PutString
 .text.USBUART_1_CDC_Init
                0x000012a4       0x8c C:\Users\Luggi\AppData\Local\Temp\ccrhZhA3.ltrans0.ltrans.o
                0x000012a4                USBUART_1_CDC_Init
 .text.USBUART_1_DispatchCDCClassRqst
                0x00001330       0xa0 C:\Users\Luggi\AppData\Local\Temp\ccrhZhA3.ltrans0.ltrans.o
                0x00001330                USBUART_1_DispatchCDCClassRqst
 .text.USBUART_1_SetPowerStatus
                0x000013d0       0x20 C:\Users\Luggi\AppData\Local\Temp\ccrhZhA3.ltrans0.ltrans.o
                0x000013d0                USBUART_1_SetPowerStatus
 .text.USBUART_1_GetConfiguration
                0x000013f0        0xc C:\Users\Luggi\AppData\Local\Temp\ccrhZhA3.ltrans0.ltrans.o
                0x000013f0                USBUART_1_GetConfiguration
 .text.USBUART_1_Stop
                0x000013fc       0xa4 C:\Users\Luggi\AppData\Local\Temp\ccrhZhA3.ltrans0.ltrans.o
                0x000013fc                USBUART_1_Stop
 .text.Comp_1_SetSpeed
                0x000014a0       0x58 C:\Users\Luggi\AppData\Local\Temp\ccrhZhA3.ltrans1.ltrans.o
 .text.Comp_1_Enable
                0x000014f8       0x1c C:\Users\Luggi\AppData\Local\Temp\ccrhZhA3.ltrans1.ltrans.o
 .text.Comp_1_Init
                0x00001514       0x3c C:\Users\Luggi\AppData\Local\Temp\ccrhZhA3.ltrans1.ltrans.o
 .text.VDAC8_DacTrim
                0x00001550       0x24 C:\Users\Luggi\AppData\Local\Temp\ccrhZhA3.ltrans1.ltrans.o
 .text.VDAC8_SetRange
                0x00001574       0x20 C:\Users\Luggi\AppData\Local\Temp\ccrhZhA3.ltrans1.ltrans.o
 .text.VDAC8_SetSpeed
                0x00001594       0x1c C:\Users\Luggi\AppData\Local\Temp\ccrhZhA3.ltrans1.ltrans.o
 .text.VDAC8_Enable
                0x000015b0       0x1c C:\Users\Luggi\AppData\Local\Temp\ccrhZhA3.ltrans1.ltrans.o
 .text.VDAC8_Init
                0x000015cc       0x20 C:\Users\Luggi\AppData\Local\Temp\ccrhZhA3.ltrans1.ltrans.o
 .text.isr_Disable
                0x000015ec       0x10 C:\Users\Luggi\AppData\Local\Temp\ccrhZhA3.ltrans1.ltrans.o
 .text.isr_Enable
                0x000015fc       0x10 C:\Users\Luggi\AppData\Local\Temp\ccrhZhA3.ltrans1.ltrans.o
 .text.isr_SetPriority
                0x0000160c       0x10 C:\Users\Luggi\AppData\Local\Temp\ccrhZhA3.ltrans1.ltrans.o
 .text.isr_SetVector
                0x0000161c       0x10 C:\Users\Luggi\AppData\Local\Temp\ccrhZhA3.ltrans1.ltrans.o
 .text.CyClockStartupError
                0x0000162c        0x4 C:\Users\Luggi\AppData\Local\Temp\ccrhZhA3.ltrans1.ltrans.o
 .text.AnalogSetDefault
                0x00001630      0x150 C:\Users\Luggi\AppData\Local\Temp\ccrhZhA3.ltrans1.ltrans.o
 .text.CYCONFIGCPY
                0x00001780        0x8 C:\Users\Luggi\AppData\Local\Temp\ccrhZhA3.ltrans1.ltrans.o
 .text.ClockSetup
                0x00001788      0x1a0 C:\Users\Luggi\AppData\Local\Temp\ccrhZhA3.ltrans1.ltrans.o
 .text.cfg_dma_init
                0x00001928      0x104 C:\Users\Luggi\AppData\Local\Temp\ccrhZhA3.ltrans1.ltrans.o
 .text.CYMEMZERO
                0x00001a2c        0xc C:\Users\Luggi\AppData\Local\Temp\ccrhZhA3.ltrans1.ltrans.o
 .text.cyfitter_cfg
                0x00001a38      0x180 C:\Users\Luggi\AppData\Local\Temp\ccrhZhA3.ltrans1.ltrans.o
 .text.IntDefaultHandler
                0x00001bb8       0x10 C:\Users\Luggi\AppData\Local\Temp\ccrhZhA3.ltrans1.ltrans.o
 .text.cliStatus.lto_priv.18
                0x00001bc8       0xac C:\Users\Luggi\AppData\Local\Temp\ccrhZhA3.ltrans1.ltrans.o
                0x00001bc8                cliStatus.lto_priv.18
 .text.cliSetPeltier.lto_priv.17
                0x00001c74       0x58 C:\Users\Luggi\AppData\Local\Temp\ccrhZhA3.ltrans1.ltrans.o
                0x00001c74                cliSetPeltier.lto_priv.17
 .text.cliSetVar
                0x00001ccc       0x58 C:\Users\Luggi\AppData\Local\Temp\ccrhZhA3.ltrans1.ltrans.o
 .text.cliSet.lto_priv.16
                0x00001d24      0x1ac C:\Users\Luggi\AppData\Local\Temp\ccrhZhA3.ltrans1.ltrans.o
                0x00001d24                cliSet.lto_priv.16
 .text.Filter_Enable
                0x00001ed0       0x28 C:\Users\Luggi\AppData\Local\Temp\ccrhZhA3.ltrans1.ltrans.o
                0x00001ed0                Filter_Enable
 .text.Filter_Init
                0x00001ef8       0xc4 C:\Users\Luggi\AppData\Local\Temp\ccrhZhA3.ltrans1.ltrans.o
                0x00001ef8                Filter_Init
 .text.Comp_1_Start
                0x00001fbc       0x20 C:\Users\Luggi\AppData\Local\Temp\ccrhZhA3.ltrans1.ltrans.o
                0x00001fbc                Comp_1_Start
 .text.VDAC8_SetValue
                0x00001fdc        0xc C:\Users\Luggi\AppData\Local\Temp\ccrhZhA3.ltrans1.ltrans.o
                0x00001fdc                VDAC8_SetValue
 .text.VDAC8_Start
                0x00001fe8       0x28 C:\Users\Luggi\AppData\Local\Temp\ccrhZhA3.ltrans1.ltrans.o
                0x00001fe8                VDAC8_Start
 .text.isr_StartEx
                0x00002010       0x1c C:\Users\Luggi\AppData\Local\Temp\ccrhZhA3.ltrans1.ltrans.o
                0x00002010                isr_StartEx
 .text.DMA_DmaInitialize
                0x0000202c       0x3c C:\Users\Luggi\AppData\Local\Temp\ccrhZhA3.ltrans1.ltrans.o
                0x0000202c                DMA_DmaInitialize
 .text.ADC_DelSig_1_AMux_Unset
                0x00002068       0x24 C:\Users\Luggi\AppData\Local\Temp\ccrhZhA3.ltrans1.ltrans.o
                0x00002068                ADC_DelSig_1_AMux_Unset
 .text.ADC_DelSig_1_AMux_Set
                0x0000208c       0x20 C:\Users\Luggi\AppData\Local\Temp\ccrhZhA3.ltrans1.ltrans.o
                0x0000208c                ADC_DelSig_1_AMux_Set
 .text.initialize_psoc
                0x000020ac       0x70 C:\Users\Luggi\AppData\Local\Temp\ccrhZhA3.ltrans1.ltrans.o
 .text._sbrk    0x0000211c       0x30 C:\Users\Luggi\AppData\Local\Temp\ccrhZhA3.ltrans1.ltrans.o
                0x0000211c                _sbrk
 .text.read_settings
                0x0000214c       0x6c C:\Users\Luggi\AppData\Local\Temp\ccrhZhA3.ltrans1.ltrans.o
                0x0000214c                read_settings
 .text.save_settings
                0x000021b8       0xa8 C:\Users\Luggi\AppData\Local\Temp\ccrhZhA3.ltrans1.ltrans.o
                0x000021b8                save_settings
 .text.cliProcess
                0x00002260      0x218 C:\Users\Luggi\AppData\Local\Temp\ccrhZhA3.ltrans1.ltrans.o
                0x00002260                cliProcess
 .text.Start_c  0x00002478       0x4c C:\Users\Luggi\AppData\Local\Temp\ccrhZhA3.ltrans1.ltrans.o
 .text.PID_isr_Disable
                0x000024c4       0x10 C:\Users\Luggi\AppData\Local\Temp\ccrhZhA3.ltrans2.ltrans.o
 .text.PID_isr_Enable
                0x000024d4       0x10 C:\Users\Luggi\AppData\Local\Temp\ccrhZhA3.ltrans2.ltrans.o
 .text.PID_isr_SetVector
                0x000024e4       0x10 C:\Users\Luggi\AppData\Local\Temp\ccrhZhA3.ltrans2.ltrans.o
 .text.Counter_1_SetInterruptMode
                0x000024f4        0xc C:\Users\Luggi\AppData\Local\Temp\ccrhZhA3.ltrans2.ltrans.o
 .text.Counter_1_Enable
                0x00002500       0x28 C:\Users\Luggi\AppData\Local\Temp\ccrhZhA3.ltrans2.ltrans.o
 .text.PGA_1_SetPower
                0x00002528       0x18 C:\Users\Luggi\AppData\Local\Temp\ccrhZhA3.ltrans2.ltrans.o
 .text.PGA_1_Enable
                0x00002540       0x28 C:\Users\Luggi\AppData\Local\Temp\ccrhZhA3.ltrans2.ltrans.o
 .text.IDAC8_2_DacTrim
                0x00002568       0x34 C:\Users\Luggi\AppData\Local\Temp\ccrhZhA3.ltrans2.ltrans.o
 .text.IDAC8_2_SetSpeed
                0x0000259c       0x1c C:\Users\Luggi\AppData\Local\Temp\ccrhZhA3.ltrans2.ltrans.o
 .text.IDAC8_2_Enable
                0x000025b8       0x1c C:\Users\Luggi\AppData\Local\Temp\ccrhZhA3.ltrans2.ltrans.o
 .text.IDAC8_2_Init
                0x000025d4       0x24 C:\Users\Luggi\AppData\Local\Temp\ccrhZhA3.ltrans2.ltrans.o
 .text.IDAC8_1_DacTrim
                0x000025f8       0x34 C:\Users\Luggi\AppData\Local\Temp\ccrhZhA3.ltrans2.ltrans.o
 .text.IDAC8_1_SetSpeed
                0x0000262c       0x1c C:\Users\Luggi\AppData\Local\Temp\ccrhZhA3.ltrans2.ltrans.o
 .text.IDAC8_1_Enable
                0x00002648       0x1c C:\Users\Luggi\AppData\Local\Temp\ccrhZhA3.ltrans2.ltrans.o
 .text.IDAC8_1_Init
                0x00002664       0x24 C:\Users\Luggi\AppData\Local\Temp\ccrhZhA3.ltrans2.ltrans.o
 .text.ADC_SAR_1_theACLK_SetModeRegister
                0x00002688       0x14 C:\Users\Luggi\AppData\Local\Temp\ccrhZhA3.ltrans2.ltrans.o
 .text.ADC_SAR_1_ISR
                0x0000269c        0x4 C:\Users\Luggi\AppData\Local\Temp\ccrhZhA3.ltrans2.ltrans.o
 .text.Fault_isr_Disable
                0x000026a0        0xc C:\Users\Luggi\AppData\Local\Temp\ccrhZhA3.ltrans2.ltrans.o
 .text.Fault_isr_Enable
                0x000026ac        0xc C:\Users\Luggi\AppData\Local\Temp\ccrhZhA3.ltrans2.ltrans.o
 .text.Fault_isr_SetVector
                0x000026b8        0xc C:\Users\Luggi\AppData\Local\Temp\ccrhZhA3.ltrans2.ltrans.o
 .text.Comp_3_SetSpeed
                0x000026c4       0x58 C:\Users\Luggi\AppData\Local\Temp\ccrhZhA3.ltrans2.ltrans.o
 .text.Comp_3_Enable
                0x0000271c       0x1c C:\Users\Luggi\AppData\Local\Temp\ccrhZhA3.ltrans2.ltrans.o
 .text.Comp_3_Init
                0x00002738       0x3c C:\Users\Luggi\AppData\Local\Temp\ccrhZhA3.ltrans2.ltrans.o
 .text.Comp_2_SetSpeed
                0x00002774       0x58 C:\Users\Luggi\AppData\Local\Temp\ccrhZhA3.ltrans2.ltrans.o
 .text.Comp_2_Enable
                0x000027cc       0x1c C:\Users\Luggi\AppData\Local\Temp\ccrhZhA3.ltrans2.ltrans.o
 .text.Comp_2_Init
                0x000027e8       0x3c C:\Users\Luggi\AppData\Local\Temp\ccrhZhA3.ltrans2.ltrans.o
 .text.CyDelay  0x00002824       0x28 C:\Users\Luggi\AppData\Local\Temp\ccrhZhA3.ltrans2.ltrans.o
 .text.PID_isr_SetPriority
                0x0000284c       0x10 C:\Users\Luggi\AppData\Local\Temp\ccrhZhA3.ltrans2.ltrans.o
                0x0000284c                PID_isr_SetPriority
 .text.PID_isr_StartEx
                0x0000285c       0x1c C:\Users\Luggi\AppData\Local\Temp\ccrhZhA3.ltrans2.ltrans.o
                0x0000285c                PID_isr_StartEx
 .text.Counter_1_WritePeriod
                0x00002878        0xc C:\Users\Luggi\AppData\Local\Temp\ccrhZhA3.ltrans2.ltrans.o
                0x00002878                Counter_1_WritePeriod
 .text.Counter_1_ReadStatusRegister
                0x00002884        0xc C:\Users\Luggi\AppData\Local\Temp\ccrhZhA3.ltrans2.ltrans.o
                0x00002884                Counter_1_ReadStatusRegister
 .text.PGA_1_SetGain
                0x00002890       0x78 C:\Users\Luggi\AppData\Local\Temp\ccrhZhA3.ltrans2.ltrans.o
                0x00002890                PGA_1_SetGain
 .text.PGA_1_Init
                0x00002908       0x34 C:\Users\Luggi\AppData\Local\Temp\ccrhZhA3.ltrans2.ltrans.o
 .text.PGA_1_Start
                0x0000293c       0x1c C:\Users\Luggi\AppData\Local\Temp\ccrhZhA3.ltrans2.ltrans.o
                0x0000293c                PGA_1_Start
 .text.IDAC8_2_SetValue
                0x00002958        0xc C:\Users\Luggi\AppData\Local\Temp\ccrhZhA3.ltrans2.ltrans.o
                0x00002958                IDAC8_2_SetValue
 .text.IDAC8_2_Start
                0x00002964       0x24 C:\Users\Luggi\AppData\Local\Temp\ccrhZhA3.ltrans2.ltrans.o
                0x00002964                IDAC8_2_Start
 .text.IDAC8_1_SetValue
                0x00002988        0xc C:\Users\Luggi\AppData\Local\Temp\ccrhZhA3.ltrans2.ltrans.o
                0x00002988                IDAC8_1_SetValue
 .text.IDAC8_1_Start
                0x00002994       0x24 C:\Users\Luggi\AppData\Local\Temp\ccrhZhA3.ltrans2.ltrans.o
                0x00002994                IDAC8_1_Start
 .text.ADC_SAR_1_StartConvert
                0x000029b8       0x10 C:\Users\Luggi\AppData\Local\Temp\ccrhZhA3.ltrans2.ltrans.o
                0x000029b8                ADC_SAR_1_StartConvert
 .text.Fault_isr_SetPriority
                0x000029c8       0x10 C:\Users\Luggi\AppData\Local\Temp\ccrhZhA3.ltrans2.ltrans.o
                0x000029c8                Fault_isr_SetPriority
 .text.Fault_isr_StartEx
                0x000029d8       0x1c C:\Users\Luggi\AppData\Local\Temp\ccrhZhA3.ltrans2.ltrans.o
                0x000029d8                Fault_isr_StartEx
 .text.Comp_3_Start
                0x000029f4       0x1c C:\Users\Luggi\AppData\Local\Temp\ccrhZhA3.ltrans2.ltrans.o
                0x000029f4                Comp_3_Start
 .text.Comp_2_Start
                0x00002a10       0x1c C:\Users\Luggi\AppData\Local\Temp\ccrhZhA3.ltrans2.ltrans.o
                0x00002a10                Comp_2_Start
 .text.CyGetUniqueId
                0x00002a2c       0x70 C:\Users\Luggi\AppData\Local\Temp\ccrhZhA3.ltrans2.ltrans.o
                0x00002a2c                CyGetUniqueId
 .text.CyDelayUs
                0x00002a9c        0xc C:\Users\Luggi\AppData\Local\Temp\ccrhZhA3.ltrans2.ltrans.o
                0x00002a9c                CyDelayUs
 .text.ADC_SAR_1_Enable
                0x00002aa8       0x94 C:\Users\Luggi\AppData\Local\Temp\ccrhZhA3.ltrans2.ltrans.o
 .text.LCD_WrCntrlNib
                0x00002b3c       0x34 C:\Users\Luggi\AppData\Local\Temp\ccrhZhA3.ltrans2.ltrans.o
 .text.LCD_WrDatNib
                0x00002b70       0x44 C:\Users\Luggi\AppData\Local\Temp\ccrhZhA3.ltrans2.ltrans.o
 .text.LCD_IsReady
                0x00002bb4       0xe4 C:\Users\Luggi\AppData\Local\Temp\ccrhZhA3.ltrans2.ltrans.o
 .text.LCD_WriteControl
                0x00002c98       0x18 C:\Users\Luggi\AppData\Local\Temp\ccrhZhA3.ltrans2.ltrans.o
 .text.LCD_Position
                0x00002cb0       0x3c C:\Users\Luggi\AppData\Local\Temp\ccrhZhA3.ltrans2.ltrans.o
                0x00002cb0                LCD_Position
 .text.LCD_Enable
                0x00002cec       0x14 C:\Users\Luggi\AppData\Local\Temp\ccrhZhA3.ltrans2.ltrans.o
 .text.LCD_Init
                0x00002d00       0x6c C:\Users\Luggi\AppData\Local\Temp\ccrhZhA3.ltrans2.ltrans.o
 .text.LCD_Start
                0x00002d6c       0x1c C:\Users\Luggi\AppData\Local\Temp\ccrhZhA3.ltrans2.ltrans.o
                0x00002d6c                LCD_Start
 .text.LCD_WriteData
                0x00002d88       0x18 C:\Users\Luggi\AppData\Local\Temp\ccrhZhA3.ltrans2.ltrans.o
 .text.LCD_PrintString
                0x00002da0       0x1c C:\Users\Luggi\AppData\Local\Temp\ccrhZhA3.ltrans2.ltrans.o
                0x00002da0                LCD_PrintString
 .text.CyHalt   0x00002dbc        0x4 C:\Users\Luggi\AppData\Local\Temp\ccrhZhA3.ltrans2.ltrans.o
                0x00002dbc                CyHalt
 .text.Counter_1_WriteCounter
                0x00002dc0       0x34 C:\Users\Luggi\AppData\Local\Temp\ccrhZhA3.ltrans2.ltrans.o
 .text.Counter_1_Init
                0x00002df4       0x64 C:\Users\Luggi\AppData\Local\Temp\ccrhZhA3.ltrans2.ltrans.o
 .text.Counter_1_Start
                0x00002e58       0x1c C:\Users\Luggi\AppData\Local\Temp\ccrhZhA3.ltrans2.ltrans.o
                0x00002e58                Counter_1_Start
 .text.ADC_SAR_1_CalcGain
                0x00002e74       0x58 C:\Users\Luggi\AppData\Local\Temp\ccrhZhA3.ltrans2.ltrans.o
 .text.ADC_SAR_1_SetResolution
                0x00002ecc       0x38 C:\Users\Luggi\AppData\Local\Temp\ccrhZhA3.ltrans2.ltrans.o
 .text.CyIntSetPriority
                0x00002f04       0x30 C:\Users\Luggi\AppData\Local\Temp\ccrhZhA3.ltrans2.ltrans.o
                0x00002f04                CyIntSetPriority
 .text.ADC_DelSig_1_Init
                0x00002f34      0x104 C:\Users\Luggi\AppData\Local\Temp\ccrhZhA3.ltrans2.ltrans.o
                0x00002f34                ADC_DelSig_1_Init
 .text.CyIntSetVector
                0x00003038       0x28 C:\Users\Luggi\AppData\Local\Temp\ccrhZhA3.ltrans2.ltrans.o
                0x00003038                CyIntSetVector
 .text.ADC_SAR_1_Init
                0x00003060       0x3c C:\Users\Luggi\AppData\Local\Temp\ccrhZhA3.ltrans2.ltrans.o
 .text.ADC_SAR_1_Start
                0x0000309c       0x1c C:\Users\Luggi\AppData\Local\Temp\ccrhZhA3.ltrans2.ltrans.o
                0x0000309c                ADC_SAR_1_Start
 .text.CyDmaTdSetAddress
                0x000030b8       0x1c C:\Users\Luggi\AppData\Local\Temp\ccrhZhA3.ltrans2.ltrans.o
                0x000030b8                CyDmaTdSetAddress
 .text.CyDmaTdSetConfiguration
                0x000030d4       0x28 C:\Users\Luggi\AppData\Local\Temp\ccrhZhA3.ltrans2.ltrans.o
                0x000030d4                CyDmaTdSetConfiguration
 .text.CyDmaTdAllocate
                0x000030fc       0x34 C:\Users\Luggi\AppData\Local\Temp\ccrhZhA3.ltrans2.ltrans.o
                0x000030fc                CyDmaTdAllocate
 .text.CyDmaChSetConfiguration
                0x00003130       0x48 C:\Users\Luggi\AppData\Local\Temp\ccrhZhA3.ltrans2.ltrans.o
                0x00003130                CyDmaChSetConfiguration
 .text.CyDmaChSetInitialTd
                0x00003178       0x18 C:\Users\Luggi\AppData\Local\Temp\ccrhZhA3.ltrans2.ltrans.o
                0x00003178                CyDmaChSetInitialTd
 .text.CyDmaChSetExtendedAddress
                0x00003190       0x34 C:\Users\Luggi\AppData\Local\Temp\ccrhZhA3.ltrans2.ltrans.o
                0x00003190                CyDmaChSetExtendedAddress
 .text.CyDmaChPriority
                0x000031c4       0x24 C:\Users\Luggi\AppData\Local\Temp\ccrhZhA3.ltrans2.ltrans.o
                0x000031c4                CyDmaChPriority
 .text.CyDmaClearPendingDrq
                0x000031e8       0x28 C:\Users\Luggi\AppData\Local\Temp\ccrhZhA3.ltrans2.ltrans.o
                0x000031e8                CyDmaClearPendingDrq
 .text.CyDmaChEnable
                0x00003210       0x38 C:\Users\Luggi\AppData\Local\Temp\ccrhZhA3.ltrans2.ltrans.o
                0x00003210                CyDmaChEnable
 .text.CyDmacConfigure
                0x00003248       0x34 C:\Users\Luggi\AppData\Local\Temp\ccrhZhA3.ltrans2.ltrans.o
                0x00003248                CyDmacConfigure
 .text.Filter_SetDMAMode
                0x0000327c       0x10 C:\Users\Luggi\AppData\Local\Temp\ccrhZhA3.ltrans2.ltrans.o
                0x0000327c                Filter_SetDMAMode
 .text.Filter_SetInterruptMode
                0x0000328c       0x10 C:\Users\Luggi\AppData\Local\Temp\ccrhZhA3.ltrans2.ltrans.o
                0x0000328c                Filter_SetInterruptMode
 .text.Filter_SetCoherency
                0x0000329c       0x48 C:\Users\Luggi\AppData\Local\Temp\ccrhZhA3.ltrans2.ltrans.o
                0x0000329c                Filter_SetCoherency
 .text.Filter_Start
                0x000032e4       0x1c C:\Users\Luggi\AppData\Local\Temp\ccrhZhA3.ltrans2.ltrans.o
                0x000032e4                Filter_Start
 .text.i2a      0x00003300       0x2c C:\Users\Luggi\AppData\Local\Temp\ccrhZhA3.ltrans3.ltrans.o
 .text.itoa     0x0000332c       0x34 C:\Users\Luggi\AppData\Local\Temp\ccrhZhA3.ltrans3.ltrans.o
 .text.constrain
                0x00003360       0x14 C:\Users\Luggi\AppData\Local\Temp\ccrhZhA3.ltrans3.ltrans.o
 .text.pid_calc
                0x00003374       0x68 C:\Users\Luggi\AppData\Local\Temp\ccrhZhA3.ltrans3.ltrans.o
 .text.pid_init
                0x000033dc        0xc C:\Users\Luggi\AppData\Local\Temp\ccrhZhA3.ltrans3.ltrans.o
 .text.calc_diode_power
                0x000033e8       0x2c C:\Users\Luggi\AppData\Local\Temp\ccrhZhA3.ltrans3.ltrans.o
 .text.value_to_string2
                0x00003414       0x8c C:\Users\Luggi\AppData\Local\Temp\ccrhZhA3.ltrans3.ltrans.o
 .text.value_to_string1
                0x000034a0       0xc8 C:\Users\Luggi\AppData\Local\Temp\ccrhZhA3.ltrans3.ltrans.o
 .text.cliCompare.lto_priv.3
                0x00003568       0x18 C:\Users\Luggi\AppData\Local\Temp\ccrhZhA3.ltrans3.ltrans.o
                0x00003568                cliCompare.lto_priv.3
 .text.filterVDAC
                0x00003580       0x34 C:\Users\Luggi\AppData\Local\Temp\ccrhZhA3.ltrans3.ltrans.o
 .text.faultISR
                0x000035b4       0x20 C:\Users\Luggi\AppData\Local\Temp\ccrhZhA3.ltrans3.ltrans.o
 .text.pidISR   0x000035d4       0x14 C:\Users\Luggi\AppData\Local\Temp\ccrhZhA3.ltrans3.ltrans.o
 .text.pid1_write
                0x000035e8       0x40 C:\Users\Luggi\AppData\Local\Temp\ccrhZhA3.ltrans3.ltrans.o
 .text.calc_temperature_ntc10k
                0x00003628       0xdc C:\Users\Luggi\AppData\Local\Temp\ccrhZhA3.ltrans3.ltrans.o
 .text.DMA_Config
                0x00003704       0x44 C:\Users\Luggi\AppData\Local\Temp\ccrhZhA3.ltrans3.ltrans.o
 .text.peripheral_init
                0x00003748       0xd4 C:\Users\Luggi\AppData\Local\Temp\ccrhZhA3.ltrans3.ltrans.o
 .text.USB_init
                0x0000381c       0x20 C:\Users\Luggi\AppData\Local\Temp\ccrhZhA3.ltrans3.ltrans.o
 .text.cliWrite.lto_priv.8
                0x0000383c       0x14 C:\Users\Luggi\AppData\Local\Temp\ccrhZhA3.ltrans3.ltrans.o
                0x0000383c                cliWrite.lto_priv.8
 .text.cliPrint.lto_priv.9
                0x00003850       0x14 C:\Users\Luggi\AppData\Local\Temp\ccrhZhA3.ltrans3.ltrans.o
                0x00003850                cliPrint.lto_priv.9
 .text.cliSave.lto_priv.7
                0x00003864       0x20 C:\Users\Luggi\AppData\Local\Temp\ccrhZhA3.ltrans3.ltrans.o
                0x00003864                cliSave.lto_priv.7
 .text.cliHelp.lto_priv.6
                0x00003884       0x40 C:\Users\Luggi\AppData\Local\Temp\ccrhZhA3.ltrans3.ltrans.o
                0x00003884                cliHelp.lto_priv.6
 .text.cliExit.lto_priv.5
                0x000038c4       0x28 C:\Users\Luggi\AppData\Local\Temp\ccrhZhA3.ltrans3.ltrans.o
                0x000038c4                cliExit.lto_priv.5
 .text.cliDefaults.lto_priv.4
                0x000038ec       0x10 C:\Users\Luggi\AppData\Local\Temp\ccrhZhA3.ltrans3.ltrans.o
                0x000038ec                cliDefaults.lto_priv.4
 .text.cliPrompt.lto_priv.10
                0x000038fc       0x10 C:\Users\Luggi\AppData\Local\Temp\ccrhZhA3.ltrans3.ltrans.o
                0x000038fc                cliPrompt.lto_priv.10
 .text.n_pow    0x0000390c       0x10 C:\Users\Luggi\AppData\Local\Temp\ccrhZhA3.ltrans3.ltrans.o
                0x0000390c                n_pow
 .text.ftoa.lto_priv.11
                0x0000391c       0xf0 C:\Users\Luggi\AppData\Local\Temp\ccrhZhA3.ltrans3.ltrans.o
                0x0000391c                ftoa.lto_priv.11
 .text.cliPrintVar.lto_priv.12
                0x00003a0c      0x144 C:\Users\Luggi\AppData\Local\Temp\ccrhZhA3.ltrans3.ltrans.o
                0x00003a0c                cliPrintVar.lto_priv.12
 .text._atof.lto_priv.13
                0x00003b50      0x130 C:\Users\Luggi\AppData\Local\Temp\ccrhZhA3.ltrans3.ltrans.o
                0x00003b50                _atof.lto_priv.13
 .text.main     0x00003c80      0x408 C:\Users\Luggi\AppData\Local\Temp\ccrhZhA3.ltrans3.ltrans.o
                0x00003c80                main
 .text.PGA_2_SetGain
                0x00004088       0x78 C:\Users\Luggi\AppData\Local\Temp\ccrhZhA3.ltrans4.ltrans.o
 .text.PGA_2_SetPower
                0x00004100       0x18 C:\Users\Luggi\AppData\Local\Temp\ccrhZhA3.ltrans4.ltrans.o
 .text.PGA_2_Enable
                0x00004118       0x28 C:\Users\Luggi\AppData\Local\Temp\ccrhZhA3.ltrans4.ltrans.o
 .text.PGA_2_Init
                0x00004140       0x34 C:\Users\Luggi\AppData\Local\Temp\ccrhZhA3.ltrans4.ltrans.o
 .text.ADC_DelSig_1_theACLK_GetSourceRegister
                0x00004174       0x10 C:\Users\Luggi\AppData\Local\Temp\ccrhZhA3.ltrans4.ltrans.o
 .text.ADC_DelSig_1_theACLK_GetDividerRegister
                0x00004184        0xc C:\Users\Luggi\AppData\Local\Temp\ccrhZhA3.ltrans4.ltrans.o
 .text.ADC_DelSig_1_theACLK_SetDividerRegister
                0x00004190       0xd8 C:\Users\Luggi\AppData\Local\Temp\ccrhZhA3.ltrans4.ltrans.o
 .text.ADC_DelSig_1_Ext_CP_Clk_GetSourceRegister
                0x00004268       0x10 C:\Users\Luggi\AppData\Local\Temp\ccrhZhA3.ltrans4.ltrans.o
 .text.ADC_DelSig_1_Ext_CP_Clk_GetDividerRegister
                0x00004278        0xc C:\Users\Luggi\AppData\Local\Temp\ccrhZhA3.ltrans4.ltrans.o
 .text.ADC_DelSig_1_Ext_CP_Clk_SetDividerRegister
                0x00004284       0xdc C:\Users\Luggi\AppData\Local\Temp\ccrhZhA3.ltrans4.ltrans.o
 .text.ADC_DelSig_1_ISR4
                0x00004360        0x4 C:\Users\Luggi\AppData\Local\Temp\ccrhZhA3.ltrans4.ltrans.o
 .text.ADC_DelSig_1_ISR3
                0x00004364        0x4 C:\Users\Luggi\AppData\Local\Temp\ccrhZhA3.ltrans4.ltrans.o
 .text.ADC_DelSig_1_ISR2
                0x00004368        0x4 C:\Users\Luggi\AppData\Local\Temp\ccrhZhA3.ltrans4.ltrans.o
 .text.ADC_DelSig_1_ISR1
                0x0000436c        0x4 C:\Users\Luggi\AppData\Local\Temp\ccrhZhA3.ltrans4.ltrans.o
 .text.USBUART_1_InitComponent
                0x00004370       0xb8 C:\Users\Luggi\AppData\Local\Temp\ccrhZhA3.ltrans4.ltrans.o
 .text.USBUART_1_Init
                0x00004428      0x140 C:\Users\Luggi\AppData\Local\Temp\ccrhZhA3.ltrans4.ltrans.o
 .text.ADC_DelSig_1_SetDSMRef0Reg
                0x00004568       0x4c C:\Users\Luggi\AppData\Local\Temp\ccrhZhA3.ltrans4.ltrans.o
 .text.ADC_DelSig_1_Enable
                0x000045b4       0xd8 C:\Users\Luggi\AppData\Local\Temp\ccrhZhA3.ltrans4.ltrans.o
 .text.EEPROM_1_Enable
                0x0000468c        0xc C:\Users\Luggi\AppData\Local\Temp\ccrhZhA3.ltrans4.ltrans.o
 .text.ADC_DelSig_1_AMux_Start
                0x00004698       0x20 C:\Users\Luggi\AppData\Local\Temp\ccrhZhA3.ltrans4.ltrans.o
 .text.ADC_DelSig_1_AMux_Select
                0x000046b8       0x18 C:\Users\Luggi\AppData\Local\Temp\ccrhZhA3.ltrans4.ltrans.o
 .text.USBUART_1_ReInitComponent
                0x000046d0       0x4c C:\Users\Luggi\AppData\Local\Temp\ccrhZhA3.ltrans4.ltrans.o
                0x000046d0                USBUART_1_ReInitComponent
 .text.USBUART_1_Start
                0x0000471c       0x24 C:\Users\Luggi\AppData\Local\Temp\ccrhZhA3.ltrans4.ltrans.o
                0x0000471c                USBUART_1_Start
 .text.PGA_2_Start
                0x00004740       0x1c C:\Users\Luggi\AppData\Local\Temp\ccrhZhA3.ltrans4.ltrans.o
                0x00004740                PGA_2_Start
 .text.Fault_Reg_Read
                0x0000475c        0xc C:\Users\Luggi\AppData\Local\Temp\ccrhZhA3.ltrans4.ltrans.o
                0x0000475c                Fault_Reg_Read
 .text.EEPROM_1_ByteWritePos
                0x00004768       0xc8 C:\Users\Luggi\AppData\Local\Temp\ccrhZhA3.ltrans4.ltrans.o
                0x00004768                EEPROM_1_ByteWritePos
 .text.EEPROM_1_Start
                0x00004830        0x8 C:\Users\Luggi\AppData\Local\Temp\ccrhZhA3.ltrans4.ltrans.o
                0x00004830                EEPROM_1_Start
 .text.VUSB_Read
                0x00004838        0xc C:\Users\Luggi\AppData\Local\Temp\ccrhZhA3.ltrans4.ltrans.o
                0x00004838                VUSB_Read
 .text.Control_RS_Write
                0x00004844        0xc C:\Users\Luggi\AppData\Local\Temp\ccrhZhA3.ltrans4.ltrans.o
                0x00004844                Control_RS_Write
 .text.ADC_DelSig_1_theACLK_SetModeRegister
                0x00004850       0x14 C:\Users\Luggi\AppData\Local\Temp\ccrhZhA3.ltrans4.ltrans.o
                0x00004850                ADC_DelSig_1_theACLK_SetModeRegister
 .text.ADC_DelSig_1_Ext_CP_Clk_SetModeRegister
                0x00004864       0x14 C:\Users\Luggi\AppData\Local\Temp\ccrhZhA3.ltrans4.ltrans.o
                0x00004864                ADC_DelSig_1_Ext_CP_Clk_SetModeRegister
 .text.ADC_DelSig_1_GainCompensation.lto_priv.2
                0x00004878       0xcc C:\Users\Luggi\AppData\Local\Temp\ccrhZhA3.ltrans4.ltrans.o
                0x00004878                ADC_DelSig_1_GainCompensation.lto_priv.2
 .text.ADC_DelSig_1_InitConfig.lto_priv.1
                0x00004944      0x330 C:\Users\Luggi\AppData\Local\Temp\ccrhZhA3.ltrans4.ltrans.o
                0x00004944                ADC_DelSig_1_InitConfig.lto_priv.1
 .text.ADC_DelSig_1_GetResult32
                0x00004c74       0x6c C:\Users\Luggi\AppData\Local\Temp\ccrhZhA3.ltrans4.ltrans.o
                0x00004c74                ADC_DelSig_1_GetResult32
 .text.ADC_DelSig_1_StartConvert
                0x00004ce0       0x10 C:\Users\Luggi\AppData\Local\Temp\ccrhZhA3.ltrans4.ltrans.o
                0x00004ce0                ADC_DelSig_1_StartConvert
 .text.ADC_DelSig_1_Start
                0x00004cf0       0x28 C:\Users\Luggi\AppData\Local\Temp\ccrhZhA3.ltrans4.ltrans.o
                0x00004cf0                ADC_DelSig_1_Start
 .text.CySpcGetAlgorithm
                0x00004d18       0x28 C:\Users\Luggi\AppData\Local\Temp\ccrhZhA3.ltrans5.ltrans.o
 .text.CySpcGetTemp
                0x00004d40       0x3c C:\Users\Luggi\AppData\Local\Temp\ccrhZhA3.ltrans5.ltrans.o
 .text.PWM_2_SetInterruptMode
                0x00004d7c        0xc C:\Users\Luggi\AppData\Local\Temp\ccrhZhA3.ltrans5.ltrans.o
 .text.PWM_2_WritePeriod
                0x00004d88        0xc C:\Users\Luggi\AppData\Local\Temp\ccrhZhA3.ltrans5.ltrans.o
 .text.PWM_2_Enable
                0x00004d94       0x28 C:\Users\Luggi\AppData\Local\Temp\ccrhZhA3.ltrans5.ltrans.o
 .text.ADC_SAR_Seq_2_IRQ_SetPriority
                0x00004dbc       0x10 C:\Users\Luggi\AppData\Local\Temp\ccrhZhA3.ltrans5.ltrans.o
 .text.ADC_SAR_Seq_2_IRQ_SetVector
                0x00004dcc        0xc C:\Users\Luggi\AppData\Local\Temp\ccrhZhA3.ltrans5.ltrans.o
 .text.ADC_SAR_Seq_2_SAR_StartConvert
                0x00004dd8       0x10 C:\Users\Luggi\AppData\Local\Temp\ccrhZhA3.ltrans5.ltrans.o
 .text.ADC_SAR_Seq_2_ISR
                0x00004de8        0x4 C:\Users\Luggi\AppData\Local\Temp\ccrhZhA3.ltrans5.ltrans.o
 .text.PWM_1_SetInterruptMode
                0x00004dec        0xc C:\Users\Luggi\AppData\Local\Temp\ccrhZhA3.ltrans5.ltrans.o
 .text.PWM_1_WriteCompare
                0x00004df8        0xc C:\Users\Luggi\AppData\Local\Temp\ccrhZhA3.ltrans5.ltrans.o
 .text.PWM_1_WritePeriod
                0x00004e04        0xc C:\Users\Luggi\AppData\Local\Temp\ccrhZhA3.ltrans5.ltrans.o
 .text.PWM_1_Enable
                0x00004e10       0x28 C:\Users\Luggi\AppData\Local\Temp\ccrhZhA3.ltrans5.ltrans.o
 .text.PWM_1_Init
                0x00004e38       0x74 C:\Users\Luggi\AppData\Local\Temp\ccrhZhA3.ltrans5.ltrans.o
 .text.CySpcReadData
                0x00004eac       0x34 C:\Users\Luggi\AppData\Local\Temp\ccrhZhA3.ltrans5.ltrans.o
 .text.ADC_SAR_Seq_2_SAR_Enable
                0x00004ee0       0x78 C:\Users\Luggi\AppData\Local\Temp\ccrhZhA3.ltrans5.ltrans.o
 .text.ADC_SAR_Seq_2_FinalBuf_DmaInitialize
                0x00004f58       0x40 C:\Users\Luggi\AppData\Local\Temp\ccrhZhA3.ltrans5.ltrans.o
 .text.ADC_SAR_Seq_2_TempBuf_DmaInitialize
                0x00004f98       0x40 C:\Users\Luggi\AppData\Local\Temp\ccrhZhA3.ltrans5.ltrans.o
 .text.ADC_SAR_Seq_2_Init
                0x00004fd8       0x3c C:\Users\Luggi\AppData\Local\Temp\ccrhZhA3.ltrans5.ltrans.o
 .text.ADC_SAR_Seq_2_SAR_CalcGain
                0x00005014       0x58 C:\Users\Luggi\AppData\Local\Temp\ccrhZhA3.ltrans5.ltrans.o
 .text.ADC_SAR_Seq_2_SAR_SetResolution
                0x0000506c       0x38 C:\Users\Luggi\AppData\Local\Temp\ccrhZhA3.ltrans5.ltrans.o
 .text.ADC_SAR_Seq_2_SAR_Init
                0x000050a4       0x24 C:\Users\Luggi\AppData\Local\Temp\ccrhZhA3.ltrans5.ltrans.o
 .text.ADC_SAR_Seq_2_SAR_Start
                0x000050c8       0x1c C:\Users\Luggi\AppData\Local\Temp\ccrhZhA3.ltrans5.ltrans.o
 .text.ADC_SAR_Seq_2_Enable
                0x000050e4       0xcc C:\Users\Luggi\AppData\Local\Temp\ccrhZhA3.ltrans5.ltrans.o
 .text.USBUART_1_DispatchClassRqst
                0x000051b0       0x58 C:\Users\Luggi\AppData\Local\Temp\ccrhZhA3.ltrans5.ltrans.o
                0x000051b0                USBUART_1_DispatchClassRqst
 .text.USBUART_1_Dp_ClearInterrupt
                0x00005208       0x10 C:\Users\Luggi\AppData\Local\Temp\ccrhZhA3.ltrans5.ltrans.o
                0x00005208                USBUART_1_Dp_ClearInterrupt
 .text.CySpcUnlock
                0x00005218       0x3c C:\Users\Luggi\AppData\Local\Temp\ccrhZhA3.ltrans5.ltrans.o
                0x00005218                CySpcUnlock
 .text.CySpcLock
                0x00005254       0x54 C:\Users\Luggi\AppData\Local\Temp\ccrhZhA3.ltrans5.ltrans.o
                0x00005254                CySpcLock
 .text.CySpcWriteRow
                0x000052a8       0x4c C:\Users\Luggi\AppData\Local\Temp\ccrhZhA3.ltrans5.ltrans.o
                0x000052a8                CySpcWriteRow
 .text.CySpcLoadMultiByte
                0x000052f4       0x78 C:\Users\Luggi\AppData\Local\Temp\ccrhZhA3.ltrans5.ltrans.o
                0x000052f4                CySpcLoadMultiByte
 .text.CySpcStart
                0x0000536c       0x24 C:\Users\Luggi\AppData\Local\Temp\ccrhZhA3.ltrans5.ltrans.o
                0x0000536c                CySpcStart
 .text.CyFlashGetSpcAlgorithm
                0x00005390       0x4c C:\Users\Luggi\AppData\Local\Temp\ccrhZhA3.ltrans5.ltrans.o
 .text.CySetTempInt
                0x000053dc       0x60 C:\Users\Luggi\AppData\Local\Temp\ccrhZhA3.ltrans5.ltrans.o
 .text.CyEEPROM_Start
                0x0000543c       0x54 C:\Users\Luggi\AppData\Local\Temp\ccrhZhA3.ltrans5.ltrans.o
                0x0000543c                CyEEPROM_Start
 .text.CySetTemp
                0x00005490       0x14 C:\Users\Luggi\AppData\Local\Temp\ccrhZhA3.ltrans5.ltrans.o
                0x00005490                CySetTemp
 .text.PWM_2_WriteCompare
                0x000054a4        0xc C:\Users\Luggi\AppData\Local\Temp\ccrhZhA3.ltrans5.ltrans.o
                0x000054a4                PWM_2_WriteCompare
 .text.PWM_2_Init
                0x000054b0       0x74 C:\Users\Luggi\AppData\Local\Temp\ccrhZhA3.ltrans5.ltrans.o
 .text.PWM_2_Start
                0x00005524       0x20 C:\Users\Luggi\AppData\Local\Temp\ccrhZhA3.ltrans5.ltrans.o
                0x00005524                PWM_2_Start
 .text.ADC_SAR_Seq_2_GetResult16
                0x00005544       0x18 C:\Users\Luggi\AppData\Local\Temp\ccrhZhA3.ltrans5.ltrans.o
                0x00005544                ADC_SAR_Seq_2_GetResult16
 .text.ADC_SAR_Seq_2_StartConvert
                0x0000555c        0x8 C:\Users\Luggi\AppData\Local\Temp\ccrhZhA3.ltrans5.ltrans.o
                0x0000555c                ADC_SAR_Seq_2_StartConvert
 .text.ADC_SAR_Seq_2_Start
                0x00005564       0x2c C:\Users\Luggi\AppData\Local\Temp\ccrhZhA3.ltrans5.ltrans.o
                0x00005564                ADC_SAR_Seq_2_Start
 .text.PWM_1_Stop
                0x00005590       0x28 C:\Users\Luggi\AppData\Local\Temp\ccrhZhA3.ltrans5.ltrans.o
                0x00005590                PWM_1_Stop
 .text.PWM_1_Start
                0x000055b8       0x20 C:\Users\Luggi\AppData\Local\Temp\ccrhZhA3.ltrans5.ltrans.o
                0x000055b8                PWM_1_Start
 .text.SW2_Read
                0x000055d8       0x10 C:\Users\Luggi\AppData\Local\Temp\ccrhZhA3.ltrans5.ltrans.o
                0x000055d8                SW2_Read
 .text.USBUART_1_HandleVendorRqst
                0x000055e8       0x40 C:\Users\Luggi\AppData\Local\Temp\ccrhZhA3.ltrans5.ltrans.o
                0x000055e8                USBUART_1_HandleVendorRqst
 .text.USBUART_1_ValidateAlternateSetting
                0x00005628       0x4c C:\Users\Luggi\AppData\Local\Temp\ccrhZhA3.ltrans5.ltrans.o
                0x00005628                USBUART_1_ValidateAlternateSetting
 .text.USBUART_1_ClearEndpointHalt
                0x00005674       0xa8 C:\Users\Luggi\AppData\Local\Temp\ccrhZhA3.ltrans5.ltrans.o
                0x00005674                USBUART_1_ClearEndpointHalt
 .text.USBUART_1_SetEndpointHalt
                0x0000571c       0x64 C:\Users\Luggi\AppData\Local\Temp\ccrhZhA3.ltrans5.ltrans.o
                0x0000571c                USBUART_1_SetEndpointHalt
 .text.USBUART_1_GetInterfaceClassTablePtr
                0x00005780       0x28 C:\Users\Luggi\AppData\Local\Temp\ccrhZhA3.ltrans5.ltrans.o
                0x00005780                USBUART_1_GetInterfaceClassTablePtr
 .text.USBUART_1_GetDeviceTablePtr
                0x000057a8       0x14 C:\Users\Luggi\AppData\Local\Temp\ccrhZhA3.ltrans5.ltrans.o
                0x000057a8                USBUART_1_GetDeviceTablePtr
 .text          0x000057bc      0x21c c:/program files/cypress/psoc creator/4.0/psoc creator/import/gnu/arm/4.9.3/bin/../lib/gcc/arm-none-eabi/4.9.3/armv7-m\libgcc.a(_arm_addsubsf3.o)
                0x000057bc                __aeabi_frsub
                0x000057c4                __subsf3
                0x000057c4                __aeabi_fsub
                0x000057c8                __aeabi_fadd
                0x000057c8                __addsf3
                0x00005928                __aeabi_ui2f
                0x00005928                __floatunsisf
                0x00005930                __aeabi_i2f
                0x00005930                __floatsisf
                0x0000594c                __aeabi_ul2f
                0x0000594c                __floatundisf
                0x0000595c                __aeabi_l2f
                0x0000595c                __floatdisf
 .text          0x000059d8      0x2a0 c:/program files/cypress/psoc creator/4.0/psoc creator/import/gnu/arm/4.9.3/bin/../lib/gcc/arm-none-eabi/4.9.3/armv7-m\libgcc.a(_arm_muldivsf3.o)
                0x000059d8                __mulsf3
                0x000059d8                __aeabi_fmul
                0x00005b40                __aeabi_fdiv
                0x00005b40                __divsf3
 .text          0x00005c78       0xec c:/program files/cypress/psoc creator/4.0/psoc creator/import/gnu/arm/4.9.3/bin/../lib/gcc/arm-none-eabi/4.9.3/armv7-m\libgcc.a(_arm_cmpsf2.o)
                0x00005c78                __gesf2
                0x00005c78                __gtsf2
                0x00005c80                __lesf2
                0x00005c80                __ltsf2
                0x00005c88                __nesf2
                0x00005c88                __eqsf2
                0x00005c88                __cmpsf2
                0x00005ce8                __aeabi_cfrcmple
                0x00005cf0                __aeabi_cfcmpeq
                0x00005cf0                __aeabi_cfcmple
                0x00005d00                __aeabi_fcmpeq
                0x00005d14                __aeabi_fcmplt
                0x00005d28                __aeabi_fcmple
                0x00005d3c                __aeabi_fcmpge
                0x00005d50                __aeabi_fcmpgt
 .text          0x00005d64       0x4c c:/program files/cypress/psoc creator/4.0/psoc creator/import/gnu/arm/4.9.3/bin/../lib/gcc/arm-none-eabi/4.9.3/armv7-m\libgcc.a(_arm_fixsfsi.o)
                0x00005d64                __aeabi_f2iz
                0x00005d64                __fixsfsi
 .text          0x00005db0       0x40 c:/program files/cypress/psoc creator/4.0/psoc creator/import/gnu/arm/4.9.3/bin/../lib/gcc/arm-none-eabi/4.9.3/armv7-m\libgcc.a(_arm_fixunssfsi.o)
                0x00005db0                __fixunssfsi
                0x00005db0                __aeabi_f2uiz
 .text.sprintf  0x00005df0       0x48 c:/program files/cypress/psoc creator/4.0/psoc creator/import/gnu/arm/4.9.3/bin/../lib/gcc/arm-none-eabi/4.9.3/../../../../arm-none-eabi/lib/armv7-m\libg_nano.a(lib_a-sprintf.o)
                0x00005df0                siprintf
                0x00005df0                sprintf
 .text.strcat   0x00005e38       0x1e c:/program files/cypress/psoc creator/4.0/psoc creator/import/gnu/arm/4.9.3/bin/../lib/gcc/arm-none-eabi/4.9.3/../../../../arm-none-eabi/lib/armv7-m\libg_nano.a(lib_a-strcat.o)
                0x00005e38                strcat
 .text.strchr   0x00005e56       0x1c c:/program files/cypress/psoc creator/4.0/psoc creator/import/gnu/arm/4.9.3/bin/../lib/gcc/arm-none-eabi/4.9.3/../../../../arm-none-eabi/lib/armv7-m\libg_nano.a(lib_a-strchr.o)
                0x00005e56                strchr
 .text.strcpy   0x00005e72       0x10 c:/program files/cypress/psoc creator/4.0/psoc creator/import/gnu/arm/4.9.3/bin/../lib/gcc/arm-none-eabi/4.9.3/../../../../arm-none-eabi/lib/armv7-m\libg_nano.a(lib_a-strcpy.o)
                0x00005e72                strcpy
 *fill*         0x00005e82        0x2 
 .text.strncasecmp
                0x00005e84       0x44 c:/program files/cypress/psoc creator/4.0/psoc creator/import/gnu/arm/4.9.3/bin/../lib/gcc/arm-none-eabi/4.9.3/../../../../arm-none-eabi/lib/armv7-m\libg_nano.a(lib_a-strncasecmp.o)
                0x00005e84                strncasecmp
 .text.strncpy  0x00005ec8       0x24 c:/program files/cypress/psoc creator/4.0/psoc creator/import/gnu/arm/4.9.3/bin/../lib/gcc/arm-none-eabi/4.9.3/../../../../arm-none-eabi/lib/armv7-m\libg_nano.a(lib_a-strncpy.o)
                0x00005ec8                strncpy
 .text.strstr   0x00005eec       0x30 c:/program files/cypress/psoc creator/4.0/psoc creator/import/gnu/arm/4.9.3/bin/../lib/gcc/arm-none-eabi/4.9.3/../../../../arm-none-eabi/lib/armv7-m\libg_nano.a(lib_a-strstr.o)
                0x00005eec                strstr
 .text.__ssputs_r
                0x00005f1c       0xb2 c:/program files/cypress/psoc creator/4.0/psoc creator/import/gnu/arm/4.9.3/bin/../lib/gcc/arm-none-eabi/4.9.3/../../../../arm-none-eabi/lib/armv7-m\libg_nano.a(lib_a-nano-svfprintf.o)
                0x00005f1c                __ssputs_r
 *fill*         0x00005fce        0x2 
 .text._svfprintf_r
                0x00005fd0      0x1e4 c:/program files/cypress/psoc creator/4.0/psoc creator/import/gnu/arm/4.9.3/bin/../lib/gcc/arm-none-eabi/4.9.3/../../../../arm-none-eabi/lib/armv7-m\libg_nano.a(lib_a-nano-svfprintf.o)
                0x00005fd0                _svfiprintf_r
                0x00005fd0                _svfprintf_r
 .text._printf_common
                0x000061b4       0xea c:/program files/cypress/psoc creator/4.0/psoc creator/import/gnu/arm/4.9.3/bin/../lib/gcc/arm-none-eabi/4.9.3/../../../../arm-none-eabi/lib/armv7-m\libg_nano.a(lib_a-nano-vfprintf_i.o)
                0x000061b4                _printf_common
 *fill*         0x0000629e        0x2 
 .text._printf_i
                0x000062a0      0x240 c:/program files/cypress/psoc creator/4.0/psoc creator/import/gnu/arm/4.9.3/bin/../lib/gcc/arm-none-eabi/4.9.3/../../../../arm-none-eabi/lib/armv7-m\libg_nano.a(lib_a-nano-vfprintf_i.o)
                0x000062a0                _printf_i
 .text.memchr   0x000064e0       0x1c c:/program files/cypress/psoc creator/4.0/psoc creator/import/gnu/arm/4.9.3/bin/../lib/gcc/arm-none-eabi/4.9.3/../../../../arm-none-eabi/lib/armv7-m\libg_nano.a(lib_a-memchr.o)
                0x000064e0                memchr
 .text.memmove  0x000064fc       0x36 c:/program files/cypress/psoc creator/4.0/psoc creator/import/gnu/arm/4.9.3/bin/../lib/gcc/arm-none-eabi/4.9.3/../../../../arm-none-eabi/lib/armv7-m\libg_nano.a(lib_a-memmove.o)
                0x000064fc                memmove
 .text._realloc_r
                0x00006532       0x4c c:/program files/cypress/psoc creator/4.0/psoc creator/import/gnu/arm/4.9.3/bin/../lib/gcc/arm-none-eabi/4.9.3/../../../../arm-none-eabi/lib/armv7-m\libg_nano.a(lib_a-nano-reallocr.o)
                0x00006532                _realloc_r
 .text._malloc_usable_size_r
                0x0000657e       0x14 c:/program files/cypress/psoc creator/4.0/psoc creator/import/gnu/arm/4.9.3/bin/../lib/gcc/arm-none-eabi/4.9.3/../../../../arm-none-eabi/lib/armv7-m\libg_nano.a(lib_a-nano-msizer.o)
                0x0000657e                _malloc_usable_size_r
 *fill*         0x00006592        0x6 
 .text          0x00006598       0x20 .\CortexM3\ARM_GCC_493\Debug\Laserschutzschaltung.a(CyBootAsmGnu.o)
                0x00006598                CyDelayCycles
                0x000065a8                CyEnterCriticalSection
                0x000065b0                CyExitCriticalSection
 .text.atof     0x000065b8        0x6 c:/program files/cypress/psoc creator/4.0/psoc creator/import/gnu/arm/4.9.3/bin/../lib/gcc/arm-none-eabi/4.9.3/../../../../arm-none-eabi/lib/armv7-m\libg_nano.a(lib_a-atof.o)
                0x000065b8                atof
 .text.atoi     0x000065be        0x8 c:/program files/cypress/psoc creator/4.0/psoc creator/import/gnu/arm/4.9.3/bin/../lib/gcc/arm-none-eabi/4.9.3/../../../../arm-none-eabi/lib/armv7-m\libg_nano.a(lib_a-atoi.o)
                0x000065be                atoi
 .text.bsearch  0x000065c6       0x48 c:/program files/cypress/psoc creator/4.0/psoc creator/import/gnu/arm/4.9.3/bin/../lib/gcc/arm-none-eabi/4.9.3/../../../../arm-none-eabi/lib/armv7-m\libg_nano.a(lib_a-bsearch.o)
                0x000065c6                bsearch
 *fill*         0x0000660e        0x2 
 .text.__errno  0x00006610        0xc c:/program files/cypress/psoc creator/4.0/psoc creator/import/gnu/arm/4.9.3/bin/../lib/gcc/arm-none-eabi/4.9.3/../../../../arm-none-eabi/lib/armv7-m\libg_nano.a(lib_a-errno.o)
                0x00006610                __errno
 .text.__libc_init_array
                0x0000661c       0x4c c:/program files/cypress/psoc creator/4.0/psoc creator/import/gnu/arm/4.9.3/bin/../lib/gcc/arm-none-eabi/4.9.3/../../../../arm-none-eabi/lib/armv7-m\libg_nano.a(lib_a-init.o)
                0x0000661c                __libc_init_array
 .text.memset   0x00006668       0x10 c:/program files/cypress/psoc creator/4.0/psoc creator/import/gnu/arm/4.9.3/bin/../lib/gcc/arm-none-eabi/4.9.3/../../../../arm-none-eabi/lib/armv7-m\libg_nano.a(lib_a-memset.o)
                0x00006668                memset
 .text.match    0x00006678       0x26 c:/program files/cypress/psoc creator/4.0/psoc creator/import/gnu/arm/4.9.3/bin/../lib/gcc/arm-none-eabi/4.9.3/../../../../arm-none-eabi/lib/armv7-m\libg_nano.a(lib_a-strtod.o)
 .text.sulp     0x0000669e       0x42 c:/program files/cypress/psoc creator/4.0/psoc creator/import/gnu/arm/4.9.3/bin/../lib/gcc/arm-none-eabi/4.9.3/../../../../arm-none-eabi/lib/armv7-m\libg_nano.a(lib_a-strtod.o)
 .text._strtod_r
                0x000066e0      0xc40 c:/program files/cypress/psoc creator/4.0/psoc creator/import/gnu/arm/4.9.3/bin/../lib/gcc/arm-none-eabi/4.9.3/../../../../arm-none-eabi/lib/armv7-m\libg_nano.a(lib_a-strtod.o)
                0x000066e0                _strtod_r
 .text.strtod   0x00007320       0x14 c:/program files/cypress/psoc creator/4.0/psoc creator/import/gnu/arm/4.9.3/bin/../lib/gcc/arm-none-eabi/4.9.3/../../../../arm-none-eabi/lib/armv7-m\libg_nano.a(lib_a-strtod.o)
                0x00007320                strtod
 .text._strtol_r
                0x00007334      0x10c c:/program files/cypress/psoc creator/4.0/psoc creator/import/gnu/arm/4.9.3/bin/../lib/gcc/arm-none-eabi/4.9.3/../../../../arm-none-eabi/lib/armv7-m\libg_nano.a(lib_a-strtol.o)
                0x00007334                _strtol_r
 .text.strtol   0x00007440       0x1c c:/program files/cypress/psoc creator/4.0/psoc creator/import/gnu/arm/4.9.3/bin/../lib/gcc/arm-none-eabi/4.9.3/../../../../arm-none-eabi/lib/armv7-m\libg_nano.a(lib_a-strtol.o)
                0x00007440                strtol
 .text.rshift   0x0000745c       0x6c c:/program files/cypress/psoc creator/4.0/psoc creator/import/gnu/arm/4.9.3/bin/../lib/gcc/arm-none-eabi/4.9.3/../../../../arm-none-eabi/lib/armv7-m\libg_nano.a(lib_a-gdtoa-gethex.o)
 .text.__hexdig_fun
                0x000074c8       0x2a c:/program files/cypress/psoc creator/4.0/psoc creator/import/gnu/arm/4.9.3/bin/../lib/gcc/arm-none-eabi/4.9.3/../../../../arm-none-eabi/lib/armv7-m\libg_nano.a(lib_a-gdtoa-gethex.o)
                0x000074c8                __hexdig_fun
 .text.__gethex
                0x000074f2      0x44a c:/program files/cypress/psoc creator/4.0/psoc creator/import/gnu/arm/4.9.3/bin/../lib/gcc/arm-none-eabi/4.9.3/../../../../arm-none-eabi/lib/armv7-m\libg_nano.a(lib_a-gdtoa-gethex.o)
                0x000074f2                __gethex
 .text.L_shift  0x0000793c       0x24 c:/program files/cypress/psoc creator/4.0/psoc creator/import/gnu/arm/4.9.3/bin/../lib/gcc/arm-none-eabi/4.9.3/../../../../arm-none-eabi/lib/armv7-m\libg_nano.a(lib_a-gdtoa-hexnan.o)
 .text.__hexnan
                0x00007960      0x114 c:/program files/cypress/psoc creator/4.0/psoc creator/import/gnu/arm/4.9.3/bin/../lib/gcc/arm-none-eabi/4.9.3/../../../../arm-none-eabi/lib/armv7-m\libg_nano.a(lib_a-gdtoa-hexnan.o)
                0x00007960                __hexnan
 .text._localeconv_r
                0x00007a74        0x8 c:/program files/cypress/psoc creator/4.0/psoc creator/import/gnu/arm/4.9.3/bin/../lib/gcc/arm-none-eabi/4.9.3/../../../../arm-none-eabi/lib/armv7-m\libg_nano.a(lib_a-locale.o)
                0x00007a74                _localeconv_r
 .text.memcpy   0x00007a7c       0x16 c:/program files/cypress/psoc creator/4.0/psoc creator/import/gnu/arm/4.9.3/bin/../lib/gcc/arm-none-eabi/4.9.3/../../../../arm-none-eabi/lib/armv7-m\libg_nano.a(lib_a-memcpy.o)
                0x00007a7c                memcpy
 .text._Balloc  0x00007a92       0x6a c:/program files/cypress/psoc creator/4.0/psoc creator/import/gnu/arm/4.9.3/bin/../lib/gcc/arm-none-eabi/4.9.3/../../../../arm-none-eabi/lib/armv7-m\libg_nano.a(lib_a-mprec.o)
                0x00007a92                _Balloc
 .text._Bfree   0x00007afc       0x2e c:/program files/cypress/psoc creator/4.0/psoc creator/import/gnu/arm/4.9.3/bin/../lib/gcc/arm-none-eabi/4.9.3/../../../../arm-none-eabi/lib/armv7-m\libg_nano.a(lib_a-mprec.o)
                0x00007afc                _Bfree
 .text.__multadd
                0x00007b2a       0x7c c:/program files/cypress/psoc creator/4.0/psoc creator/import/gnu/arm/4.9.3/bin/../lib/gcc/arm-none-eabi/4.9.3/../../../../arm-none-eabi/lib/armv7-m\libg_nano.a(lib_a-mprec.o)
                0x00007b2a                __multadd
 .text.__s2b    0x00007ba6       0x80 c:/program files/cypress/psoc creator/4.0/psoc creator/import/gnu/arm/4.9.3/bin/../lib/gcc/arm-none-eabi/4.9.3/../../../../arm-none-eabi/lib/armv7-m\libg_nano.a(lib_a-mprec.o)
                0x00007ba6                __s2b
 .text.__hi0bits
                0x00007c26       0x40 c:/program files/cypress/psoc creator/4.0/psoc creator/import/gnu/arm/4.9.3/bin/../lib/gcc/arm-none-eabi/4.9.3/../../../../arm-none-eabi/lib/armv7-m\libg_nano.a(lib_a-mprec.o)
                0x00007c26                __hi0bits
 .text.__lo0bits
                0x00007c66       0x5a c:/program files/cypress/psoc creator/4.0/psoc creator/import/gnu/arm/4.9.3/bin/../lib/gcc/arm-none-eabi/4.9.3/../../../../arm-none-eabi/lib/armv7-m\libg_nano.a(lib_a-mprec.o)
                0x00007c66                __lo0bits
 .text.__i2b    0x00007cc0       0x12 c:/program files/cypress/psoc creator/4.0/psoc creator/import/gnu/arm/4.9.3/bin/../lib/gcc/arm-none-eabi/4.9.3/../../../../arm-none-eabi/lib/armv7-m\libg_nano.a(lib_a-mprec.o)
                0x00007cc0                __i2b
 .text.__multiply
                0x00007cd2      0x120 c:/program files/cypress/psoc creator/4.0/psoc creator/import/gnu/arm/4.9.3/bin/../lib/gcc/arm-none-eabi/4.9.3/../../../../arm-none-eabi/lib/armv7-m\libg_nano.a(lib_a-mprec.o)
                0x00007cd2                __multiply
 *fill*         0x00007df2        0x2 
 .text.__pow5mult
                0x00007df4       0x9c c:/program files/cypress/psoc creator/4.0/psoc creator/import/gnu/arm/4.9.3/bin/../lib/gcc/arm-none-eabi/4.9.3/../../../../arm-none-eabi/lib/armv7-m\libg_nano.a(lib_a-mprec.o)
                0x00007df4                __pow5mult
 .text.__lshift
                0x00007e90       0xa6 c:/program files/cypress/psoc creator/4.0/psoc creator/import/gnu/arm/4.9.3/bin/../lib/gcc/arm-none-eabi/4.9.3/../../../../arm-none-eabi/lib/armv7-m\libg_nano.a(lib_a-mprec.o)
                0x00007e90                __lshift
 .text.__mcmp   0x00007f36       0x38 c:/program files/cypress/psoc creator/4.0/psoc creator/import/gnu/arm/4.9.3/bin/../lib/gcc/arm-none-eabi/4.9.3/../../../../arm-none-eabi/lib/armv7-m\libg_nano.a(lib_a-mprec.o)
                0x00007f36                __mcmp
 .text.__mdiff  0x00007f6e       0xbe c:/program files/cypress/psoc creator/4.0/psoc creator/import/gnu/arm/4.9.3/bin/../lib/gcc/arm-none-eabi/4.9.3/../../../../arm-none-eabi/lib/armv7-m\libg_nano.a(lib_a-mprec.o)
                0x00007f6e                __mdiff
 .text.__ulp    0x0000802c       0x48 c:/program files/cypress/psoc creator/4.0/psoc creator/import/gnu/arm/4.9.3/bin/../lib/gcc/arm-none-eabi/4.9.3/../../../../arm-none-eabi/lib/armv7-m\libg_nano.a(lib_a-mprec.o)
                0x0000802c                __ulp
 .text.__b2d    0x00008074       0x9e c:/program files/cypress/psoc creator/4.0/psoc creator/import/gnu/arm/4.9.3/bin/../lib/gcc/arm-none-eabi/4.9.3/../../../../arm-none-eabi/lib/armv7-m\libg_nano.a(lib_a-mprec.o)
                0x00008074                __b2d
 .text.__d2b    0x00008112       0xa4 c:/program files/cypress/psoc creator/4.0/psoc creator/import/gnu/arm/4.9.3/bin/../lib/gcc/arm-none-eabi/4.9.3/../../../../arm-none-eabi/lib/armv7-m\libg_nano.a(lib_a-mprec.o)
                0x00008112                __d2b
 .text.__ratio  0x000081b6       0x50 c:/program files/cypress/psoc creator/4.0/psoc creator/import/gnu/arm/4.9.3/bin/../lib/gcc/arm-none-eabi/4.9.3/../../../../arm-none-eabi/lib/armv7-m\libg_nano.a(lib_a-mprec.o)
                0x000081b6                __ratio
 .text.__copybits
                0x00008206       0x34 c:/program files/cypress/psoc creator/4.0/psoc creator/import/gnu/arm/4.9.3/bin/../lib/gcc/arm-none-eabi/4.9.3/../../../../arm-none-eabi/lib/armv7-m\libg_nano.a(lib_a-mprec.o)
                0x00008206                __copybits
 .text.__any_on
                0x0000823a       0x44 c:/program files/cypress/psoc creator/4.0/psoc creator/import/gnu/arm/4.9.3/bin/../lib/gcc/arm-none-eabi/4.9.3/../../../../arm-none-eabi/lib/armv7-m\libg_nano.a(lib_a-mprec.o)
                0x0000823a                __any_on
 .text._calloc_r
                0x0000827e       0x1c c:/program files/cypress/psoc creator/4.0/psoc creator/import/gnu/arm/4.9.3/bin/../lib/gcc/arm-none-eabi/4.9.3/../../../../arm-none-eabi/lib/armv7-m\libg_nano.a(lib_a-nano-callocr.o)
                0x0000827e                _calloc_r
 *fill*         0x0000829a        0x2 
 .text._malloc_r
                0x0000829c       0xac c:/program files/cypress/psoc creator/4.0/psoc creator/import/gnu/arm/4.9.3/bin/../lib/gcc/arm-none-eabi/4.9.3/../../../../arm-none-eabi/lib/armv7-m\libg_nano.a(lib_a-nano-mallocr.o)
                0x0000829c                _malloc_r
 .text._sbrk_r  0x00008348       0x20 c:/program files/cypress/psoc creator/4.0/psoc creator/import/gnu/arm/4.9.3/bin/../lib/gcc/arm-none-eabi/4.9.3/../../../../arm-none-eabi/lib/armv7-m\libg_nano.a(lib_a-sbrkr.o)
                0x00008348                _sbrk_r
 .text.strlen   0x00008368       0x10 c:/program files/cypress/psoc creator/4.0/psoc creator/import/gnu/arm/4.9.3/bin/../lib/gcc/arm-none-eabi/4.9.3/../../../../arm-none-eabi/lib/armv7-m\libg_nano.a(lib_a-strlen.o)
                0x00008368                strlen
 .text.strncmp  0x00008378       0x32 c:/program files/cypress/psoc creator/4.0/psoc creator/import/gnu/arm/4.9.3/bin/../lib/gcc/arm-none-eabi/4.9.3/../../../../arm-none-eabi/lib/armv7-m\libg_nano.a(lib_a-strncmp.o)
                0x00008378                strncmp
 *fill*         0x000083aa        0x2 
 .text.malloc   0x000083ac       0x10 c:/program files/cypress/psoc creator/4.0/psoc creator/import/gnu/arm/4.9.3/bin/../lib/gcc/arm-none-eabi/4.9.3/../../../../arm-none-eabi/lib/armv7-m\libg_nano.a(lib_a-malloc.o)
                0x000083ac                malloc
 .text._free_r  0x000083bc       0x88 c:/program files/cypress/psoc creator/4.0/psoc creator/import/gnu/arm/4.9.3/bin/../lib/gcc/arm-none-eabi/4.9.3/../../../../arm-none-eabi/lib/armv7-m\libg_nano.a(lib_a-nano-freer.o)
                0x000083bc                _free_r
 .text          0x00008444      0x370 c:/program files/cypress/psoc creator/4.0/psoc creator/import/gnu/arm/4.9.3/bin/../lib/gcc/arm-none-eabi/4.9.3/armv7-m\libgcc.a(_arm_addsubdf3.o)
                0x00008444                __aeabi_drsub
                0x0000844c                __aeabi_dsub
                0x0000844c                __subdf3
                0x00008450                __aeabi_dadd
                0x00008450                __adddf3
                0x000086c8                __floatunsidf
                0x000086c8                __aeabi_ui2d
                0x000086e8                __floatsidf
                0x000086e8                __aeabi_i2d
                0x0000870c                __aeabi_f2d
                0x0000870c                __extendsfdf2
                0x00008748                __floatundidf
                0x00008748                __aeabi_ul2d
                0x00008758                __floatdidf
                0x00008758                __aeabi_l2d
 .text          0x000087b4      0x424 c:/program files/cypress/psoc creator/4.0/psoc creator/import/gnu/arm/4.9.3/bin/../lib/gcc/arm-none-eabi/4.9.3/armv7-m\libgcc.a(_arm_muldivdf3.o)
                0x000087b4                __aeabi_dmul
                0x000087b4                __muldf3
                0x00008a08                __divdf3
                0x00008a08                __aeabi_ddiv
 .text          0x00008bd8      0x110 c:/program files/cypress/psoc creator/4.0/psoc creator/import/gnu/arm/4.9.3/bin/../lib/gcc/arm-none-eabi/4.9.3/armv7-m\libgcc.a(_arm_cmpdf2.o)
                0x00008bd8                __gtdf2
                0x00008bd8                __gedf2
                0x00008be0                __ltdf2
                0x00008be0                __ledf2
                0x00008be8                __nedf2
                0x00008be8                __eqdf2
                0x00008be8                __cmpdf2
                0x00008c64                __aeabi_cdrcmple
                0x00008c74                __aeabi_cdcmpeq
                0x00008c74                __aeabi_cdcmple
                0x00008c84                __aeabi_dcmpeq
                0x00008c98                __aeabi_dcmplt
                0x00008cac                __aeabi_dcmple
                0x00008cc0                __aeabi_dcmpge
                0x00008cd4                __aeabi_dcmpgt
 .text          0x00008ce8       0x50 c:/program files/cypress/psoc creator/4.0/psoc creator/import/gnu/arm/4.9.3/bin/../lib/gcc/arm-none-eabi/4.9.3/armv7-m\libgcc.a(_arm_fixdfsi.o)
                0x00008ce8                __aeabi_d2iz
                0x00008ce8                __fixdfsi
 .text          0x00008d38       0x40 c:/program files/cypress/psoc creator/4.0/psoc creator/import/gnu/arm/4.9.3/bin/../lib/gcc/arm-none-eabi/4.9.3/armv7-m\libgcc.a(_arm_fixunsdfsi.o)
                0x00008d38                __aeabi_d2uiz
                0x00008d38                __fixunsdfsi
 .text          0x00008d78       0xa0 c:/program files/cypress/psoc creator/4.0/psoc creator/import/gnu/arm/4.9.3/bin/../lib/gcc/arm-none-eabi/4.9.3/armv7-m\libgcc.a(_arm_truncdfsf2.o)
                0x00008d78                __truncdfsf2
                0x00008d78                __aeabi_d2f
 .text.lrintf   0x00008e18       0x78 c:/program files/cypress/psoc creator/4.0/psoc creator/import/gnu/arm/4.9.3/bin/../lib/gcc/arm-none-eabi/4.9.3/../../../../arm-none-eabi/lib/armv7-m\libm.a(lib_a-sf_lrint.o)
                0x00008e18                lrintf
 .text.logf     0x00008e90       0xe8 c:/program files/cypress/psoc creator/4.0/psoc creator/import/gnu/arm/4.9.3/bin/../lib/gcc/arm-none-eabi/4.9.3/../../../../arm-none-eabi/lib/armv7-m\libm.a(lib_a-wf_log.o)
                0x00008e90                logf
 .text.__ieee754_logf
                0x00008f78      0x280 c:/program files/cypress/psoc creator/4.0/psoc creator/import/gnu/arm/4.9.3/bin/../lib/gcc/arm-none-eabi/4.9.3/../../../../arm-none-eabi/lib/armv7-m\libm.a(lib_a-ef_log.o)
                0x00008f78                __ieee754_logf
 .text.matherr  0x000091f8        0x4 c:/program files/cypress/psoc creator/4.0/psoc creator/import/gnu/arm/4.9.3/bin/../lib/gcc/arm-none-eabi/4.9.3/../../../../arm-none-eabi/lib/armv7-m\libm.a(lib_a-s_matherr.o)
                0x000091f8                matherr
 .text.nan      0x000091fc        0xc c:/program files/cypress/psoc creator/4.0/psoc creator/import/gnu/arm/4.9.3/bin/../lib/gcc/arm-none-eabi/4.9.3/../../../../arm-none-eabi/lib/armv7-m\libm.a(lib_a-s_nan.o)
                0x000091fc                nan
 .text.__fpclassifyf
                0x00009208       0x34 c:/program files/cypress/psoc creator/4.0/psoc creator/import/gnu/arm/4.9.3/bin/../lib/gcc/arm-none-eabi/4.9.3/../../../../arm-none-eabi/lib/armv7-m\libm.a(lib_a-sf_fpclassify.o)
                0x00009208                __fpclassifyf
 *(.plt)
 *(.gnu.warning)
 *(.glue_7t)
 .glue_7t       0x00000000        0x0 linker stubs
 *(.glue_7)
 .glue_7        0x00000000        0x0 linker stubs
 *(.vfp11_veneer)
 .vfp11_veneer  0x00000000        0x0 linker stubs
 *(.bootloader)
 *(.ARM.extab* .gnu.linkonce.armextab.*)
 *(.gcc_except_table)

.v4_bx          0x0000923c        0x0
 .v4_bx         0x00000000        0x0 linker stubs

.iplt           0x0000923c        0x0
 .iplt          0x00000000        0x0 c:/program files/cypress/psoc creator/4.0/psoc creator/import/gnu/arm/4.9.3/bin/../lib/gcc/arm-none-eabi/4.9.3/armv7-m/crtbegin.o

.eh_frame_hdr
 *(.eh_frame_hdr)

.eh_frame       0x0000923c        0x4
 *(.eh_frame)
 .eh_frame      0x0000923c        0x0 c:/program files/cypress/psoc creator/4.0/psoc creator/import/gnu/arm/4.9.3/bin/../lib/gcc/arm-none-eabi/4.9.3/armv7-m/crtbegin.o
 .eh_frame      0x0000923c        0x0 c:/program files/cypress/psoc creator/4.0/psoc creator/import/gnu/arm/4.9.3/bin/../lib/gcc/arm-none-eabi/4.9.3/../../../../arm-none-eabi/lib/armv7-m\libg_nano.a(lib_a-strcmp.o)
                                 0x28 (size before relaxing)
 .eh_frame      0x0000923c        0x4 c:/program files/cypress/psoc creator/4.0/psoc creator/import/gnu/arm/4.9.3/bin/../lib/gcc/arm-none-eabi/4.9.3/armv7-m/crtend.o
                0x00009240                PROVIDE (__exidx_start, .)

.ARM.exidx
 *(.ARM.exidx* .gnu.linkonce.armexidx.*)
                0x00009240                __exidx_end = .

.rodata         0x00009240     0x1208
 *(.rodata .rodata.* .gnu.linkonce.r.*)
 .rodata        0x00009240       0xb4 C:\Users\Luggi\AppData\Local\Temp\ccrhZhA3.ltrans0.ltrans.o
 .rodata.str1.4
                0x000092f4       0x11 C:\Users\Luggi\AppData\Local\Temp\ccrhZhA3.ltrans0.ltrans.o
                                 0x14 (size before relaxing)
 *fill*         0x00009305        0x3 
 .rodata        0x00009308      0x954 C:\Users\Luggi\AppData\Local\Temp\ccrhZhA3.ltrans1.ltrans.o
                0x00009c08                cmdTable
 .rodata.str1.4
                0x00009c5c      0x313 C:\Users\Luggi\AppData\Local\Temp\ccrhZhA3.ltrans1.ltrans.o
                                0x32c (size before relaxing)
 *fill*         0x00009f6f        0x1 
 .rodata        0x00009f70       0x18 C:\Users\Luggi\AppData\Local\Temp\ccrhZhA3.ltrans2.ltrans.o
 .rodata.str1.4
                0x00009f88       0xdf C:\Users\Luggi\AppData\Local\Temp\ccrhZhA3.ltrans3.ltrans.o
                                 0xe4 (size before relaxing)
 *fill*         0x0000a067        0x1 
 .rodata        0x0000a068       0x18 C:\Users\Luggi\AppData\Local\Temp\ccrhZhA3.ltrans4.ltrans.o
 .rodata        0x0000a080       0xe4 C:\Users\Luggi\AppData\Local\Temp\ccrhZhA3.ltrans5.ltrans.o
                0x0000a0a8                USBUART_1_DEVICE0_TABLE
                0x0000a0c0                USBUART_1_DEVICE0_CONFIGURATION0_INTERFACE_CLASS
                0x0000a0c4                USBUART_1_DEVICE0_CONFIGURATION0_EP_SETTINGS_TABLE
                0x0000a0dc                USBUART_1_DEVICE0_CONFIGURATION0_DESCR
                0x0000a120                USBUART_1_DEVICE0_CONFIGURATION0_TABLE
                0x0000a148                USBUART_1_DEVICE0_DESCR
                0x0000a15c                USBUART_1_TABLE
 .rodata.str1.1
                0x0000a164       0x11 c:/program files/cypress/psoc creator/4.0/psoc creator/import/gnu/arm/4.9.3/bin/../lib/gcc/arm-none-eabi/4.9.3/../../../../arm-none-eabi/lib/armv7-m\libg_nano.a(lib_a-nano-svfprintf.o)
 .rodata.str1.1
                0x0000a175       0x22 c:/program files/cypress/psoc creator/4.0/psoc creator/import/gnu/arm/4.9.3/bin/../lib/gcc/arm-none-eabi/4.9.3/../../../../arm-none-eabi/lib/armv7-m\libg_nano.a(lib_a-nano-vfprintf_i.o)
 .rodata.str1.1
                0x0000a197        0x2 c:/program files/cypress/psoc creator/4.0/psoc creator/import/gnu/arm/4.9.3/bin/../lib/gcc/arm-none-eabi/4.9.3/../../../../arm-none-eabi/lib/armv7-m\libg_nano.a(lib_a-impure.o)
 *fill*         0x0000a199        0x3 
 .rodata.fpinan.5309
                0x0000a19c       0x14 c:/program files/cypress/psoc creator/4.0/psoc creator/import/gnu/arm/4.9.3/bin/../lib/gcc/arm-none-eabi/4.9.3/../../../../arm-none-eabi/lib/armv7-m\libg_nano.a(lib_a-strtod.o)
 .rodata.str1.1
                0x0000a1b0        0xc c:/program files/cypress/psoc creator/4.0/psoc creator/import/gnu/arm/4.9.3/bin/../lib/gcc/arm-none-eabi/4.9.3/../../../../arm-none-eabi/lib/armv7-m\libg_nano.a(lib_a-strtod.o)
 *fill*         0x0000a1bc        0x4 
 .rodata.tinytens
                0x0000a1c0       0x28 c:/program files/cypress/psoc creator/4.0/psoc creator/import/gnu/arm/4.9.3/bin/../lib/gcc/arm-none-eabi/4.9.3/../../../../arm-none-eabi/lib/armv7-m\libg_nano.a(lib_a-strtod.o)
 .rodata.fpi.5273
                0x0000a1e8       0x14 c:/program files/cypress/psoc creator/4.0/psoc creator/import/gnu/arm/4.9.3/bin/../lib/gcc/arm-none-eabi/4.9.3/../../../../arm-none-eabi/lib/armv7-m\libg_nano.a(lib_a-strtod.o)
 .rodata._ctype_
                0x0000a1fc      0x101 c:/program files/cypress/psoc creator/4.0/psoc creator/import/gnu/arm/4.9.3/bin/../lib/gcc/arm-none-eabi/4.9.3/../../../../arm-none-eabi/lib/armv7-m\libg_nano.a(lib_a-ctype_.o)
                0x0000a1fc                _ctype_
 .rodata.str1.1
                0x0000a2fd        0x8 c:/program files/cypress/psoc creator/4.0/psoc creator/import/gnu/arm/4.9.3/bin/../lib/gcc/arm-none-eabi/4.9.3/../../../../arm-none-eabi/lib/armv7-m\libg_nano.a(lib_a-locale.o)
                                  0xb (size before relaxing)
 *fill*         0x0000a305        0x3 
 .rodata.__mprec_tens
                0x0000a308       0xc8 c:/program files/cypress/psoc creator/4.0/psoc creator/import/gnu/arm/4.9.3/bin/../lib/gcc/arm-none-eabi/4.9.3/../../../../arm-none-eabi/lib/armv7-m\libg_nano.a(lib_a-mprec.o)
                0x0000a308                __mprec_tens
 .rodata.__mprec_bigtens
                0x0000a3d0       0x28 c:/program files/cypress/psoc creator/4.0/psoc creator/import/gnu/arm/4.9.3/bin/../lib/gcc/arm-none-eabi/4.9.3/../../../../arm-none-eabi/lib/armv7-m\libg_nano.a(lib_a-mprec.o)
                0x0000a3d0                __mprec_bigtens
 .rodata.p05.5308
                0x0000a3f8        0xc c:/program files/cypress/psoc creator/4.0/psoc creator/import/gnu/arm/4.9.3/bin/../lib/gcc/arm-none-eabi/4.9.3/../../../../arm-none-eabi/lib/armv7-m\libg_nano.a(lib_a-mprec.o)
 .rodata.TWO23  0x0000a404        0x8 c:/program files/cypress/psoc creator/4.0/psoc creator/import/gnu/arm/4.9.3/bin/../lib/gcc/arm-none-eabi/4.9.3/../../../../arm-none-eabi/lib/armv7-m\libm.a(lib_a-sf_lrint.o)
 .rodata.str1.4
                0x0000a40c        0x8 c:/program files/cypress/psoc creator/4.0/psoc creator/import/gnu/arm/4.9.3/bin/../lib/gcc/arm-none-eabi/4.9.3/../../../../arm-none-eabi/lib/armv7-m\libm.a(lib_a-wf_log.o)
                                  0xc (size before relaxing)
                0x0000a414                . = ALIGN (0x4)
 *(.init)
 .init          0x0000a414        0x4 c:/program files/cypress/psoc creator/4.0/psoc creator/import/gnu/arm/4.9.3/bin/../lib/gcc/arm-none-eabi/4.9.3/armv7-m/crti.o
                0x0000a414                _init
 .init          0x0000a418        0x8 c:/program files/cypress/psoc creator/4.0/psoc creator/import/gnu/arm/4.9.3/bin/../lib/gcc/arm-none-eabi/4.9.3/armv7-m/crtn.o
                0x0000a420                . = ALIGN (0x4)
                0x0000a420                __preinit_array_start = .
 *(.preinit_array)
                0x0000a420                __preinit_array_end = .
                0x0000a420                . = ALIGN (0x4)
                0x0000a420                __init_array_start = .
 *(SORT(.init_array.*))
 *(.init_array)
 .init_array    0x0000a420        0x4 c:/program files/cypress/psoc creator/4.0/psoc creator/import/gnu/arm/4.9.3/bin/../lib/gcc/arm-none-eabi/4.9.3/armv7-m/crtbegin.o
 .init_array    0x0000a424        0x4 C:\Users\Luggi\AppData\Local\Temp\ccrhZhA3.ltrans1.ltrans.o
                0x0000a428                __init_array_end = .
                0x0000a428                . = ALIGN (0x4)
 *(.fini)
 .fini          0x0000a428        0x4 c:/program files/cypress/psoc creator/4.0/psoc creator/import/gnu/arm/4.9.3/bin/../lib/gcc/arm-none-eabi/4.9.3/armv7-m/crti.o
                0x0000a428                _fini
 .fini          0x0000a42c        0x8 c:/program files/cypress/psoc creator/4.0/psoc creator/import/gnu/arm/4.9.3/bin/../lib/gcc/arm-none-eabi/4.9.3/armv7-m/crtn.o
                0x0000a434                . = ALIGN (0x4)
                0x0000a434                __fini_array_start = .
 *(.fini_array)
 .fini_array    0x0000a434        0x4 c:/program files/cypress/psoc creator/4.0/psoc creator/import/gnu/arm/4.9.3/bin/../lib/gcc/arm-none-eabi/4.9.3/armv7-m/crtbegin.o
 *(SORT(.fini_array.*))
                0x0000a438                __fini_array_end = .
                0x0000a438                . = ALIGN (0x4)
 *crtbegin.o(.ctors)
 *(EXCLUDE_FILE(*crtend.o) .ctors)
 *(SORT(.ctors.*))
 *crtend.o(.ctors)
                0x0000a438                . = ALIGN (0x4)
 *crtbegin.o(.dtors)
 *(EXCLUDE_FILE(*crtend.o) .dtors)
 *(SORT(.dtors.*))
 *crtend.o(.dtors)
                0x0000a438                . = ALIGN (0x4)
                0x0000a438                __cy_regions = .
                0x0000a438        0x4 LONG 0xa448 __cy_region_init_ram
                0x0000a43c        0x4 LONG 0x1fff8108 __cy_region_start_data
                0x0000a440        0x4 LONG 0xf0 __cy_region_init_size_ram
                0x0000a444        0x4 LONG 0x1f0 __cy_region_zero_size_ram
                0x0000a448                __cy_regions_end = .
                0x0000a448                . = ALIGN (0x8)
                0x0000a448                _etext = .

.cy_checksum_exclude
                0x0000a448        0x0
 *(.cy_checksum_exclude)

.ramvectors     0x1fff8000      0x100
                0x1fff8000                __cy_region_start_ram = .
 *(.ramvectors)
 .ramvectors    0x1fff8000      0x100 C:\Users\Luggi\AppData\Local\Temp\ccrhZhA3.ltrans1.ltrans.o

.noinit         0x1fff8100        0x8
 *(.noinit)
 .noinit        0x1fff8100        0x8 C:\Users\Luggi\AppData\Local\Temp\ccrhZhA3.ltrans1.ltrans.o

.data           0x1fff8108       0xf0 load address 0x0000a448
                0x1fff8108                __cy_region_start_data = .
 *(.jcr)
 .jcr           0x1fff8108        0x0 c:/program files/cypress/psoc creator/4.0/psoc creator/import/gnu/arm/4.9.3/bin/../lib/gcc/arm-none-eabi/4.9.3/armv7-m/crtbegin.o
 .jcr           0x1fff8108        0x4 c:/program files/cypress/psoc creator/4.0/psoc creator/import/gnu/arm/4.9.3/bin/../lib/gcc/arm-none-eabi/4.9.3/armv7-m/crtend.o
 *(.got.plt)
 *(.got)
 *(.shdata)
 *(.data .data.* .gnu.linkonce.d.*)
 .data          0x1fff810c       0x10 C:\Users\Luggi\AppData\Local\Temp\ccrhZhA3.ltrans0.ltrans.o
 .data          0x1fff811c       0x2c C:\Users\Luggi\AppData\Local\Temp\ccrhZhA3.ltrans1.ltrans.o
                0x1fff811c                setpoint
                0x1fff8128                deltaTms
                0x1fff812c                photodiode_power_coefficients
                0x1fff8138                temp_limit
                0x1fff813c                current_offset
                0x1fff813e                auto_current
                0x1fff8140                slope
                0x1fff8144                current_output_coeff
 .data          0x1fff8148        0x2 C:\Users\Luggi\AppData\Local\Temp\ccrhZhA3.ltrans2.ltrans.o
 .data          0x1fff814a        0x2 C:\Users\Luggi\AppData\Local\Temp\ccrhZhA3.ltrans4.ltrans.o
                0x1fff814a                ADC_DelSig_1_Config
 .data          0x1fff814c        0x4 C:\Users\Luggi\AppData\Local\Temp\ccrhZhA3.ltrans5.ltrans.o
 .data.impure_data
                0x1fff8150       0x60 c:/program files/cypress/psoc creator/4.0/psoc creator/import/gnu/arm/4.9.3/bin/../lib/gcc/arm-none-eabi/4.9.3/../../../../arm-none-eabi/lib/armv7-m\libg_nano.a(lib_a-impure.o)
 .data._impure_ptr
                0x1fff81b0        0x4 c:/program files/cypress/psoc creator/4.0/psoc creator/import/gnu/arm/4.9.3/bin/../lib/gcc/arm-none-eabi/4.9.3/../../../../arm-none-eabi/lib/armv7-m\libg_nano.a(lib_a-impure.o)
                0x1fff81b0                _impure_ptr
 .data.__ctype_ptr__
                0x1fff81b4        0x4 c:/program files/cypress/psoc creator/4.0/psoc creator/import/gnu/arm/4.9.3/bin/../lib/gcc/arm-none-eabi/4.9.3/../../../../arm-none-eabi/lib/armv7-m\libg_nano.a(lib_a-ctype_.o)
                0x1fff81b4                __ctype_ptr__
 .data.lconv    0x1fff81b8       0x38 c:/program files/cypress/psoc creator/4.0/psoc creator/import/gnu/arm/4.9.3/bin/../lib/gcc/arm-none-eabi/4.9.3/../../../../arm-none-eabi/lib/armv7-m\libg_nano.a(lib_a-locale.o)
 .data.__fdlib_version
                0x1fff81f0        0x1 c:/program files/cypress/psoc creator/4.0/psoc creator/import/gnu/arm/4.9.3/bin/../lib/gcc/arm-none-eabi/4.9.3/../../../../arm-none-eabi/lib/armv7-m\libm.a(lib_a-s_lib_ver.o)
                0x1fff81f0                __fdlib_version
                0x1fff81f8                . = ALIGN (0x8)
 *fill*         0x1fff81f1        0x7 
 *(.ram)
                0x1fff81f8                _edata = .

.igot.plt       0x1fff81f8        0x0 load address 0x0000a538
 .igot.plt      0x00000000        0x0 c:/program files/cypress/psoc creator/4.0/psoc creator/import/gnu/arm/4.9.3/bin/../lib/gcc/arm-none-eabi/4.9.3/armv7-m/crtbegin.o

.bss            0x1fff81f8      0x1f0 load address 0x0000a538
                0x1fff81f8                PROVIDE (__bss_start__, .)
 *(.shbss)
 *(.bss .bss.* .gnu.linkonce.b.*)
 .bss           0x1fff81f8       0x1c c:/program files/cypress/psoc creator/4.0/psoc creator/import/gnu/arm/4.9.3/bin/../lib/gcc/arm-none-eabi/4.9.3/armv7-m/crtbegin.o
 .bss           0x1fff8214       0x4c C:\Users\Luggi\AppData\Local\Temp\ccrhZhA3.ltrans0.ltrans.o
                0x1fff8216                USBUART_1_deviceAddress
                0x1fff8217                USBUART_1_transferState
                0x1fff821b                USBUART_1_lastPacketSize
                0x1fff8226                USBUART_1_interfaceNumber
                0x1fff8227                USBUART_1_deviceStatus
                0x1fff824e                USBUART_1_configurationChanged
                0x1fff825c                USBUART_1_initVar
 .bss           0x1fff8260       0x68 C:\Users\Luggi\AppData\Local\Temp\ccrhZhA3.ltrans1.ltrans.o
                0x1fff8264                Temperature
                0x1fff8268                eventcounter
                0x1fff826c                pid1
                0x1fff8288                dac_offset
                0x1fff828b                debug
                0x1fff828c                cliMode
                0x1fff8290                bufferIndex.lto_priv.15
                0x1fff8294                cliBuffer.lto_priv.14
                0x1fff82c4                set_current_psu
 .bss           0x1fff82c8       0x18 C:\Users\Luggi\AppData\Local\Temp\ccrhZhA3.ltrans2.ltrans.o
 .bss           0x1fff82e0       0x1c C:\Users\Luggi\AppData\Local\Temp\ccrhZhA3.ltrans3.ltrans.o
 .bss           0x1fff82fc       0x20 C:\Users\Luggi\AppData\Local\Temp\ccrhZhA3.ltrans4.ltrans.o
                0x1fff8300                ADC_DelSig_1_gcor.lto_priv.0
                0x1fff8318                ADC_DelSig_1_convDone
 .bss           0x1fff831c       0xbc C:\Users\Luggi\AppData\Local\Temp\ccrhZhA3.ltrans5.ltrans.o
                0x1fff833c                USBUART_1_EP
                0x1fff83a8                USBUART_1_interfaceClass
                0x1fff83b4                dieTemperature
                0x1fff83c0                USBUART_1_currentTD
                0x1fff83cc                USBUART_1_configuration
                0x1fff83d0                USBUART_1_interfaceSetting
                0x1fff83d4                USBUART_1_interfaceSettingLast
                0x1fff83d6                USBUART_1_device
 .bss.__malloc_sbrk_start
                0x1fff83d8        0x4 c:/program files/cypress/psoc creator/4.0/psoc creator/import/gnu/arm/4.9.3/bin/../lib/gcc/arm-none-eabi/4.9.3/../../../../arm-none-eabi/lib/armv7-m\libg_nano.a(lib_a-nano-mallocr.o)
                0x1fff83d8                __malloc_sbrk_start
 .bss.__malloc_free_list
                0x1fff83dc        0x4 c:/program files/cypress/psoc creator/4.0/psoc creator/import/gnu/arm/4.9.3/bin/../lib/gcc/arm-none-eabi/4.9.3/../../../../arm-none-eabi/lib/armv7-m\libg_nano.a(lib_a-nano-mallocr.o)
                0x1fff83dc                __malloc_free_list
 *(COMMON)
 COMMON         0x1fff83e0        0x4 c:/program files/cypress/psoc creator/4.0/psoc creator/import/gnu/arm/4.9.3/bin/../lib/gcc/arm-none-eabi/4.9.3/../../../../arm-none-eabi/lib/armv7-m\libg_nano.a(lib_a-reent.o)
                0x1fff83e0                errno
                0x1fff83e8                . = ALIGN (0x8)
 *fill*         0x1fff83e4        0x4 
 *(.ram.b)
                0x1fff83e8                _end = .
                0x1fff83e8                __end = .
                0x1fff83e8                PROVIDE (end, .)
                0x1fff83e8                PROVIDE (__bss_end__, .)
                0x0000a448                __cy_region_init_ram = LOADADDR (.data)
                0x000000f0                __cy_region_init_size_ram = (_edata - ADDR (.data))
                0x000001f0                __cy_region_zero_size_ram = (_end - _edata)

.heap           0x1fff83e8       0x80 load address 0x0000a538
                0x1fff83e8                . = _end
                0x1fff8468                . = (. + 0x80)
 *fill*         0x1fff83e8       0x80 
                0x1fff8468                __cy_heap_limit = .

.stack          0x20007800      0x800
                0x20007800                __cy_stack_limit = .
                0x20008000                . = (. + 0x800)
 *fill*         0x20007800      0x800 
                0x00000001                ASSERT ((__cy_stack_limit >= __cy_heap_limit), region RAM overflowed with stack)
                0x00000000                cy_checksum_exclude_size = (CY_APPL_LOADABLE == 0x1)?SIZEOF (.cy_checksum_exclude):0x0
                0x00000001                ASSERT ((cy_checksum_exclude_size <= CY_CHECKSUM_EXCLUDE_SIZE), CY_BOOT: Section .cy_checksum_exclude size exceedes specified limit.)

.cyloadermeta
 *(.cyloadermeta)

.cyloadablemeta
 *(.cyloadablemeta)

.cyconfigecc    0x80000000     0x1e30
 *(.cyconfigecc)
 .cyconfigecc   0x80000000     0x1e30 C:\Users\Luggi\AppData\Local\Temp\ccrhZhA3.ltrans3.ltrans.o
                0x80000000                cy_meta_configecc

.cycustnvl      0x90000000        0x4
 *(.cycustnvl)
 .cycustnvl     0x90000000        0x4 C:\Users\Luggi\AppData\Local\Temp\ccrhZhA3.ltrans3.ltrans.o
                0x90000000                cy_meta_custnvl

.cywolatch      0x90100000        0x4
 *(.cywolatch)
 .cywolatch     0x90100000        0x4 C:\Users\Luggi\AppData\Local\Temp\ccrhZhA3.ltrans3.ltrans.o
                0x90100000                cy_meta_wonvl

.cyeeprom       0x90200000        0x0
 *(.cyeeprom)
                0x00000001                ASSERT ((. <= ((0x90200000 + ee_offset) + ee_size)), .cyeeprom data will not fit in EEPROM)

.cyflashprotect
                0x90400000      0x100
 *(.cyflashprotect)
 .cyflashprotect
                0x90400000      0x100 C:\Users\Luggi\AppData\Local\Temp\ccrhZhA3.ltrans3.ltrans.o
                0x90400000                cy_meta_flashprotect

.cymeta         0x90500000        0xc
 *(.cymeta)
 .cymeta        0x90500000        0xc C:\Users\Luggi\AppData\Local\Temp\ccrhZhA3.ltrans3.ltrans.o
                0x90500000                cy_metadata

.rel.dyn        0x0000a538        0x0 load address 0x9050000c
 .rel.iplt      0x00000000        0x0 c:/program files/cypress/psoc creator/4.0/psoc creator/import/gnu/arm/4.9.3/bin/../lib/gcc/arm-none-eabi/4.9.3/armv7-m/crtbegin.o

.stab
 *(.stab)

.stabstr
 *(.stabstr)

.debug
 *(.debug)

.line
 *(.line)

.debug_srcinfo
 *(.debug_srcinfo)

.debug_sfnames
 *(.debug_sfnames)

.debug_aranges  0x00000000      0x990
 *(.debug_aranges)
 .debug_aranges
                0x00000000      0x190 C:\Users\Luggi\AppData\Local\Temp\ccrhZhA3.ltrans0.ltrans.o
 .debug_aranges
                0x00000190      0x160 C:\Users\Luggi\AppData\Local\Temp\ccrhZhA3.ltrans1.ltrans.o
 .debug_aranges