Archive member included because of file (symbol)

.\CortexM3\ARM_GCC_493\Debug\Laserschutzschaltung.a(cyfitter_cfg.o)
                              .\CortexM3\ARM_GCC_493\Debug\Cm3Start.o (symbol from plugin) (cyfitter_cfg)
.\CortexM3\ARM_GCC_493\Debug\Laserschutzschaltung.a(DMA_dma.o)
                              .\CortexM3\ARM_GCC_493\Debug\main.o (symbol from plugin) (DMA_DmaInitialize)
.\CortexM3\ARM_GCC_493\Debug\Laserschutzschaltung.a(isr.o)
                              .\CortexM3\ARM_GCC_493\Debug\main.o (symbol from plugin) (isr_StartEx)
.\CortexM3\ARM_GCC_493\Debug\Laserschutzschaltung.a(VDAC8.o)
                              .\CortexM3\ARM_GCC_493\Debug\main.o (symbol from plugin) (VDAC8_Start)
.\CortexM3\ARM_GCC_493\Debug\Laserschutzschaltung.a(Comp_1.o)
                              .\CortexM3\ARM_GCC_493\Debug\main.o (symbol from plugin) (Comp_1_Start)
.\CortexM3\ARM_GCC_493\Debug\Laserschutzschaltung.a(Filter.o)
                              .\CortexM3\ARM_GCC_493\Debug\main.o (symbol from plugin) (Filter_Start)
.\CortexM3\ARM_GCC_493\Debug\Laserschutzschaltung.a(Filter_PVT.o)
                              Filter.o (symbol from plugin) (Filter_SetInterruptMode)
.\CortexM3\ARM_GCC_493\Debug\Laserschutzschaltung.a(Filter_RAM_Data.o)
                              Filter.o (symbol from plugin) (Filter_cfsm)
.\CortexM3\ARM_GCC_493\Debug\Laserschutzschaltung.a(CyDmac.o)
                              .\CortexM3\ARM_GCC_493\Debug\Cm3Start.o (symbol from plugin) (CyDmacConfigure)
.\CortexM3\ARM_GCC_493\Debug\Laserschutzschaltung.a(CyLib.o)
                              .\CortexM3\ARM_GCC_493\Debug\Cm3Start.o (symbol from plugin) (CyHalt)
.\CortexM3\ARM_GCC_493\Debug\Laserschutzschaltung.a(cyPm.o)
                              CyLib.o (symbol from plugin) (CyPmReadStatus)
.\CortexM3\ARM_GCC_493\Debug\Laserschutzschaltung.a(Comp_2.o)
                              .\CortexM3\ARM_GCC_493\Debug\main.o (symbol from plugin) (Comp_2_Start)
.\CortexM3\ARM_GCC_493\Debug\Laserschutzschaltung.a(Comp_3.o)
                              .\CortexM3\ARM_GCC_493\Debug\main.o (symbol from plugin) (Comp_3_Start)
.\CortexM3\ARM_GCC_493\Debug\Laserschutzschaltung.a(LCD.o)
                              .\CortexM3\ARM_GCC_493\Debug\main.o (symbol from plugin) (LCD_PrintString)
.\CortexM3\ARM_GCC_493\Debug\Laserschutzschaltung.a(Fault_isr.o)
                              .\CortexM3\ARM_GCC_493\Debug\main.o (symbol from plugin) (Fault_isr_SetPriority)
.\CortexM3\ARM_GCC_493\Debug\Laserschutzschaltung.a(ADC_SAR_1.o)
                              .\CortexM3\ARM_GCC_493\Debug\main.o (symbol from plugin) (ADC_SAR_1_Start)
.\CortexM3\ARM_GCC_493\Debug\Laserschutzschaltung.a(ADC_SAR_1_INT.o)
                              ADC_SAR_1.o (symbol from plugin) (ADC_SAR_1_ISR)
.\CortexM3\ARM_GCC_493\Debug\Laserschutzschaltung.a(ADC_SAR_1_theACLK.o)
                              ADC_SAR_1.o (symbol from plugin) (ADC_SAR_1_theACLK_SetModeRegister)
.\CortexM3\ARM_GCC_493\Debug\Laserschutzschaltung.a(IDAC8_1.o)
                              .\CortexM3\ARM_GCC_493\Debug\main.o (symbol from plugin) (IDAC8_1_SetValue)
.\CortexM3\ARM_GCC_493\Debug\Laserschutzschaltung.a(IDAC8_2.o)
                              .\CortexM3\ARM_GCC_493\Debug\main.o (symbol from plugin) (IDAC8_2_SetValue)
.\CortexM3\ARM_GCC_493\Debug\Laserschutzschaltung.a(PGA_1.o)
                              .\CortexM3\ARM_GCC_493\Debug\main.o (symbol from plugin) (PGA_1_SetGain)
.\CortexM3\ARM_GCC_493\Debug\Laserschutzschaltung.a(Counter_1.o)
                              .\CortexM3\ARM_GCC_493\Debug\main.o (symbol from plugin) (Counter_1_ReadStatusRegister)
.\CortexM3\ARM_GCC_493\Debug\Laserschutzschaltung.a(PID_isr.o)
                              .\CortexM3\ARM_GCC_493\Debug\main.o (symbol from plugin) (PID_isr_SetPriority)
.\CortexM3\ARM_GCC_493\Debug\Laserschutzschaltung.a(ADC_DelSig_1.o)
                              .\CortexM3\ARM_GCC_493\Debug\main.o (symbol from plugin) (ADC_DelSig_1_Start)
.\CortexM3\ARM_GCC_493\Debug\Laserschutzschaltung.a(ADC_DelSig_1_INT.o)
                              ADC_DelSig_1.o (symbol from plugin) (ADC_DelSig_1_ISR1)
.\CortexM3\ARM_GCC_493\Debug\Laserschutzschaltung.a(ADC_DelSig_1_AMux.o)
                              ADC_DelSig_1.o (symbol from plugin) (ADC_DelSig_1_AMux_Select)
.\CortexM3\ARM_GCC_493\Debug\Laserschutzschaltung.a(ADC_DelSig_1_Ext_CP_Clk.o)
                              ADC_DelSig_1.o (symbol from plugin) (ADC_DelSig_1_Ext_CP_Clk_SetModeRegister)
.\CortexM3\ARM_GCC_493\Debug\Laserschutzschaltung.a(ADC_DelSig_1_theACLK.o)
                              ADC_DelSig_1.o (symbol from plugin) (ADC_DelSig_1_theACLK_SetModeRegister)
.\CortexM3\ARM_GCC_493\Debug\Laserschutzschaltung.a(Control_RS.o)
                              .\CortexM3\ARM_GCC_493\Debug\main.o (symbol from plugin) (Control_RS_Write)
.\CortexM3\ARM_GCC_493\Debug\Laserschutzschaltung.a(VUSB.o)
[...]
Memory Configuration

Name             Origin             Length             Attributes
rom              0x00000000         0x00040000         xr
ram              0x1fff8000         0x00010000         xrw
*default*        0x00000000         0xffffffff

Linker script and memory map

LOAD c:/program files/cypress/psoc creator/4.0/psoc creator/import/gnu/arm/4.9.3/bin/../lib/gcc/arm-none-eabi/4.9.3/armv7-m/crti.o
LOAD c:/program files/cypress/psoc creator/4.0/psoc creator/import/gnu/arm/4.9.3/bin/../lib/gcc/arm-none-eabi/4.9.3/armv7-m/crtbegin.o
LOAD c:/program files/cypress/psoc creator/4.0/psoc creator/import/gnu/arm/4.9.3/bin/../lib/gcc/arm-none-eabi/4.9.3/../../../../arm-none-eabi/lib/armv7-m/crt0.o
START GROUP
LOAD .\CortexM3\ARM_GCC_493\Debug\main.o
LOAD C:\Users\Luggi\AppData\Local\Temp\ccwsQCE9.ltrans0.ltrans.o
LOAD C:\Users\Luggi\AppData\Local\Temp\ccwsQCE9.ltrans1.ltrans.o
LOAD C:\Users\Luggi\AppData\Local\Temp\ccwsQCE9.ltrans2.ltrans.o
LOAD C:\Users\Luggi\AppData\Local\Temp\ccwsQCE9.ltrans3.ltrans.o
LOAD C:\Users\Luggi\AppData\Local\Temp\ccwsQCE9.ltrans4.ltrans.o
LOAD C:\Users\Luggi\AppData\Local\Temp\ccwsQCE9.ltrans5.ltrans.o
LOAD c:/program files/cypress/psoc creator/4.0/psoc creator/import/gnu/arm/4.9.3/bin/../lib/gcc/arm-none-eabi/4.9.3/armv7-m\libgcc.a
LOAD c:/program files/cypress/psoc creator/4.0/psoc creator/import/gnu/arm/4.9.3/bin/../lib/gcc/arm-none-eabi/4.9.3/../../../../arm-none-eabi/lib/armv7-m\libg_nano.a
LOAD c:/program files/cypress/psoc creator/4.0/psoc creator/import/gnu/arm/4.9.3/bin/../lib/gcc/arm-none-eabi/4.9.3/../../../../arm-none-eabi/lib/armv7-m\libc_nano.a
LOAD c:/program files/cypress/psoc creator/4.0/psoc creator/import/gnu/arm/4.9.3/bin/../lib/gcc/arm-none-eabi/4.9.3/armv7-m\libgcc.a
LOAD c:/program files/cypress/psoc creator/4.0/psoc creator/import/gnu/arm/4.9.3/bin/../lib/gcc/arm-none-eabi/4.9.3/../../../../arm-none-eabi/lib/armv7-m\libc_nano.a
LOAD .\CortexM3\ARM_GCC_493\Debug\pid.o
LOAD .\CortexM3\ARM_GCC_493\Debug\cli.o
LOAD .\CortexM3\ARM_GCC_493\Debug\eeprom.o
LOAD .\CortexM3\ARM_GCC_493\Debug\Cm3Start.o
LOAD .\CortexM3\ARM_GCC_493\Debug\cymetadata.o
LOAD .\CortexM3\ARM_GCC_493\Debug\Laserschutzschaltung.a
LOAD C:\Program Files\Cypress\PSoC Creator\4.0\PSoC Creator\psoc\content\cycomponentlibrary\CyComponentLibrary.cylib\CortexM3\ARM_GCC_493\Debug\CyComponentLibrary.a
LOAD c:/program files/cypress/psoc creator/4.0/psoc creator/import/gnu/arm/4.9.3/bin/../lib/gcc/arm-none-eabi/4.9.3/../../../../arm-none-eabi/lib/armv7-m\libm.a
END GROUP
START GROUP
LOAD c:/program files/cypress/psoc creator/4.0/psoc creator/import/gnu/arm/4.9.3/bin/../lib/gcc/arm-none-eabi/4.9.3/armv7-m\libgcc.a
LOAD c:/program files/cypress/psoc creator/4.0/psoc creator/import/gnu/arm/4.9.3/bin/../lib/gcc/arm-none-eabi/4.9.3/../../../../arm-none-eabi/lib/armv7-m\libg_nano.a
LOAD c:/program files/cypress/psoc creator/4.0/psoc creator/import/gnu/arm/4.9.3/bin/../lib/gcc/arm-none-eabi/4.9.3/../../../../arm-none-eabi/lib/armv7-m\libc_nano.a
END GROUP
START GROUP
LOAD c:/program files/cypress/psoc creator/4.0/psoc creator/import/gnu/arm/4.9.3/bin/../lib/gcc/arm-none-eabi/4.9.3/armv7-m\libgcc.a
LOAD c:/program files/cypress/psoc creator/4.0/psoc creator/import/gnu/arm/4.9.3/bin/../lib/gcc/arm-none-eabi/4.9.3/../../../../arm-none-eabi/lib/armv7-m\libc_nano.a
END GROUP
LOAD c:/program files/cypress/psoc creator/4.0/psoc creator/import/gnu/arm/4.9.3/bin/../lib/gcc/arm-none-eabi/4.9.3/armv7-m/crtend.o
LOAD c:/program files/cypress/psoc creator/4.0/psoc creator/import/gnu/arm/4.9.3/bin/../lib/gcc/arm-none-eabi/4.9.3/armv7-m/crtn.o
START GROUP
LOAD c:/program files/cypress/psoc creator/4.0/psoc creator/import/gnu/arm/4.9.3/bin/../lib/gcc/arm-none-eabi/4.9.3/armv7-m\libgcc.a
LOAD c:/program files/cypress/psoc creator/4.0/psoc creator/import/gnu/arm/4.9.3/bin/../lib/gcc/arm-none-eabi/4.9.3/../../../../arm-none-eabi/lib/armv7-m\libc.a
LOAD c:/program files/cypress/psoc creator/4.0/psoc creator/import/gnu/arm/4.9.3/bin/../lib/gcc/arm-none-eabi/4.9.3/../../../../arm-none-eabi/lib/armv7-m\libnosys.a
END GROUP
                0x00000000                CY_APPL_ORIGIN = 0x0
                0x00000100                CY_FLASH_ROW_SIZE = 0x100
                0x00000020                CY_ECC_ROW_SIZE = 0x20
                0x00000000                CY_EE_IN_BTLDR = 0x0
                0x00000000                CY_APPL_LOADABLE = 0x0
                0x00000800                CY_EE_SIZE = 0x800
                0x00000001                CY_APPL_NUM = 0x1
                0x00000001                CY_APPL_MAX = 0x1
                0x00000040                CY_METADATA_SIZE = 0x40
                0x00000000                CY_APPL_LOADABLE = 0x0
                0x00000000                CY_CHECKSUM_EXCLUDE_SIZE = ALIGN (0x0, CY_FLASH_ROW_SIZE)
                0x1fff83e8                PROVIDE (__cy_heap_start, _end)
                0x00000001                PROVIDE (__cy_region_num, ((__cy_regions_end - __cy_regions) / 0x10))
                0x20008000                PROVIDE (__cy_stack, (ORIGIN (ram) + 0x10000))
                0x20007800                PROVIDE (__cy_heap_end, (__cy_stack - 0x800))

.cybootloader   0x00000000        0x0
 *(.cybootloader)
                0x00000000                appl1_start = CY_APPL_ORIGIN?CY_APPL_ORIGIN:ALIGN (CY_FLASH_ROW_SIZE)
                0x0001ff00                appl2_start = (appl1_start + ALIGN ((((0x40000 - appl1_start) - (0x2 * CY_FLASH_ROW_SIZE)) / 0x2), CY_FLASH_ROW_SIZE))
                0x00000000                appl_start = (CY_APPL_NUM == 0x1)?appl1_start:appl2_start
                0x00000000                ecc_offset = ((appl_start / CY_FLASH_ROW_SIZE) * CY_ECC_ROW_SIZE)
                0x00000000                ee_offset = (CY_APPL_LOADABLE && ! (CY_EE_IN_BTLDR))?((CY_EE_SIZE / CY_APPL_MAX) * (CY_APPL_NUM - 0x1)):0x0
                0x00000800                ee_size = (CY_APPL_LOADABLE && ! (CY_EE_IN_BTLDR))?(CY_EE_SIZE / CY_APPL_MAX):CY_EE_SIZE
                0x00000000                PROVIDE (CY_ECC_OFFSET, ecc_offset)

.text           0x00000000     0x934c
 CREATE_OBJECT_SYMBOLS
                0x00000000                PROVIDE (__cy_interrupt_vector, RomVectors)
 *(.romvectors)
 .romvectors    0x00000000       0x10 C:\Users\Luggi\AppData\Local\Temp\ccwsQCE9.ltrans1.ltrans.o
                0x00000001                ASSERT ((. != __cy_interrupt_vector), No interrupt vector)
                0x00000001                ASSERT (CY_APPL_ORIGIN?(SIZEOF (.cybootloader) <= CY_APPL_ORIGIN):0x1, Wrong image location)
                0x00000010                PROVIDE (__cy_reset, Reset)
 *(.text.Reset)
 .text.Reset    0x00000010       0x18 C:\Users\Luggi\AppData\Local\Temp\ccwsQCE9.ltrans1.ltrans.o
                0x00000010                Reset
                0x00000001                ASSERT ((. != __cy_reset), No reset code)
 *(.dma_init)
 .dma_init      0x00000028      0x2d0 C:\Users\Luggi\AppData\Local\Temp\ccwsQCE9.ltrans1.ltrans.o
                0x00000001                ASSERT ((((appl_start + .) <= 0x10000) || 0x0), DMA Init must be within the first 64k of flash)
 *(.text .text.* .gnu.linkonce.t.*)
 .text          0x000002f8       0x5c c:/program files/cypress/psoc creator/4.0/psoc creator/import/gnu/arm/4.9.3/bin/../lib/gcc/arm-none-eabi/4.9.3/armv7-m/crtbegin.o
 .text.USBUART_1_ConfigReg
                0x00000354       0xa4 C:\Users\Luggi\AppData\Local\Temp\ccwsQCE9.ltrans0.ltrans.o
 .text.USBUART_1_SOF_ISR
                0x000003f8        0x4 C:\Users\Luggi\AppData\Local\Temp\ccwsQCE9.ltrans0.ltrans.o
                0x000003f8                USBUART_1_SOF_ISR
 .text.USBUART_1_EP_6_ISR
                0x000003fc       0x3c C:\Users\Luggi\AppData\Local\Temp\ccwsQCE9.ltrans0.ltrans.o
                0x000003fc                USBUART_1_EP_6_ISR
 .text.USBUART_1_EP_5_ISR
                0x00000438       0x3c C:\Users\Luggi\AppData\Local\Temp\ccwsQCE9.ltrans0.ltrans.o
                0x00000438                USBUART_1_EP_5_ISR
 .text.USBUART_1_EP_4_ISR
                0x00000474       0x3c C:\Users\Luggi\AppData\Local\Temp\ccwsQCE9.ltrans0.ltrans.o
                0x00000474                USBUART_1_EP_4_ISR
 .text.USBUART_1_EP_3_ISR
                0x000004b0       0x3c C:\Users\Luggi\AppData\Local\Temp\ccwsQCE9.ltrans0.ltrans.o
                0x000004b0                USBUART_1_EP_3_ISR
 .text.USBUART_1_EP_2_ISR
                0x000004ec       0x34 C:\Users\Luggi\AppData\Local\Temp\ccwsQCE9.ltrans0.ltrans.o
                0x000004ec                USBUART_1_EP_2_ISR
 .text.USBUART_1_EP_1_ISR
                0x00000520       0x30 C:\Users\Luggi\AppData\Local\Temp\ccwsQCE9.ltrans0.ltrans.o
                0x00000520                USBUART_1_EP_1_ISR
 .text.USBUART_1_InitializeStatusBlock
                0x00000550       0x24 C:\Users\Luggi\AppData\Local\Temp\ccwsQCE9.ltrans0.ltrans.o
 .text.USBUART_1_UpdateStatusBlock
                0x00000574       0x24 C:\Users\Luggi\AppData\Local\Temp\ccwsQCE9.ltrans0.ltrans.o
 .text.USBUART_1_NoDataControlStatusStage
                0x00000598       0x38 C:\Users\Luggi\AppData\Local\Temp\ccwsQCE9.ltrans0.ltrans.o
 .text.USBUART_1_ControlWriteStatusStage
                0x000005d0       0x18 C:\Users\Luggi\AppData\Local\Temp\ccwsQCE9.ltrans0.ltrans.o
 .text.USBUART_1_ControlWriteDataStage
                0x000005e8       0x70 C:\Users\Luggi\AppData\Local\Temp\ccwsQCE9.ltrans0.ltrans.o
 .text.USBUART_1_InitControlWrite
                0x00000658       0x40 C:\Users\Luggi\AppData\Local\Temp\ccwsQCE9.ltrans0.ltrans.o
 .text.USBUART_1_ControlReadStatusStage
                0x00000698       0x24 C:\Users\Luggi\AppData\Local\Temp\ccwsQCE9.ltrans0.ltrans.o
 .text.USBUART_1_InitZeroLengthControlTransfer
                0x000006bc       0x1c C:\Users\Luggi\AppData\Local\Temp\ccwsQCE9.ltrans0.ltrans.o
 .text.USBUART_1_LoadEP0
                0x000006d8       0x78 C:\Users\Luggi\AppData\Local\Temp\ccwsQCE9.ltrans0.ltrans.o
 .text.USBUART_1_ControlReadDataStage
                0x00000750        0x8 C:\Users\Luggi\AppData\Local\Temp\ccwsQCE9.ltrans0.ltrans.o
 .text.USBUART_1_HandleOUT
                0x00000758       0x34 C:\Users\Luggi\AppData\Local\Temp\ccwsQCE9.ltrans0.ltrans.o
 .text.USBUART_1_HandleIN
                0x0000078c       0x2c C:\Users\Luggi\AppData\Local\Temp\ccwsQCE9.ltrans0.ltrans.o
 .text.USBUART_1_Cdc_EpInit
                0x000007b8       0x4c C:\Users\Luggi\AppData\Local\Temp\ccwsQCE9.ltrans0.ltrans.o
 .text.USBUART_1_StrLen
                0x00000804       0x14 C:\Users\Luggi\AppData\Local\Temp\ccwsQCE9.ltrans0.ltrans.o
 .text.USBUART_1_GetInterfaceComPort
                0x00000818       0x3c C:\Users\Luggi\AppData\Local\Temp\ccwsQCE9.ltrans0.ltrans.o
 .text.USBUART_1_EnableOutEP
                0x00000854       0x2c C:\Users\Luggi\AppData\Local\Temp\ccwsQCE9.ltrans0.ltrans.o
 .text.USBUART_1_LoadInEP
                0x00000880       0x94 C:\Users\Luggi\AppData\Local\Temp\ccwsQCE9.ltrans0.ltrans.o
 .text.USBUART_1_GetEPCount
                0x00000914       0x28 C:\Users\Luggi\AppData\Local\Temp\ccwsQCE9.ltrans0.ltrans.o
 .text.USBUART_1_ReadOutEP
                0x0000093c       0x50 C:\Users\Luggi\AppData\Local\Temp\ccwsQCE9.ltrans0.ltrans.o
 .text.USBUART_1_GetEPState
                0x0000098c       0x14 C:\Users\Luggi\AppData\Local\Temp\ccwsQCE9.ltrans0.ltrans.o
 .text.USBUART_1_ReadDieID
                0x000009a0       0x6c C:\Users\Luggi\AppData\Local\Temp\ccwsQCE9.ltrans0.ltrans.o
 .text.USBUART_1_DP_ISR
                0x00000a0c        0x8 C:\Users\Luggi\AppData\Local\Temp\ccwsQCE9.ltrans0.ltrans.o
                0x00000a0c                USBUART_1_DP_ISR
 .text.USBUART_1_BUS_RESET_ISR
                0x00000a14        0x8 C:\Users\Luggi\AppData\Local\Temp\ccwsQCE9.ltrans0.ltrans.o
                0x00000a14                USBUART_1_BUS_RESET_ISR
 .text.USBUART_1_GetConfigTablePtr
                0x00000a1c       0x20 C:\Users\Luggi\AppData\Local\Temp\ccwsQCE9.ltrans0.ltrans.o
                0x00000a1c                USBUART_1_GetConfigTablePtr
 .text.USBUART_1_ConfigAltChanged
                0x00000a3c      0x11c C:\Users\Luggi\AppData\Local\Temp\ccwsQCE9.ltrans0.ltrans.o
 .text.USBUART_1_Config
                0x00000b58      0x1dc C:\Users\Luggi\AppData\Local\Temp\ccwsQCE9.ltrans0.ltrans.o
 .text.USBUART_1_InitNoDataControlTransfer
                0x00000d34       0x18 C:\Users\Luggi\AppData\Local\Temp\ccwsQCE9.ltrans0.ltrans.o
                0x00000d34                USBUART_1_InitNoDataControlTransfer
 .text.USBUART_1_InitControlRead
                0x00000d4c       0x4c C:\Users\Luggi\AppData\Local\Temp\ccwsQCE9.ltrans0.ltrans.o
                0x00000d4c                USBUART_1_InitControlRead
 .text.USBUART_1_HandleStandardRqst
                0x00000d98      0x354 C:\Users\Luggi\AppData\Local\Temp\ccwsQCE9.ltrans0.ltrans.o
 .text.USBUART_1_HandleSetup
                0x000010ec       0x5c C:\Users\Luggi\AppData\Local\Temp\ccwsQCE9.ltrans0.ltrans.o
 .text.USBUART_1_EP_0_ISR
                0x00001148       0xac C:\Users\Luggi\AppData\Local\Temp\ccwsQCE9.ltrans0.ltrans.o
                0x00001148                USBUART_1_EP_0_ISR
 .text.USBUART_1_SetComPort
                0x000011f4       0x1c C:\Users\Luggi\AppData\Local\Temp\ccwsQCE9.ltrans0.ltrans.o
                0x000011f4                USBUART_1_SetComPort
 .text.USBUART_1_GetAll
                0x00001210       0x2c C:\Users\Luggi\AppData\Local\Temp\ccwsQCE9.ltrans0.ltrans.o
                0x00001210                USBUART_1_GetAll
 .text.USBUART_1_CDCIsReady
                0x0000123c       0x18 C:\Users\Luggi\AppData\Local\Temp\ccwsQCE9.ltrans0.ltrans.o
                0x0000123c                USBUART_1_CDCIsReady
 .text.USBUART_1_GetCount
                0x00001254       0x34 C:\Users\Luggi\AppData\Local\Temp\ccwsQCE9.ltrans0.ltrans.o
                0x00001254                USBUART_1_GetCount
 .text.USBUART_1_PutChar
                0x00001288       0x24 C:\Users\Luggi\AppData\Local\Temp\ccwsQCE9.ltrans0.ltrans.o
                0x00001288                USBUART_1_PutChar
 .text.USBUART_1_PutString
                0x000012ac       0x9c C:\Users\Luggi\AppData\Local\Temp\ccwsQCE9.ltrans0.ltrans.o
                0x000012ac                USBUART_1_PutString
 .text.USBUART_1_CDC_Init
                0x00001348       0x8c C:\Users\Luggi\AppData\Local\Temp\ccwsQCE9.ltrans0.ltrans.o
                0x00001348                USBUART_1_CDC_Init
 .text.USBUART_1_DispatchCDCClassRqst
                0x000013d4       0xa0 C:\Users\Luggi\AppData\Local\Temp\ccwsQCE9.ltrans0.ltrans.o
                0x000013d4                USBUART_1_DispatchCDCClassRqst
 .text.USBUART_1_SetPowerStatus
                0x00001474       0x20 C:\Users\Luggi\AppData\Local\Temp\ccwsQCE9.ltrans0.ltrans.o
                0x00001474                USBUART_1_SetPowerStatus
 .text.USBUART_1_GetConfiguration
                0x00001494        0xc C:\Users\Luggi\AppData\Local\Temp\ccwsQCE9.ltrans0.ltrans.o
                0x00001494                USBUART_1_GetConfiguration
 .text.USBUART_1_Stop
                0x000014a0       0xb4 C:\Users\Luggi\AppData\Local\Temp\ccwsQCE9.ltrans0.ltrans.o
                0x000014a0                USBUART_1_Stop
 .text.Comp_1_SetSpeed
                0x00001554       0x58 C:\Users\Luggi\AppData\Local\Temp\ccwsQCE9.ltrans1.ltrans.o
 .text.Comp_1_Enable
                0x000015ac       0x1c C:\Users\Luggi\AppData\Local\Temp\ccwsQCE9.ltrans1.ltrans.o
 .text.Comp_1_Init
                0x000015c8       0x3c C:\Users\Luggi\AppData\Local\Temp\ccwsQCE9.ltrans1.ltrans.o
 .text.VDAC8_DacTrim
                0x00001604       0x24 C:\Users\Luggi\AppData\Local\Temp\ccwsQCE9.ltrans1.ltrans.o
 .text.VDAC8_SetValue
                0x00001628        0xc C:\Users\Luggi\AppData\Local\Temp\ccwsQCE9.ltrans1.ltrans.o
 .text.VDAC8_SetRange
                0x00001634       0x20 C:\Users\Luggi\AppData\Local\Temp\ccwsQCE9.ltrans1.ltrans.o
 .text.VDAC8_SetSpeed
                0x00001654       0x1c C:\Users\Luggi\AppData\Local\Temp\ccwsQCE9.ltrans1.ltrans.o
 .text.VDAC8_Enable
                0x00001670       0x1c C:\Users\Luggi\AppData\Local\Temp\ccwsQCE9.ltrans1.ltrans.o
 .text.VDAC8_Init
                0x0000168c       0x20 C:\Users\Luggi\AppData\Local\Temp\ccwsQCE9.ltrans1.ltrans.o
 .text.isr_Disable
                0x000016ac       0x10 C:\Users\Luggi\AppData\Local\Temp\ccwsQCE9.ltrans1.ltrans.o
 .text.isr_Enable
                0x000016bc       0x10 C:\Users\Luggi\AppData\Local\Temp\ccwsQCE9.ltrans1.ltrans.o
 .text.isr_SetPriority
                0x000016cc       0x10 C:\Users\Luggi\AppData\Local\Temp\ccwsQCE9.ltrans1.ltrans.o
 .text.isr_SetVector
                0x000016dc       0x10 C:\Users\Luggi\AppData\Local\Temp\ccwsQCE9.ltrans1.ltrans.o
 .text.CyClockStartupError
                0x000016ec        0x4 C:\Users\Luggi\AppData\Local\Temp\ccwsQCE9.ltrans1.ltrans.o
 .text.AnalogSetDefault
                0x000016f0      0x160 C:\Users\Luggi\AppData\Local\Temp\ccwsQCE9.ltrans1.ltrans.o
 .text.CYCONFIGCPY
                0x00001850        0x8 C:\Users\Luggi\AppData\Local\Temp\ccwsQCE9.ltrans1.ltrans.o
 .text.ClockSetup
                0x00001858      0x1a0 C:\Users\Luggi\AppData\Local\Temp\ccwsQCE9.ltrans1.ltrans.o
 .text.cfg_dma_init
                0x000019f8      0x104 C:\Users\Luggi\AppData\Local\Temp\ccwsQCE9.ltrans1.ltrans.o
 .text.CYMEMZERO
                0x00001afc        0xc C:\Users\Luggi\AppData\Local\Temp\ccwsQCE9.ltrans1.ltrans.o
 .text.cyfitter_cfg
                0x00001b08      0x188 C:\Users\Luggi\AppData\Local\Temp\ccwsQCE9.ltrans1.ltrans.o
 .text.IntDefaultHandler
                0x00001c90       0x10 C:\Users\Luggi\AppData\Local\Temp\ccwsQCE9.ltrans1.ltrans.o
 .text.cliStatus.lto_priv.18
                0x00001ca0       0xac C:\Users\Luggi\AppData\Local\Temp\ccwsQCE9.ltrans1.ltrans.o
                0x00001ca0                cliStatus.lto_priv.18
 .text.cliSetPeltier.lto_priv.17
                0x00001d4c       0x58 C:\Users\Luggi\AppData\Local\Temp\ccwsQCE9.ltrans1.ltrans.o
                0x00001d4c                cliSetPeltier.lto_priv.17
 .text.cliSetVar
                0x00001da4       0x58 C:\Users\Luggi\AppData\Local\Temp\ccwsQCE9.ltrans1.ltrans.o
 .text.cliSet.lto_priv.16
                0x00001dfc      0x1ac C:\Users\Luggi\AppData\Local\Temp\ccwsQCE9.ltrans1.ltrans.o
                0x00001dfc                cliSet.lto_priv.16
 .text.Filter_Enable
                0x00001fa8       0x28 C:\Users\Luggi\AppData\Local\Temp\ccwsQCE9.ltrans1.ltrans.o
                0x00001fa8                Filter_Enable
 .text.Filter_Init
                0x00001fd0       0xc4 C:\Users\Luggi\AppData\Local\Temp\ccwsQCE9.ltrans1.ltrans.o
                0x00001fd0                Filter_Init
 .text.Comp_1_Start
                0x00002094       0x20 C:\Users\Luggi\AppData\Local\Temp\ccwsQCE9.ltrans1.ltrans.o
                0x00002094                Comp_1_Start
 .text.VDAC8_Start
                0x000020b4       0x28 C:\Users\Luggi\AppData\Local\Temp\ccwsQCE9.ltrans1.ltrans.o
                0x000020b4                VDAC8_Start
 .text.isr_StartEx
                0x000020dc       0x1c C:\Users\Luggi\AppData\Local\Temp\ccwsQCE9.ltrans1.ltrans.o
                0x000020dc                isr_StartEx
 .text.DMA_DmaInitialize
                0x000020f8       0x3c C:\Users\Luggi\AppData\Local\Temp\ccwsQCE9.ltrans1.ltrans.o
                0x000020f8                DMA_DmaInitialize
 .text.ADC_DelSig_1_AMux_Unset
                0x00002134       0x24 C:\Users\Luggi\AppData\Local\Temp\ccwsQCE9.ltrans1.ltrans.o
                0x00002134                ADC_DelSig_1_AMux_Unset
 .text.ADC_DelSig_1_AMux_Set
                0x00002158       0x20 C:\Users\Luggi\AppData\Local\Temp\ccwsQCE9.ltrans1.ltrans.o
                0x00002158                ADC_DelSig_1_AMux_Set
 .text.initialize_psoc
                0x00002178       0x70 C:\Users\Luggi\AppData\Local\Temp\ccwsQCE9.ltrans1.ltrans.o
 .text._sbrk    0x000021e8       0x30 C:\Users\Luggi\AppData\Local\Temp\ccwsQCE9.ltrans1.ltrans.o
                0x000021e8                _sbrk
 .text.read_settings
                0x00002218       0x6c C:\Users\Luggi\AppData\Local\Temp\ccwsQCE9.ltrans1.ltrans.o
                0x00002218                read_settings
 .text.save_settings
                0x00002284       0xa8 C:\Users\Luggi\AppData\Local\Temp\ccwsQCE9.ltrans1.ltrans.o
                0x00002284                save_settings
 .text.cliProcess
                0x0000232c      0x218 C:\Users\Luggi\AppData\Local\Temp\ccwsQCE9.ltrans1.ltrans.o
                0x0000232c                cliProcess
 .text.Start_c  0x00002544       0x4c C:\Users\Luggi\AppData\Local\Temp\ccwsQCE9.ltrans1.ltrans.o
 .text.PID_isr_Disable
                0x00002590       0x10 C:\Users\Luggi\AppData\Local\Temp\ccwsQCE9.ltrans2.ltrans.o
 .text.PID_isr_Enable
                0x000025a0       0x10 C:\Users\Luggi\AppData\Local\Temp\ccwsQCE9.ltrans2.ltrans.o
 .text.PID_isr_SetVector
                0x000025b0       0x10 C:\Users\Luggi\AppData\Local\Temp\ccwsQCE9.ltrans2.ltrans.o
 .text.Counter_1_SetInterruptMode
                0x000025c0        0xc C:\Users\Luggi\AppData\Local\Temp\ccwsQCE9.ltrans2.ltrans.o
 .text.Counter_1_Enable
                0x000025cc       0x28 C:\Users\Luggi\AppData\Local\Temp\ccwsQCE9.ltrans2.ltrans.o
 .text.PGA_1_SetPower
                0x000025f4       0x18 C:\Users\Luggi\AppData\Local\Temp\ccwsQCE9.ltrans2.ltrans.o
 .text.PGA_1_Enable
                0x0000260c       0x28 C:\Users\Luggi\AppData\Local\Temp\ccwsQCE9.ltrans2.ltrans.o
 .text.IDAC8_2_DacTrim
                0x00002634       0x34 C:\Users\Luggi\AppData\Local\Temp\ccwsQCE9.ltrans2.ltrans.o
 .text.IDAC8_2_SetSpeed
                0x00002668       0x1c C:\Users\Luggi\AppData\Local\Temp\ccwsQCE9.ltrans2.ltrans.o
 .text.IDAC8_2_Enable
                0x00002684       0x1c C:\Users\Luggi\AppData\Local\Temp\ccwsQCE9.ltrans2.ltrans.o
 .text.IDAC8_2_Init
                0x000026a0       0x24 C:\Users\Luggi\AppData\Local\Temp\ccwsQCE9.ltrans2.ltrans.o
 .text.IDAC8_1_DacTrim
                0x000026c4       0x34 C:\Users\Luggi\AppData\Local\Temp\ccwsQCE9.ltrans2.ltrans.o
 .text.IDAC8_1_SetSpeed
                0x000026f8       0x1c C:\Users\Luggi\AppData\Local\Temp\ccwsQCE9.ltrans2.ltrans.o
 .text.IDAC8_1_Enable
                0x00002714       0x1c C:\Users\Luggi\AppData\Local\Temp\ccwsQCE9.ltrans2.ltrans.o
 .text.IDAC8_1_Init
                0x00002730       0x24 C:\Users\Luggi\AppData\Local\Temp\ccwsQCE9.ltrans2.ltrans.o
 .text.ADC_SAR_1_theACLK_SetModeRegister
                0x00002754       0x14 C:\Users\Luggi\AppData\Local\Temp\ccwsQCE9.ltrans2.ltrans.o
 .text.ADC_SAR_1_ISR
                0x00002768        0x4 C:\Users\Luggi\AppData\Local\Temp\ccwsQCE9.ltrans2.ltrans.o
 .text.Fault_isr_Disable
                0x0000276c        0xc C:\Users\Luggi\AppData\Local\Temp\ccwsQCE9.ltrans2.ltrans.o
 .text.Fault_isr_Enable
                0x00002778        0xc C:\Users\Luggi\AppData\Local\Temp\ccwsQCE9.ltrans2.ltrans.o
 .text.Fault_isr_SetVector
                0x00002784        0xc C:\Users\Luggi\AppData\Local\Temp\ccwsQCE9.ltrans2.ltrans.o
 .text.Comp_3_SetSpeed
                0x00002790       0x58 C:\Users\Luggi\AppData\Local\Temp\ccwsQCE9.ltrans2.ltrans.o
 .text.Comp_3_Enable
                0x000027e8       0x1c C:\Users\Luggi\AppData\Local\Temp\ccwsQCE9.ltrans2.ltrans.o
 .text.Comp_3_Init
                0x00002804       0x3c C:\Users\Luggi\AppData\Local\Temp\ccwsQCE9.ltrans2.ltrans.o
 .text.Comp_2_SetSpeed
                0x00002840       0x58 C:\Users\Luggi\AppData\Local\Temp\ccwsQCE9.ltrans2.ltrans.o
 .text.Comp_2_Enable
                0x00002898       0x1c C:\Users\Luggi\AppData\Local\Temp\ccwsQCE9.ltrans2.ltrans.o
 .text.Comp_2_Init
                0x000028b4       0x3c C:\Users\Luggi\AppData\Local\Temp\ccwsQCE9.ltrans2.ltrans.o
 .text.CyDelay  0x000028f0       0x28 C:\Users\Luggi\AppData\Local\Temp\ccwsQCE9.ltrans2.ltrans.o
 .text.PID_isr_SetPriority
                0x00002918       0x10 C:\Users\Luggi\AppData\Local\Temp\ccwsQCE9.ltrans2.ltrans.o
                0x00002918                PID_isr_SetPriority
 .text.PID_isr_StartEx
                0x00002928       0x1c C:\Users\Luggi\AppData\Local\Temp\ccwsQCE9.ltrans2.ltrans.o
                0x00002928                PID_isr_StartEx
 .text.Counter_1_WritePeriod
                0x00002944        0xc C:\Users\Luggi\AppData\Local\Temp\ccwsQCE9.ltrans2.ltrans.o
                0x00002944                Counter_1_WritePeriod
 .text.Counter_1_ReadStatusRegister
                0x00002950        0xc C:\Users\Luggi\AppData\Local\Temp\ccwsQCE9.ltrans2.ltrans.o
                0x00002950                Counter_1_ReadStatusRegister
 .text.PGA_1_SetGain
                0x0000295c       0x78 C:\Users\Luggi\AppData\Local\Temp\ccwsQCE9.ltrans2.ltrans.o
                0x0000295c                PGA_1_SetGain
 .text.PGA_1_Init
                0x000029d4       0x34 C:\Users\Luggi\AppData\Local\Temp\ccwsQCE9.ltrans2.ltrans.o
 .text.PGA_1_Start
                0x00002a08       0x1c C:\Users\Luggi\AppData\Local\Temp\ccwsQCE9.ltrans2.ltrans.o
                0x00002a08                PGA_1_Start
 .text.IDAC8_2_SetValue
                0x00002a24        0xc C:\Users\Luggi\AppData\Local\Temp\ccwsQCE9.ltrans2.ltrans.o
                0x00002a24                IDAC8_2_SetValue
 .text.IDAC8_2_Start
                0x00002a30       0x24 C:\Users\Luggi\AppData\Local\Temp\ccwsQCE9.ltrans2.ltrans.o
                0x00002a30                IDAC8_2_Start
 .text.IDAC8_1_SetValue
                0x00002a54        0xc C:\Users\Luggi\AppData\Local\Temp\ccwsQCE9.ltrans2.ltrans.o
                0x00002a54                IDAC8_1_SetValue
 .text.IDAC8_1_Start
                0x00002a60       0x24 C:\Users\Luggi\AppData\Local\Temp\ccwsQCE9.ltrans2.ltrans.o
                0x00002a60                IDAC8_1_Start
 .text.ADC_SAR_1_StartConvert
                0x00002a84       0x10 C:\Users\Luggi\AppData\Local\Temp\ccwsQCE9.ltrans2.ltrans.o
                0x00002a84                ADC_SAR_1_StartConvert
 .text.Fault_isr_SetPriority
                0x00002a94       0x10 C:\Users\Luggi\AppData\Local\Temp\ccwsQCE9.ltrans2.ltrans.o
                0x00002a94                Fault_isr_SetPriority
 .text.Fault_isr_StartEx
                0x00002aa4       0x1c C:\Users\Luggi\AppData\Local\Temp\ccwsQCE9.ltrans2.ltrans.o
                0x00002aa4                Fault_isr_StartEx
 .text.Comp_3_Start
                0x00002ac0       0x1c C:\Users\Luggi\AppData\Local\Temp\ccwsQCE9.ltrans2.ltrans.o
                0x00002ac0                Comp_3_Start
 .text.Comp_2_Start
                0x00002adc       0x1c C:\Users\Luggi\AppData\Local\Temp\ccwsQCE9.ltrans2.ltrans.o
                0x00002adc                Comp_2_Start
 .text.CyGetUniqueId
                0x00002af8       0x70 C:\Users\Luggi\AppData\Local\Temp\ccwsQCE9.ltrans2.ltrans.o
                0x00002af8                CyGetUniqueId
 .text.CyDelayUs
                0x00002b68        0xc C:\Users\Luggi\AppData\Local\Temp\ccwsQCE9.ltrans2.ltrans.o
                0x00002b68                CyDelayUs
 .text.ADC_SAR_1_Enable
                0x00002b74       0x94 C:\Users\Luggi\AppData\Local\Temp\ccwsQCE9.ltrans2.ltrans.o
 .text.LCD_WrCntrlNib
                0x00002c08       0x34 C:\Users\Luggi\AppData\Local\Temp\ccwsQCE9.ltrans2.ltrans.o
 .text.LCD_WrDatNib
                0x00002c3c       0x44 C:\Users\Luggi\AppData\Local\Temp\ccwsQCE9.ltrans2.ltrans.o
 .text.LCD_IsReady
                0x00002c80       0xe4 C:\Users\Luggi\AppData\Local\Temp\ccwsQCE9.ltrans2.ltrans.o
 .text.LCD_WriteControl
                0x00002d64       0x18 C:\Users\Luggi\AppData\Local\Temp\ccwsQCE9.ltrans2.ltrans.o
 .text.LCD_Position
                0x00002d7c       0x3c C:\Users\Luggi\AppData\Local\Temp\ccwsQCE9.ltrans2.ltrans.o
                0x00002d7c                LCD_Position
 .text.LCD_Enable
                0x00002db8       0x14 C:\Users\Luggi\AppData\Local\Temp\ccwsQCE9.ltrans2.ltrans.o
 .text.LCD_Init
                0x00002dcc       0x6c C:\Users\Luggi\AppData\Local\Temp\ccwsQCE9.ltrans2.ltrans.o
 .text.LCD_Start
                0x00002e38       0x1c C:\Users\Luggi\AppData\Local\Temp\ccwsQCE9.ltrans2.ltrans.o
                0x00002e38                LCD_Start
 .text.LCD_WriteData
                0x00002e54       0x18 C:\Users\Luggi\AppData\Local\Temp\ccwsQCE9.ltrans2.ltrans.o
 .text.LCD_PrintString
                0x00002e6c       0x1c C:\Users\Luggi\AppData\Local\Temp\ccwsQCE9.ltrans2.ltrans.o
                0x00002e6c                LCD_PrintString
 .text.CyHalt   0x00002e88        0x4 C:\Users\Luggi\AppData\Local\Temp\ccwsQCE9.ltrans2.ltrans.o
                0x00002e88                CyHalt
 .text.Counter_1_WriteCounter
                0x00002e8c       0x34 C:\Users\Luggi\AppData\Local\Temp\ccwsQCE9.ltrans2.ltrans.o
 .text.Counter_1_Init
                0x00002ec0       0x64 C:\Users\Luggi\AppData\Local\Temp\ccwsQCE9.ltrans2.ltrans.o
 .text.Counter_1_Start
                0x00002f24       0x1c C:\Users\Luggi\AppData\Local\Temp\ccwsQCE9.ltrans2.ltrans.o
                0x00002f24                Counter_1_Start
 .text.ADC_SAR_1_CalcGain
                0x00002f40       0x58 C:\Users\Luggi\AppData\Local\Temp\ccwsQCE9.ltrans2.ltrans.o
 .text.ADC_SAR_1_SetResolution
                0x00002f98       0x38 C:\Users\Luggi\AppData\Local\Temp\ccwsQCE9.ltrans2.ltrans.o
 .text.CyIntSetPriority
                0x00002fd0       0x30 C:\Users\Luggi\AppData\Local\Temp\ccwsQCE9.ltrans2.ltrans.o
                0x00002fd0                CyIntSetPriority
 .text.ADC_DelSig_1_Init
                0x00003000      0x104 C:\Users\Luggi\AppData\Local\Temp\ccwsQCE9.ltrans2.ltrans.o
                0x00003000                ADC_DelSig_1_Init
 .text.CyIntSetVector
                0x00003104       0x28 C:\Users\Luggi\AppData\Local\Temp\ccwsQCE9.ltrans2.ltrans.o
                0x00003104                CyIntSetVector
 .text.ADC_SAR_1_Init
                0x0000312c       0x3c C:\Users\Luggi\AppData\Local\Temp\ccwsQCE9.ltrans2.ltrans.o
 .text.ADC_SAR_1_Start
                0x00003168       0x1c C:\Users\Luggi\AppData\Local\Temp\ccwsQCE9.ltrans2.ltrans.o
                0x00003168                ADC_SAR_1_Start
 .text.CyDmaTdSetAddress
                0x00003184       0x1c C:\Users\Luggi\AppData\Local\Temp\ccwsQCE9.ltrans2.ltrans.o
                0x00003184                CyDmaTdSetAddress
 .text.CyDmaTdSetConfiguration
                0x000031a0       0x28 C:\Users\Luggi\AppData\Local\Temp\ccwsQCE9.ltrans2.ltrans.o
                0x000031a0                CyDmaTdSetConfiguration
 .text.CyDmaTdAllocate
                0x000031c8       0x34 C:\Users\Luggi\AppData\Local\Temp\ccwsQCE9.ltrans2.ltrans.o
                0x000031c8                CyDmaTdAllocate
 .text.CyDmaChSetConfiguration
                0x000031fc       0x48 C:\Users\Luggi\AppData\Local\Temp\ccwsQCE9.ltrans2.ltrans.o
                0x000031fc                CyDmaChSetConfiguration
 .text.CyDmaChSetInitialTd
                0x00003244       0x18 C:\Users\Luggi\AppData\Local\Temp\ccwsQCE9.ltrans2.ltrans.o
                0x00003244                CyDmaChSetInitialTd
 .text.CyDmaChSetExtendedAddress
                0x0000325c       0x34 C:\Users\Luggi\AppData\Local\Temp\ccwsQCE9.ltrans2.ltrans.o
                0x0000325c                CyDmaChSetExtendedAddress
 .text.CyDmaChPriority
                0x00003290       0x24 C:\Users\Luggi\AppData\Local\Temp\ccwsQCE9.ltrans2.ltrans.o
                0x00003290                CyDmaChPriority
 .text.CyDmaClearPendingDrq
                0x000032b4       0x28 C:\Users\Luggi\AppData\Local\Temp\ccwsQCE9.ltrans2.ltrans.o
                0x000032b4                CyDmaClearPendingDrq
 .text.CyDmaChEnable
                0x000032dc       0x38 C:\Users\Luggi\AppData\Local\Temp\ccwsQCE9.ltrans2.ltrans.o
                0x000032dc                CyDmaChEnable
 .text.CyDmacConfigure
                0x00003314       0x34 C:\Users\Luggi\AppData\Local\Temp\ccwsQCE9.ltrans2.ltrans.o
                0x00003314                CyDmacConfigure
 .text.Filter_SetDMAMode
                0x00003348       0x10 C:\Users\Luggi\AppData\Local\Temp\ccwsQCE9.ltrans2.ltrans.o
                0x00003348                Filter_SetDMAMode
 .text.Filter_SetInterruptMode
                0x00003358       0x10 C:\Users\Luggi\AppData\Local\Temp\ccwsQCE9.ltrans2.ltrans.o
                0x00003358                Filter_SetInterruptMode
 .text.Filter_SetCoherency
                0x00003368       0x48 C:\Users\Luggi\AppData\Local\Temp\ccwsQCE9.ltrans2.ltrans.o
                0x00003368                Filter_SetCoherency
 .text.Filter_Start
                0x000033b0       0x1c C:\Users\Luggi\AppData\Local\Temp\ccwsQCE9.ltrans2.ltrans.o
                0x000033b0                Filter_Start
 .text.i2a      0x000033cc       0x2c C:\Users\Luggi\AppData\Local\Temp\ccwsQCE9.ltrans3.ltrans.o
 .text.itoa     0x000033f8       0x34 C:\Users\Luggi\AppData\Local\Temp\ccwsQCE9.ltrans3.ltrans.o
 .text.constrain
                0x0000342c       0x14 C:\Users\Luggi\AppData\Local\Temp\ccwsQCE9.ltrans3.ltrans.o
 .text.pid_calc
                0x00003440       0x68 C:\Users\Luggi\AppData\Local\Temp\ccwsQCE9.ltrans3.ltrans.o
 .text.pid_init
                0x000034a8        0xc C:\Users\Luggi\AppData\Local\Temp\ccwsQCE9.ltrans3.ltrans.o
 .text.filterVDAC
                0x000034b4       0x44 C:\Users\Luggi\AppData\Local\Temp\ccwsQCE9.ltrans3.ltrans.o
 .text.calc_diode_power
                0x000034f8       0x2c C:\Users\Luggi\AppData\Local\Temp\ccwsQCE9.ltrans3.ltrans.o
 .text.value_to_string2
                0x00003524       0x8c C:\Users\Luggi\AppData\Local\Temp\ccwsQCE9.ltrans3.ltrans.o
 .text.value_to_string00_00
                0x000035b0       0xa4 C:\Users\Luggi\AppData\Local\Temp\ccwsQCE9.ltrans3.ltrans.o
 .text.cliCompare.lto_priv.3
                0x00003654       0x18 C:\Users\Luggi\AppData\Local\Temp\ccwsQCE9.ltrans3.ltrans.o
                0x00003654                cliCompare.lto_priv.3
 .text.faultISR
                0x0000366c       0x20 C:\Users\Luggi\AppData\Local\Temp\ccwsQCE9.ltrans3.ltrans.o
 .text.pidISR   0x0000368c       0x14 C:\Users\Luggi\AppData\Local\Temp\ccwsQCE9.ltrans3.ltrans.o
 .text.pid1_write
                0x000036a0       0x40 C:\Users\Luggi\AppData\Local\Temp\ccwsQCE9.ltrans3.ltrans.o
 .text.calc_temperature_ntc10k
                0x000036e0       0xdc C:\Users\Luggi\AppData\Local\Temp\ccwsQCE9.ltrans3.ltrans.o
 .text.DMA_Config
                0x000037bc       0x44 C:\Users\Luggi\AppData\Local\Temp\ccwsQCE9.ltrans3.ltrans.o
 .text.peripheral_init
                0x00003800       0xd4 C:\Users\Luggi\AppData\Local\Temp\ccwsQCE9.ltrans3.ltrans.o
 .text.USB_init
                0x000038d4       0x20 C:\Users\Luggi\AppData\Local\Temp\ccwsQCE9.ltrans3.ltrans.o
 .text.cliWrite.lto_priv.8
                0x000038f4       0x14 C:\Users\Luggi\AppData\Local\Temp\ccwsQCE9.ltrans3.ltrans.o
                0x000038f4                cliWrite.lto_priv.8
 .text.cliPrint.lto_priv.9
                0x00003908       0x14 C:\Users\Luggi\AppData\Local\Temp\ccwsQCE9.ltrans3.ltrans.o
                0x00003908                cliPrint.lto_priv.9
 .text.cliSave.lto_priv.7
                0x0000391c       0x20 C:\Users\Luggi\AppData\Local\Temp\ccwsQCE9.ltrans3.ltrans.o
                0x0000391c                cliSave.lto_priv.7
 .text.cliHelp.lto_priv.6
                0x0000393c       0x40 C:\Users\Luggi\AppData\Local\Temp\ccwsQCE9.ltrans3.ltrans.o
                0x0000393c                cliHelp.lto_priv.6
 .text.cliExit.lto_priv.5
                0x0000397c       0x28 C:\Users\Luggi\AppData\Local\Temp\ccwsQCE9.ltrans3.ltrans.o
                0x0000397c                cliExit.lto_priv.5
 .text.cliDefaults.lto_priv.4
                0x000039a4       0x10 C:\Users\Luggi\AppData\Local\Temp\ccwsQCE9.ltrans3.ltrans.o
                0x000039a4                cliDefaults.lto_priv.4
 .text.cliPrompt.lto_priv.10
                0x000039b4       0x10 C:\Users\Luggi\AppData\Local\Temp\ccwsQCE9.ltrans3.ltrans.o
                0x000039b4                cliPrompt.lto_priv.10
 .text.n_pow    0x000039c4       0x10 C:\Users\Luggi\AppData\Local\Temp\ccwsQCE9.ltrans3.ltrans.o
                0x000039c4                n_pow
 .text.ftoa.lto_priv.11
                0x000039d4       0xf0 C:\Users\Luggi\AppData\Local\Temp\ccwsQCE9.ltrans3.ltrans.o
                0x000039d4                ftoa.lto_priv.11
 .text.cliPrintVar.lto_priv.12
                0x00003ac4      0x144 C:\Users\Luggi\AppData\Local\Temp\ccwsQCE9.ltrans3.ltrans.o
                0x00003ac4                cliPrintVar.lto_priv.12
 .text._atof.lto_priv.13
                0x00003c08      0x130 C:\Users\Luggi\AppData\Local\Temp\ccwsQCE9.ltrans3.ltrans.o
                0x00003c08                _atof.lto_priv.13
 .text.main     0x00003d38      0x418 C:\Users\Luggi\AppData\Local\Temp\ccwsQCE9.ltrans3.ltrans.o
                0x00003d38                main
 .text.PGA_2_SetGain
                0x00004150       0x78 C:\Users\Luggi\AppData\Local\Temp\ccwsQCE9.ltrans4.ltrans.o
 .text.PGA_2_SetPower
                0x000041c8       0x18 C:\Users\Luggi\AppData\Local\Temp\ccwsQCE9.ltrans4.ltrans.o
 .text.PGA_2_Enable
                0x000041e0       0x28 C:\Users\Luggi\AppData\Local\Temp\ccwsQCE9.ltrans4.ltrans.o
 .text.PGA_2_Init
                0x00004208       0x34 C:\Users\Luggi\AppData\Local\Temp\ccwsQCE9.ltrans4.ltrans.o
 .text.ADC_DelSig_1_theACLK_GetSourceRegister
                0x0000423c       0x10 C:\Users\Luggi\AppData\Local\Temp\ccwsQCE9.ltrans4.ltrans.o
 .text.ADC_DelSig_1_theACLK_GetDividerRegister
                0x0000424c        0xc C:\Users\Luggi\AppData\Local\Temp\ccwsQCE9.ltrans4.ltrans.o
 .text.ADC_DelSig_1_theACLK_SetDividerRegister
                0x00004258       0xd8 C:\Users\Luggi\AppData\Local\Temp\ccwsQCE9.ltrans4.ltrans.o
 .text.ADC_DelSig_1_Ext_CP_Clk_GetSourceRegister
                0x00004330       0x10 C:\Users\Luggi\AppData\Local\Temp\ccwsQCE9.ltrans4.ltrans.o
 .text.ADC_DelSig_1_Ext_CP_Clk_GetDividerRegister
                0x00004340        0xc C:\Users\Luggi\AppData\Local\Temp\ccwsQCE9.ltrans4.ltrans.o
 .text.ADC_DelSig_1_Ext_CP_Clk_SetDividerRegister
                0x0000434c       0xdc C:\Users\Luggi\AppData\Local\Temp\ccwsQCE9.ltrans4.ltrans.o
 .text.ADC_DelSig_1_ISR4
                0x00004428        0x4 C:\Users\Luggi\AppData\Local\Temp\ccwsQCE9.ltrans4.ltrans.o
 .text.ADC_DelSig_1_ISR3
                0x0000442c        0x4 C:\Users\Luggi\AppData\Local\Temp\ccwsQCE9.ltrans4.ltrans.o
 .text.ADC_DelSig_1_ISR2
                0x00004430        0x4 C:\Users\Luggi\AppData\Local\Temp\ccwsQCE9.ltrans4.ltrans.o
 .text.ADC_DelSig_1_ISR1
                0x00004434        0x4 C:\Users\Luggi\AppData\Local\Temp\ccwsQCE9.ltrans4.ltrans.o
 .text.USBUART_1_InitComponent
                0x00004438       0xc8 C:\Users\Luggi\AppData\Local\Temp\ccwsQCE9.ltrans4.ltrans.o
 .text.USBUART_1_Init
                0x00004500      0x17c C:\Users\Luggi\AppData\Local\Temp\ccwsQCE9.ltrans4.ltrans.o
 .text.ADC_DelSig_1_SetDSMRef0Reg
                0x0000467c       0x4c C:\Users\Luggi\AppData\Local\Temp\ccwsQCE9.ltrans4.ltrans.o
 .text.ADC_DelSig_1_Enable
                0x000046c8       0xd8 C:\Users\Luggi\AppData\Local\Temp\ccwsQCE9.ltrans4.ltrans.o
 .text.EEPROM_1_Enable
                0x000047a0        0xc C:\Users\Luggi\AppData\Local\Temp\ccwsQCE9.ltrans4.ltrans.o
 .text.ADC_DelSig_1_AMux_Start
                0x000047ac       0x20 C:\Users\Luggi\AppData\Local\Temp\ccwsQCE9.ltrans4.ltrans.o
 .text.ADC_DelSig_1_AMux_Select
                0x000047cc       0x18 C:\Users\Luggi\AppData\Local\Temp\ccwsQCE9.ltrans4.ltrans.o
 .text.USBUART_1_ReInitComponent
                0x000047e4       0x4c C:\Users\Luggi\AppData\Local\Temp\ccwsQCE9.ltrans4.ltrans.o
                0x000047e4                USBUART_1_ReInitComponent
 .text.USBUART_1_Start
                0x00004830       0x24 C:\Users\Luggi\AppData\Local\Temp\ccwsQCE9.ltrans4.ltrans.o
                0x00004830                USBUART_1_Start
 .text.PGA_2_Start
                0x00004854       0x1c C:\Users\Luggi\AppData\Local\Temp\ccwsQCE9.ltrans4.ltrans.o
                0x00004854                PGA_2_Start
 .text.Fault_Reg_Read
                0x00004870        0xc C:\Users\Luggi\AppData\Local\Temp\ccwsQCE9.ltrans4.ltrans.o
                0x00004870                Fault_Reg_Read
 .text.EEPROM_1_ByteWritePos
                0x0000487c       0xc8 C:\Users\Luggi\AppData\Local\Temp\ccwsQCE9.ltrans4.ltrans.o
                0x0000487c                EEPROM_1_ByteWritePos
 .text.EEPROM_1_Start
                0x00004944        0x8 C:\Users\Luggi\AppData\Local\Temp\ccwsQCE9.ltrans4.ltrans.o
                0x00004944                EEPROM_1_Start
 .text.VUSB_Read
                0x0000494c        0xc C:\Users\Luggi\AppData\Local\Temp\ccwsQCE9.ltrans4.ltrans.o
                0x0000494c                VUSB_Read
 .text.Control_RS_Write
                0x00004958        0xc C:\Users\Luggi\AppData\Local\Temp\ccwsQCE9.ltrans4.ltrans.o
                0x00004958                Control_RS_Write
 .text.ADC_DelSig_1_theACLK_SetModeRegister
                0x00004964       0x14 C:\Users\Luggi\AppData\Local\Temp\ccwsQCE9.ltrans4.ltrans.o
                0x00004964                ADC_DelSig_1_theACLK_SetModeRegister
 .text.ADC_DelSig_1_Ext_CP_Clk_SetModeRegister
                0x00004978       0x14 C:\Users\Luggi\AppData\Local\Temp\ccwsQCE9.ltrans4.ltrans.o
                0x00004978                ADC_DelSig_1_Ext_CP_Clk_SetModeRegister
 .text.ADC_DelSig_1_GainCompensation.lto_priv.2
                0x0000498c       0xcc C:\Users\Luggi\AppData\Local\Temp\ccwsQCE9.ltrans4.ltrans.o
                0x0000498c                ADC_DelSig_1_GainCompensation.lto_priv.2
 .text.ADC_DelSig_1_InitConfig.lto_priv.1
                0x00004a58      0x330 C:\Users\Luggi\AppData\Local\Temp\ccwsQCE9.ltrans4.ltrans.o
                0x00004a58                ADC_DelSig_1_InitConfig.lto_priv.1
 .text.ADC_DelSig_1_GetResult32
                0x00004d88       0x6c C:\Users\Luggi\AppData\Local\Temp\ccwsQCE9.ltrans4.ltrans.o
                0x00004d88                ADC_DelSig_1_GetResult32
 .text.ADC_DelSig_1_StartConvert
                0x00004df4       0x10 C:\Users\Luggi\AppData\Local\Temp\ccwsQCE9.ltrans4.ltrans.o
                0x00004df4                ADC_DelSig_1_StartConvert
 .text.ADC_DelSig_1_Start
                0x00004e04       0x28 C:\Users\Luggi\AppData\Local\Temp\ccwsQCE9.ltrans4.ltrans.o
                0x00004e04                ADC_DelSig_1_Start
 .text.CySpcGetAlgorithm
                0x00004e2c       0x28 C:\Users\Luggi\AppData\Local\Temp\ccwsQCE9.ltrans5.ltrans.o
 .text.CySpcGetTemp
                0x00004e54       0x3c C:\Users\Luggi\AppData\Local\Temp\ccwsQCE9.ltrans5.ltrans.o
 .text.PWM_2_SetInterruptMode
                0x00004e90        0xc C:\Users\Luggi\AppData\Local\Temp\ccwsQCE9.ltrans5.ltrans.o
 .text.PWM_2_WritePeriod
                0x00004e9c        0xc C:\Users\Luggi\AppData\Local\Temp\ccwsQCE9.ltrans5.ltrans.o
 .text.PWM_2_Enable
                0x00004ea8       0x28 C:\Users\Luggi\AppData\Local\Temp\ccwsQCE9.ltrans5.ltrans.o
 .text.ADC_SAR_Seq_2_IRQ_SetPriority
                0x00004ed0       0x10 C:\Users\Luggi\AppData\Local\Temp\ccwsQCE9.ltrans5.ltrans.o
 .text.ADC_SAR_Seq_2_IRQ_SetVector
                0x00004ee0        0xc C:\Users\Luggi\AppData\Local\Temp\ccwsQCE9.ltrans5.ltrans.o
 .text.ADC_SAR_Seq_2_SAR_StartConvert
                0x00004eec       0x10 C:\Users\Luggi\AppData\Local\Temp\ccwsQCE9.ltrans5.ltrans.o
 .text.ADC_SAR_Seq_2_ISR
                0x00004efc        0x4 C:\Users\Luggi\AppData\Local\Temp\ccwsQCE9.ltrans5.ltrans.o
 .text.PWM_1_SetInterruptMode
                0x00004f00        0xc C:\Users\Luggi\AppData\Local\Temp\ccwsQCE9.ltrans5.ltrans.o
 .text.PWM_1_WriteCompare
                0x00004f0c        0xc C:\Users\Luggi\AppData\Local\Temp\ccwsQCE9.ltrans5.ltrans.o
 .text.PWM_1_WritePeriod
                0x00004f18        0xc C:\Users\Luggi\AppData\Local\Temp\ccwsQCE9.ltrans5.ltrans.o
 .text.PWM_1_Enable
                0x00004f24       0x28 C:\Users\Luggi\AppData\Local\Temp\ccwsQCE9.ltrans5.ltrans.o
 .text.PWM_1_Init
                0x00004f4c       0x74 C:\Users\Luggi\AppData\Local\Temp\ccwsQCE9.ltrans5.ltrans.o
 .text.CySpcReadData
                0x00004fc0       0x34 C:\Users\Luggi\AppData\Local\Temp\ccwsQCE9.ltrans5.ltrans.o
 .text.ADC_SAR_Seq_2_SAR_Enable
                0x00004ff4       0x78 C:\Users\Luggi\AppData\Local\Temp\ccwsQCE9.ltrans5.ltrans.o
 .text.ADC_SAR_Seq_2_FinalBuf_DmaInitialize
                0x0000506c       0x40 C:\Users\Luggi\AppData\Local\Temp\ccwsQCE9.ltrans5.ltrans.o
 .text.ADC_SAR_Seq_2_TempBuf_DmaInitialize
                0x000050ac       0x40 C:\Users\Luggi\AppData\Local\Temp\ccwsQCE9.ltrans5.ltrans.o
 .text.ADC_SAR_Seq_2_Init
                0x000050ec       0x3c C:\Users\Luggi\AppData\Local\Temp\ccwsQCE9.ltrans5.ltrans.o
 .text.ADC_SAR_Seq_2_SAR_CalcGain
                0x00005128       0x58 C:\Users\Luggi\AppData\Local\Temp\ccwsQCE9.ltrans5.ltrans.o
 .text.ADC_SAR_Seq_2_SAR_SetResolution
                0x00005180       0x38 C:\Users\Luggi\AppData\Local\Temp\ccwsQCE9.ltrans5.ltrans.o
 .text.ADC_SAR_Seq_2_SAR_Init
                0x000051b8       0x24 C:\Users\Luggi\AppData\Local\Temp\ccwsQCE9.ltrans5.ltrans.o
 .text.ADC_SAR_Seq_2_SAR_Start
                0x000051dc       0x1c C:\Users\Luggi\AppData\Local\Temp\ccwsQCE9.ltrans5.ltrans.o
 .text.ADC_SAR_Seq_2_Enable
                0x000051f8       0xcc C:\Users\Luggi\AppData\Local\Temp\ccwsQCE9.ltrans5.ltrans.o
 .text.USBUART_1_DispatchClassRqst
                0x000052c4       0x58 C:\Users\Luggi\AppData\Local\Temp\ccwsQCE9.ltrans5.ltrans.o
                0x000052c4                USBUART_1_DispatchClassRqst
 .text.USBUART_1_Dp_ClearInterrupt
                0x0000531c       0x10 C:\Users\Luggi\AppData\Local\Temp\ccwsQCE9.ltrans5.ltrans.o
                0x0000531c                USBUART_1_Dp_ClearInterrupt
 .text.CySpcUnlock
                0x0000532c       0x3c C:\Users\Luggi\AppData\Local\Temp\ccwsQCE9.ltrans5.ltrans.o
                0x0000532c                CySpcUnlock
 .text.CySpcLock
                0x00005368       0x54 C:\Users\Luggi\AppData\Local\Temp\ccwsQCE9.ltrans5.ltrans.o
                0x00005368                CySpcLock
 .text.CySpcWriteRow
                0x000053bc       0x4c C:\Users\Luggi\AppData\Local\Temp\ccwsQCE9.ltrans5.ltrans.o
                0x000053bc                CySpcWriteRow
 .text.CySpcLoadMultiByte
                0x00005408       0x78 C:\Users\Luggi\AppData\Local\Temp\ccwsQCE9.ltrans5.ltrans.o
                0x00005408                CySpcLoadMultiByte
 .text.CySpcStart
                0x00005480       0x24 C:\Users\Luggi\AppData\Local\Temp\ccwsQCE9.ltrans5.ltrans.o
                0x00005480                CySpcStart
 .text.CyFlashGetSpcAlgorithm
                0x000054a4       0x4c C:\Users\Luggi\AppData\Local\Temp\ccwsQCE9.ltrans5.ltrans.o
 .text.CySetTempInt
                0x000054f0       0x60 C:\Users\Luggi\AppData\Local\Temp\ccwsQCE9.ltrans5.ltrans.o
 .text.CyEEPROM_Start
                0x00005550       0x54 C:\Users\Luggi\AppData\Local\Temp\ccwsQCE9.ltrans5.ltrans.o
                0x00005550                CyEEPROM_Start
 .text.CySetTemp
                0x000055a4       0x14 C:\Users\Luggi\AppData\Local\Temp\ccwsQCE9.ltrans5.ltrans.o
                0x000055a4                CySetTemp
 .text.PWM_2_WriteCompare
                0x000055b8        0xc C:\Users\Luggi\AppData\Local\Temp\ccwsQCE9.ltrans5.ltrans.o
                0x000055b8                PWM_2_WriteCompare
 .text.PWM_2_Init
                0x000055c4       0x74 C:\Users\Luggi\AppData\Local\Temp\ccwsQCE9.ltrans5.ltrans.o
 .text.PWM_2_Start
                0x00005638       0x20 C:\Users\Luggi\AppData\Local\Temp\ccwsQCE9.ltrans5.ltrans.o
                0x00005638                PWM_2_Start
 .text.ADC_SAR_Seq_2_GetResult16
                0x00005658       0x18 C:\Users\Luggi\AppData\Local\Temp\ccwsQCE9.ltrans5.ltrans.o
                0x00005658                ADC_SAR_Seq_2_GetResult16
 .text.ADC_SAR_Seq_2_StartConvert
                0x00005670        0x8 C:\Users\Luggi\AppData\Local\Temp\ccwsQCE9.ltrans5.ltrans.o
                0x00005670                ADC_SAR_Seq_2_StartConvert
 .text.ADC_SAR_Seq_2_Start
                0x00005678       0x2c C:\Users\Luggi\AppData\Local\Temp\ccwsQCE9.ltrans5.ltrans.o
                0x00005678                ADC_SAR_Seq_2_Start
 .text.PWM_1_Stop
                0x000056a4       0x28 C:\Users\Luggi\AppData\Local\Temp\ccwsQCE9.ltrans5.ltrans.o
                0x000056a4                PWM_1_Stop
 .text.PWM_1_Start
                0x000056cc       0x20 C:\Users\Luggi\AppData\Local\Temp\ccwsQCE9.ltrans5.ltrans.o
                0x000056cc                PWM_1_Start
 .text.SW2_Read
                0x000056ec       0x10 C:\Users\Luggi\AppData\Local\Temp\ccwsQCE9.ltrans5.ltrans.o
                0x000056ec                SW2_Read
 .text.USBUART_1_HandleVendorRqst
                0x000056fc       0x40 C:\Users\Luggi\AppData\Local\Temp\ccwsQCE9.ltrans5.ltrans.o
                0x000056fc                USBUART_1_HandleVendorRqst
 .text.USBUART_1_ValidateAlternateSetting
                0x0000573c       0x4c C:\Users\Luggi\AppData\Local\Temp\ccwsQCE9.ltrans5.ltrans.o
                0x0000573c                USBUART_1_ValidateAlternateSetting
 .text.USBUART_1_ClearEndpointHalt
                0x00005788       0xa8 C:\Users\Luggi\AppData\Local\Temp\ccwsQCE9.ltrans5.ltrans.o
                0x00005788                USBUART_1_ClearEndpointHalt
 .text.USBUART_1_SetEndpointHalt
                0x00005830       0x64 C:\Users\Luggi\AppData\Local\Temp\ccwsQCE9.ltrans5.ltrans.o
                0x00005830                USBUART_1_SetEndpointHalt
 .text.USBUART_1_GetInterfaceClassTablePtr
                0x00005894       0x28 C:\Users\Luggi\AppData\Local\Temp\ccwsQCE9.ltrans5.ltrans.o
                0x00005894                USBUART_1_GetInterfaceClassTablePtr
 .text.USBUART_1_GetDeviceTablePtr
                0x000058bc       0x14 C:\Users\Luggi\AppData\Local\Temp\ccwsQCE9.ltrans5.ltrans.o
                0x000058bc                USBUART_1_GetDeviceTablePtr
 .text          0x000058d0      0x21c c:/program files/cypress/psoc creator/4.0/psoc creator/import/gnu/arm/4.9.3/bin/../lib/gcc/arm-none-eabi/4.9.3/armv7-m\libgcc.a(_arm_addsubsf3.o)
                0x000058d0                __aeabi_frsub
                0x000058d8                __subsf3
                0x000058d8                __aeabi_fsub
                0x000058dc                __aeabi_fadd
                0x000058dc                __addsf3
                0x00005a3c                __aeabi_ui2f
                0x00005a3c                __floatunsisf
                0x00005a44                __aeabi_i2f
                0x00005a44                __floatsisf
                0x00005a60                __aeabi_ul2f
                0x00005a60                __floatundisf
                0x00005a70                __aeabi_l2f
                0x00005a70                __floatdisf
 .text          0x00005aec      0x2a0 c:/program files/cypress/psoc creator/4.0/psoc creator/import/gnu/arm/4.9.3/bin/../lib/gcc/arm-none-eabi/4.9.3/armv7-m\libgcc.a(_arm_muldivsf3.o)
                0x00005aec                __mulsf3
                0x00005aec                __aeabi_fmul
                0x00005c54                __aeabi_fdiv
                0x00005c54                __divsf3
 .text          0x00005d8c       0xec c:/program files/cypress/psoc creator/4.0/psoc creator/import/gnu/arm/4.9.3/bin/../lib/gcc/arm-none-eabi/4.9.3/armv7-m\libgcc.a(_arm_cmpsf2.o)
                0x00005d8c                __gesf2
                0x00005d8c                __gtsf2
                0x00005d94                __lesf2
                0x00005d94                __ltsf2
                0x00005d9c                __nesf2
                0x00005d9c                __eqsf2
                0x00005d9c                __cmpsf2
                0x00005dfc                __aeabi_cfrcmple
                0x00005e04                __aeabi_cfcmpeq
                0x00005e04                __aeabi_cfcmple
                0x00005e14                __aeabi_fcmpeq
                0x00005e28                __aeabi_fcmplt
                0x00005e3c                __aeabi_fcmple
                0x00005e50                __aeabi_fcmpge
                0x00005e64                __aeabi_fcmpgt
 .text          0x00005e78       0x4c c:/program files/cypress/psoc creator/4.0/psoc creator/import/gnu/arm/4.9.3/bin/../lib/gcc/arm-none-eabi/4.9.3/armv7-m\libgcc.a(_arm_fixsfsi.o)
                0x00005e78                __aeabi_f2iz
                0x00005e78                __fixsfsi
 .text          0x00005ec4       0x40 c:/program files/cypress/psoc creator/4.0/psoc creator/import/gnu/arm/4.9.3/bin/../lib/gcc/arm-none-eabi/4.9.3/armv7-m\libgcc.a(_arm_fixunssfsi.o)
                0x00005ec4                __fixunssfsi
                0x00005ec4                __aeabi_f2uiz
 .text.sprintf  0x00005f04       0x48 c:/program files/cypress/psoc creator/4.0/psoc creator/import/gnu/arm/4.9.3/bin/../lib/gcc/arm-none-eabi/4.9.3/../../../../arm-none-eabi/lib/armv7-m\libg_nano.a(lib_a-sprintf.o)
                0x00005f04                siprintf
                0x00005f04                sprintf
 .text.strcat   0x00005f4c       0x1e c:/program files/cypress/psoc creator/4.0/psoc creator/import/gnu/arm/4.9.3/bin/../lib/gcc/arm-none-eabi/4.9.3/../../../../arm-none-eabi/lib/armv7-m\libg_nano.a(lib_a-strcat.o)
                0x00005f4c                strcat
 .text.strchr   0x00005f6a       0x1c c:/program files/cypress/psoc creator/4.0/psoc creator/import/gnu/arm/4.9.3/bin/../lib/gcc/arm-none-eabi/4.9.3/../../../../arm-none-eabi/lib/armv7-m\libg_nano.a(lib_a-strchr.o)
                0x00005f6a                strchr
 .text.strcpy   0x00005f86       0x10 c:/program files/cypress/psoc creator/4.0/psoc creator/import/gnu/arm/4.9.3/bin/../lib/gcc/arm-none-eabi/4.9.3/../../../../arm-none-eabi/lib/armv7-m\libg_nano.a(lib_a-strcpy.o)
                0x00005f86                strcpy
 *fill*         0x00005f96        0x2 
 .text.strncasecmp
                0x00005f98       0x44 c:/program files/cypress/psoc creator/4.0/psoc creator/import/gnu/arm/4.9.3/bin/../lib/gcc/arm-none-eabi/4.9.3/../../../../arm-none-eabi/lib/armv7-m\libg_nano.a(lib_a-strncasecmp.o)
                0x00005f98                strncasecmp
 .text.strncpy  0x00005fdc       0x24 c:/program files/cypress/psoc creator/4.0/psoc creator/import/gnu/arm/4.9.3/bin/../lib/gcc/arm-none-eabi/4.9.3/../../../../arm-none-eabi/lib/armv7-m\libg_nano.a(lib_a-strncpy.o)
                0x00005fdc                strncpy
 .text.strstr   0x00006000       0x30 c:/program files/cypress/psoc creator/4.0/psoc creator/import/gnu/arm/4.9.3/bin/../lib/gcc/arm-none-eabi/4.9.3/../../../../arm-none-eabi/lib/armv7-m\libg_nano.a(lib_a-strstr.o)
                0x00006000                strstr
 .text.__ssputs_r
                0x00006030       0xb2 c:/program files/cypress/psoc creator/4.0/psoc creator/import/gnu/arm/4.9.3/bin/../lib/gcc/arm-none-eabi/4.9.3/../../../../arm-none-eabi/lib/armv7-m\libg_nano.a(lib_a-nano-svfprintf.o)
                0x00006030                __ssputs_r
 *fill*         0x000060e2        0x2 
 .text._svfprintf_r
                0x000060e4      0x1e4 c:/program files/cypress/psoc creator/4.0/psoc creator/import/gnu/arm/4.9.3/bin/../lib/gcc/arm-none-eabi/4.9.3/../../../../arm-none-eabi/lib/armv7-m\libg_nano.a(lib_a-nano-svfprintf.o)
                0x000060e4                _svfiprintf_r
                0x000060e4                _svfprintf_r
 .text._printf_common
                0x000062c8       0xea c:/program files/cypress/psoc creator/4.0/psoc creator/import/gnu/arm/4.9.3/bin/../lib/gcc/arm-none-eabi/4.9.3/../../../../arm-none-eabi/lib/armv7-m\libg_nano.a(lib_a-nano-vfprintf_i.o)
                0x000062c8                _printf_common
 *fill*         0x000063b2        0x2 
 .text._printf_i
                0x000063b4      0x240 c:/program files/cypress/psoc creator/4.0/psoc creator/import/gnu/arm/4.9.3/bin/../lib/gcc/arm-none-eabi/4.9.3/../../../../arm-none-eabi/lib/armv7-m\libg_nano.a(lib_a-nano-vfprintf_i.o)
                0x000063b4                _printf_i
 .text.memchr   0x000065f4       0x1c c:/program files/cypress/psoc creator/4.0/psoc creator/import/gnu/arm/4.9.3/bin/../lib/gcc/arm-none-eabi/4.9.3/../../../../arm-none-eabi/lib/armv7-m\libg_nano.a(lib_a-memchr.o)
                0x000065f4                memchr
 .text.memmove  0x00006610       0x36 c:/program files/cypress/psoc creator/4.0/psoc creator/import/gnu/arm/4.9.3/bin/../lib/gcc/arm-none-eabi/4.9.3/../../../../arm-none-eabi/lib/armv7-m\libg_nano.a(lib_a-memmove.o)
                0x00006610                memmove
 .text._realloc_r
                0x00006646       0x4c c:/program files/cypress/psoc creator/4.0/psoc creator/import/gnu/arm/4.9.3/bin/../lib/gcc/arm-none-eabi/4.9.3/../../../../arm-none-eabi/lib/armv7-m\libg_nano.a(lib_a-nano-reallocr.o)
                0x00006646                _realloc_r
 .text._malloc_usable_size_r
                0x00006692       0x14 c:/program files/cypress/psoc creator/4.0/psoc creator/import/gnu/arm/4.9.3/bin/../lib/gcc/arm-none-eabi/4.9.3/../../../../arm-none-eabi/lib/armv7-m\libg_nano.a(lib_a-nano-msizer.o)
                0x00006692                _malloc_usable_size_r
 *fill*         0x000066a6        0x2 
 .text          0x000066a8       0x20 .\CortexM3\ARM_GCC_493\Debug\Laserschutzschaltung.a(CyBootAsmGnu.o)
                0x000066a8                CyDelayCycles
                0x000066b8                CyEnterCriticalSection
                0x000066c0                CyExitCriticalSection
 .text.atof     0x000066c8        0x6 c:/program files/cypress/psoc creator/4.0/psoc creator/import/gnu/arm/4.9.3/bin/../lib/gcc/arm-none-eabi/4.9.3/../../../../arm-none-eabi/lib/armv7-m\libg_nano.a(lib_a-atof.o)
                0x000066c8                atof
 .text.atoi     0x000066ce        0x8 c:/program files/cypress/psoc creator/4.0/psoc creator/import/gnu/arm/4.9.3/bin/../lib/gcc/arm-none-eabi/4.9.3/../../../../arm-none-eabi/lib/armv7-m\libg_nano.a(lib_a-atoi.o)
                0x000066ce                atoi
 .text.bsearch  0x000066d6       0x48 c:/program files/cypress/psoc creator/4.0/psoc creator/import/gnu/arm/4.9.3/bin/../lib/gcc/arm-none-eabi/4.9.3/../../../../arm-none-eabi/lib/armv7-m\libg_nano.a(lib_a-bsearch.o)
                0x000066d6                bsearch
 *fill*         0x0000671e        0x2 
 .text.__errno  0x00006720        0xc c:/program files/cypress/psoc creator/4.0/psoc creator/import/gnu/arm/4.9.3/bin/../lib/gcc/arm-none-eabi/4.9.3/../../../../arm-none-eabi/lib/armv7-m\libg_nano.a(lib_a-errno.o)
                0x00006720                __errno
 .text.__libc_init_array
                0x0000672c       0x4c c:/program files/cypress/psoc creator/4.0/psoc creator/import/gnu/arm/4.9.3/bin/../lib/gcc/arm-none-eabi/4.9.3/../../../../arm-none-eabi/lib/armv7-m\libg_nano.a(lib_a-init.o)
                0x0000672c                __libc_init_array
 .text.memset   0x00006778       0x10 c:/program files/cypress/psoc creator/4.0/psoc creator/import/gnu/arm/4.9.3/bin/../lib/gcc/arm-none-eabi/4.9.3/../../../../arm-none-eabi/lib/armv7-m\libg_nano.a(lib_a-memset.o)
                0x00006778                memset
 .text.match    0x00006788       0x26 c:/program files/cypress/psoc creator/4.0/psoc creator/import/gnu/arm/4.9.3/bin/../lib/gcc/arm-none-eabi/4.9.3/../../../../arm-none-eabi/lib/armv7-m\libg_nano.a(lib_a-strtod.o)
 .text.sulp     0x000067ae       0x42 c:/program files/cypress/psoc creator/4.0/psoc creator/import/gnu/arm/4.9.3/bin/../lib/gcc/arm-none-eabi/4.9.3/../../../../arm-none-eabi/lib/armv7-m\libg_nano.a(lib_a-strtod.o)
 .text._strtod_r
                0x000067f0      0xc40 c:/program files/cypress/psoc creator/4.0/psoc creator/import/gnu/arm/4.9.3/bin/../lib/gcc/arm-none-eabi/4.9.3/../../../../arm-none-eabi/lib/armv7-m\libg_nano.a(lib_a-strtod.o)
                0x000067f0                _strtod_r
 .text.strtod   0x00007430       0x14 c:/program files/cypress/psoc creator/4.0/psoc creator/import/gnu/arm/4.9.3/bin/../lib/gcc/arm-none-eabi/4.9.3/../../../../arm-none-eabi/lib/armv7-m\libg_nano.a(lib_a-strtod.o)
                0x00007430                strtod
 .text._strtol_r
                0x00007444      0x10c c:/program files/cypress/psoc creator/4.0/psoc creator/import/gnu/arm/4.9.3/bin/../lib/gcc/arm-none-eabi/4.9.3/../../../../arm-none-eabi/lib/armv7-m\libg_nano.a(lib_a-strtol.o)
                0x00007444                _strtol_r
 .text.strtol   0x00007550       0x1c c:/program files/cypress/psoc creator/4.0/psoc creator/import/gnu/arm/4.9.3/bin/../lib/gcc/arm-none-eabi/4.9.3/../../../../arm-none-eabi/lib/armv7-m\libg_nano.a(lib_a-strtol.o)
                0x00007550                strtol
 .text.rshift   0x0000756c       0x6c c:/program files/cypress/psoc creator/4.0/psoc creator/import/gnu/arm/4.9.3/bin/../lib/gcc/arm-none-eabi/4.9.3/../../../../arm-none-eabi/lib/armv7-m\libg_nano.a(lib_a-gdtoa-gethex.o)
 .text.__hexdig_fun
                0x000075d8       0x2a c:/program files/cypress/psoc creator/4.0/psoc creator/import/gnu/arm/4.9.3/bin/../lib/gcc/arm-none-eabi/4.9.3/../../../../arm-none-eabi/lib/armv7-m\libg_nano.a(lib_a-gdtoa-gethex.o)
                0x000075d8                __hexdig_fun
 .text.__gethex
                0x00007602      0x44a c:/program files/cypress/psoc creator/4.0/psoc creator/import/gnu/arm/4.9.3/bin/../lib/gcc/arm-none-eabi/4.9.3/../../../../arm-none-eabi/lib/armv7-m\libg_nano.a(lib_a-gdtoa-gethex.o)
                0x00007602                __gethex
 .text.L_shift  0x00007a4c       0x24 c:/program files/cypress/psoc creator/4.0/psoc creator/import/gnu/arm/4.9.3/bin/../lib/gcc/arm-none-eabi/4.9.3/../../../../arm-none-eabi/lib/armv7-m\libg_nano.a(lib_a-gdtoa-hexnan.o)
 .text.__hexnan
                0x00007a70      0x114 c:/program files/cypress/psoc creator/4.0/psoc creator/import/gnu/arm/4.9.3/bin/../lib/gcc/arm-none-eabi/4.9.3/../../../../arm-none-eabi/lib/armv7-m\libg_nano.a(lib_a-gdtoa-hexnan.o)
                0x00007a70                __hexnan
 .text._localeconv_r
                0x00007b84        0x8 c:/program files/cypress/psoc creator/4.0/psoc creator/import/gnu/arm/4.9.3/bin/../lib/gcc/arm-none-eabi/4.9.3/../../../../arm-none-eabi/lib/armv7-m\libg_nano.a(lib_a-locale.o)
                0x00007b84                _localeconv_r
 .text.memcpy   0x00007b8c       0x16 c:/program files/cypress/psoc creator/4.0/psoc creator/import/gnu/arm/4.9.3/bin/../lib/gcc/arm-none-eabi/4.9.3/../../../../arm-none-eabi/lib/armv7-m\libg_nano.a(lib_a-memcpy.o)
                0x00007b8c                memcpy
 .text._Balloc  0x00007ba2       0x6a c:/program files/cypress/psoc creator/4.0/psoc creator/import/gnu/arm/4.9.3/bin/../lib/gcc/arm-none-eabi/4.9.3/../../../../arm-none-eabi/lib/armv7-m\libg_nano.a(lib_a-mprec.o)
                0x00007ba2                _Balloc
 .text._Bfree   0x00007c0c       0x2e c:/program files/cypress/psoc creator/4.0/psoc creator/import/gnu/arm/4.9.3/bin/../lib/gcc/arm-none-eabi/4.9.3/../../../../arm-none-eabi/lib/armv7-m\libg_nano.a(lib_a-mprec.o)
                0x00007c0c                _Bfree
 .text.__multadd
                0x00007c3a       0x7c c:/program files/cypress/psoc creator/4.0/psoc creator/import/gnu/arm/4.9.3/bin/../lib/gcc/arm-none-eabi/4.9.3/../../../../arm-none-eabi/lib/armv7-m\libg_nano.a(lib_a-mprec.o)
                0x00007c3a                __multadd
 .text.__s2b    0x00007cb6       0x80 c:/program files/cypress/psoc creator/4.0/psoc creator/import/gnu/arm/4.9.3/bin/../lib/gcc/arm-none-eabi/4.9.3/../../../../arm-none-eabi/lib/armv7-m\libg_nano.a(lib_a-mprec.o)
                0x00007cb6                __s2b
 .text.__hi0bits
                0x00007d36       0x40 c:/program files/cypress/psoc creator/4.0/psoc creator/import/gnu/arm/4.9.3/bin/../lib/gcc/arm-none-eabi/4.9.3/../../../../arm-none-eabi/lib/armv7-m\libg_nano.a(lib_a-mprec.o)
                0x00007d36                __hi0bits
 .text.__lo0bits
                0x00007d76       0x5a c:/program files/cypress/psoc creator/4.0/psoc creator/import/gnu/arm/4.9.3/bin/../lib/gcc/arm-none-eabi/4.9.3/../../../../arm-none-eabi/lib/armv7-m\libg_nano.a(lib_a-mprec.o)
                0x00007d76                __lo0bits
 .text.__i2b    0x00007dd0       0x12 c:/program files/cypress/psoc creator/4.0/psoc creator/import/gnu/arm/4.9.3/bin/../lib/gcc/arm-none-eabi/4.9.3/../../../../arm-none-eabi/lib/armv7-m\libg_nano.a(lib_a-mprec.o)
                0x00007dd0                __i2b
 .text.__multiply
                0x00007de2      0x120 c:/program files/cypress/psoc creator/4.0/psoc creator/import/gnu/arm/4.9.3/bin/../lib/gcc/arm-none-eabi/4.9.3/../../../../arm-none-eabi/lib/armv7-m\libg_nano.a(lib_a-mprec.o)
                0x00007de2                __multiply
 *fill*         0x00007f02        0x2 
 .text.__pow5mult
                0x00007f04       0x9c c:/program files/cypress/psoc creator/4.0/psoc creator/import/gnu/arm/4.9.3/bin/../lib/gcc/arm-none-eabi/4.9.3/../../../../arm-none-eabi/lib/armv7-m\libg_nano.a(lib_a-mprec.o)
                0x00007f04                __pow5mult
 .text.__lshift
                0x00007fa0       0xa6 c:/program files/cypress/psoc creator/4.0/psoc creator/import/gnu/arm/4.9.3/bin/../lib/gcc/arm-none-eabi/4.9.3/../../../../arm-none-eabi/lib/armv7-m\libg_nano.a(lib_a-mprec.o)
                0x00007fa0                __lshift
 .text.__mcmp   0x00008046       0x38 c:/program files/cypress/psoc creator/4.0/psoc creator/import/gnu/arm/4.9.3/bin/../lib/gcc/arm-none-eabi/4.9.3/../../../../arm-none-eabi/lib/armv7-m\libg_nano.a(lib_a-mprec.o)
                0x00008046                __mcmp
 .text.__mdiff  0x0000807e       0xbe c:/program files/cypress/psoc creator/4.0/psoc creator/import/gnu/arm/4.9.3/bin/../lib/gcc/arm-none-eabi/4.9.3/../../../../arm-none-eabi/lib/armv7-m\libg_nano.a(lib_a-mprec.o)
                0x0000807e                __mdiff
 .text.__ulp    0x0000813c       0x48 c:/program files/cypress/psoc creator/4.0/psoc creator/import/gnu/arm/4.9.3/bin/../lib/gcc/arm-none-eabi/4.9.3/../../../../arm-none-eabi/lib/armv7-m\libg_nano.a(lib_a-mprec.o)
                0x0000813c                __ulp
 .text.__b2d    0x00008184       0x9e c:/program files/cypress/psoc creator/4.0/psoc creator/import/gnu/arm/4.9.3/bin/../lib/gcc/arm-none-eabi/4.9.3/../../../../arm-none-eabi/lib/armv7-m\libg_nano.a(lib_a-mprec.o)
                0x00008184                __b2d
 .text.__d2b    0x00008222       0xa4 c:/program files/cypress/psoc creator/4.0/psoc creator/import/gnu/arm/4.9.3/bin/../lib/gcc/arm-none-eabi/4.9.3/../../../../arm-none-eabi/lib/armv7-m\libg_nano.a(lib_a-mprec.o)
                0x00008222                __d2b
 .text.__ratio  0x000082c6       0x50 c:/program files/cypress/psoc creator/4.0/psoc creator/import/gnu/arm/4.9.3/bin/../lib/gcc/arm-none-eabi/4.9.3/../../../../arm-none-eabi/lib/armv7-m\libg_nano.a(lib_a-mprec.o)
                0x000082c6                __ratio
 .text.__copybits
                0x00008316       0x34 c:/program files/cypress/psoc creator/4.0/psoc creator/import/gnu/arm/4.9.3/bin/../lib/gcc/arm-none-eabi/4.9.3/../../../../arm-none-eabi/lib/armv7-m\libg_nano.a(lib_a-mprec.o)
                0x00008316                __copybits
 .text.__any_on
                0x0000834a       0x44 c:/program files/cypress/psoc creator/4.0/psoc creator/import/gnu/arm/4.9.3/bin/../lib/gcc/arm-none-eabi/4.9.3/../../../../arm-none-eabi/lib/armv7-m\libg_nano.a(lib_a-mprec.o)
                0x0000834a                __any_on
 .text._calloc_r
                0x0000838e       0x1c c:/program files/cypress/psoc creator/4.0/psoc creator/import/gnu/arm/4.9.3/bin/../lib/gcc/arm-none-eabi/4.9.3/../../../../arm-none-eabi/lib/armv7-m\libg_nano.a(lib_a-nano-callocr.o)
                0x0000838e                _calloc_r
 *fill*         0x000083aa        0x2 
 .text._malloc_r
                0x000083ac       0xac c:/program files/cypress/psoc creator/4.0/psoc creator/import/gnu/arm/4.9.3/bin/../lib/gcc/arm-none-eabi/4.9.3/../../../../arm-none-eabi/lib/armv7-m\libg_nano.a(lib_a-nano-mallocr.o)
                0x000083ac                _malloc_r
 .text._sbrk_r  0x00008458       0x20 c:/program files/cypress/psoc creator/4.0/psoc creator/import/gnu/arm/4.9.3/bin/../lib/gcc/arm-none-eabi/4.9.3/../../../../arm-none-eabi/lib/armv7-m\libg_nano.a(lib_a-sbrkr.o)
                0x00008458                _sbrk_r
 .text.strlen   0x00008478       0x10 c:/program files/cypress/psoc creator/4.0/psoc creator/import/gnu/arm/4.9.3/bin/../lib/gcc/arm-none-eabi/4.9.3/../../../../arm-none-eabi/lib/armv7-m\libg_nano.a(lib_a-strlen.o)
                0x00008478                strlen
 .text.strncmp  0x00008488       0x32 c:/program files/cypress/psoc creator/4.0/psoc creator/import/gnu/arm/4.9.3/bin/../lib/gcc/arm-none-eabi/4.9.3/../../../../arm-none-eabi/lib/armv7-m\libg_nano.a(lib_a-strncmp.o)
                0x00008488                strncmp
 *fill*         0x000084ba        0x2 
 .text.malloc   0x000084bc       0x10 c:/program files/cypress/psoc creator/4.0/psoc creator/import/gnu/arm/4.9.3/bin/../lib/gcc/arm-none-eabi/4.9.3/../../../../arm-none-eabi/lib/armv7-m\libg_nano.a(lib_a-malloc.o)
                0x000084bc                malloc
 .text._free_r  0x000084cc       0x88 c:/program files/cypress/psoc creator/4.0/psoc creator/import/gnu/arm/4.9.3/bin/../lib/gcc/arm-none-eabi/4.9.3/../../../../arm-none-eabi/lib/armv7-m\libg_nano.a(lib_a-nano-freer.o)
                0x000084cc                _free_r
 .text          0x00008554      0x370 c:/program files/cypress/psoc creator/4.0/psoc creator/import/gnu/arm/4.9.3/bin/../lib/gcc/arm-none-eabi/4.9.3/armv7-m\libgcc.a(_arm_addsubdf3.o)
                0x00008554                __aeabi_drsub
                0x0000855c                __aeabi_dsub
                0x0000855c                __subdf3
                0x00008560                __aeabi_dadd
                0x00008560                __adddf3
                0x000087d8                __floatunsidf
                0x000087d8                __aeabi_ui2d
                0x000087f8                __floatsidf
                0x000087f8                __aeabi_i2d
                0x0000881c                __aeabi_f2d
                0x0000881c                __extendsfdf2
                0x00008858                __floatundidf
                0x00008858                __aeabi_ul2d
                0x00008868                __floatdidf
                0x00008868                __aeabi_l2d
 .text          0x000088c4      0x424 c:/program files/cypress/psoc creator/4.0/psoc creator/import/gnu/arm/4.9.3/bin/../lib/gcc/arm-none-eabi/4.9.3/armv7-m\libgcc.a(_arm_muldivdf3.o)
                0x000088c4                __aeabi_dmul
                0x000088c4                __muldf3
                0x00008b18                __divdf3
                0x00008b18                __aeabi_ddiv
 .text          0x00008ce8      0x110 c:/program files/cypress/psoc creator/4.0/psoc creator/import/gnu/arm/4.9.3/bin/../lib/gcc/arm-none-eabi/4.9.3/armv7-m\libgcc.a(_arm_cmpdf2.o)
                0x00008ce8                __gtdf2
                0x00008ce8                __gedf2
                0x00008cf0                __ltdf2
                0x00008cf0                __ledf2
                0x00008cf8                __nedf2
                0x00008cf8                __eqdf2
                0x00008cf8                __cmpdf2
                0x00008d74                __aeabi_cdrcmple
                0x00008d84                __aeabi_cdcmpeq
                0x00008d84                __aeabi_cdcmple
                0x00008d94                __aeabi_dcmpeq
                0x00008da8                __aeabi_dcmplt
                0x00008dbc                __aeabi_dcmple
                0x00008dd0                __aeabi_dcmpge
                0x00008de4                __aeabi_dcmpgt
 .text          0x00008df8       0x50 c:/program files/cypress/psoc creator/4.0/psoc creator/import/gnu/arm/4.9.3/bin/../lib/gcc/arm-none-eabi/4.9.3/armv7-m\libgcc.a(_arm_fixdfsi.o)
                0x00008df8                __aeabi_d2iz
                0x00008df8                __fixdfsi
 .text          0x00008e48       0x40 c:/program files/cypress/psoc creator/4.0/psoc creator/import/gnu/arm/4.9.3/bin/../lib/gcc/arm-none-eabi/4.9.3/armv7-m\libgcc.a(_arm_fixunsdfsi.o)
                0x00008e48                __aeabi_d2uiz
                0x00008e48                __fixunsdfsi
 .text          0x00008e88       0xa0 c:/program files/cypress/psoc creator/4.0/psoc creator/import/gnu/arm/4.9.3/bin/../lib/gcc/arm-none-eabi/4.9.3/armv7-m\libgcc.a(_arm_truncdfsf2.o)
                0x00008e88                __truncdfsf2
                0x00008e88                __aeabi_d2f
 .text.lrintf   0x00008f28       0x78 c:/program files/cypress/psoc creator/4.0/psoc creator/import/gnu/arm/4.9.3/bin/../lib/gcc/arm-none-eabi/4.9.3/../../../../arm-none-eabi/lib/armv7-m\libm.a(lib_a-sf_lrint.o)
                0x00008f28                lrintf
 .text.logf     0x00008fa0       0xe8 c:/program files/cypress/psoc creator/4.0/psoc creator/import/gnu/arm/4.9.3/bin/../lib/gcc/arm-none-eabi/4.9.3/../../../../arm-none-eabi/lib/armv7-m\libm.a(lib_a-wf_log.o)
                0x00008fa0                logf
 .text.__ieee754_logf
                0x00009088      0x280 c:/program files/cypress/psoc creator/4.0/psoc creator/import/gnu/arm/4.9.3/bin/../lib/gcc/arm-none-eabi/4.9.3/../../../../arm-none-eabi/lib/armv7-m\libm.a(lib_a-ef_log.o)
                0x00009088                __ieee754_logf
 .text.matherr  0x00009308        0x4 c:/program files/cypress/psoc creator/4.0/psoc creator/import/gnu/arm/4.9.3/bin/../lib/gcc/arm-none-eabi/4.9.3/../../../../arm-none-eabi/lib/armv7-m\libm.a(lib_a-s_matherr.o)
                0x00009308                matherr
 .text.nan      0x0000930c        0xc c:/program files/cypress/psoc creator/4.0/psoc creator/import/gnu/arm/4.9.3/bin/../lib/gcc/arm-none-eabi/4.9.3/../../../../arm-none-eabi/lib/armv7-m\libm.a(lib_a-s_nan.o)
                0x0000930c                nan
 .text.__fpclassifyf
                0x00009318       0x34 c:/program files/cypress/psoc creator/4.0/psoc creator/import/gnu/arm/4.9.3/bin/../lib/gcc/arm-none-eabi/4.9.3/../../../../arm-none-eabi/lib/armv7-m\libm.a(lib_a-sf_fpclassify.o)
                0x00009318                __fpclassifyf
 *(.plt)
 *(.gnu.warning)
 *(.glue_7t)
 .glue_7t       0x00000000        0x0 linker stubs
 *(.glue_7)
 .glue_7        0x00000000        0x0 linker stubs
 *(.vfp11_veneer)
 .vfp11_veneer  0x00000000        0x0 linker stubs
 *(.bootloader)
 *(.ARM.extab* .gnu.linkonce.armextab.*)
 *(.gcc_except_table)

.v4_bx          0x0000934c        0x0
 .v4_bx         0x00000000        0x0 linker stubs

.iplt           0x0000934c        0x0
 .iplt          0x00000000        0x0 c:/program files/cypress/psoc creator/4.0/psoc creator/import/gnu/arm/4.9.3/bin/../lib/gcc/arm-none-eabi/4.9.3/armv7-m/crtbegin.o

.eh_frame_hdr
 *(.eh_frame_hdr)

.eh_frame       0x0000934c        0x4
 *(.eh_frame)
 .eh_frame      0x0000934c        0x0 c:/program files/cypress/psoc creator/4.0/psoc creator/import/gnu/arm/4.9.3/bin/../lib/gcc/arm-none-eabi/4.9.3/armv7-m/crtbegin.o
 .eh_frame      0x0000934c        0x0 c:/program files/cypress/psoc creator/4.0/psoc creator/import/gnu/arm/4.9.3/bin/../lib/gcc/arm-none-eabi/4.9.3/../../../../arm-none-eabi/lib/armv7-m\libg_nano.a(lib_a-strcmp.o)
                                 0x28 (size before relaxing)
 .eh_frame      0x0000934c        0x4 c:/program files/cypress/psoc creator/4.0/psoc creator/import/gnu/arm/4.9.3/bin/../lib/gcc/arm-none-eabi/4.9.3/armv7-m/crtend.o
                0x00009350                PROVIDE (__exidx_start, .)

.ARM.exidx
 *(.ARM.exidx* .gnu.linkonce.armexidx.*)
                0x00009350                __exidx_end = .

.rodata         0x00009350     0x1328
 *(.rodata .rodata.* .gnu.linkonce.r.*)
 .rodata        0x00009350      0x1a8 C:\Users\Luggi\AppData\Local\Temp\ccwsQCE9.ltrans0.ltrans.o
 .rodata.str1.4
                0x000094f8       0x11 C:\Users\Luggi\AppData\Local\Temp\ccwsQCE9.ltrans0.ltrans.o
                                 0x14 (size before relaxing)
 *fill*         0x00009509        0x3 
 .rodata        0x0000950c      0x94c C:\Users\Luggi\AppData\Local\Temp\ccwsQCE9.ltrans1.ltrans.o
                0x00009e04                cmdTable
 .rodata.str1.4
                0x00009e58      0x313 C:\Users\Luggi\AppData\Local\Temp\ccwsQCE9.ltrans1.ltrans.o
                                0x32c (size before relaxing)
 *fill*         0x0000a16b        0x1 
 .rodata        0x0000a16c       0x18 C:\Users\Luggi\AppData\Local\Temp\ccwsQCE9.ltrans2.ltrans.o
 .rodata.str1.4
                0x0000a184       0xdf C:\Users\Luggi\AppData\Local\Temp\ccwsQCE9.ltrans3.ltrans.o
                                 0xe4 (size before relaxing)
 *fill*         0x0000a263        0x1 
 .rodata        0x0000a264       0x18 C:\Users\Luggi\AppData\Local\Temp\ccwsQCE9.ltrans4.ltrans.o
 .rodata        0x0000a27c      0x11c C:\Users\Luggi\AppData\Local\Temp\ccwsQCE9.ltrans5.ltrans.o
                0x0000a2a4                USBUART_1_DEVICE0_TABLE
                0x0000a2bc                USBUART_1_DEVICE0_CONFIGURATION0_INTERFACE_CLASS
                0x0000a2c0                USBUART_1_DEVICE0_CONFIGURATION0_EP_SETTINGS_TABLE
                0x0000a2f0                USBUART_1_DEVICE0_CONFIGURATION0_DESCR
                0x0000a354                USBUART_1_DEVICE0_CONFIGURATION0_TABLE
                0x0000a37c                USBUART_1_DEVICE0_DESCR
                0x0000a390                USBUART_1_TABLE
 .rodata.str1.1
                0x0000a398       0x11 c:/program files/cypress/psoc creator/4.0/psoc creator/import/gnu/arm/4.9.3/bin/../lib/gcc/arm-none-eabi/4.9.3/../../../../arm-none-eabi/lib/armv7-m\libg_nano.a(lib_a-nano-svfprintf.o)
 .rodata.str1.1
                0x0000a3a9       0x22 c:/program files/cypress/psoc creator/4.0/psoc creator/import/gnu/arm/4.9.3/bin/../lib/gcc/arm-none-eabi/4.9.3/../../../../arm-none-eabi/lib/armv7-m\libg_nano.a(lib_a-nano-vfprintf_i.o)
 .rodata.str1.1
                0x0000a3cb        0x2 c:/program files/cypress/psoc creator/4.0/psoc creator/import/gnu/arm/4.9.3/bin/../lib/gcc/arm-none-eabi/4.9.3/../../../../arm-none-eabi/lib/armv7-m\libg_nano.a(lib_a-impure.o)
 *fill*         0x0000a3cd        0x3 
 .rodata.fpinan.5309
                0x0000a3d0       0x14 c:/program files/cypress/psoc creator/4.0/psoc creator/import/gnu/arm/4.9.3/bin/../lib/gcc/arm-none-eabi/4.9.3/../../../../arm-none-eabi/lib/armv7-m\libg_nano.a(lib_a-strtod.o)
 .rodata.str1.1
                0x0000a3e4        0xc c:/program files/cypress/psoc creator/4.0/psoc creator/import/gnu/arm/4.9.3/bin/../lib/gcc/arm-none-eabi/4.9.3/../../../../arm-none-eabi/lib/armv7-m\libg_nano.a(lib_a-strtod.o)
 .rodata.tinytens
                0x0000a3f0       0x28 c:/program files/cypress/psoc creator/4.0/psoc creator/import/gnu/arm/4.9.3/bin/../lib/gcc/arm-none-eabi/4.9.3/../../../../arm-none-eabi/lib/armv7-m\libg_nano.a(lib_a-strtod.o)
 .rodata.fpi.5273
                0x0000a418       0x14 c:/program files/cypress/psoc creator/4.0/psoc creator/import/gnu/arm/4.9.3/bin/../lib/gcc/arm-none-eabi/4.9.3/../../../../arm-none-eabi/lib/armv7-m\libg_nano.a(lib_a-strtod.o)
 .rodata._ctype_
                0x0000a42c      0x101 c:/program files/cypress/psoc creator/4.0/psoc creator/import/gnu/arm/4.9.3/bin/../lib/gcc/arm-none-eabi/4.9.3/../../../../arm-none-eabi/lib/armv7-m\libg_nano.a(lib_a-ctype_.o)
                0x0000a42c                _ctype_
 .rodata.str1.1
                0x0000a52d        0x8 c:/program files/cypress/psoc creator/4.0/psoc creator/import/gnu/arm/4.9.3/bin/../lib/gcc/arm-none-eabi/4.9.3/../../../../arm-none-eabi/lib/armv7-m\libg_nano.a(lib_a-locale.o)
                                  0xb (size before relaxing)
 *fill*         0x0000a535        0x3 
 .rodata.__mprec_tens
                0x0000a538       0xc8 c:/program files/cypress/psoc creator/4.0/psoc creator/import/gnu/arm/4.9.3/bin/../lib/gcc/arm-none-eabi/4.9.3/../../../../arm-none-eabi/lib/armv7-m\libg_nano.a(lib_a-mprec.o)
                0x0000a538                __mprec_tens
 .rodata.__mprec_bigtens
                0x0000a600       0x28 c:/program files/cypress/psoc creator/4.0/psoc creator/import/gnu/arm/4.9.3/bin/../lib/gcc/arm-none-eabi/4.9.3/../../../../arm-none-eabi/lib/armv7-m\libg_nano.a(lib_a-mprec.o)
                0x0000a600                __mprec_bigtens
 .rodata.p05.5308
                0x0000a628        0xc c:/program files/cypress/psoc creator/4.0/psoc creator/import/gnu/arm/4.9.3/bin/../lib/gcc/arm-none-eabi/4.9.3/../../../../arm-none-eabi/lib/armv7-m\libg_nano.a(lib_a-mprec.o)
 .rodata.TWO23  0x0000a634        0x8 c:/program files/cypress/psoc creator/4.0/psoc creator/import/gnu/arm/4.9.3/bin/../lib/gcc/arm-none-eabi/4.9.3/../../../../arm-none-eabi/lib/armv7-m\libm.a(lib_a-sf_lrint.o)
 .rodata.str1.4
                0x0000a63c        0x8 c:/program files/cypress/psoc creator/4.0/psoc creator/import/gnu/arm/4.9.3/bin/../lib/gcc/arm-none-eabi/4.9.3/../../../../arm-none-eabi/lib/armv7-m\libm.a(lib_a-wf_log.o)
                                  0xc (size before relaxing)
                0x0000a644                . = ALIGN (0x4)
 *(.init)
 .init          0x0000a644        0x4 c:/program files/cypress/psoc creator/4.0/psoc creator/import/gnu/arm/4.9.3/bin/../lib/gcc/arm-none-eabi/4.9.3/armv7-m/crti.o
                0x0000a644                _init
 .init          0x0000a648        0x8 c:/program files/cypress/psoc creator/4.0/psoc creator/import/gnu/arm/4.9.3/bin/../lib/gcc/arm-none-eabi/4.9.3/armv7-m/crtn.o
                0x0000a650                . = ALIGN (0x4)
                0x0000a650                __preinit_array_start = .
 *(.preinit_array)
                0x0000a650                __preinit_array_end = .
                0x0000a650                . = ALIGN (0x4)
                0x0000a650                __init_array_start = .
 *(SORT(.init_array.*))
 *(.init_array)
 .init_array    0x0000a650        0x4 c:/program files/cypress/psoc creator/4.0/psoc creator/import/gnu/arm/4.9.3/bin/../lib/gcc/arm-none-eabi/4.9.3/armv7-m/crtbegin.o
 .init_array    0x0000a654        0x4 C:\Users\Luggi\AppData\Local\Temp\ccwsQCE9.ltrans1.ltrans.o
                0x0000a658                __init_array_end = .
                0x0000a658                . = ALIGN (0x4)
 *(.fini)
 .fini          0x0000a658        0x4 c:/program files/cypress/psoc creator/4.0/psoc creator/import/gnu/arm/4.9.3/bin/../lib/gcc/arm-none-eabi/4.9.3/armv7-m/crti.o
                0x0000a658                _fini
 .fini          0x0000a65c        0x8 c:/program files/cypress/psoc creator/4.0/psoc creator/import/gnu/arm/4.9.3/bin/../lib/gcc/arm-none-eabi/4.9.3/armv7-m/crtn.o
                0x0000a664                . = ALIGN (0x4)
                0x0000a664                __fini_array_start = .
 *(.fini_array)
 .fini_array    0x0000a664        0x4 c:/program files/cypress/psoc creator/4.0/psoc creator/import/gnu/arm/4.9.3/bin/../lib/gcc/arm-none-eabi/4.9.3/armv7-m/crtbegin.o
 *(SORT(.fini_array.*))
                0x0000a668                __fini_array_end = .
                0x0000a668                . = ALIGN (0x4)
 *crtbegin.o(.ctors)
 *(EXCLUDE_FILE(*crtend.o) .ctors)
 *(SORT(.ctors.*))
 *crtend.o(.ctors)
                0x0000a668                . = ALIGN (0x4)
 *crtbegin.o(.dtors)
 *(EXCLUDE_FILE(*crtend.o) .dtors)
 *(SORT(.dtors.*))
 *crtend.o(.dtors)
                0x0000a668                . = ALIGN (0x4)
                0x0000a668                __cy_regions = .
                0x0000a668        0x4 LONG 0xa678 __cy_region_init_ram
                0x0000a66c        0x4 LONG 0x1fff8108 __cy_region_start_data
                0x0000a670        0x4 LONG 0xf0 __cy_region_init_size_ram
                0x0000a674        0x4 LONG 0x1f0 __cy_region_zero_size_ram
                0x0000a678                __cy_regions_end = .
                0x0000a678                . = ALIGN (0x8)
                0x0000a678                _etext = .

.cy_checksum_exclude
                0x0000a678        0x0
 *(.cy_checksum_exclude)

.ramvectors     0x1fff8000      0x100
                0x1fff8000                __cy_region_start_ram = .
 *(.ramvectors)
 .ramvectors    0x1fff8000      0x100 C:\Users\Luggi\AppData\Local\Temp\ccwsQCE9.ltrans1.ltrans.o

.noinit         0x1fff8100        0x8
 *(.noinit)
 .noinit        0x1fff8100        0x8 C:\Users\Luggi\AppData\Local\Temp\ccwsQCE9.ltrans1.ltrans.o

.data           0x1fff8108       0xf0 load address 0x0000a678
                0x1fff8108                __cy_region_start_data = .
 *(.jcr)
 .jcr           0x1fff8108        0x0 c:/program files/cypress/psoc creator/4.0/psoc creator/import/gnu/arm/4.9.3/bin/../lib/gcc/arm-none-eabi/4.9.3/armv7-m/crtbegin.o
 .jcr           0x1fff8108        0x4 c:/program files/cypress/psoc creator/4.0/psoc creator/import/gnu/arm/4.9.3/bin/../lib/gcc/arm-none-eabi/4.9.3/armv7-m/crtend.o
 *(.got.plt)
 *(.got)
 *(.shdata)
 *(.data .data.* .gnu.linkonce.d.*)
 .data          0x1fff810c       0x10 C:\Users\Luggi\AppData\Local\Temp\ccwsQCE9.ltrans0.ltrans.o
 .data          0x1fff811c       0x2c C:\Users\Luggi\AppData\Local\Temp\ccwsQCE9.ltrans1.ltrans.o
                0x1fff811c                setpoint
                0x1fff8128                deltaTms
                0x1fff812c                photodiode_power_coefficients
                0x1fff8138                temp_limit
                0x1fff813c                current_offset
                0x1fff813e                auto_current
                0x1fff8140                slope
                0x1fff8144                current_output_coeff
 .data          0x1fff8148        0x2 C:\Users\Luggi\AppData\Local\Temp\ccwsQCE9.ltrans2.ltrans.o
 .data          0x1fff814a        0x2 C:\Users\Luggi\AppData\Local\Temp\ccwsQCE9.ltrans4.ltrans.o
                0x1fff814a                ADC_DelSig_1_Config
 .data          0x1fff814c        0x4 C:\Users\Luggi\AppData\Local\Temp\ccwsQCE9.ltrans5.ltrans.o
 .data.impure_data
                0x1fff8150       0x60 c:/program files/cypress/psoc creator/4.0/psoc creator/import/gnu/arm/4.9.3/bin/../lib/gcc/arm-none-eabi/4.9.3/../../../../arm-none-eabi/lib/armv7-m\libg_nano.a(lib_a-impure.o)
 .data._impure_ptr
                0x1fff81b0        0x4 c:/program files/cypress/psoc creator/4.0/psoc creator/import/gnu/arm/4.9.3/bin/../lib/gcc/arm-none-eabi/4.9.3/../../../../arm-none-eabi/lib/armv7-m\libg_nano.a(lib_a-impure.o)
                0x1fff81b0                _impure_ptr
 .data.__ctype_ptr__
                0x1fff81b4        0x4 c:/program files/cypress/psoc creator/4.0/psoc creator/import/gnu/arm/4.9.3/bin/../lib/gcc/arm-none-eabi/4.9.3/../../../../arm-none-eabi/lib/armv7-m\libg_nano.a(lib_a-ctype_.o)
                0x1fff81b4                __ctype_ptr__
 .data.lconv    0x1fff81b8       0x38 c:/program files/cypress/psoc creator/4.0/psoc creator/import/gnu/arm/4.9.3/bin/../lib/gcc/arm-none-eabi/4.9.3/../../../../arm-none-eabi/lib/armv7-m\libg_nano.a(lib_a-locale.o)
 .data.__fdlib_version
                0x1fff81f0        0x1 c:/program files/cypress/psoc creator/4.0/psoc creator/import/gnu/arm/4.9.3/bin/../lib/gcc/arm-none-eabi/4.9.3/../../../../arm-none-eabi/lib/armv7-m\libm.a(lib_a-s_lib_ver.o)
                0x1fff81f0                __fdlib_version
                0x1fff81f8                . = ALIGN (0x8)
 *fill*         0x1fff81f1        0x7 
 *(.ram)
                0x1fff81f8                _edata = .

.igot.plt       0x1fff81f8        0x0 load address 0x0000a768
 .igot.plt      0x00000000        0x0 c:/program files/cypress/psoc creator/4.0/psoc creator/import/gnu/arm/4.9.3/bin/../lib/gcc/arm-none-eabi/4.9.3/armv7-m/crtbegin.o

.bss            0x1fff81f8      0x1f0 load address 0x0000a768
                0x1fff81f8                PROVIDE (__bss_start__, .)
 *(.shbss)
 *(.bss .bss.* .gnu.linkonce.b.*)
 .bss           0x1fff81f8       0x1c c:/program files/cypress/psoc creator/4.0/psoc creator/import/gnu/arm/4.9.3/bin/../lib/gcc/arm-none-eabi/4.9.3/armv7-m/crtbegin.o
 .bss           0x1fff8214       0x4c C:\Users\Luggi\AppData\Local\Temp\ccwsQCE9.ltrans0.ltrans.o
                0x1fff8216                USBUART_1_deviceAddress
                0x1fff8217                USBUART_1_transferState
                0x1fff821b                USBUART_1_lastPacketSize
                0x1fff8226                USBUART_1_interfaceNumber
                0x1fff8227                USBUART_1_deviceStatus
                0x1fff824e                USBUART_1_configurationChanged
                0x1fff825c                USBUART_1_initVar
 .bss           0x1fff8260       0x68 C:\Users\Luggi\AppData\Local\Temp\ccwsQCE9.ltrans1.ltrans.o
                0x1fff8264                Temperature
                0x1fff8268                eventcounter
                0x1fff826c                pid1
                0x1fff8288                dac_offset
                0x1fff828b                debug
                0x1fff828c                cliMode
                0x1fff8290                bufferIndex.lto_priv.15
                0x1fff8294                cliBuffer.lto_priv.14
                0x1fff82c4                set_current_psu
 .bss           0x1fff82c8       0x18 C:\Users\Luggi\AppData\Local\Temp\ccwsQCE9.ltrans2.ltrans.o
 .bss           0x1fff82e0       0x1c C:\Users\Luggi\AppData\Local\Temp\ccwsQCE9.ltrans3.ltrans.o
 .bss           0x1fff82fc       0x20 C:\Users\Luggi\AppData\Local\Temp\ccwsQCE9.ltrans4.ltrans.o
                0x1fff8300                ADC_DelSig_1_gcor.lto_priv.0
                0x1fff8318                ADC_DelSig_1_convDone
 .bss           0x1fff831c       0xbc C:\Users\Luggi\AppData\Local\Temp\ccwsQCE9.ltrans5.ltrans.o
                0x1fff833c                USBUART_1_EP
                0x1fff83a8                USBUART_1_interfaceClass
                0x1fff83b4                dieTemperature
                0x1fff83c0                USBUART_1_currentTD
                0x1fff83cc                USBUART_1_configuration
                0x1fff83d0                USBUART_1_interfaceSetting
                0x1fff83d4                USBUART_1_interfaceSettingLast
                0x1fff83d6                USBUART_1_device
 .bss.__malloc_sbrk_start
                0x1fff83d8        0x4 c:/program files/cypress/psoc creator/4.0/psoc creator/import/gnu/arm/4.9.3/bin/../lib/gcc/arm-none-eabi/4.9.3/../../../../arm-none-eabi/lib/armv7-m\libg_nano.a(lib_a-nano-mallocr.o)
                0x1fff83d8                __malloc_sbrk_start
 .bss.__malloc_free_list
                0x1fff83dc        0x4 c:/program files/cypress/psoc creator/4.0/psoc creator/import/gnu/arm/4.9.3/bin/../lib/gcc/arm-none-eabi/4.9.3/../../../../arm-none-eabi/lib/armv7-m\libg_nano.a(lib_a-nano-mallocr.o)
                0x1fff83dc                __malloc_free_list
 *(COMMON)
 COMMON         0x1fff83e0        0x4 c:/program files/cypress/psoc creator/4.0/psoc creator/import/gnu/arm/4.9.3/bin/../lib/gcc/arm-none-eabi/4.9.3/../../../../arm-none-eabi/lib/armv7-m\libg_nano.a(lib_a-reent.o)
                0x1fff83e0                errno
                0x1fff83e8                . = ALIGN (0x8)
 *fill*         0x1fff83e4        0x4 
 *(.ram.b)
                0x1fff83e8                _end = .
                0x1fff83e8                __end = .
                0x1fff83e8                PROVIDE (end, .)
                0x1fff83e8                PROVIDE (__bss_end__, .)
                0x0000a678                __cy_region_init_ram = LOADADDR (.data)
                0x000000f0                __cy_region_init_size_ram = (_edata - ADDR (.data))
                0x000001f0                __cy_region_zero_size_ram = (_end - _edata)

.heap           0x1fff83e8       0x80 load address 0x0000a768
                0x1fff83e8                . = _end
                0x1fff8468                . = (. + 0x80)
 *fill*         0x1fff83e8       0x80 
                0x1fff8468                __cy_heap_limit = .

.stack          0x20007800      0x800
                0x20007800                __cy_stack_limit = .
                0x20008000                . = (. + 0x800)
 *fill*         0x20007800      0x800 
                0x00000001                ASSERT ((__cy_stack_limit >= __cy_heap_limit), region RAM overflowed with stack)
                0x00000000                cy_checksum_exclude_size = (CY_APPL_LOADABLE == 0x1)?SIZEOF (.cy_checksum_exclude):0x0
                0x00000001                ASSERT ((cy_checksum_exclude_size <= CY_CHECKSUM_EXCLUDE_SIZE), CY_BOOT: Section .cy_checksum_exclude size exceedes specified limit.)

.cyloadermeta
 *(.cyloadermeta)

.cyloadablemeta
 *(.cyloadablemeta)

.cyconfigecc    0x80000000     0x1d30
 *(.cyconfigecc)
 .cyconfigecc   0x80000000     0x1d30 C:\Users\Luggi\AppData\Local\Temp\ccwsQCE9.ltrans3.ltrans.o
                0x80000000                cy_meta_configecc

.cycustnvl      0x90000000        0x4
 *(.cycustnvl)
 .cycustnvl     0x90000000        0x4 C:\Users\Luggi\AppData\Local\Temp\ccwsQCE9.ltrans3.ltrans.o
                0x90000000                cy_meta_custnvl

.cywolatch      0x90100000        0x4
 *(.cywolatch)
 .cywolatch     0x90100000        0x4 C:\Users\Luggi\AppData\Local\Temp\ccwsQCE9.ltrans3.ltrans.o
                0x90100000                cy_meta_wonvl

.cyeeprom       0x90200000        0x0
 *(.cyeeprom)
                0x00000001                ASSERT ((. <= ((0x90200000 + ee_offset) + ee_size)), .cyeeprom data will not fit in EEPROM)

.cyflashprotect
                0x90400000      0x100
 *(.cyflashprotect)
 .cyflashprotect
                0x90400000      0x100 C:\Users\Luggi\AppData\Local\Temp\ccwsQCE9.ltrans3.ltrans.o
                0x90400000                cy_meta_flashprotect

.cymeta         0x90500000        0xc
 *(.cymeta)
 .cymeta        0x90500000        0xc C:\Users\Luggi\AppData\Local\Temp\ccwsQCE9.ltrans3.ltrans.o
                0x90500000                cy_metadata

.rel.dyn        0x0000a768        0x0 load address 0x9050000c
 .rel.iplt      0x00000000        0x0 c:/program files/cypress/psoc creator/4.0/psoc creator/import/gnu/arm/4.9.3/bin/../lib/gcc/arm-none-eabi/4.9.3/armv7-m/crtbegin.o

.stab
 *(.stab)

.stabstr